Repo root: /scratch3/shaiq_home/repos/behaviour_ddpm
Run dir: /scratch3/shaiq_home/results_link/index_cued_first_diffusion_0.3_swap_7
Output dir: /scratch3/shaiq_home/repos/behaviour_ddpm/ddpm/analysis/new_analysis/results/3D_plots/teacher_individualized_pca_index_cued_first_diffusion_0.3_swap_7/dir_4
Device: cuda
Ablation setup: source=direction_sweep, conditions=[4]
Prep indices: [0, 1, 2, 3]
Generated 288 trials (1 ablation conditions: [4])
Extracting all preparatory timesteps across trials...
USING PRECUED ITEMS - SHOULD NEVER BE DONE IN TRAINING
[denoise_one_step] t_idx=1
  x_t shape: torch.Size([1, 1, 1, 16])
  ablation_vector shape: torch.Size([16])
  component shape: torch.Size([1, 1, 1, 16])
  Mean |component| being removed: 7.974932
  Mean |x_t| before ablation: 678.667542
  Mean |x_t| after ablation: 678.620667
USING PRECUED ITEMS - SHOULD NEVER BE DONE IN TRAINING
[denoise_one_step] t_idx=1
  x_t shape: torch.Size([1, 1, 1, 16])
  ablation_vector shape: torch.Size([16])
  component shape: torch.Size([1, 1, 1, 16])
  Mean |component| being removed: 11.579671
  Mean |x_t| before ablation: 751.770569
  Mean |x_t| after ablation: 751.681335
USING PRECUED ITEMS - SHOULD NEVER BE DONE IN TRAINING
[denoise_one_step] t_idx=1
  x_t shape: torch.Size([1, 1, 1, 16])
  ablation_vector shape: torch.Size([16])
  component shape: torch.Size([1, 1, 1, 16])
  Mean |component| being removed: 16.129797
  Mean |x_t| before ablation: 737.934509
  Mean |x_t| after ablation: 737.758240
USING PRECUED ITEMS - SHOULD NEVER BE DONE IN TRAINING
[denoise_one_step] t_idx=1
  x_t shape: torch.Size([1, 1, 1, 16])
  ablation_vector shape: torch.Size([16])
  component shape: torch.Size([1, 1, 1, 16])
  Mean |component| being removed: 17.782701
  Mean |x_t| before ablation: 741.097046
  Mean |x_t| after ablation: 740.883728
USING PRECUED ITEMS - SHOULD NEVER BE DONE IN TRAINING
[denoise_one_step] t_idx=1
  x_t shape: torch.Size([1, 1, 1, 16])
  ablation_vector shape: torch.Size([16])
  component shape: torch.Size([1, 1, 1, 16])
  Mean |component| being removed: 16.242689
  Mean |x_t| before ablation: 639.861084
  Mean |x_t| after ablation: 639.654907
USING PRECUED ITEMS - SHOULD NEVER BE DONE IN TRAINING
[denoise_one_step] t_idx=1
  x_t shape: torch.Size([1, 1, 1, 16])
  ablation_vector shape: torch.Size([16])
  component shape: torch.Size([1, 1, 1, 16])
  Mean |component| being removed: 16.571846
  Mean |x_t| before ablation: 539.581970
  Mean |x_t| after ablation: 539.327393
USING PRECUED ITEMS - SHOULD NEVER BE DONE IN TRAINING
[denoise_one_step] t_idx=1
  x_t shape: torch.Size([1, 1, 1, 16])
  ablation_vector shape: torch.Size([16])
  component shape: torch.Size([1, 1, 1, 16])
  Mean |component| being removed: 15.541410
  Mean |x_t| before ablation: 499.105072
  Mean |x_t| after ablation: 498.863037
USING PRECUED ITEMS - SHOULD NEVER BE DONE IN TRAINING
[denoise_one_step] t_idx=1
  x_t shape: torch.Size([1, 1, 1, 16])
  ablation_vector shape: torch.Size([16])
  component shape: torch.Size([1, 1, 1, 16])
  Mean |component| being removed: 12.369966
  Mean |x_t| before ablation: 485.456299
  Mean |x_t| after ablation: 485.298676
USING PRECUED ITEMS - SHOULD NEVER BE DONE IN TRAINING
[denoise_one_step] t_idx=1
  x_t shape: torch.Size([1, 1, 1, 16])
  ablation_vector shape: torch.Size([16])
  component shape: torch.Size([1, 1, 1, 16])
  Mean |component| being removed: 6.717354
  Mean |x_t| before ablation: 511.182037
  Mean |x_t| after ablation: 511.137878
USING PRECUED ITEMS - SHOULD NEVER BE DONE IN TRAINING
[denoise_one_step] t_idx=1
  x_t shape: torch.Size([1, 1, 1, 16])
  ablation_vector shape: torch.Size([16])
  component shape: torch.Size([1, 1, 1, 16])
  Mean |component| being removed: 6.666558
  Mean |x_t| before ablation: 552.586487
  Mean |x_t| after ablation: 552.546265
USING PRECUED ITEMS - SHOULD NEVER BE DONE IN TRAINING
[denoise_one_step] t_idx=1
  x_t shape: torch.Size([1, 1, 1, 16])
  ablation_vector shape: torch.Size([16])
  component shape: torch.Size([1, 1, 1, 16])
  Mean |component| being removed: 6.755856
  Mean |x_t| before ablation: 556.984680
  Mean |x_t| after ablation: 556.943726
USING PRECUED ITEMS - SHOULD NEVER BE DONE IN TRAINING
[denoise_one_step] t_idx=1
  x_t shape: torch.Size([1, 1, 1, 16])
  ablation_vector shape: torch.Size([16])
  component shape: torch.Size([1, 1, 1, 16])
  Mean |component| being removed: 11.373325
  Mean |x_t| before ablation: 603.143066
  Mean |x_t| after ablation: 603.035889
USING PRECUED ITEMS - SHOULD NEVER BE DONE IN TRAINING
[denoise_one_step] t_idx=1
  x_t shape: torch.Size([1, 1, 1, 16])
  ablation_vector shape: torch.Size([16])
  component shape: torch.Size([1, 1, 1, 16])
  Mean |component| being removed: 13.624703
  Mean |x_t| before ablation: 732.611328
  Mean |x_t| after ablation: 732.484619
USING PRECUED ITEMS - SHOULD NEVER BE DONE IN TRAINING
[denoise_one_step] t_idx=1
  x_t shape: torch.Size([1, 1, 1, 16])
  ablation_vector shape: torch.Size([16])
  component shape: torch.Size([1, 1, 1, 16])
  Mean |component| being removed: 13.972528
  Mean |x_t| before ablation: 793.510925
  Mean |x_t| after ablation: 793.387939
USING PRECUED ITEMS - SHOULD NEVER BE DONE IN TRAINING
[denoise_one_step] t_idx=1
  x_t shape: torch.Size([1, 1, 1, 16])
  ablation_vector shape: torch.Size([16])
  component shape: torch.Size([1, 1, 1, 16])
  Mean |component| being removed: 16.690386
  Mean |x_t| before ablation: 828.061279
  Mean |x_t| after ablation: 827.893005
USING PRECUED ITEMS - SHOULD NEVER BE DONE IN TRAINING
[denoise_one_step] t_idx=1
  x_t shape: torch.Size([1, 1, 1, 16])
  ablation_vector shape: torch.Size([16])
  component shape: torch.Size([1, 1, 1, 16])
  Mean |component| being removed: 19.461189
  Mean |x_t| before ablation: 885.369507
  Mean |x_t| after ablation: 885.155579
USING PRECUED ITEMS - SHOULD NEVER BE DONE IN TRAINING
[denoise_one_step] t_idx=1
  x_t shape: torch.Size([1, 1, 1, 16])
  ablation_vector shape: torch.Size([16])
  component shape: torch.Size([1, 1, 1, 16])
  Mean |component| being removed: 17.656248
  Mean |x_t| before ablation: 725.683350
  Mean |x_t| after ablation: 725.468506
USING PRECUED ITEMS - SHOULD NEVER BE DONE IN TRAINING
[denoise_one_step] t_idx=1
  x_t shape: torch.Size([1, 1, 1, 16])
  ablation_vector shape: torch.Size([16])
  component shape: torch.Size([1, 1, 1, 16])
  Mean |component| being removed: 16.159357
  Mean |x_t| before ablation: 618.003662
  Mean |x_t| after ablation: 617.792358
USING PRECUED ITEMS - SHOULD NEVER BE DONE IN TRAINING
[denoise_one_step] t_idx=1
  x_t shape: torch.Size([1, 1, 1, 16])
  ablation_vector shape: torch.Size([16])
  component shape: torch.Size([1, 1, 1, 16])
  Mean |component| being removed: 15.438581
  Mean |x_t| before ablation: 518.742981
  Mean |x_t| after ablation: 518.513184
USING PRECUED ITEMS - SHOULD NEVER BE DONE IN TRAINING
[denoise_one_step] t_idx=1
  x_t shape: torch.Size([1, 1, 1, 16])
  ablation_vector shape: torch.Size([16])
  component shape: torch.Size([1, 1, 1, 16])
  Mean |component| being removed: 13.344377
  Mean |x_t| before ablation: 423.013885
  Mean |x_t| after ablation: 422.803345
USING PRECUED ITEMS - SHOULD NEVER BE DONE IN TRAINING
[denoise_one_step] t_idx=1
  x_t shape: torch.Size([1, 1, 1, 16])
  ablation_vector shape: torch.Size([16])
  component shape: torch.Size([1, 1, 1, 16])
  Mean |component| being removed: 9.855840
  Mean |x_t| before ablation: 500.697357
  Mean |x_t| after ablation: 500.600342
USING PRECUED ITEMS - SHOULD NEVER BE DONE IN TRAINING
[denoise_one_step] t_idx=1
  x_t shape: torch.Size([1, 1, 1, 16])
  ablation_vector shape: torch.Size([16])
  component shape: torch.Size([1, 1, 1, 16])
  Mean |component| being removed: 11.799622
  Mean |x_t| before ablation: 573.360840
  Mean |x_t| after ablation: 573.239441
USING PRECUED ITEMS - SHOULD NEVER BE DONE IN TRAINING
[denoise_one_step] t_idx=1
  x_t shape: torch.Size([1, 1, 1, 16])
  ablation_vector shape: torch.Size([16])
  component shape: torch.Size([1, 1, 1, 16])
  Mean |component| being removed: 10.284272
  Mean |x_t| before ablation: 562.375793
  Mean |x_t| after ablation: 562.281799
USING PRECUED ITEMS - SHOULD NEVER BE DONE IN TRAINING
[denoise_one_step] t_idx=1
  x_t shape: torch.Size([1, 1, 1, 16])
  ablation_vector shape: torch.Size([16])
  component shape: torch.Size([1, 1, 1, 16])
  Mean |component| being removed: 13.180293
  Mean |x_t| before ablation: 661.942932
  Mean |x_t| after ablation: 661.811707
USING PRECUED ITEMS - SHOULD NEVER BE DONE IN TRAINING
[denoise_one_step] t_idx=1
  x_t shape: torch.Size([1, 1, 1, 16])
  ablation_vector shape: torch.Size([16])
  component shape: torch.Size([1, 1, 1, 16])
  Mean |component| being removed: 17.912062
  Mean |x_t| before ablation: 858.070129
  Mean |x_t| after ablation: 857.883179
USING PRECUED ITEMS - SHOULD NEVER BE DONE IN TRAINING
[denoise_one_step] t_idx=1
  x_t shape: torch.Size([1, 1, 1, 16])
  ablation_vector shape: torch.Size([16])
  component shape: torch.Size([1, 1, 1, 16])
  Mean |component| being removed: 12.799630
  Mean |x_t| before ablation: 920.430481
  Mean |x_t| after ablation: 920.341492
USING PRECUED ITEMS - SHOULD NEVER BE DONE IN TRAINING
[denoise_one_step] t_idx=1
  x_t shape: torch.Size([1, 1, 1, 16])
  ablation_vector shape: torch.Size([16])
  component shape: torch.Size([1, 1, 1, 16])
  Mean |component| being removed: 13.304769
  Mean |x_t| before ablation: 928.819214
  Mean |x_t| after ablation: 928.723938
USING PRECUED ITEMS - SHOULD NEVER BE DONE IN TRAINING
[denoise_one_step] t_idx=1
  x_t shape: torch.Size([1, 1, 1, 16])
  ablation_vector shape: torch.Size([16])
  component shape: torch.Size([1, 1, 1, 16])
  Mean |component| being removed: 18.688219
  Mean |x_t| before ablation: 1016.893677
  Mean |x_t| after ablation: 1016.721985
USING PRECUED ITEMS - SHOULD NEVER BE DONE IN TRAINING
[denoise_one_step] t_idx=1
  x_t shape: torch.Size([1, 1, 1, 16])
  ablation_vector shape: torch.Size([16])
  component shape: torch.Size([1, 1, 1, 16])
  Mean |component| being removed: 18.090982
  Mean |x_t| before ablation: 768.997009
  Mean |x_t| after ablation: 768.784180
USING PRECUED ITEMS - SHOULD NEVER BE DONE IN TRAINING
[denoise_one_step] t_idx=1
  x_t shape: torch.Size([1, 1, 1, 16])
  ablation_vector shape: torch.Size([16])
  component shape: torch.Size([1, 1, 1, 16])
  Mean |component| being removed: 18.620832
  Mean |x_t| before ablation: 658.615723
  Mean |x_t| after ablation: 658.352417
USING PRECUED ITEMS - SHOULD NEVER BE DONE IN TRAINING
[denoise_one_step] t_idx=1
  x_t shape: torch.Size([1, 1, 1, 16])
  ablation_vector shape: torch.Size([16])
  component shape: torch.Size([1, 1, 1, 16])
  Mean |component| being removed: 18.157396
  Mean |x_t| before ablation: 542.873840
  Mean |x_t| after ablation: 542.570129
USING PRECUED ITEMS - SHOULD NEVER BE DONE IN TRAINING
[denoise_one_step] t_idx=1
  x_t shape: torch.Size([1, 1, 1, 16])
  ablation_vector shape: torch.Size([16])
  component shape: torch.Size([1, 1, 1, 16])
  Mean |component| being removed: 16.546423
  Mean |x_t| before ablation: 435.755676
  Mean |x_t| after ablation: 435.441406
USING PRECUED ITEMS - SHOULD NEVER BE DONE IN TRAINING
[denoise_one_step] t_idx=1
  x_t shape: torch.Size([1, 1, 1, 16])
  ablation_vector shape: torch.Size([16])
  component shape: torch.Size([1, 1, 1, 16])
  Mean |component| being removed: 18.420191
  Mean |x_t| before ablation: 600.333252
  Mean |x_t| after ablation: 600.050598
USING PRECUED ITEMS - SHOULD NEVER BE DONE IN TRAINING
[denoise_one_step] t_idx=1
  x_t shape: torch.Size([1, 1, 1, 16])
  ablation_vector shape: torch.Size([16])
  component shape: torch.Size([1, 1, 1, 16])
  Mean |component| being removed: 16.891569
  Mean |x_t| before ablation: 589.828247
  Mean |x_t| after ablation: 589.586304
USING PRECUED ITEMS - SHOULD NEVER BE DONE IN TRAINING
[denoise_one_step] t_idx=1
  x_t shape: torch.Size([1, 1, 1, 16])
  ablation_vector shape: torch.Size([16])
  component shape: torch.Size([1, 1, 1, 16])
  Mean |component| being removed: 15.273438
  Mean |x_t| before ablation: 598.505310
  Mean |x_t| after ablation: 598.310425
USING PRECUED ITEMS - SHOULD NEVER BE DONE IN TRAINING
[denoise_one_step] t_idx=1
  x_t shape: torch.Size([1, 1, 1, 16])
  ablation_vector shape: torch.Size([16])
  component shape: torch.Size([1, 1, 1, 16])
  Mean |component| being removed: 15.666558
  Mean |x_t| before ablation: 670.220215
  Mean |x_t| after ablation: 670.037048
USING PRECUED ITEMS - SHOULD NEVER BE DONE IN TRAINING
[denoise_one_step] t_idx=1
  x_t shape: torch.Size([1, 1, 1, 16])
  ablation_vector shape: torch.Size([16])
  component shape: torch.Size([1, 1, 1, 16])
  Mean |component| being removed: 12.873052
  Mean |x_t| before ablation: 863.791443
  Mean |x_t| after ablation: 863.695496
USING PRECUED ITEMS - SHOULD NEVER BE DONE IN TRAINING
[denoise_one_step] t_idx=1
  x_t shape: torch.Size([1, 1, 1, 16])
  ablation_vector shape: torch.Size([16])
  component shape: torch.Size([1, 1, 1, 16])
  Mean |component| being removed: 9.970803
  Mean |x_t| before ablation: 945.987854
  Mean |x_t| after ablation: 945.935364
USING PRECUED ITEMS - SHOULD NEVER BE DONE IN TRAINING
[denoise_one_step] t_idx=1
  x_t shape: torch.Size([1, 1, 1, 16])
  ablation_vector shape: torch.Size([16])
  component shape: torch.Size([1, 1, 1, 16])
  Mean |component| being removed: 14.468156
  Mean |x_t| before ablation: 1117.168823
  Mean |x_t| after ablation: 1117.075195
USING PRECUED ITEMS - SHOULD NEVER BE DONE IN TRAINING
[denoise_one_step] t_idx=1
  x_t shape: torch.Size([1, 1, 1, 16])
  ablation_vector shape: torch.Size([16])
  component shape: torch.Size([1, 1, 1, 16])
  Mean |component| being removed: 27.788401
  Mean |x_t| before ablation: 1086.105713
  Mean |x_t| after ablation: 1085.750122
USING PRECUED ITEMS - SHOULD NEVER BE DONE IN TRAINING
[denoise_one_step] t_idx=1
  x_t shape: torch.Size([1, 1, 1, 16])
  ablation_vector shape: torch.Size([16])
  component shape: torch.Size([1, 1, 1, 16])
  Mean |component| being removed: 25.246111
  Mean |x_t| before ablation: 881.771423
  Mean |x_t| after ablation: 881.409973
USING PRECUED ITEMS - SHOULD NEVER BE DONE IN TRAINING
[denoise_one_step] t_idx=1
  x_t shape: torch.Size([1, 1, 1, 16])
  ablation_vector shape: torch.Size([16])
  component shape: torch.Size([1, 1, 1, 16])
  Mean |component| being removed: 23.608940
  Mean |x_t| before ablation: 746.088501
  Mean |x_t| after ablation: 745.714905
USING PRECUED ITEMS - SHOULD NEVER BE DONE IN TRAINING
[denoise_one_step] t_idx=1
  x_t shape: torch.Size([1, 1, 1, 16])
  ablation_vector shape: torch.Size([16])
  component shape: torch.Size([1, 1, 1, 16])
  Mean |component| being removed: 21.694609
  Mean |x_t| before ablation: 545.879761
  Mean |x_t| after ablation: 545.448486
USING PRECUED ITEMS - SHOULD NEVER BE DONE IN TRAINING
[denoise_one_step] t_idx=1
  x_t shape: torch.Size([1, 1, 1, 16])
  ablation_vector shape: torch.Size([16])
  component shape: torch.Size([1, 1, 1, 16])
  Mean |component| being removed: 23.095728
  Mean |x_t| before ablation: 545.867615
  Mean |x_t| after ablation: 545.378784
USING PRECUED ITEMS - SHOULD NEVER BE DONE IN TRAINING
[denoise_one_step] t_idx=1
  x_t shape: torch.Size([1, 1, 1, 16])
  ablation_vector shape: torch.Size([16])
  component shape: torch.Size([1, 1, 1, 16])
  Mean |component| being removed: 20.866838
  Mean |x_t| before ablation: 624.247009
  Mean |x_t| after ablation: 623.898132
USING PRECUED ITEMS - SHOULD NEVER BE DONE IN TRAINING
[denoise_one_step] t_idx=1
  x_t shape: torch.Size([1, 1, 1, 16])
  ablation_vector shape: torch.Size([16])
  component shape: torch.Size([1, 1, 1, 16])
  Mean |component| being removed: 18.949604
  Mean |x_t| before ablation: 594.314514
  Mean |x_t| after ablation: 594.012329
USING PRECUED ITEMS - SHOULD NEVER BE DONE IN TRAINING
[denoise_one_step] t_idx=1
  x_t shape: torch.Size([1, 1, 1, 16])
  ablation_vector shape: torch.Size([16])
  component shape: torch.Size([1, 1, 1, 16])
  Mean |component| being removed: 18.333353
  Mean |x_t| before ablation: 621.680786
  Mean |x_t| after ablation: 621.410400
USING PRECUED ITEMS - SHOULD NEVER BE DONE IN TRAINING
[denoise_one_step] t_idx=1
  x_t shape: torch.Size([1, 1, 1, 16])
  ablation_vector shape: torch.Size([16])
  component shape: torch.Size([1, 1, 1, 16])
  Mean |component| being removed: 20.271246
  Mean |x_t| before ablation: 722.482666
  Mean |x_t| after ablation: 722.198181
USING PRECUED ITEMS - SHOULD NEVER BE DONE IN TRAINING
[denoise_one_step] t_idx=1
  x_t shape: torch.Size([1, 1, 1, 16])
  ablation_vector shape: torch.Size([16])
  component shape: torch.Size([1, 1, 1, 16])
  Mean |component| being removed: 17.882895
  Mean |x_t| before ablation: 689.209351
  Mean |x_t| after ablation: 688.977295
USING PRECUED ITEMS - SHOULD NEVER BE DONE IN TRAINING
[denoise_one_step] t_idx=1
  x_t shape: torch.Size([1, 1, 1, 16])
  ablation_vector shape: torch.Size([16])
  component shape: torch.Size([1, 1, 1, 16])
  Mean |component| being removed: 18.573765
  Mean |x_t| before ablation: 770.741516
  Mean |x_t| after ablation: 770.517700
USING PRECUED ITEMS - SHOULD NEVER BE DONE IN TRAINING
[denoise_one_step] t_idx=1
  x_t shape: torch.Size([1, 1, 1, 16])
  ablation_vector shape: torch.Size([16])
  component shape: torch.Size([1, 1, 1, 16])
  Mean |component| being removed: 21.382715
  Mean |x_t| before ablation: 833.198608
  Mean |x_t| after ablation: 832.924133
USING PRECUED ITEMS - SHOULD NEVER BE DONE IN TRAINING
[denoise_one_step] t_idx=1
  x_t shape: torch.Size([1, 1, 1, 16])
  ablation_vector shape: torch.Size([16])
  component shape: torch.Size([1, 1, 1, 16])
  Mean |component| being removed: 24.724604
  Mean |x_t| before ablation: 868.090820
  Mean |x_t| after ablation: 867.738647
USING PRECUED ITEMS - SHOULD NEVER BE DONE IN TRAINING
[denoise_one_step] t_idx=1
  x_t shape: torch.Size([1, 1, 1, 16])
  ablation_vector shape: torch.Size([16])
  component shape: torch.Size([1, 1, 1, 16])
  Mean |component| being removed: 27.332537
  Mean |x_t| before ablation: 842.601746
  Mean |x_t| after ablation: 842.158325
USING PRECUED ITEMS - SHOULD NEVER BE DONE IN TRAINING
[denoise_one_step] t_idx=1
  x_t shape: torch.Size([1, 1, 1, 16])
  ablation_vector shape: torch.Size([16])
  component shape: torch.Size([1, 1, 1, 16])
  Mean |component| being removed: 27.977945
  Mean |x_t| before ablation: 749.295044
  Mean |x_t| after ablation: 748.772522
USING PRECUED ITEMS - SHOULD NEVER BE DONE IN TRAINING
[denoise_one_step] t_idx=1
  x_t shape: torch.Size([1, 1, 1, 16])
  ablation_vector shape: torch.Size([16])
  component shape: torch.Size([1, 1, 1, 16])
  Mean |component| being removed: 28.492609
  Mean |x_t| before ablation: 721.001770
  Mean |x_t| after ablation: 720.438599
USING PRECUED ITEMS - SHOULD NEVER BE DONE IN TRAINING
[denoise_one_step] t_idx=1
  x_t shape: torch.Size([1, 1, 1, 16])
  ablation_vector shape: torch.Size([16])
  component shape: torch.Size([1, 1, 1, 16])
  Mean |component| being removed: 26.700350
  Mean |x_t| before ablation: 763.833984
  Mean |x_t| after ablation: 763.367065
USING PRECUED ITEMS - SHOULD NEVER BE DONE IN TRAINING
[denoise_one_step] t_idx=1
  x_t shape: torch.Size([1, 1, 1, 16])
  ablation_vector shape: torch.Size([16])
  component shape: torch.Size([1, 1, 1, 16])
  Mean |component| being removed: 24.132624
  Mean |x_t| before ablation: 713.864929
  Mean |x_t| after ablation: 713.456970
USING PRECUED ITEMS - SHOULD NEVER BE DONE IN TRAINING
[denoise_one_step] t_idx=1
  x_t shape: torch.Size([1, 1, 1, 16])
  ablation_vector shape: torch.Size([16])
  component shape: torch.Size([1, 1, 1, 16])
  Mean |component| being removed: 24.228563
  Mean |x_t| before ablation: 801.854248
  Mean |x_t| after ablation: 801.488098
USING PRECUED ITEMS - SHOULD NEVER BE DONE IN TRAINING
[denoise_one_step] t_idx=1
  x_t shape: torch.Size([1, 1, 1, 16])
  ablation_vector shape: torch.Size([16])
  component shape: torch.Size([1, 1, 1, 16])
  Mean |component| being removed: 20.293938
  Mean |x_t| before ablation: 620.417725
  Mean |x_t| after ablation: 620.085754
USING PRECUED ITEMS - SHOULD NEVER BE DONE IN TRAINING
[denoise_one_step] t_idx=1
  x_t shape: torch.Size([1, 1, 1, 16])
  ablation_vector shape: torch.Size([16])
  component shape: torch.Size([1, 1, 1, 16])
  Mean |component| being removed: 18.155066
  Mean |x_t| before ablation: 642.352722
  Mean |x_t| after ablation: 642.096130
USING PRECUED ITEMS - SHOULD NEVER BE DONE IN TRAINING
[denoise_one_step] t_idx=1
  x_t shape: torch.Size([1, 1, 1, 16])
  ablation_vector shape: torch.Size([16])
  component shape: torch.Size([1, 1, 1, 16])
  Mean |component| being removed: 17.966768
  Mean |x_t| before ablation: 597.189270
  Mean |x_t| after ablation: 596.918945
USING PRECUED ITEMS - SHOULD NEVER BE DONE IN TRAINING
[denoise_one_step] t_idx=1
  x_t shape: torch.Size([1, 1, 1, 16])
  ablation_vector shape: torch.Size([16])
  component shape: torch.Size([1, 1, 1, 16])
  Mean |component| being removed: 18.254919
  Mean |x_t| before ablation: 639.295105
  Mean |x_t| after ablation: 639.034424
USING PRECUED ITEMS - SHOULD NEVER BE DONE IN TRAINING
[denoise_one_step] t_idx=1
  x_t shape: torch.Size([1, 1, 1, 16])
  ablation_vector shape: torch.Size([16])
  component shape: torch.Size([1, 1, 1, 16])
  Mean |component| being removed: 18.152014
  Mean |x_t| before ablation: 622.769165
  Mean |x_t| after ablation: 622.504639
USING PRECUED ITEMS - SHOULD NEVER BE DONE IN TRAINING
[denoise_one_step] t_idx=1
  x_t shape: torch.Size([1, 1, 1, 16])
  ablation_vector shape: torch.Size([16])
  component shape: torch.Size([1, 1, 1, 16])
  Mean |component| being removed: 23.923098
  Mean |x_t| before ablation: 689.805115
  Mean |x_t| after ablation: 689.390137
USING PRECUED ITEMS - SHOULD NEVER BE DONE IN TRAINING
[denoise_one_step] t_idx=1
  x_t shape: torch.Size([1, 1, 1, 16])
  ablation_vector shape: torch.Size([16])
  component shape: torch.Size([1, 1, 1, 16])
  Mean |component| being removed: 28.181871
  Mean |x_t| before ablation: 767.680542
  Mean |x_t| after ablation: 767.163025
USING PRECUED ITEMS - SHOULD NEVER BE DONE IN TRAINING
[denoise_one_step] t_idx=1
  x_t shape: torch.Size([1, 1, 1, 16])
  ablation_vector shape: torch.Size([16])
  component shape: torch.Size([1, 1, 1, 16])
  Mean |component| being removed: 32.750706
  Mean |x_t| before ablation: 839.534424
  Mean |x_t| after ablation: 838.895264
USING PRECUED ITEMS - SHOULD NEVER BE DONE IN TRAINING
[denoise_one_step] t_idx=1
  x_t shape: torch.Size([1, 1, 1, 16])
  ablation_vector shape: torch.Size([16])
  component shape: torch.Size([1, 1, 1, 16])
  Mean |component| being removed: 31.725239
  Mean |x_t| before ablation: 833.857605
  Mean |x_t| after ablation: 833.253845
USING PRECUED ITEMS - SHOULD NEVER BE DONE IN TRAINING
[denoise_one_step] t_idx=1
  x_t shape: torch.Size([1, 1, 1, 16])
  ablation_vector shape: torch.Size([16])
  component shape: torch.Size([1, 1, 1, 16])
  Mean |component| being removed: 28.182291
  Mean |x_t| before ablation: 851.862305
  Mean |x_t| after ablation: 851.395996
USING PRECUED ITEMS - SHOULD NEVER BE DONE IN TRAINING
[denoise_one_step] t_idx=1
  x_t shape: torch.Size([1, 1, 1, 16])
  ablation_vector shape: torch.Size([16])
  component shape: torch.Size([1, 1, 1, 16])
  Mean |component| being removed: 23.919083
  Mean |x_t| before ablation: 792.469360
  Mean |x_t| after ablation: 792.108276
USING PRECUED ITEMS - SHOULD NEVER BE DONE IN TRAINING
[denoise_one_step] t_idx=1
  x_t shape: torch.Size([1, 1, 1, 16])
  ablation_vector shape: torch.Size([16])
  component shape: torch.Size([1, 1, 1, 16])
  Mean |component| being removed: 21.016321
  Mean |x_t| before ablation: 679.018799
  Mean |x_t| after ablation: 678.693481
USING PRECUED ITEMS - SHOULD NEVER BE DONE IN TRAINING
[denoise_one_step] t_idx=1
  x_t shape: torch.Size([1, 1, 1, 16])
  ablation_vector shape: torch.Size([16])
  component shape: torch.Size([1, 1, 1, 16])
  Mean |component| being removed: 17.464924
  Mean |x_t| before ablation: 569.421875
  Mean |x_t| after ablation: 569.153931
USING PRECUED ITEMS - SHOULD NEVER BE DONE IN TRAINING
[denoise_one_step] t_idx=1
  x_t shape: torch.Size([1, 1, 1, 16])
  ablation_vector shape: torch.Size([16])
  component shape: torch.Size([1, 1, 1, 16])
  Mean |component| being removed: 17.341204
  Mean |x_t| before ablation: 544.069641
  Mean |x_t| after ablation: 543.793213
USING PRECUED ITEMS - SHOULD NEVER BE DONE IN TRAINING
[denoise_one_step] t_idx=1
  x_t shape: torch.Size([1, 1, 1, 16])
  ablation_vector shape: torch.Size([16])
  component shape: torch.Size([1, 1, 1, 16])
  Mean |component| being removed: 16.887421
  Mean |x_t| before ablation: 506.716522
  Mean |x_t| after ablation: 506.435028
USING PRECUED ITEMS - SHOULD NEVER BE DONE IN TRAINING
[denoise_one_step] t_idx=1
  x_t shape: torch.Size([1, 1, 1, 16])
  ablation_vector shape: torch.Size([16])
  component shape: torch.Size([1, 1, 1, 16])
  Mean |component| being removed: 15.131326
  Mean |x_t| before ablation: 498.621399
  Mean |x_t| after ablation: 498.391754
USING PRECUED ITEMS - SHOULD NEVER BE DONE IN TRAINING
[denoise_one_step] t_idx=1
  x_t shape: torch.Size([1, 1, 1, 16])
  ablation_vector shape: torch.Size([16])
  component shape: torch.Size([1, 1, 1, 16])
  Mean |component| being removed: 18.994110
  Mean |x_t| before ablation: 525.809204
  Mean |x_t| after ablation: 525.466003
USING PRECUED ITEMS - SHOULD NEVER BE DONE IN TRAINING
[denoise_one_step] t_idx=1
  x_t shape: torch.Size([1, 1, 1, 16])
  ablation_vector shape: torch.Size([16])
  component shape: torch.Size([1, 1, 1, 16])
  Mean |component| being removed: 25.369539
  Mean |x_t| before ablation: 605.976868
  Mean |x_t| after ablation: 605.445557
USING PRECUED ITEMS - SHOULD NEVER BE DONE IN TRAINING
[denoise_one_step] t_idx=1
  x_t shape: torch.Size([1, 1, 1, 16])
  ablation_vector shape: torch.Size([16])
  component shape: torch.Size([1, 1, 1, 16])
  Mean |component| being removed: 29.767122
  Mean |x_t| before ablation: 717.501282
  Mean |x_t| after ablation: 716.883545
USING PRECUED ITEMS - SHOULD NEVER BE DONE IN TRAINING
[denoise_one_step] t_idx=1
  x_t shape: torch.Size([1, 1, 1, 16])
  ablation_vector shape: torch.Size([16])
  component shape: torch.Size([1, 1, 1, 16])
  Mean |component| being removed: 32.256794
  Mean |x_t| before ablation: 796.464600
  Mean |x_t| after ablation: 795.811096
USING PRECUED ITEMS - SHOULD NEVER BE DONE IN TRAINING
[denoise_one_step] t_idx=1
  x_t shape: torch.Size([1, 1, 1, 16])
  ablation_vector shape: torch.Size([16])
  component shape: torch.Size([1, 1, 1, 16])
  Mean |component| being removed: 31.764790
  Mean |x_t| before ablation: 845.049805
  Mean |x_t| after ablation: 844.452576
USING PRECUED ITEMS - SHOULD NEVER BE DONE IN TRAINING
[denoise_one_step] t_idx=1
  x_t shape: torch.Size([1, 1, 1, 16])
  ablation_vector shape: torch.Size([16])
  component shape: torch.Size([1, 1, 1, 16])
  Mean |component| being removed: 26.732714
  Mean |x_t| before ablation: 777.774231
  Mean |x_t| after ablation: 777.314636
USING PRECUED ITEMS - SHOULD NEVER BE DONE IN TRAINING
[denoise_one_step] t_idx=1
  x_t shape: torch.Size([1, 1, 1, 16])
  ablation_vector shape: torch.Size([16])
  component shape: torch.Size([1, 1, 1, 16])
  Mean |component| being removed: 24.143816
  Mean |x_t| before ablation: 703.419312
  Mean |x_t| after ablation: 703.004822
USING PRECUED ITEMS - SHOULD NEVER BE DONE IN TRAINING
[denoise_one_step] t_idx=1
  x_t shape: torch.Size([1, 1, 1, 16])
  ablation_vector shape: torch.Size([16])
  component shape: torch.Size([1, 1, 1, 16])
  Mean |component| being removed: 17.613375
  Mean |x_t| before ablation: 578.235962
  Mean |x_t| after ablation: 577.967651
USING PRECUED ITEMS - SHOULD NEVER BE DONE IN TRAINING
[denoise_one_step] t_idx=1
  x_t shape: torch.Size([1, 1, 1, 16])
  ablation_vector shape: torch.Size([16])
  component shape: torch.Size([1, 1, 1, 16])
  Mean |component| being removed: 20.044313
  Mean |x_t| before ablation: 616.549011
  Mean |x_t| after ablation: 616.223145
USING PRECUED ITEMS - SHOULD NEVER BE DONE IN TRAINING
[denoise_one_step] t_idx=1
  x_t shape: torch.Size([1, 1, 1, 16])
  ablation_vector shape: torch.Size([16])
  component shape: torch.Size([1, 1, 1, 16])
  Mean |component| being removed: 23.096003
  Mean |x_t| before ablation: 664.264648
  Mean |x_t| after ablation: 663.863037
USING PRECUED ITEMS - SHOULD NEVER BE DONE IN TRAINING
[denoise_one_step] t_idx=1
  x_t shape: torch.Size([1, 1, 1, 16])
  ablation_vector shape: torch.Size([16])
  component shape: torch.Size([1, 1, 1, 16])
  Mean |component| being removed: 15.846749
  Mean |x_t| before ablation: 482.245789
  Mean |x_t| after ablation: 481.985352
USING PRECUED ITEMS - SHOULD NEVER BE DONE IN TRAINING
[denoise_one_step] t_idx=1
  x_t shape: torch.Size([1, 1, 1, 16])
  ablation_vector shape: torch.Size([16])
  component shape: torch.Size([1, 1, 1, 16])
  Mean |component| being removed: 13.031629
  Mean |x_t| before ablation: 453.613342
  Mean |x_t| after ablation: 453.426117
USING PRECUED ITEMS - SHOULD NEVER BE DONE IN TRAINING
[denoise_one_step] t_idx=1
  x_t shape: torch.Size([1, 1, 1, 16])
  ablation_vector shape: torch.Size([16])
  component shape: torch.Size([1, 1, 1, 16])
  Mean |component| being removed: 17.390425
  Mean |x_t| before ablation: 469.907104
  Mean |x_t| after ablation: 469.585175
USING PRECUED ITEMS - SHOULD NEVER BE DONE IN TRAINING
[denoise_one_step] t_idx=1
  x_t shape: torch.Size([1, 1, 1, 16])
  ablation_vector shape: torch.Size([16])
  component shape: torch.Size([1, 1, 1, 16])
  Mean |component| being removed: 21.974474
  Mean |x_t| before ablation: 561.536743
  Mean |x_t| after ablation: 561.106628
USING PRECUED ITEMS - SHOULD NEVER BE DONE IN TRAINING
[denoise_one_step] t_idx=1
  x_t shape: torch.Size([1, 1, 1, 16])
  ablation_vector shape: torch.Size([16])
  component shape: torch.Size([1, 1, 1, 16])
  Mean |component| being removed: 26.933016
  Mean |x_t| before ablation: 672.826111
  Mean |x_t| after ablation: 672.286804
USING PRECUED ITEMS - SHOULD NEVER BE DONE IN TRAINING
[denoise_one_step] t_idx=1
  x_t shape: torch.Size([1, 1, 1, 16])
  ablation_vector shape: torch.Size([16])
  component shape: torch.Size([1, 1, 1, 16])
  Mean |component| being removed: 30.285967
  Mean |x_t| before ablation: 801.729431
  Mean |x_t| after ablation: 801.157227
USING PRECUED ITEMS - SHOULD NEVER BE DONE IN TRAINING
[denoise_one_step] t_idx=1
  x_t shape: torch.Size([1, 1, 1, 16])
  ablation_vector shape: torch.Size([16])
  component shape: torch.Size([1, 1, 1, 16])
  Mean |component| being removed: 28.870302
  Mean |x_t| before ablation: 752.705750
  Mean |x_t| after ablation: 752.151855
USING PRECUED ITEMS - SHOULD NEVER BE DONE IN TRAINING
[denoise_one_step] t_idx=1
  x_t shape: torch.Size([1, 1, 1, 16])
  ablation_vector shape: torch.Size([16])
  component shape: torch.Size([1, 1, 1, 16])
  Mean |component| being removed: 25.113909
  Mean |x_t| before ablation: 675.889954
  Mean |x_t| after ablation: 675.423218
USING PRECUED ITEMS - SHOULD NEVER BE DONE IN TRAINING
[denoise_one_step] t_idx=1
  x_t shape: torch.Size([1, 1, 1, 16])
  ablation_vector shape: torch.Size([16])
  component shape: torch.Size([1, 1, 1, 16])
  Mean |component| being removed: 18.126055
  Mean |x_t| before ablation: 519.059509
  Mean |x_t| after ablation: 518.742981
USING PRECUED ITEMS - SHOULD NEVER BE DONE IN TRAINING
[denoise_one_step] t_idx=1
  x_t shape: torch.Size([1, 1, 1, 16])
  ablation_vector shape: torch.Size([16])
  component shape: torch.Size([1, 1, 1, 16])
  Mean |component| being removed: 15.793939
  Mean |x_t| before ablation: 471.281830
  Mean |x_t| after ablation: 471.017120
USING PRECUED ITEMS - SHOULD NEVER BE DONE IN TRAINING
[denoise_one_step] t_idx=1
  x_t shape: torch.Size([1, 1, 1, 16])
  ablation_vector shape: torch.Size([16])
  component shape: torch.Size([1, 1, 1, 16])
  Mean |component| being removed: 16.832319
  Mean |x_t| before ablation: 427.051361
  Mean |x_t| after ablation: 426.719513
USING PRECUED ITEMS - SHOULD NEVER BE DONE IN TRAINING
[denoise_one_step] t_idx=1
  x_t shape: torch.Size([1, 1, 1, 16])
  ablation_vector shape: torch.Size([16])
  component shape: torch.Size([1, 1, 1, 16])
  Mean |component| being removed: 17.937389
  Mean |x_t| before ablation: 510.650635
  Mean |x_t| after ablation: 510.335480
USING PRECUED ITEMS - SHOULD NEVER BE DONE IN TRAINING
[denoise_one_step] t_idx=1
  x_t shape: torch.Size([1, 1, 1, 16])
  ablation_vector shape: torch.Size([16])
  component shape: torch.Size([1, 1, 1, 16])
  Mean |component| being removed: 6.514433
  Mean |x_t| before ablation: 456.676544
  Mean |x_t| after ablation: 456.630096
USING PRECUED ITEMS - SHOULD NEVER BE DONE IN TRAINING
[denoise_one_step] t_idx=1
  x_t shape: torch.Size([1, 1, 1, 16])
  ablation_vector shape: torch.Size([16])
  component shape: torch.Size([1, 1, 1, 16])
  Mean |component| being removed: 10.161782
  Mean |x_t| before ablation: 484.992859
  Mean |x_t| after ablation: 484.886414
USING PRECUED ITEMS - SHOULD NEVER BE DONE IN TRAINING
[denoise_one_step] t_idx=1
  x_t shape: torch.Size([1, 1, 1, 16])
  ablation_vector shape: torch.Size([16])
  component shape: torch.Size([1, 1, 1, 16])
  Mean |component| being removed: 15.646779
  Mean |x_t| before ablation: 512.795959
  Mean |x_t| after ablation: 512.557190
USING PRECUED ITEMS - SHOULD NEVER BE DONE IN TRAINING
[denoise_one_step] t_idx=1
  x_t shape: torch.Size([1, 1, 1, 16])
  ablation_vector shape: torch.Size([16])
  component shape: torch.Size([1, 1, 1, 16])
  Mean |component| being removed: 22.398073
  Mean |x_t| before ablation: 575.696289
  Mean |x_t| after ablation: 575.260437
USING PRECUED ITEMS - SHOULD NEVER BE DONE IN TRAINING
[denoise_one_step] t_idx=1
  x_t shape: torch.Size([1, 1, 1, 16])
  ablation_vector shape: torch.Size([16])
  component shape: torch.Size([1, 1, 1, 16])
  Mean |component| being removed: 22.032532
  Mean |x_t| before ablation: 631.279358
  Mean |x_t| after ablation: 630.894775
USING PRECUED ITEMS - SHOULD NEVER BE DONE IN TRAINING
[denoise_one_step] t_idx=1
  x_t shape: torch.Size([1, 1, 1, 16])
  ablation_vector shape: torch.Size([16])
  component shape: torch.Size([1, 1, 1, 16])
  Mean |component| being removed: 22.403788
  Mean |x_t| before ablation: 631.337280
  Mean |x_t| after ablation: 630.939636
USING PRECUED ITEMS - SHOULD NEVER BE DONE IN TRAINING
[denoise_one_step] t_idx=1
  x_t shape: torch.Size([1, 1, 1, 16])
  ablation_vector shape: torch.Size([16])
  component shape: torch.Size([1, 1, 1, 16])
  Mean |component| being removed: 24.216082
  Mean |x_t| before ablation: 683.618774
  Mean |x_t| after ablation: 683.189758
USING PRECUED ITEMS - SHOULD NEVER BE DONE IN TRAINING
[denoise_one_step] t_idx=1
  x_t shape: torch.Size([1, 1, 1, 16])
  ablation_vector shape: torch.Size([16])
  component shape: torch.Size([1, 1, 1, 16])
  Mean |component| being removed: 17.836168
  Mean |x_t| before ablation: 471.384277
  Mean |x_t| after ablation: 471.046692
USING PRECUED ITEMS - SHOULD NEVER BE DONE IN TRAINING
[denoise_one_step] t_idx=1
  x_t shape: torch.Size([1, 1, 1, 16])
  ablation_vector shape: torch.Size([16])
  component shape: torch.Size([1, 1, 1, 16])
  Mean |component| being removed: 17.209276
  Mean |x_t| before ablation: 477.377686
  Mean |x_t| after ablation: 477.067383
USING PRECUED ITEMS - SHOULD NEVER BE DONE IN TRAINING
[denoise_one_step] t_idx=1
  x_t shape: torch.Size([1, 1, 1, 16])
  ablation_vector shape: torch.Size([16])
  component shape: torch.Size([1, 1, 1, 16])
  Mean |component| being removed: 13.941659
  Mean |x_t| before ablation: 418.593994
  Mean |x_t| after ablation: 418.361755
USING PRECUED ITEMS - SHOULD NEVER BE DONE IN TRAINING
[denoise_one_step] t_idx=1
  x_t shape: torch.Size([1, 1, 1, 16])
  ablation_vector shape: torch.Size([16])
  component shape: torch.Size([1, 1, 1, 16])
  Mean |component| being removed: 14.829408
  Mean |x_t| before ablation: 445.658722
  Mean |x_t| after ablation: 445.411926
USING PRECUED ITEMS - SHOULD NEVER BE DONE IN TRAINING
[denoise_one_step] t_idx=1
  x_t shape: torch.Size([1, 1, 1, 16])
  ablation_vector shape: torch.Size([16])
  component shape: torch.Size([1, 1, 1, 16])
  Mean |component| being removed: 7.348748
  Mean |x_t| before ablation: 473.536835
  Mean |x_t| after ablation: 473.479797
USING PRECUED ITEMS - SHOULD NEVER BE DONE IN TRAINING
[denoise_one_step] t_idx=1
  x_t shape: torch.Size([1, 1, 1, 16])
  ablation_vector shape: torch.Size([16])
  component shape: torch.Size([1, 1, 1, 16])
  Mean |component| being removed: 7.026181
  Mean |x_t| before ablation: 469.965668
  Mean |x_t| after ablation: 469.913116
USING PRECUED ITEMS - SHOULD NEVER BE DONE IN TRAINING
[denoise_one_step] t_idx=1
  x_t shape: torch.Size([1, 1, 1, 16])
  ablation_vector shape: torch.Size([16])
  component shape: torch.Size([1, 1, 1, 16])
  Mean |component| being removed: 10.809369
  Mean |x_t| before ablation: 496.914764
  Mean |x_t| after ablation: 496.797150
USING PRECUED ITEMS - SHOULD NEVER BE DONE IN TRAINING
[denoise_one_step] t_idx=1
  x_t shape: torch.Size([1, 1, 1, 16])
  ablation_vector shape: torch.Size([16])
  component shape: torch.Size([1, 1, 1, 16])
  Mean |component| being removed: 13.175861
  Mean |x_t| before ablation: 566.579163
  Mean |x_t| after ablation: 566.425903
USING PRECUED ITEMS - SHOULD NEVER BE DONE IN TRAINING
[denoise_one_step] t_idx=1
  x_t shape: torch.Size([1, 1, 1, 16])
  ablation_vector shape: torch.Size([16])
  component shape: torch.Size([1, 1, 1, 16])
  Mean |component| being removed: 19.989832
  Mean |x_t| before ablation: 561.568604
  Mean |x_t| after ablation: 561.212708
USING PRECUED ITEMS - SHOULD NEVER BE DONE IN TRAINING
[denoise_one_step] t_idx=1
  x_t shape: torch.Size([1, 1, 1, 16])
  ablation_vector shape: torch.Size([16])
  component shape: torch.Size([1, 1, 1, 16])
  Mean |component| being removed: 19.939638
  Mean |x_t| before ablation: 576.573120
  Mean |x_t| after ablation: 576.228271
USING PRECUED ITEMS - SHOULD NEVER BE DONE IN TRAINING
[denoise_one_step] t_idx=1
  x_t shape: torch.Size([1, 1, 1, 16])
  ablation_vector shape: torch.Size([16])
  component shape: torch.Size([1, 1, 1, 16])
  Mean |component| being removed: 22.279146
  Mean |x_t| before ablation: 608.916626
  Mean |x_t| after ablation: 608.508911
USING PRECUED ITEMS - SHOULD NEVER BE DONE IN TRAINING
[denoise_one_step] t_idx=1
  x_t shape: torch.Size([1, 1, 1, 16])
  ablation_vector shape: torch.Size([16])
  component shape: torch.Size([1, 1, 1, 16])
  Mean |component| being removed: 19.689911
  Mean |x_t| before ablation: 490.432587
  Mean |x_t| after ablation: 490.037170
USING PRECUED ITEMS - SHOULD NEVER BE DONE IN TRAINING
[denoise_one_step] t_idx=1
  x_t shape: torch.Size([1, 1, 1, 16])
  ablation_vector shape: torch.Size([16])
  component shape: torch.Size([1, 1, 1, 16])
  Mean |component| being removed: 16.198008
  Mean |x_t| before ablation: 440.592407
  Mean |x_t| after ablation: 440.294525
USING PRECUED ITEMS - SHOULD NEVER BE DONE IN TRAINING
[denoise_one_step] t_idx=1
  x_t shape: torch.Size([1, 1, 1, 16])
  ablation_vector shape: torch.Size([16])
  component shape: torch.Size([1, 1, 1, 16])
  Mean |component| being removed: 14.362226
  Mean |x_t| before ablation: 420.188507
  Mean |x_t| after ablation: 419.942963
USING PRECUED ITEMS - SHOULD NEVER BE DONE IN TRAINING
[denoise_one_step] t_idx=1
  x_t shape: torch.Size([1, 1, 1, 16])
  ablation_vector shape: torch.Size([16])
  component shape: torch.Size([1, 1, 1, 16])
  Mean |component| being removed: 12.909955
  Mean |x_t| before ablation: 472.824432
  Mean |x_t| after ablation: 472.648132
USING PRECUED ITEMS - SHOULD NEVER BE DONE IN TRAINING
[denoise_one_step] t_idx=1
  x_t shape: torch.Size([1, 1, 1, 16])
  ablation_vector shape: torch.Size([16])
  component shape: torch.Size([1, 1, 1, 16])
  Mean |component| being removed: 10.441232
  Mean |x_t| before ablation: 482.883514
  Mean |x_t| after ablation: 482.770630
USING PRECUED ITEMS - SHOULD NEVER BE DONE IN TRAINING
[denoise_one_step] t_idx=1
  x_t shape: torch.Size([1, 1, 1, 16])
  ablation_vector shape: torch.Size([16])
  component shape: torch.Size([1, 1, 1, 16])
  Mean |component| being removed: 7.938233
  Mean |x_t| before ablation: 465.518890
  Mean |x_t| after ablation: 465.451233
USING PRECUED ITEMS - SHOULD NEVER BE DONE IN TRAINING
[denoise_one_step] t_idx=1
  x_t shape: torch.Size([1, 1, 1, 16])
  ablation_vector shape: torch.Size([16])
  component shape: torch.Size([1, 1, 1, 16])
  Mean |component| being removed: 6.882030
  Mean |x_t| before ablation: 478.976074
  Mean |x_t| after ablation: 478.926636
USING PRECUED ITEMS - SHOULD NEVER BE DONE IN TRAINING
[denoise_one_step] t_idx=1
  x_t shape: torch.Size([1, 1, 1, 16])
  ablation_vector shape: torch.Size([16])
  component shape: torch.Size([1, 1, 1, 16])
  Mean |component| being removed: 9.487881
  Mean |x_t| before ablation: 559.713379
  Mean |x_t| after ablation: 559.632996
USING PRECUED ITEMS - SHOULD NEVER BE DONE IN TRAINING
[denoise_one_step] t_idx=1
  x_t shape: torch.Size([1, 1, 1, 16])
  ablation_vector shape: torch.Size([16])
  component shape: torch.Size([1, 1, 1, 16])
  Mean |component| being removed: 14.933033
  Mean |x_t| before ablation: 535.209900
  Mean |x_t| after ablation: 535.001587
USING PRECUED ITEMS - SHOULD NEVER BE DONE IN TRAINING
[denoise_one_step] t_idx=1
  x_t shape: torch.Size([1, 1, 1, 16])
  ablation_vector shape: torch.Size([16])
  component shape: torch.Size([1, 1, 1, 16])
  Mean |component| being removed: 18.120705
  Mean |x_t| before ablation: 576.347473
  Mean |x_t| after ablation: 576.062500
USING PRECUED ITEMS - SHOULD NEVER BE DONE IN TRAINING
[denoise_one_step] t_idx=1
  x_t shape: torch.Size([1, 1, 1, 16])
  ablation_vector shape: torch.Size([16])
  component shape: torch.Size([1, 1, 1, 16])
  Mean |component| being removed: 17.529896
  Mean |x_t| before ablation: 516.531006
  Mean |x_t| after ablation: 516.233459
USING PRECUED ITEMS - SHOULD NEVER BE DONE IN TRAINING
[denoise_one_step] t_idx=1
  x_t shape: torch.Size([1, 1, 1, 16])
  ablation_vector shape: torch.Size([16])
  component shape: torch.Size([1, 1, 1, 16])
  Mean |component| being removed: 16.235859
  Mean |x_t| before ablation: 418.188721
  Mean |x_t| after ablation: 417.873413
USING PRECUED ITEMS - SHOULD NEVER BE DONE IN TRAINING
[denoise_one_step] t_idx=1
  x_t shape: torch.Size([1, 1, 1, 16])
  ablation_vector shape: torch.Size([16])
  component shape: torch.Size([1, 1, 1, 16])
  Mean |component| being removed: 16.351400
  Mean |x_t| before ablation: 409.571869
  Mean |x_t| after ablation: 409.245331
USING PRECUED ITEMS - SHOULD NEVER BE DONE IN TRAINING
[denoise_one_step] t_idx=1
  x_t shape: torch.Size([1, 1, 1, 16])
  ablation_vector shape: torch.Size([16])
  component shape: torch.Size([1, 1, 1, 16])
  Mean |component| being removed: 17.397707
  Mean |x_t| before ablation: 483.137390
  Mean |x_t| after ablation: 482.824036
USING PRECUED ITEMS - SHOULD NEVER BE DONE IN TRAINING
[denoise_one_step] t_idx=1
  x_t shape: torch.Size([1, 1, 1, 16])
  ablation_vector shape: torch.Size([16])
  component shape: torch.Size([1, 1, 1, 16])
  Mean |component| being removed: 11.865598
  Mean |x_t| before ablation: 473.358917
  Mean |x_t| after ablation: 473.210205
USING PRECUED ITEMS - SHOULD NEVER BE DONE IN TRAINING
[denoise_one_step] t_idx=1
  x_t shape: torch.Size([1, 1, 1, 16])
  ablation_vector shape: torch.Size([16])
  component shape: torch.Size([1, 1, 1, 16])
  Mean |component| being removed: 8.645032
  Mean |x_t| before ablation: 530.136841
  Mean |x_t| after ablation: 530.066345
USING PRECUED ITEMS - SHOULD NEVER BE DONE IN TRAINING
[denoise_one_step] t_idx=1
  x_t shape: torch.Size([1, 1, 1, 16])
  ablation_vector shape: torch.Size([16])
  component shape: torch.Size([1, 1, 1, 16])
  Mean |component| being removed: 7.435112
  Mean |x_t| before ablation: 521.650757
  Mean |x_t| after ablation: 521.597717
USING PRECUED ITEMS - SHOULD NEVER BE DONE IN TRAINING
[denoise_one_step] t_idx=1
  x_t shape: torch.Size([1, 1, 1, 16])
  ablation_vector shape: torch.Size([16])
  component shape: torch.Size([1, 1, 1, 16])
  Mean |component| being removed: 6.516266
  Mean |x_t| before ablation: 508.729523
  Mean |x_t| after ablation: 508.687775
USING PRECUED ITEMS - SHOULD NEVER BE DONE IN TRAINING
[denoise_one_step] t_idx=1
  x_t shape: torch.Size([1, 1, 1, 16])
  ablation_vector shape: torch.Size([16])
  component shape: torch.Size([1, 1, 1, 16])
  Mean |component| being removed: 0.063927
  Mean |x_t| before ablation: 702.601624
  Mean |x_t| after ablation: 702.601624
USING PRECUED ITEMS - SHOULD NEVER BE DONE IN TRAINING
[denoise_one_step] t_idx=1
  x_t shape: torch.Size([1, 1, 1, 16])
  ablation_vector shape: torch.Size([16])
  component shape: torch.Size([1, 1, 1, 16])
  Mean |component| being removed: 12.054757
  Mean |x_t| before ablation: 624.919617
  Mean |x_t| after ablation: 624.803345
USING PRECUED ITEMS - SHOULD NEVER BE DONE IN TRAINING
[denoise_one_step] t_idx=1
  x_t shape: torch.Size([1, 1, 1, 16])
  ablation_vector shape: torch.Size([16])
  component shape: torch.Size([1, 1, 1, 16])
  Mean |component| being removed: 14.159369
  Mean |x_t| before ablation: 616.770996
  Mean |x_t| after ablation: 616.608459
USING PRECUED ITEMS - SHOULD NEVER BE DONE IN TRAINING
[denoise_one_step] t_idx=1
  x_t shape: torch.Size([1, 1, 1, 16])
  ablation_vector shape: torch.Size([16])
  component shape: torch.Size([1, 1, 1, 16])
  Mean |component| being removed: 18.309858
  Mean |x_t| before ablation: 624.575317
  Mean |x_t| after ablation: 624.306885
USING PRECUED ITEMS - SHOULD NEVER BE DONE IN TRAINING
[denoise_one_step] t_idx=1
  x_t shape: torch.Size([1, 1, 1, 16])
  ablation_vector shape: torch.Size([16])
  component shape: torch.Size([1, 1, 1, 16])
  Mean |component| being removed: 15.686673
  Mean |x_t| before ablation: 499.536133
  Mean |x_t| after ablation: 499.289764
USING PRECUED ITEMS - SHOULD NEVER BE DONE IN TRAINING
[denoise_one_step] t_idx=1
  x_t shape: torch.Size([1, 1, 1, 16])
  ablation_vector shape: torch.Size([16])
  component shape: torch.Size([1, 1, 1, 16])
  Mean |component| being removed: 15.875016
  Mean |x_t| before ablation: 464.919250
  Mean |x_t| after ablation: 464.648163
USING PRECUED ITEMS - SHOULD NEVER BE DONE IN TRAINING
[denoise_one_step] t_idx=1
  x_t shape: torch.Size([1, 1, 1, 16])
  ablation_vector shape: torch.Size([16])
  component shape: torch.Size([1, 1, 1, 16])
  Mean |component| being removed: 15.352094
  Mean |x_t| before ablation: 451.942871
  Mean |x_t| after ablation: 451.682068
USING PRECUED ITEMS - SHOULD NEVER BE DONE IN TRAINING
[denoise_one_step] t_idx=1
  x_t shape: torch.Size([1, 1, 1, 16])
  ablation_vector shape: torch.Size([16])
  component shape: torch.Size([1, 1, 1, 16])
  Mean |component| being removed: 16.259443
  Mean |x_t| before ablation: 455.209106
  Mean |x_t| after ablation: 454.918640
USING PRECUED ITEMS - SHOULD NEVER BE DONE IN TRAINING
[denoise_one_step] t_idx=1
  x_t shape: torch.Size([1, 1, 1, 16])
  ablation_vector shape: torch.Size([16])
  component shape: torch.Size([1, 1, 1, 16])
  Mean |component| being removed: 6.430031
  Mean |x_t| before ablation: 470.186432
  Mean |x_t| after ablation: 470.142456
USING PRECUED ITEMS - SHOULD NEVER BE DONE IN TRAINING
[denoise_one_step] t_idx=1
  x_t shape: torch.Size([1, 1, 1, 16])
  ablation_vector shape: torch.Size([16])
  component shape: torch.Size([1, 1, 1, 16])
  Mean |component| being removed: 7.651684
  Mean |x_t| before ablation: 539.745544
  Mean |x_t| after ablation: 539.691345
USING PRECUED ITEMS - SHOULD NEVER BE DONE IN TRAINING
[denoise_one_step] t_idx=1
  x_t shape: torch.Size([1, 1, 1, 16])
  ablation_vector shape: torch.Size([16])
  component shape: torch.Size([1, 1, 1, 16])
  Mean |component| being removed: 2.458927
  Mean |x_t| before ablation: 555.324036
  Mean |x_t| after ablation: 555.318604
USING PRECUED ITEMS - SHOULD NEVER BE DONE IN TRAINING
[denoise_one_step] t_idx=1
  x_t shape: torch.Size([1, 1, 1, 16])
  ablation_vector shape: torch.Size([16])
  component shape: torch.Size([1, 1, 1, 16])
  Mean |component| being removed: 2.580269
  Mean |x_t| before ablation: 600.286133
  Mean |x_t| after ablation: 600.280518
USING PRECUED ITEMS - SHOULD NEVER BE DONE IN TRAINING
[denoise_one_step] t_idx=1
  x_t shape: torch.Size([1, 1, 1, 16])
  ablation_vector shape: torch.Size([16])
  component shape: torch.Size([1, 1, 1, 16])
  Mean |component| being removed: 7.531411
  Mean |x_t| before ablation: 755.664307
  Mean |x_t| after ablation: 755.626770
USING PRECUED ITEMS - SHOULD NEVER BE DONE IN TRAINING
[denoise_one_step] t_idx=1
  x_t shape: torch.Size([1, 1, 1, 16])
  ablation_vector shape: torch.Size([16])
  component shape: torch.Size([1, 1, 1, 16])
  Mean |component| being removed: 13.537515
  Mean |x_t| before ablation: 719.669250
  Mean |x_t| after ablation: 719.541870
USING PRECUED ITEMS - SHOULD NEVER BE DONE IN TRAINING
[denoise_one_step] t_idx=1
  x_t shape: torch.Size([1, 1, 1, 16])
  ablation_vector shape: torch.Size([16])
  component shape: torch.Size([1, 1, 1, 16])
  Mean |component| being removed: 17.967421
  Mean |x_t| before ablation: 809.618103
  Mean |x_t| after ablation: 809.418762
USING PRECUED ITEMS - SHOULD NEVER BE DONE IN TRAINING
[denoise_one_step] t_idx=1
  x_t shape: torch.Size([1, 1, 1, 16])
  ablation_vector shape: torch.Size([16])
  component shape: torch.Size([1, 1, 1, 16])
  Mean |component| being removed: 20.558437
  Mean |x_t| before ablation: 805.978699
  Mean |x_t| after ablation: 805.716492
USING PRECUED ITEMS - SHOULD NEVER BE DONE IN TRAINING
[denoise_one_step] t_idx=1
  x_t shape: torch.Size([1, 1, 1, 16])
  ablation_vector shape: torch.Size([16])
  component shape: torch.Size([1, 1, 1, 16])
  Mean |component| being removed: 19.550001
  Mean |x_t| before ablation: 652.609863
  Mean |x_t| after ablation: 652.316956
USING PRECUED ITEMS - SHOULD NEVER BE DONE IN TRAINING
[denoise_one_step] t_idx=1
  x_t shape: torch.Size([1, 1, 1, 16])
  ablation_vector shape: torch.Size([16])
  component shape: torch.Size([1, 1, 1, 16])
  Mean |component| being removed: 16.106543
  Mean |x_t| before ablation: 533.054199
  Mean |x_t| after ablation: 532.810791
USING PRECUED ITEMS - SHOULD NEVER BE DONE IN TRAINING
[denoise_one_step] t_idx=1
  x_t shape: torch.Size([1, 1, 1, 16])
  ablation_vector shape: torch.Size([16])
  component shape: torch.Size([1, 1, 1, 16])
  Mean |component| being removed: 16.418282
  Mean |x_t| before ablation: 461.428528
  Mean |x_t| after ablation: 461.136353
USING PRECUED ITEMS - SHOULD NEVER BE DONE IN TRAINING
[denoise_one_step] t_idx=1
  x_t shape: torch.Size([1, 1, 1, 16])
  ablation_vector shape: torch.Size([16])
  component shape: torch.Size([1, 1, 1, 16])
  Mean |component| being removed: 14.442353
  Mean |x_t| before ablation: 467.646179
  Mean |x_t| after ablation: 467.423126
USING PRECUED ITEMS - SHOULD NEVER BE DONE IN TRAINING
[denoise_one_step] t_idx=1
  x_t shape: torch.Size([1, 1, 1, 16])
  ablation_vector shape: torch.Size([16])
  component shape: torch.Size([1, 1, 1, 16])
  Mean |component| being removed: 8.702973
  Mean |x_t| before ablation: 515.123535
  Mean |x_t| after ablation: 515.049988
USING PRECUED ITEMS - SHOULD NEVER BE DONE IN TRAINING
[denoise_one_step] t_idx=1
  x_t shape: torch.Size([1, 1, 1, 16])
  ablation_vector shape: torch.Size([16])
  component shape: torch.Size([1, 1, 1, 16])
  Mean |component| being removed: 6.816296
  Mean |x_t| before ablation: 590.928467
  Mean |x_t| after ablation: 590.889160
USING PRECUED ITEMS - SHOULD NEVER BE DONE IN TRAINING
[denoise_one_step] t_idx=1
  x_t shape: torch.Size([1, 1, 1, 16])
  ablation_vector shape: torch.Size([16])
  component shape: torch.Size([1, 1, 1, 16])
  Mean |component| being removed: 2.586773
  Mean |x_t| before ablation: 634.302917
  Mean |x_t| after ablation: 634.297607
USING PRECUED ITEMS - SHOULD NEVER BE DONE IN TRAINING
[denoise_one_step] t_idx=1
  x_t shape: torch.Size([1, 1, 1, 16])
  ablation_vector shape: torch.Size([16])
  component shape: torch.Size([1, 1, 1, 16])
  Mean |component| being removed: 3.777049
  Mean |x_t| before ablation: 684.038086
  Mean |x_t| after ablation: 684.027649
USING PRECUED ITEMS - SHOULD NEVER BE DONE IN TRAINING
[denoise_one_step] t_idx=1
  x_t shape: torch.Size([1, 1, 1, 16])
  ablation_vector shape: torch.Size([16])
  component shape: torch.Size([1, 1, 1, 16])
  Mean |component| being removed: 12.137128
  Mean |x_t| before ablation: 800.714050
  Mean |x_t| after ablation: 800.622131
USING PRECUED ITEMS - SHOULD NEVER BE DONE IN TRAINING
[denoise_one_step] t_idx=1
  x_t shape: torch.Size([1, 1, 1, 16])
  ablation_vector shape: torch.Size([16])
  component shape: torch.Size([1, 1, 1, 16])
  Mean |component| being removed: 13.537812
  Mean |x_t| before ablation: 828.671143
  Mean |x_t| after ablation: 828.560547
USING PRECUED ITEMS - SHOULD NEVER BE DONE IN TRAINING
[denoise_one_step] t_idx=1
  x_t shape: torch.Size([1, 1, 1, 16])
  ablation_vector shape: torch.Size([16])
  component shape: torch.Size([1, 1, 1, 16])
  Mean |component| being removed: 18.401106
  Mean |x_t| before ablation: 895.923218
  Mean |x_t| after ablation: 895.734131
USING PRECUED ITEMS - SHOULD NEVER BE DONE IN TRAINING
[denoise_one_step] t_idx=1
  x_t shape: torch.Size([1, 1, 1, 16])
  ablation_vector shape: torch.Size([16])
  component shape: torch.Size([1, 1, 1, 16])
  Mean |component| being removed: 23.566710
  Mean |x_t| before ablation: 920.556213
  Mean |x_t| after ablation: 920.254456
USING PRECUED ITEMS - SHOULD NEVER BE DONE IN TRAINING
[denoise_one_step] t_idx=1
  x_t shape: torch.Size([1, 1, 1, 16])
  ablation_vector shape: torch.Size([16])
  component shape: torch.Size([1, 1, 1, 16])
  Mean |component| being removed: 18.122725
  Mean |x_t| before ablation: 698.263062
  Mean |x_t| after ablation: 698.027893
USING PRECUED ITEMS - SHOULD NEVER BE DONE IN TRAINING
[denoise_one_step] t_idx=1
  x_t shape: torch.Size([1, 1, 1, 16])
  ablation_vector shape: torch.Size([16])
  component shape: torch.Size([1, 1, 1, 16])
  Mean |component| being removed: 16.664410
  Mean |x_t| before ablation: 570.827087
  Mean |x_t| after ablation: 570.583801
USING PRECUED ITEMS - SHOULD NEVER BE DONE IN TRAINING
[denoise_one_step] t_idx=1
  x_t shape: torch.Size([1, 1, 1, 16])
  ablation_vector shape: torch.Size([16])
  component shape: torch.Size([1, 1, 1, 16])
  Mean |component| being removed: 16.927338
  Mean |x_t| before ablation: 474.166107
  Mean |x_t| after ablation: 473.863861
USING PRECUED ITEMS - SHOULD NEVER BE DONE IN TRAINING
[denoise_one_step] t_idx=1
  x_t shape: torch.Size([1, 1, 1, 16])
  ablation_vector shape: torch.Size([16])
  component shape: torch.Size([1, 1, 1, 16])
  Mean |component| being removed: 14.669633
  Mean |x_t| before ablation: 442.547028
  Mean |x_t| after ablation: 442.303802
USING PRECUED ITEMS - SHOULD NEVER BE DONE IN TRAINING
[denoise_one_step] t_idx=1
  x_t shape: torch.Size([1, 1, 1, 16])
  ablation_vector shape: torch.Size([16])
  component shape: torch.Size([1, 1, 1, 16])
  Mean |component| being removed: 10.187679
  Mean |x_t| before ablation: 503.680176
  Mean |x_t| after ablation: 503.577118
USING PRECUED ITEMS - SHOULD NEVER BE DONE IN TRAINING
[denoise_one_step] t_idx=1
  x_t shape: torch.Size([1, 1, 1, 16])
  ablation_vector shape: torch.Size([16])
  component shape: torch.Size([1, 1, 1, 16])
  Mean |component| being removed: 9.688645
  Mean |x_t| before ablation: 598.849182
  Mean |x_t| after ablation: 598.770813
USING PRECUED ITEMS - SHOULD NEVER BE DONE IN TRAINING
[denoise_one_step] t_idx=1
  x_t shape: torch.Size([1, 1, 1, 16])
  ablation_vector shape: torch.Size([16])
  component shape: torch.Size([1, 1, 1, 16])
  Mean |component| being removed: 7.944855
  Mean |x_t| before ablation: 641.194214
  Mean |x_t| after ablation: 641.145020
USING PRECUED ITEMS - SHOULD NEVER BE DONE IN TRAINING
[denoise_one_step] t_idx=1
  x_t shape: torch.Size([1, 1, 1, 16])
  ablation_vector shape: torch.Size([16])
  component shape: torch.Size([1, 1, 1, 16])
  Mean |component| being removed: 13.379619
  Mean |x_t| before ablation: 658.295837
  Mean |x_t| after ablation: 658.159912
USING PRECUED ITEMS - SHOULD NEVER BE DONE IN TRAINING
[denoise_one_step] t_idx=1
  x_t shape: torch.Size([1, 1, 1, 16])
  ablation_vector shape: torch.Size([16])
  component shape: torch.Size([1, 1, 1, 16])
  Mean |component| being removed: 13.901452
  Mean |x_t| before ablation: 826.111145
  Mean |x_t| after ablation: 825.994141
USING PRECUED ITEMS - SHOULD NEVER BE DONE IN TRAINING
[denoise_one_step] t_idx=1
  x_t shape: torch.Size([1, 1, 1, 16])
  ablation_vector shape: torch.Size([16])
  component shape: torch.Size([1, 1, 1, 16])
  Mean |component| being removed: 14.267903
  Mean |x_t| before ablation: 932.485596
  Mean |x_t| after ablation: 932.376404
USING PRECUED ITEMS - SHOULD NEVER BE DONE IN TRAINING
[denoise_one_step] t_idx=1
  x_t shape: torch.Size([1, 1, 1, 16])
  ablation_vector shape: torch.Size([16])
  component shape: torch.Size([1, 1, 1, 16])
  Mean |component| being removed: 12.218358
  Mean |x_t| before ablation: 995.500671
  Mean |x_t| after ablation: 995.425720
USING PRECUED ITEMS - SHOULD NEVER BE DONE IN TRAINING
[denoise_one_step] t_idx=1
  x_t shape: torch.Size([1, 1, 1, 16])
  ablation_vector shape: torch.Size([16])
  component shape: torch.Size([1, 1, 1, 16])
  Mean |component| being removed: 20.680864
  Mean |x_t| before ablation: 946.977356
  Mean |x_t| after ablation: 946.751465
USING PRECUED ITEMS - SHOULD NEVER BE DONE IN TRAINING
[denoise_one_step] t_idx=1
  x_t shape: torch.Size([1, 1, 1, 16])
  ablation_vector shape: torch.Size([16])
  component shape: torch.Size([1, 1, 1, 16])
  Mean |component| being removed: 20.940914
  Mean |x_t| before ablation: 766.021362
  Mean |x_t| after ablation: 765.735046
USING PRECUED ITEMS - SHOULD NEVER BE DONE IN TRAINING
[denoise_one_step] t_idx=1
  x_t shape: torch.Size([1, 1, 1, 16])
  ablation_vector shape: torch.Size([16])
  component shape: torch.Size([1, 1, 1, 16])
  Mean |component| being removed: 19.740286
  Mean |x_t| before ablation: 620.976440
  Mean |x_t| after ablation: 620.662598
USING PRECUED ITEMS - SHOULD NEVER BE DONE IN TRAINING
[denoise_one_step] t_idx=1
  x_t shape: torch.Size([1, 1, 1, 16])
  ablation_vector shape: torch.Size([16])
  component shape: torch.Size([1, 1, 1, 16])
  Mean |component| being removed: 18.750135
  Mean |x_t| before ablation: 484.392456
  Mean |x_t| after ablation: 484.029449
USING PRECUED ITEMS - SHOULD NEVER BE DONE IN TRAINING
[denoise_one_step] t_idx=1
  x_t shape: torch.Size([1, 1, 1, 16])
  ablation_vector shape: torch.Size([16])
  component shape: torch.Size([1, 1, 1, 16])
  Mean |component| being removed: 17.103117
  Mean |x_t| before ablation: 444.304871
  Mean |x_t| after ablation: 443.975555
USING PRECUED ITEMS - SHOULD NEVER BE DONE IN TRAINING
[denoise_one_step] t_idx=1
  x_t shape: torch.Size([1, 1, 1, 16])
  ablation_vector shape: torch.Size([16])
  component shape: torch.Size([1, 1, 1, 16])
  Mean |component| being removed: 18.323929
  Mean |x_t| before ablation: 549.427185
  Mean |x_t| after ablation: 549.121582
USING PRECUED ITEMS - SHOULD NEVER BE DONE IN TRAINING
[denoise_one_step] t_idx=1
  x_t shape: torch.Size([1, 1, 1, 16])
  ablation_vector shape: torch.Size([16])
  component shape: torch.Size([1, 1, 1, 16])
  Mean |component| being removed: 14.703256
  Mean |x_t| before ablation: 581.262878
  Mean |x_t| after ablation: 581.076904
USING PRECUED ITEMS - SHOULD NEVER BE DONE IN TRAINING
[denoise_one_step] t_idx=1
  x_t shape: torch.Size([1, 1, 1, 16])
  ablation_vector shape: torch.Size([16])
  component shape: torch.Size([1, 1, 1, 16])
  Mean |component| being removed: 14.067594
  Mean |x_t| before ablation: 606.179565
  Mean |x_t| after ablation: 606.016296
USING PRECUED ITEMS - SHOULD NEVER BE DONE IN TRAINING
[denoise_one_step] t_idx=1
  x_t shape: torch.Size([1, 1, 1, 16])
  ablation_vector shape: torch.Size([16])
  component shape: torch.Size([1, 1, 1, 16])
  Mean |component| being removed: 16.368193
  Mean |x_t| before ablation: 670.554871
  Mean |x_t| after ablation: 670.355103
USING PRECUED ITEMS - SHOULD NEVER BE DONE IN TRAINING
[denoise_one_step] t_idx=1
  x_t shape: torch.Size([1, 1, 1, 16])
  ablation_vector shape: torch.Size([16])
  component shape: torch.Size([1, 1, 1, 16])
  Mean |component| being removed: 9.871518
  Mean |x_t| before ablation: 822.244873
  Mean |x_t| after ablation: 822.185608
USING PRECUED ITEMS - SHOULD NEVER BE DONE IN TRAINING
[denoise_one_step] t_idx=1
  x_t shape: torch.Size([1, 1, 1, 16])
  ablation_vector shape: torch.Size([16])
  component shape: torch.Size([1, 1, 1, 16])
  Mean |component| being removed: 9.376100
  Mean |x_t| before ablation: 965.635010
  Mean |x_t| after ablation: 965.589539
USING PRECUED ITEMS - SHOULD NEVER BE DONE IN TRAINING
[denoise_one_step] t_idx=1
  x_t shape: torch.Size([1, 1, 1, 16])
  ablation_vector shape: torch.Size([16])
  component shape: torch.Size([1, 1, 1, 16])
  Mean |component| being removed: 15.150449
  Mean |x_t| before ablation: 950.522034
  Mean |x_t| after ablation: 950.401306
USING PRECUED ITEMS - SHOULD NEVER BE DONE IN TRAINING
[denoise_one_step] t_idx=1
  x_t shape: torch.Size([1, 1, 1, 16])
  ablation_vector shape: torch.Size([16])
  component shape: torch.Size([1, 1, 1, 16])
  Mean |component| being removed: 23.959486
  Mean |x_t| before ablation: 954.425903
  Mean |x_t| after ablation: 954.125122
USING PRECUED ITEMS - SHOULD NEVER BE DONE IN TRAINING
[denoise_one_step] t_idx=1
  x_t shape: torch.Size([1, 1, 1, 16])
  ablation_vector shape: torch.Size([16])
  component shape: torch.Size([1, 1, 1, 16])
  Mean |component| being removed: 23.558531
  Mean |x_t| before ablation: 826.620667
  Mean |x_t| after ablation: 826.284912
USING PRECUED ITEMS - SHOULD NEVER BE DONE IN TRAINING
[denoise_one_step] t_idx=1
  x_t shape: torch.Size([1, 1, 1, 16])
  ablation_vector shape: torch.Size([16])
  component shape: torch.Size([1, 1, 1, 16])
  Mean |component| being removed: 23.610853
  Mean |x_t| before ablation: 681.316650
  Mean |x_t| after ablation: 680.907471
USING PRECUED ITEMS - SHOULD NEVER BE DONE IN TRAINING
[denoise_one_step] t_idx=1
  x_t shape: torch.Size([1, 1, 1, 16])
  ablation_vector shape: torch.Size([16])
  component shape: torch.Size([1, 1, 1, 16])
  Mean |component| being removed: 23.597227
  Mean |x_t| before ablation: 568.190125
  Mean |x_t| after ablation: 567.699829
USING PRECUED ITEMS - SHOULD NEVER BE DONE IN TRAINING
[denoise_one_step] t_idx=1
  x_t shape: torch.Size([1, 1, 1, 16])
  ablation_vector shape: torch.Size([16])
  component shape: torch.Size([1, 1, 1, 16])
  Mean |component| being removed: 22.764666
  Mean |x_t| before ablation: 570.333313
  Mean |x_t| after ablation: 569.878784
USING PRECUED ITEMS - SHOULD NEVER BE DONE IN TRAINING
[denoise_one_step] t_idx=1
  x_t shape: torch.Size([1, 1, 1, 16])
  ablation_vector shape: torch.Size([16])
  component shape: torch.Size([1, 1, 1, 16])
  Mean |component| being removed: 20.828119
  Mean |x_t| before ablation: 604.320618
  Mean |x_t| after ablation: 603.961548
USING PRECUED ITEMS - SHOULD NEVER BE DONE IN TRAINING
[denoise_one_step] t_idx=1
  x_t shape: torch.Size([1, 1, 1, 16])
  ablation_vector shape: torch.Size([16])
  component shape: torch.Size([1, 1, 1, 16])
  Mean |component| being removed: 18.635012
  Mean |x_t| before ablation: 608.676880
  Mean |x_t| after ablation: 608.391541
USING PRECUED ITEMS - SHOULD NEVER BE DONE IN TRAINING
[denoise_one_step] t_idx=1
  x_t shape: torch.Size([1, 1, 1, 16])
  ablation_vector shape: torch.Size([16])
  component shape: torch.Size([1, 1, 1, 16])
  Mean |component| being removed: 18.859636
  Mean |x_t| before ablation: 620.507080
  Mean |x_t| after ablation: 620.220459
USING PRECUED ITEMS - SHOULD NEVER BE DONE IN TRAINING
[denoise_one_step] t_idx=1
  x_t shape: torch.Size([1, 1, 1, 16])
  ablation_vector shape: torch.Size([16])
  component shape: torch.Size([1, 1, 1, 16])
  Mean |component| being removed: 18.327515
  Mean |x_t| before ablation: 686.368408
  Mean |x_t| after ablation: 686.123596
USING PRECUED ITEMS - SHOULD NEVER BE DONE IN TRAINING
[denoise_one_step] t_idx=1
  x_t shape: torch.Size([1, 1, 1, 16])
  ablation_vector shape: torch.Size([16])
  component shape: torch.Size([1, 1, 1, 16])
  Mean |component| being removed: 17.597635
  Mean |x_t| before ablation: 708.591919
  Mean |x_t| after ablation: 708.373352
USING PRECUED ITEMS - SHOULD NEVER BE DONE IN TRAINING
[denoise_one_step] t_idx=1
  x_t shape: torch.Size([1, 1, 1, 16])
  ablation_vector shape: torch.Size([16])
  component shape: torch.Size([1, 1, 1, 16])
  Mean |component| being removed: 18.514341
  Mean |x_t| before ablation: 753.239807
  Mean |x_t| after ablation: 753.012207
USING PRECUED ITEMS - SHOULD NEVER BE DONE IN TRAINING
[denoise_one_step] t_idx=1
  x_t shape: torch.Size([1, 1, 1, 16])
  ablation_vector shape: torch.Size([16])
  component shape: torch.Size([1, 1, 1, 16])
  Mean |component| being removed: 19.418657
  Mean |x_t| before ablation: 795.995667
  Mean |x_t| after ablation: 795.758728
USING PRECUED ITEMS - SHOULD NEVER BE DONE IN TRAINING
[denoise_one_step] t_idx=1
  x_t shape: torch.Size([1, 1, 1, 16])
  ablation_vector shape: torch.Size([16])
  component shape: torch.Size([1, 1, 1, 16])
  Mean |component| being removed: 22.698145
  Mean |x_t| before ablation: 857.135010
  Mean |x_t| after ablation: 856.834351
USING PRECUED ITEMS - SHOULD NEVER BE DONE IN TRAINING
[denoise_one_step] t_idx=1
  x_t shape: torch.Size([1, 1, 1, 16])
  ablation_vector shape: torch.Size([16])
  component shape: torch.Size([1, 1, 1, 16])
  Mean |component| being removed: 28.208353
  Mean |x_t| before ablation: 873.961121
  Mean |x_t| after ablation: 873.505798
USING PRECUED ITEMS - SHOULD NEVER BE DONE IN TRAINING
[denoise_one_step] t_idx=1
  x_t shape: torch.Size([1, 1, 1, 16])
  ablation_vector shape: torch.Size([16])
  component shape: torch.Size([1, 1, 1, 16])
  Mean |component| being removed: 28.285784
  Mean |x_t| before ablation: 748.595703
  Mean |x_t| after ablation: 748.061157
USING PRECUED ITEMS - SHOULD NEVER BE DONE IN TRAINING
[denoise_one_step] t_idx=1
  x_t shape: torch.Size([1, 1, 1, 16])
  ablation_vector shape: torch.Size([16])
  component shape: torch.Size([1, 1, 1, 16])
  Mean |component| being removed: 28.564653
  Mean |x_t| before ablation: 719.652161
  Mean |x_t| after ablation: 719.085083
USING PRECUED ITEMS - SHOULD NEVER BE DONE IN TRAINING
[denoise_one_step] t_idx=1
  x_t shape: torch.Size([1, 1, 1, 16])
  ablation_vector shape: torch.Size([16])
  component shape: torch.Size([1, 1, 1, 16])
  Mean |component| being removed: 26.408983
  Mean |x_t| before ablation: 737.817200
  Mean |x_t| after ablation: 737.344482
  trial progress: 200/288
USING PRECUED ITEMS - SHOULD NEVER BE DONE IN TRAINING
[denoise_one_step] t_idx=1
  x_t shape: torch.Size([1, 1, 1, 16])
  ablation_vector shape: torch.Size([16])
  component shape: torch.Size([1, 1, 1, 16])
  Mean |component| being removed: 22.890909
  Mean |x_t| before ablation: 698.557068
  Mean |x_t| after ablation: 698.181946
USING PRECUED ITEMS - SHOULD NEVER BE DONE IN TRAINING
[denoise_one_step] t_idx=1
  x_t shape: torch.Size([1, 1, 1, 16])
  ablation_vector shape: torch.Size([16])
  component shape: torch.Size([1, 1, 1, 16])
  Mean |component| being removed: 20.582003
  Mean |x_t| before ablation: 685.174500
  Mean |x_t| after ablation: 684.865295
USING PRECUED ITEMS - SHOULD NEVER BE DONE IN TRAINING
[denoise_one_step] t_idx=1
  x_t shape: torch.Size([1, 1, 1, 16])
  ablation_vector shape: torch.Size([16])
  component shape: torch.Size([1, 1, 1, 16])
  Mean |component| being removed: 18.895353
  Mean |x_t| before ablation: 598.857971
  Mean |x_t| after ablation: 598.559753
USING PRECUED ITEMS - SHOULD NEVER BE DONE IN TRAINING
[denoise_one_step] t_idx=1
  x_t shape: torch.Size([1, 1, 1, 16])
  ablation_vector shape: torch.Size([16])
  component shape: torch.Size([1, 1, 1, 16])
  Mean |component| being removed: 17.158228
  Mean |x_t| before ablation: 613.797363
  Mean |x_t| after ablation: 613.557495
USING PRECUED ITEMS - SHOULD NEVER BE DONE IN TRAINING
[denoise_one_step] t_idx=1
  x_t shape: torch.Size([1, 1, 1, 16])
  ablation_vector shape: torch.Size([16])
  component shape: torch.Size([1, 1, 1, 16])
  Mean |component| being removed: 16.415268
  Mean |x_t| before ablation: 579.967712
  Mean |x_t| after ablation: 579.735352
USING PRECUED ITEMS - SHOULD NEVER BE DONE IN TRAINING
[denoise_one_step] t_idx=1
  x_t shape: torch.Size([1, 1, 1, 16])
  ablation_vector shape: torch.Size([16])
  component shape: torch.Size([1, 1, 1, 16])
  Mean |component| being removed: 16.986717
  Mean |x_t| before ablation: 571.475281
  Mean |x_t| after ablation: 571.222778
USING PRECUED ITEMS - SHOULD NEVER BE DONE IN TRAINING
[denoise_one_step] t_idx=1
  x_t shape: torch.Size([1, 1, 1, 16])
  ablation_vector shape: torch.Size([16])
  component shape: torch.Size([1, 1, 1, 16])
  Mean |component| being removed: 17.270170
  Mean |x_t| before ablation: 626.785706
  Mean |x_t| after ablation: 626.547729
USING PRECUED ITEMS - SHOULD NEVER BE DONE IN TRAINING
[denoise_one_step] t_idx=1
  x_t shape: torch.Size([1, 1, 1, 16])
  ablation_vector shape: torch.Size([16])
  component shape: torch.Size([1, 1, 1, 16])
  Mean |component| being removed: 22.561676
  Mean |x_t| before ablation: 700.698364
  Mean |x_t| after ablation: 700.335083
USING PRECUED ITEMS - SHOULD NEVER BE DONE IN TRAINING
[denoise_one_step] t_idx=1
  x_t shape: torch.Size([1, 1, 1, 16])
  ablation_vector shape: torch.Size([16])
  component shape: torch.Size([1, 1, 1, 16])
  Mean |component| being removed: 30.304926
  Mean |x_t| before ablation: 788.691162
  Mean |x_t| after ablation: 788.108704
USING PRECUED ITEMS - SHOULD NEVER BE DONE IN TRAINING
[denoise_one_step] t_idx=1
  x_t shape: torch.Size([1, 1, 1, 16])
  ablation_vector shape: torch.Size([16])
  component shape: torch.Size([1, 1, 1, 16])
  Mean |component| being removed: 31.665707
  Mean |x_t| before ablation: 779.150940
  Mean |x_t| after ablation: 778.507202
USING PRECUED ITEMS - SHOULD NEVER BE DONE IN TRAINING
[denoise_one_step] t_idx=1
  x_t shape: torch.Size([1, 1, 1, 16])
  ablation_vector shape: torch.Size([16])
  component shape: torch.Size([1, 1, 1, 16])
  Mean |component| being removed: 33.035828
  Mean |x_t| before ablation: 842.111267
  Mean |x_t| after ablation: 841.463013
USING PRECUED ITEMS - SHOULD NEVER BE DONE IN TRAINING
[denoise_one_step] t_idx=1
  x_t shape: torch.Size([1, 1, 1, 16])
  ablation_vector shape: torch.Size([16])
  component shape: torch.Size([1, 1, 1, 16])
  Mean |component| being removed: 28.012697
  Mean |x_t| before ablation: 828.584473
  Mean |x_t| after ablation: 828.110779
USING PRECUED ITEMS - SHOULD NEVER BE DONE IN TRAINING
[denoise_one_step] t_idx=1
  x_t shape: torch.Size([1, 1, 1, 16])
  ablation_vector shape: torch.Size([16])
  component shape: torch.Size([1, 1, 1, 16])
  Mean |component| being removed: 24.929522
  Mean |x_t| before ablation: 754.719055
  Mean |x_t| after ablation: 754.307190
USING PRECUED ITEMS - SHOULD NEVER BE DONE IN TRAINING
[denoise_one_step] t_idx=1
  x_t shape: torch.Size([1, 1, 1, 16])
  ablation_vector shape: torch.Size([16])
  component shape: torch.Size([1, 1, 1, 16])
  Mean |component| being removed: 19.422562
  Mean |x_t| before ablation: 663.602356
  Mean |x_t| after ablation: 663.318115
USING PRECUED ITEMS - SHOULD NEVER BE DONE IN TRAINING
[denoise_one_step] t_idx=1
  x_t shape: torch.Size([1, 1, 1, 16])
  ablation_vector shape: torch.Size([16])
  component shape: torch.Size([1, 1, 1, 16])
  Mean |component| being removed: 17.544348
  Mean |x_t| before ablation: 550.808289
  Mean |x_t| after ablation: 550.528809
USING PRECUED ITEMS - SHOULD NEVER BE DONE IN TRAINING
[denoise_one_step] t_idx=1
  x_t shape: torch.Size([1, 1, 1, 16])
  ablation_vector shape: torch.Size([16])
  component shape: torch.Size([1, 1, 1, 16])
  Mean |component| being removed: 16.323942
  Mean |x_t| before ablation: 520.795898
  Mean |x_t| after ablation: 520.540039
USING PRECUED ITEMS - SHOULD NEVER BE DONE IN TRAINING
[denoise_one_step] t_idx=1
  x_t shape: torch.Size([1, 1, 1, 16])
  ablation_vector shape: torch.Size([16])
  component shape: torch.Size([1, 1, 1, 16])
  Mean |component| being removed: 13.915312
  Mean |x_t| before ablation: 466.985138
  Mean |x_t| after ablation: 466.777771
USING PRECUED ITEMS - SHOULD NEVER BE DONE IN TRAINING
[denoise_one_step] t_idx=1
  x_t shape: torch.Size([1, 1, 1, 16])
  ablation_vector shape: torch.Size([16])
  component shape: torch.Size([1, 1, 1, 16])
  Mean |component| being removed: 14.516896
  Mean |x_t| before ablation: 495.876007
  Mean |x_t| after ablation: 495.663452
USING PRECUED ITEMS - SHOULD NEVER BE DONE IN TRAINING
[denoise_one_step] t_idx=1
  x_t shape: torch.Size([1, 1, 1, 16])
  ablation_vector shape: torch.Size([16])
  component shape: torch.Size([1, 1, 1, 16])
  Mean |component| being removed: 17.190830
  Mean |x_t| before ablation: 523.622131
  Mean |x_t| after ablation: 523.339844
USING PRECUED ITEMS - SHOULD NEVER BE DONE IN TRAINING
[denoise_one_step] t_idx=1
  x_t shape: torch.Size([1, 1, 1, 16])
  ablation_vector shape: torch.Size([16])
  component shape: torch.Size([1, 1, 1, 16])
  Mean |component| being removed: 22.760258
  Mean |x_t| before ablation: 595.239685
  Mean |x_t| after ablation: 594.804443
USING PRECUED ITEMS - SHOULD NEVER BE DONE IN TRAINING
[denoise_one_step] t_idx=1
  x_t shape: torch.Size([1, 1, 1, 16])
  ablation_vector shape: torch.Size([16])
  component shape: torch.Size([1, 1, 1, 16])
  Mean |component| being removed: 30.650515
  Mean |x_t| before ablation: 747.367676
  Mean |x_t| after ablation: 746.738892
USING PRECUED ITEMS - SHOULD NEVER BE DONE IN TRAINING
[denoise_one_step] t_idx=1
  x_t shape: torch.Size([1, 1, 1, 16])
  ablation_vector shape: torch.Size([16])
  component shape: torch.Size([1, 1, 1, 16])
  Mean |component| being removed: 32.700989
  Mean |x_t| before ablation: 852.112061
  Mean |x_t| after ablation: 851.484314
USING PRECUED ITEMS - SHOULD NEVER BE DONE IN TRAINING
[denoise_one_step] t_idx=1
  x_t shape: torch.Size([1, 1, 1, 16])
  ablation_vector shape: torch.Size([16])
  component shape: torch.Size([1, 1, 1, 16])
  Mean |component| being removed: 30.018297
  Mean |x_t| before ablation: 823.397827
  Mean |x_t| after ablation: 822.850464
USING PRECUED ITEMS - SHOULD NEVER BE DONE IN TRAINING
[denoise_one_step] t_idx=1
  x_t shape: torch.Size([1, 1, 1, 16])
  ablation_vector shape: torch.Size([16])
  component shape: torch.Size([1, 1, 1, 16])
  Mean |component| being removed: 26.286730
  Mean |x_t| before ablation: 783.146851
  Mean |x_t| after ablation: 782.705566
USING PRECUED ITEMS - SHOULD NEVER BE DONE IN TRAINING
[denoise_one_step] t_idx=1
  x_t shape: torch.Size([1, 1, 1, 16])
  ablation_vector shape: torch.Size([16])
  component shape: torch.Size([1, 1, 1, 16])
  Mean |component| being removed: 21.608950
  Mean |x_t| before ablation: 671.239441
  Mean |x_t| after ablation: 670.891541
USING PRECUED ITEMS - SHOULD NEVER BE DONE IN TRAINING
[denoise_one_step] t_idx=1
  x_t shape: torch.Size([1, 1, 1, 16])
  ablation_vector shape: torch.Size([16])
  component shape: torch.Size([1, 1, 1, 16])
  Mean |component| being removed: 19.280481
  Mean |x_t| before ablation: 584.874451
  Mean |x_t| after ablation: 584.556580
USING PRECUED ITEMS - SHOULD NEVER BE DONE IN TRAINING
[denoise_one_step] t_idx=1
  x_t shape: torch.Size([1, 1, 1, 16])
  ablation_vector shape: torch.Size([16])
  component shape: torch.Size([1, 1, 1, 16])
  Mean |component| being removed: 16.128536
  Mean |x_t| before ablation: 463.438690
  Mean |x_t| after ablation: 463.157959
USING PRECUED ITEMS - SHOULD NEVER BE DONE IN TRAINING
[denoise_one_step] t_idx=1
  x_t shape: torch.Size([1, 1, 1, 16])
  ablation_vector shape: torch.Size([16])
  component shape: torch.Size([1, 1, 1, 16])
  Mean |component| being removed: 17.538776
  Mean |x_t| before ablation: 470.358643
  Mean |x_t| after ablation: 470.031525
USING PRECUED ITEMS - SHOULD NEVER BE DONE IN TRAINING
[denoise_one_step] t_idx=1
  x_t shape: torch.Size([1, 1, 1, 16])
  ablation_vector shape: torch.Size([16])
  component shape: torch.Size([1, 1, 1, 16])
  Mean |component| being removed: 12.918900
  Mean |x_t| before ablation: 481.905060
  Mean |x_t| after ablation: 481.731842
USING PRECUED ITEMS - SHOULD NEVER BE DONE IN TRAINING
[denoise_one_step] t_idx=1
  x_t shape: torch.Size([1, 1, 1, 16])
  ablation_vector shape: torch.Size([16])
  component shape: torch.Size([1, 1, 1, 16])
  Mean |component| being removed: 12.618241
  Mean |x_t| before ablation: 469.788635
  Mean |x_t| after ablation: 469.619171
USING PRECUED ITEMS - SHOULD NEVER BE DONE IN TRAINING
[denoise_one_step] t_idx=1
  x_t shape: torch.Size([1, 1, 1, 16])
  ablation_vector shape: torch.Size([16])
  component shape: torch.Size([1, 1, 1, 16])
  Mean |component| being removed: 18.258204
  Mean |x_t| before ablation: 503.983765
  Mean |x_t| after ablation: 503.652893
USING PRECUED ITEMS - SHOULD NEVER BE DONE IN TRAINING
[denoise_one_step] t_idx=1
  x_t shape: torch.Size([1, 1, 1, 16])
  ablation_vector shape: torch.Size([16])
  component shape: torch.Size([1, 1, 1, 16])
  Mean |component| being removed: 23.635439
  Mean |x_t| before ablation: 590.556091
  Mean |x_t| after ablation: 590.082947
USING PRECUED ITEMS - SHOULD NEVER BE DONE IN TRAINING
[denoise_one_step] t_idx=1
  x_t shape: torch.Size([1, 1, 1, 16])
  ablation_vector shape: torch.Size([16])
  component shape: torch.Size([1, 1, 1, 16])
  Mean |component| being removed: 27.126459
  Mean |x_t| before ablation: 737.961487
  Mean |x_t| after ablation: 737.462708
USING PRECUED ITEMS - SHOULD NEVER BE DONE IN TRAINING
[denoise_one_step] t_idx=1
  x_t shape: torch.Size([1, 1, 1, 16])
  ablation_vector shape: torch.Size([16])
  component shape: torch.Size([1, 1, 1, 16])
  Mean |component| being removed: 28.749689
  Mean |x_t| before ablation: 844.605652
  Mean |x_t| after ablation: 844.116150
USING PRECUED ITEMS - SHOULD NEVER BE DONE IN TRAINING
[denoise_one_step] t_idx=1
  x_t shape: torch.Size([1, 1, 1, 16])
  ablation_vector shape: torch.Size([16])
  component shape: torch.Size([1, 1, 1, 16])
  Mean |component| being removed: 28.261316
  Mean |x_t| before ablation: 774.786804
  Mean |x_t| after ablation: 774.271240
USING PRECUED ITEMS - SHOULD NEVER BE DONE IN TRAINING
[denoise_one_step] t_idx=1
  x_t shape: torch.Size([1, 1, 1, 16])
  ablation_vector shape: torch.Size([16])
  component shape: torch.Size([1, 1, 1, 16])
  Mean |component| being removed: 24.367403
  Mean |x_t| before ablation: 648.586853
  Mean |x_t| after ablation: 648.128967
USING PRECUED ITEMS - SHOULD NEVER BE DONE IN TRAINING
[denoise_one_step] t_idx=1
  x_t shape: torch.Size([1, 1, 1, 16])
  ablation_vector shape: torch.Size([16])
  component shape: torch.Size([1, 1, 1, 16])
  Mean |component| being removed: 20.092791
  Mean |x_t| before ablation: 562.621521
  Mean |x_t| after ablation: 562.262634
USING PRECUED ITEMS - SHOULD NEVER BE DONE IN TRAINING
[denoise_one_step] t_idx=1
  x_t shape: torch.Size([1, 1, 1, 16])
  ablation_vector shape: torch.Size([16])
  component shape: torch.Size([1, 1, 1, 16])
  Mean |component| being removed: 15.666665
  Mean |x_t| before ablation: 461.870209
  Mean |x_t| after ablation: 461.604431
USING PRECUED ITEMS - SHOULD NEVER BE DONE IN TRAINING
[denoise_one_step] t_idx=1
  x_t shape: torch.Size([1, 1, 1, 16])
  ablation_vector shape: torch.Size([16])
  component shape: torch.Size([1, 1, 1, 16])
  Mean |component| being removed: 15.153710
  Mean |x_t| before ablation: 397.914795
  Mean |x_t| after ablation: 397.626160
USING PRECUED ITEMS - SHOULD NEVER BE DONE IN TRAINING
[denoise_one_step] t_idx=1
  x_t shape: torch.Size([1, 1, 1, 16])
  ablation_vector shape: torch.Size([16])
  component shape: torch.Size([1, 1, 1, 16])
  Mean |component| being removed: 15.135376
  Mean |x_t| before ablation: 464.315063
  Mean |x_t| after ablation: 464.068298
USING PRECUED ITEMS - SHOULD NEVER BE DONE IN TRAINING
[denoise_one_step] t_idx=1
  x_t shape: torch.Size([1, 1, 1, 16])
  ablation_vector shape: torch.Size([16])
  component shape: torch.Size([1, 1, 1, 16])
  Mean |component| being removed: 6.860819
  Mean |x_t| before ablation: 467.872955
  Mean |x_t| after ablation: 467.822662
USING PRECUED ITEMS - SHOULD NEVER BE DONE IN TRAINING
[denoise_one_step] t_idx=1
  x_t shape: torch.Size([1, 1, 1, 16])
  ablation_vector shape: torch.Size([16])
  component shape: torch.Size([1, 1, 1, 16])
  Mean |component| being removed: 8.560014
  Mean |x_t| before ablation: 504.446716
  Mean |x_t| after ablation: 504.374115
USING PRECUED ITEMS - SHOULD NEVER BE DONE IN TRAINING
[denoise_one_step] t_idx=1
  x_t shape: torch.Size([1, 1, 1, 16])
  ablation_vector shape: torch.Size([16])
  component shape: torch.Size([1, 1, 1, 16])
  Mean |component| being removed: 17.700209
  Mean |x_t| before ablation: 543.814087
  Mean |x_t| after ablation: 543.526001
USING PRECUED ITEMS - SHOULD NEVER BE DONE IN TRAINING
[denoise_one_step] t_idx=1
  x_t shape: torch.Size([1, 1, 1, 16])
  ablation_vector shape: torch.Size([16])
  component shape: torch.Size([1, 1, 1, 16])
  Mean |component| being removed: 22.324541
  Mean |x_t| before ablation: 610.756653
  Mean |x_t| after ablation: 610.348511
USING PRECUED ITEMS - SHOULD NEVER BE DONE IN TRAINING
[denoise_one_step] t_idx=1
  x_t shape: torch.Size([1, 1, 1, 16])
  ablation_vector shape: torch.Size([16])
  component shape: torch.Size([1, 1, 1, 16])
  Mean |component| being removed: 24.274797
  Mean |x_t| before ablation: 694.529236
  Mean |x_t| after ablation: 694.104919
USING PRECUED ITEMS - SHOULD NEVER BE DONE IN TRAINING
[denoise_one_step] t_idx=1
  x_t shape: torch.Size([1, 1, 1, 16])
  ablation_vector shape: torch.Size([16])
  component shape: torch.Size([1, 1, 1, 16])
  Mean |component| being removed: 24.709818
  Mean |x_t| before ablation: 724.664734
  Mean |x_t| after ablation: 724.243286
USING PRECUED ITEMS - SHOULD NEVER BE DONE IN TRAINING
[denoise_one_step] t_idx=1
  x_t shape: torch.Size([1, 1, 1, 16])
  ablation_vector shape: torch.Size([16])
  component shape: torch.Size([1, 1, 1, 16])
  Mean |component| being removed: 23.216402
  Mean |x_t| before ablation: 690.565674
  Mean |x_t| after ablation: 690.175293
USING PRECUED ITEMS - SHOULD NEVER BE DONE IN TRAINING
[denoise_one_step] t_idx=1
  x_t shape: torch.Size([1, 1, 1, 16])
  ablation_vector shape: torch.Size([16])
  component shape: torch.Size([1, 1, 1, 16])
  Mean |component| being removed: 20.979280
  Mean |x_t| before ablation: 554.466370
  Mean |x_t| after ablation: 554.069275
USING PRECUED ITEMS - SHOULD NEVER BE DONE IN TRAINING
[denoise_one_step] t_idx=1
  x_t shape: torch.Size([1, 1, 1, 16])
  ablation_vector shape: torch.Size([16])
  component shape: torch.Size([1, 1, 1, 16])
  Mean |component| being removed: 18.185951
  Mean |x_t| before ablation: 487.137878
  Mean |x_t| after ablation: 486.798279
USING PRECUED ITEMS - SHOULD NEVER BE DONE IN TRAINING
[denoise_one_step] t_idx=1
  x_t shape: torch.Size([1, 1, 1, 16])
  ablation_vector shape: torch.Size([16])
  component shape: torch.Size([1, 1, 1, 16])
  Mean |component| being removed: 14.688241
  Mean |x_t| before ablation: 439.881958
  Mean |x_t| after ablation: 439.636658
USING PRECUED ITEMS - SHOULD NEVER BE DONE IN TRAINING
[denoise_one_step] t_idx=1
  x_t shape: torch.Size([1, 1, 1, 16])
  ablation_vector shape: torch.Size([16])
  component shape: torch.Size([1, 1, 1, 16])
  Mean |component| being removed: 11.933385
  Mean |x_t| before ablation: 451.943146
  Mean |x_t| after ablation: 451.785553
USING PRECUED ITEMS - SHOULD NEVER BE DONE IN TRAINING
[denoise_one_step] t_idx=1
  x_t shape: torch.Size([1, 1, 1, 16])
  ablation_vector shape: torch.Size([16])
  component shape: torch.Size([1, 1, 1, 16])
  Mean |component| being removed: 7.706341
  Mean |x_t| before ablation: 483.417694
  Mean |x_t| after ablation: 483.356262
USING PRECUED ITEMS - SHOULD NEVER BE DONE IN TRAINING
[denoise_one_step] t_idx=1
  x_t shape: torch.Size([1, 1, 1, 16])
  ablation_vector shape: torch.Size([16])
  component shape: torch.Size([1, 1, 1, 16])
  Mean |component| being removed: 7.183848
  Mean |x_t| before ablation: 523.904968
  Mean |x_t| after ablation: 523.855713
USING PRECUED ITEMS - SHOULD NEVER BE DONE IN TRAINING
[denoise_one_step] t_idx=1
  x_t shape: torch.Size([1, 1, 1, 16])
  ablation_vector shape: torch.Size([16])
  component shape: torch.Size([1, 1, 1, 16])
  Mean |component| being removed: 9.083444
  Mean |x_t| before ablation: 554.989014
  Mean |x_t| after ablation: 554.914673
USING PRECUED ITEMS - SHOULD NEVER BE DONE IN TRAINING
[denoise_one_step] t_idx=1
  x_t shape: torch.Size([1, 1, 1, 16])
  ablation_vector shape: torch.Size([16])
  component shape: torch.Size([1, 1, 1, 16])
  Mean |component| being removed: 17.363613
  Mean |x_t| before ablation: 597.552490
  Mean |x_t| after ablation: 597.300171
USING PRECUED ITEMS - SHOULD NEVER BE DONE IN TRAINING
[denoise_one_step] t_idx=1
  x_t shape: torch.Size([1, 1, 1, 16])
  ablation_vector shape: torch.Size([16])
  component shape: torch.Size([1, 1, 1, 16])
  Mean |component| being removed: 19.791433
  Mean |x_t| before ablation: 620.747864
  Mean |x_t| after ablation: 620.432190
USING PRECUED ITEMS - SHOULD NEVER BE DONE IN TRAINING
[denoise_one_step] t_idx=1
  x_t shape: torch.Size([1, 1, 1, 16])
  ablation_vector shape: torch.Size([16])
  component shape: torch.Size([1, 1, 1, 16])
  Mean |component| being removed: 20.936182
  Mean |x_t| before ablation: 633.488525
  Mean |x_t| after ablation: 633.142456
USING PRECUED ITEMS - SHOULD NEVER BE DONE IN TRAINING
[denoise_one_step] t_idx=1
  x_t shape: torch.Size([1, 1, 1, 16])
  ablation_vector shape: torch.Size([16])
  component shape: torch.Size([1, 1, 1, 16])
  Mean |component| being removed: 21.456697
  Mean |x_t| before ablation: 617.628601
  Mean |x_t| after ablation: 617.255798
USING PRECUED ITEMS - SHOULD NEVER BE DONE IN TRAINING
[denoise_one_step] t_idx=1
  x_t shape: torch.Size([1, 1, 1, 16])
  ablation_vector shape: torch.Size([16])
  component shape: torch.Size([1, 1, 1, 16])
  Mean |component| being removed: 19.798607
  Mean |x_t| before ablation: 550.348816
  Mean |x_t| after ablation: 549.992615
USING PRECUED ITEMS - SHOULD NEVER BE DONE IN TRAINING
[denoise_one_step] t_idx=1
  x_t shape: torch.Size([1, 1, 1, 16])
  ablation_vector shape: torch.Size([16])
  component shape: torch.Size([1, 1, 1, 16])
  Mean |component| being removed: 17.526003
  Mean |x_t| before ablation: 477.378601
  Mean |x_t| after ablation: 477.056763
USING PRECUED ITEMS - SHOULD NEVER BE DONE IN TRAINING
[denoise_one_step] t_idx=1
  x_t shape: torch.Size([1, 1, 1, 16])
  ablation_vector shape: torch.Size([16])
  component shape: torch.Size([1, 1, 1, 16])
  Mean |component| being removed: 14.032539
  Mean |x_t| before ablation: 461.891754
  Mean |x_t| after ablation: 461.678558
USING PRECUED ITEMS - SHOULD NEVER BE DONE IN TRAINING
[denoise_one_step] t_idx=1
  x_t shape: torch.Size([1, 1, 1, 16])
  ablation_vector shape: torch.Size([16])
  component shape: torch.Size([1, 1, 1, 16])
  Mean |component| being removed: 11.089425
  Mean |x_t| before ablation: 485.394409
  Mean |x_t| after ablation: 485.267700
USING PRECUED ITEMS - SHOULD NEVER BE DONE IN TRAINING
[denoise_one_step] t_idx=1
  x_t shape: torch.Size([1, 1, 1, 16])
  ablation_vector shape: torch.Size([16])
  component shape: torch.Size([1, 1, 1, 16])
  Mean |component| being removed: 6.111279
  Mean |x_t| before ablation: 520.685181
  Mean |x_t| after ablation: 520.649292
USING PRECUED ITEMS - SHOULD NEVER BE DONE IN TRAINING
[denoise_one_step] t_idx=1
  x_t shape: torch.Size([1, 1, 1, 16])
  ablation_vector shape: torch.Size([16])
  component shape: torch.Size([1, 1, 1, 16])
  Mean |component| being removed: 5.006604
  Mean |x_t| before ablation: 528.256836
  Mean |x_t| after ablation: 528.233154
USING PRECUED ITEMS - SHOULD NEVER BE DONE IN TRAINING
[denoise_one_step] t_idx=1
  x_t shape: torch.Size([1, 1, 1, 16])
  ablation_vector shape: torch.Size([16])
  component shape: torch.Size([1, 1, 1, 16])
  Mean |component| being removed: 4.975111
  Mean |x_t| before ablation: 558.288635
  Mean |x_t| after ablation: 558.266479
USING PRECUED ITEMS - SHOULD NEVER BE DONE IN TRAINING
[denoise_one_step] t_idx=1
  x_t shape: torch.Size([1, 1, 1, 16])
  ablation_vector shape: torch.Size([16])
  component shape: torch.Size([1, 1, 1, 16])
  Mean |component| being removed: 10.328908
  Mean |x_t| before ablation: 604.065247
  Mean |x_t| after ablation: 603.976929
USING PRECUED ITEMS - SHOULD NEVER BE DONE IN TRAINING
[denoise_one_step] t_idx=1
  x_t shape: torch.Size([1, 1, 1, 16])
  ablation_vector shape: torch.Size([16])
  component shape: torch.Size([1, 1, 1, 16])
  Mean |component| being removed: 16.089935
  Mean |x_t| before ablation: 579.912598
  Mean |x_t| after ablation: 579.689331
USING PRECUED ITEMS - SHOULD NEVER BE DONE IN TRAINING
[denoise_one_step] t_idx=1
  x_t shape: torch.Size([1, 1, 1, 16])
  ablation_vector shape: torch.Size([16])
  component shape: torch.Size([1, 1, 1, 16])
  Mean |component| being removed: 19.091684
  Mean |x_t| before ablation: 609.952515
  Mean |x_t| after ablation: 609.653625
USING PRECUED ITEMS - SHOULD NEVER BE DONE IN TRAINING
[denoise_one_step] t_idx=1
  x_t shape: torch.Size([1, 1, 1, 16])
  ablation_vector shape: torch.Size([16])
  component shape: torch.Size([1, 1, 1, 16])
  Mean |component| being removed: 17.637484
  Mean |x_t| before ablation: 565.350769
  Mean |x_t| after ablation: 565.075623
USING PRECUED ITEMS - SHOULD NEVER BE DONE IN TRAINING
[denoise_one_step] t_idx=1
  x_t shape: torch.Size([1, 1, 1, 16])
  ablation_vector shape: torch.Size([16])
  component shape: torch.Size([1, 1, 1, 16])
  Mean |component| being removed: 16.980211
  Mean |x_t| before ablation: 458.433472
  Mean |x_t| after ablation: 458.118866
USING PRECUED ITEMS - SHOULD NEVER BE DONE IN TRAINING
[denoise_one_step] t_idx=1
  x_t shape: torch.Size([1, 1, 1, 16])
  ablation_vector shape: torch.Size([16])
  component shape: torch.Size([1, 1, 1, 16])
  Mean |component| being removed: 16.148560
  Mean |x_t| before ablation: 421.123749
  Mean |x_t| after ablation: 420.814026
USING PRECUED ITEMS - SHOULD NEVER BE DONE IN TRAINING
[denoise_one_step] t_idx=1
  x_t shape: torch.Size([1, 1, 1, 16])
  ablation_vector shape: torch.Size([16])
  component shape: torch.Size([1, 1, 1, 16])
  Mean |component| being removed: 17.941816
  Mean |x_t| before ablation: 456.075073
  Mean |x_t| after ablation: 455.722015
USING PRECUED ITEMS - SHOULD NEVER BE DONE IN TRAINING
[denoise_one_step] t_idx=1
  x_t shape: torch.Size([1, 1, 1, 16])
  ablation_vector shape: torch.Size([16])
  component shape: torch.Size([1, 1, 1, 16])
  Mean |component| being removed: 9.271966
  Mean |x_t| before ablation: 505.025757
  Mean |x_t| after ablation: 504.940613
USING PRECUED ITEMS - SHOULD NEVER BE DONE IN TRAINING
[denoise_one_step] t_idx=1
  x_t shape: torch.Size([1, 1, 1, 16])
  ablation_vector shape: torch.Size([16])
  component shape: torch.Size([1, 1, 1, 16])
  Mean |component| being removed: 4.098122
  Mean |x_t| before ablation: 579.334900
  Mean |x_t| after ablation: 579.320374
USING PRECUED ITEMS - SHOULD NEVER BE DONE IN TRAINING
[denoise_one_step] t_idx=1
  x_t shape: torch.Size([1, 1, 1, 16])
  ablation_vector shape: torch.Size([16])
  component shape: torch.Size([1, 1, 1, 16])
  Mean |component| being removed: 3.237808
  Mean |x_t| before ablation: 566.273621
  Mean |x_t| after ablation: 566.264343
USING PRECUED ITEMS - SHOULD NEVER BE DONE IN TRAINING
[denoise_one_step] t_idx=1
  x_t shape: torch.Size([1, 1, 1, 16])
  ablation_vector shape: torch.Size([16])
  component shape: torch.Size([1, 1, 1, 16])
  Mean |component| being removed: 1.292854
  Mean |x_t| before ablation: 588.668579
  Mean |x_t| after ablation: 588.667175
USING PRECUED ITEMS - SHOULD NEVER BE DONE IN TRAINING
[denoise_one_step] t_idx=1
  x_t shape: torch.Size([1, 1, 1, 16])
  ablation_vector shape: torch.Size([16])
  component shape: torch.Size([1, 1, 1, 16])
  Mean |component| being removed: 6.311410
  Mean |x_t| before ablation: 613.198486
  Mean |x_t| after ablation: 613.166016
USING PRECUED ITEMS - SHOULD NEVER BE DONE IN TRAINING
[denoise_one_step] t_idx=1
  x_t shape: torch.Size([1, 1, 1, 16])
  ablation_vector shape: torch.Size([16])
  component shape: torch.Size([1, 1, 1, 16])
  Mean |component| being removed: 13.204477
  Mean |x_t| before ablation: 645.209900
  Mean |x_t| after ablation: 645.074829
USING PRECUED ITEMS - SHOULD NEVER BE DONE IN TRAINING
[denoise_one_step] t_idx=1
  x_t shape: torch.Size([1, 1, 1, 16])
  ablation_vector shape: torch.Size([16])
  component shape: torch.Size([1, 1, 1, 16])
  Mean |component| being removed: 15.309820
  Mean |x_t| before ablation: 662.114380
  Mean |x_t| after ablation: 661.937378
USING PRECUED ITEMS - SHOULD NEVER BE DONE IN TRAINING
[denoise_one_step] t_idx=1
  x_t shape: torch.Size([1, 1, 1, 16])
  ablation_vector shape: torch.Size([16])
  component shape: torch.Size([1, 1, 1, 16])
  Mean |component| being removed: 18.288870
  Mean |x_t| before ablation: 651.045959
  Mean |x_t| after ablation: 650.789062
USING PRECUED ITEMS - SHOULD NEVER BE DONE IN TRAINING
[denoise_one_step] t_idx=1
  x_t shape: torch.Size([1, 1, 1, 16])
  ablation_vector shape: torch.Size([16])
  component shape: torch.Size([1, 1, 1, 16])
  Mean |component| being removed: 17.754602
  Mean |x_t| before ablation: 559.069885
  Mean |x_t| after ablation: 558.787842
USING PRECUED ITEMS - SHOULD NEVER BE DONE IN TRAINING
[denoise_one_step] t_idx=1
  x_t shape: torch.Size([1, 1, 1, 16])
  ablation_vector shape: torch.Size([16])
  component shape: torch.Size([1, 1, 1, 16])
  Mean |component| being removed: 16.396093
  Mean |x_t| before ablation: 460.730530
  Mean |x_t| after ablation: 460.438690
USING PRECUED ITEMS - SHOULD NEVER BE DONE IN TRAINING
[denoise_one_step] t_idx=1
  x_t shape: torch.Size([1, 1, 1, 16])
  ablation_vector shape: torch.Size([16])
  component shape: torch.Size([1, 1, 1, 16])
  Mean |component| being removed: 16.691504
  Mean |x_t| before ablation: 438.035736
  Mean |x_t| after ablation: 437.717621
USING PRECUED ITEMS - SHOULD NEVER BE DONE IN TRAINING
[denoise_one_step] t_idx=1
  x_t shape: torch.Size([1, 1, 1, 16])
  ablation_vector shape: torch.Size([16])
  component shape: torch.Size([1, 1, 1, 16])
  Mean |component| being removed: 16.841381
  Mean |x_t| before ablation: 460.849731
  Mean |x_t| after ablation: 460.541931
USING PRECUED ITEMS - SHOULD NEVER BE DONE IN TRAINING
[denoise_one_step] t_idx=1
  x_t shape: torch.Size([1, 1, 1, 16])
  ablation_vector shape: torch.Size([16])
  component shape: torch.Size([1, 1, 1, 16])
  Mean |component| being removed: 8.190949
  Mean |x_t| before ablation: 511.792419
  Mean |x_t| after ablation: 511.726868
USING PRECUED ITEMS - SHOULD NEVER BE DONE IN TRAINING
[denoise_one_step] t_idx=1
  x_t shape: torch.Size([1, 1, 1, 16])
  ablation_vector shape: torch.Size([16])
  component shape: torch.Size([1, 1, 1, 16])
  Mean |component| being removed: 1.808208
  Mean |x_t| before ablation: 607.437744
  Mean |x_t| after ablation: 607.434998
USING PRECUED ITEMS - SHOULD NEVER BE DONE IN TRAINING
[denoise_one_step] t_idx=1
  x_t shape: torch.Size([1, 1, 1, 16])
  ablation_vector shape: torch.Size([16])
  component shape: torch.Size([1, 1, 1, 16])
  Mean |component| being removed: 0.136925
  Mean |x_t| before ablation: 581.693787
  Mean |x_t| after ablation: 581.693787
USING PRECUED ITEMS - SHOULD NEVER BE DONE IN TRAINING
[denoise_one_step] t_idx=1
  x_t shape: torch.Size([1, 1, 1, 16])
  ablation_vector shape: torch.Size([16])
  component shape: torch.Size([1, 1, 1, 16])
  Mean |component| being removed: 0.707832
  Mean |x_t| before ablation: 662.051453
  Mean |x_t| after ablation: 662.051086
Binning and averaging each preparatory timestep by cued-color bin...
Global PCA explained variance ratio: [0.81111722 0.0886581  0.06874717]
Global PCA cumulative variance: [0.81111722 0.89977532 0.96852249]
Binning and averaging each diffusion timestep by cued-color bin...
Diffusion PCA explained variance ratio: [0.71202578 0.12146113 0.10865595]
Diffusion PCA cumulative variance: [0.71202578 0.83348691 0.94214286]
Saved outputs:
  [dir_4] /scratch3/shaiq_home/repos/behaviour_ddpm/ddpm/analysis/new_analysis/results/3D_plots/teacher_individualized_pca_index_cued_first_diffusion_0.3_swap_7/dir_4/prospective_memory_global_pca_all_prep_steps_3d_dir_4.png
  [dir_4] /scratch3/shaiq_home/repos/behaviour_ddpm/ddpm/analysis/new_analysis/results/3D_plots/teacher_individualized_pca_index_cued_first_diffusion_0.3_swap_7/dir_4/prospective_memory_global_pca_prep_spatial_rings_over_time_3d_dir_4.png
  [dir_4] /scratch3/shaiq_home/repos/behaviour_ddpm/ddpm/analysis/new_analysis/results/3D_plots/teacher_individualized_pca_index_cued_first_diffusion_0.3_swap_7/dir_4/prospective_memory_global_pca_all_diffusion_steps_3d_dir_4.png
  [dir_4] /scratch3/shaiq_home/repos/behaviour_ddpm/ddpm/analysis/new_analysis/results/3D_plots/teacher_individualized_pca_index_cued_first_diffusion_0.3_swap_7/dir_4/prospective_memory_global_pca_diffusion_spatial_rings_over_time_3d_dir_4.png
  /scratch3/shaiq_home/repos/behaviour_ddpm/ddpm/analysis/new_analysis/results/3D_plots/teacher_individualized_pca_index_cued_first_diffusion_0.3_swap_7/dir_4/global_pca_trajectory_data.npz
  /scratch3/shaiq_home/repos/behaviour_ddpm/ddpm/analysis/new_analysis/results/3D_plots/teacher_individualized_pca_index_cued_first_diffusion_0.3_swap_7/dir_4/global_pca_diffusion_data.npz
  /scratch3/shaiq_home/repos/behaviour_ddpm/ddpm/analysis/new_analysis/results/3D_plots/teacher_individualized_pca_index_cued_first_diffusion_0.3_swap_7/dir_4/global_pca_trajectory_summary.json
