Repo root: /scratch3/shaiq_home/repos/behaviour_ddpm
Run dir: /scratch3/shaiq_home/results_link/index_cued_first_diffusion_0.3_swap_7
Output dir: /scratch3/shaiq_home/repos/behaviour_ddpm/ddpm/analysis/new_analysis/results/3D_plots/teacher_individualized_pca_index_cued_first_diffusion_0.3_swap_7/dir_12
Device: cuda
Ablation setup: source=direction_sweep, conditions=[12]
Prep indices: [0, 1, 2, 3]
Generated 288 trials (1 ablation conditions: [12])
Extracting all preparatory timesteps across trials...
USING PRECUED ITEMS - SHOULD NEVER BE DONE IN TRAINING
[denoise_one_step] t_idx=1
  x_t shape: torch.Size([1, 1, 1, 16])
  ablation_vector shape: torch.Size([16])
  component shape: torch.Size([1, 1, 1, 16])
  Mean |component| being removed: 2.552208
  Mean |x_t| before ablation: 365.468567
  Mean |x_t| after ablation: 365.459656
USING PRECUED ITEMS - SHOULD NEVER BE DONE IN TRAINING
[denoise_one_step] t_idx=1
  x_t shape: torch.Size([1, 1, 1, 16])
  ablation_vector shape: torch.Size([16])
  component shape: torch.Size([1, 1, 1, 16])
  Mean |component| being removed: 2.981425
  Mean |x_t| before ablation: 399.133789
  Mean |x_t| after ablation: 399.122620
USING PRECUED ITEMS - SHOULD NEVER BE DONE IN TRAINING
[denoise_one_step] t_idx=1
  x_t shape: torch.Size([1, 1, 1, 16])
  ablation_vector shape: torch.Size([16])
  component shape: torch.Size([1, 1, 1, 16])
  Mean |component| being removed: 4.172913
  Mean |x_t| before ablation: 483.706360
  Mean |x_t| after ablation: 483.688416
USING PRECUED ITEMS - SHOULD NEVER BE DONE IN TRAINING
[denoise_one_step] t_idx=1
  x_t shape: torch.Size([1, 1, 1, 16])
  ablation_vector shape: torch.Size([16])
  component shape: torch.Size([1, 1, 1, 16])
  Mean |component| being removed: 3.951157
  Mean |x_t| before ablation: 474.247406
  Mean |x_t| after ablation: 474.230927
USING PRECUED ITEMS - SHOULD NEVER BE DONE IN TRAINING
[denoise_one_step] t_idx=1
  x_t shape: torch.Size([1, 1, 1, 16])
  ablation_vector shape: torch.Size([16])
  component shape: torch.Size([1, 1, 1, 16])
  Mean |component| being removed: 0.389740
  Mean |x_t| before ablation: 395.193359
  Mean |x_t| after ablation: 395.193146
USING PRECUED ITEMS - SHOULD NEVER BE DONE IN TRAINING
[denoise_one_step] t_idx=1
  x_t shape: torch.Size([1, 1, 1, 16])
  ablation_vector shape: torch.Size([16])
  component shape: torch.Size([1, 1, 1, 16])
  Mean |component| being removed: 0.485907
  Mean |x_t| before ablation: 328.371826
  Mean |x_t| after ablation: 328.371460
USING PRECUED ITEMS - SHOULD NEVER BE DONE IN TRAINING
[denoise_one_step] t_idx=1
  x_t shape: torch.Size([1, 1, 1, 16])
  ablation_vector shape: torch.Size([16])
  component shape: torch.Size([1, 1, 1, 16])
  Mean |component| being removed: 0.232599
  Mean |x_t| before ablation: 296.428925
  Mean |x_t| after ablation: 296.428833
USING PRECUED ITEMS - SHOULD NEVER BE DONE IN TRAINING
[denoise_one_step] t_idx=1
  x_t shape: torch.Size([1, 1, 1, 16])
  ablation_vector shape: torch.Size([16])
  component shape: torch.Size([1, 1, 1, 16])
  Mean |component| being removed: 0.574336
  Mean |x_t| before ablation: 261.469696
  Mean |x_t| after ablation: 261.469055
USING PRECUED ITEMS - SHOULD NEVER BE DONE IN TRAINING
[denoise_one_step] t_idx=1
  x_t shape: torch.Size([1, 1, 1, 16])
  ablation_vector shape: torch.Size([16])
  component shape: torch.Size([1, 1, 1, 16])
  Mean |component| being removed: 1.591713
  Mean |x_t| before ablation: 258.860596
  Mean |x_t| after ablation: 258.855713
USING PRECUED ITEMS - SHOULD NEVER BE DONE IN TRAINING
[denoise_one_step] t_idx=1
  x_t shape: torch.Size([1, 1, 1, 16])
  ablation_vector shape: torch.Size([16])
  component shape: torch.Size([1, 1, 1, 16])
  Mean |component| being removed: 1.136192
  Mean |x_t| before ablation: 239.502701
  Mean |x_t| after ablation: 239.500000
USING PRECUED ITEMS - SHOULD NEVER BE DONE IN TRAINING
[denoise_one_step] t_idx=1
  x_t shape: torch.Size([1, 1, 1, 16])
  ablation_vector shape: torch.Size([16])
  component shape: torch.Size([1, 1, 1, 16])
  Mean |component| being removed: 0.474934
  Mean |x_t| before ablation: 198.054810
  Mean |x_t| after ablation: 198.054245
USING PRECUED ITEMS - SHOULD NEVER BE DONE IN TRAINING
[denoise_one_step] t_idx=1
  x_t shape: torch.Size([1, 1, 1, 16])
  ablation_vector shape: torch.Size([16])
  component shape: torch.Size([1, 1, 1, 16])
  Mean |component| being removed: 1.584801
  Mean |x_t| before ablation: 236.025742
  Mean |x_t| after ablation: 236.020432
USING PRECUED ITEMS - SHOULD NEVER BE DONE IN TRAINING
[denoise_one_step] t_idx=1
  x_t shape: torch.Size([1, 1, 1, 16])
  ablation_vector shape: torch.Size([16])
  component shape: torch.Size([1, 1, 1, 16])
  Mean |component| being removed: 2.830593
  Mean |x_t| before ablation: 278.435699
  Mean |x_t| after ablation: 278.421295
USING PRECUED ITEMS - SHOULD NEVER BE DONE IN TRAINING
[denoise_one_step] t_idx=1
  x_t shape: torch.Size([1, 1, 1, 16])
  ablation_vector shape: torch.Size([16])
  component shape: torch.Size([1, 1, 1, 16])
  Mean |component| being removed: 2.857603
  Mean |x_t| before ablation: 374.524872
  Mean |x_t| after ablation: 374.513977
USING PRECUED ITEMS - SHOULD NEVER BE DONE IN TRAINING
[denoise_one_step] t_idx=1
  x_t shape: torch.Size([1, 1, 1, 16])
  ablation_vector shape: torch.Size([16])
  component shape: torch.Size([1, 1, 1, 16])
  Mean |component| being removed: 3.960150
  Mean |x_t| before ablation: 433.187744
  Mean |x_t| after ablation: 433.169617
USING PRECUED ITEMS - SHOULD NEVER BE DONE IN TRAINING
[denoise_one_step] t_idx=1
  x_t shape: torch.Size([1, 1, 1, 16])
  ablation_vector shape: torch.Size([16])
  component shape: torch.Size([1, 1, 1, 16])
  Mean |component| being removed: 2.152185
  Mean |x_t| before ablation: 426.602173
  Mean |x_t| after ablation: 426.596710
USING PRECUED ITEMS - SHOULD NEVER BE DONE IN TRAINING
[denoise_one_step] t_idx=1
  x_t shape: torch.Size([1, 1, 1, 16])
  ablation_vector shape: torch.Size([16])
  component shape: torch.Size([1, 1, 1, 16])
  Mean |component| being removed: 1.853077
  Mean |x_t| before ablation: 345.209534
  Mean |x_t| after ablation: 345.204559
USING PRECUED ITEMS - SHOULD NEVER BE DONE IN TRAINING
[denoise_one_step] t_idx=1
  x_t shape: torch.Size([1, 1, 1, 16])
  ablation_vector shape: torch.Size([16])
  component shape: torch.Size([1, 1, 1, 16])
  Mean |component| being removed: 1.154190
  Mean |x_t| before ablation: 302.491913
  Mean |x_t| after ablation: 302.489685
USING PRECUED ITEMS - SHOULD NEVER BE DONE IN TRAINING
[denoise_one_step] t_idx=1
  x_t shape: torch.Size([1, 1, 1, 16])
  ablation_vector shape: torch.Size([16])
  component shape: torch.Size([1, 1, 1, 16])
  Mean |component| being removed: 1.473704
  Mean |x_t| before ablation: 268.203705
  Mean |x_t| after ablation: 268.199677
USING PRECUED ITEMS - SHOULD NEVER BE DONE IN TRAINING
[denoise_one_step] t_idx=1
  x_t shape: torch.Size([1, 1, 1, 16])
  ablation_vector shape: torch.Size([16])
  component shape: torch.Size([1, 1, 1, 16])
  Mean |component| being removed: 2.330929
  Mean |x_t| before ablation: 213.730988
  Mean |x_t| after ablation: 213.718277
USING PRECUED ITEMS - SHOULD NEVER BE DONE IN TRAINING
[denoise_one_step] t_idx=1
  x_t shape: torch.Size([1, 1, 1, 16])
  ablation_vector shape: torch.Size([16])
  component shape: torch.Size([1, 1, 1, 16])
  Mean |component| being removed: 0.555431
  Mean |x_t| before ablation: 180.253815
  Mean |x_t| after ablation: 180.252960
USING PRECUED ITEMS - SHOULD NEVER BE DONE IN TRAINING
[denoise_one_step] t_idx=1
  x_t shape: torch.Size([1, 1, 1, 16])
  ablation_vector shape: torch.Size([16])
  component shape: torch.Size([1, 1, 1, 16])
  Mean |component| being removed: 0.729551
  Mean |x_t| before ablation: 139.987305
  Mean |x_t| after ablation: 139.985413
USING PRECUED ITEMS - SHOULD NEVER BE DONE IN TRAINING
[denoise_one_step] t_idx=1
  x_t shape: torch.Size([1, 1, 1, 16])
  ablation_vector shape: torch.Size([16])
  component shape: torch.Size([1, 1, 1, 16])
  Mean |component| being removed: 0.902065
  Mean |x_t| before ablation: 155.594025
  Mean |x_t| after ablation: 155.591415
USING PRECUED ITEMS - SHOULD NEVER BE DONE IN TRAINING
[denoise_one_step] t_idx=1
  x_t shape: torch.Size([1, 1, 1, 16])
  ablation_vector shape: torch.Size([16])
  component shape: torch.Size([1, 1, 1, 16])
  Mean |component| being removed: 2.418678
  Mean |x_t| before ablation: 213.965668
  Mean |x_t| after ablation: 213.951996
USING PRECUED ITEMS - SHOULD NEVER BE DONE IN TRAINING
[denoise_one_step] t_idx=1
  x_t shape: torch.Size([1, 1, 1, 16])
  ablation_vector shape: torch.Size([16])
  component shape: torch.Size([1, 1, 1, 16])
  Mean |component| being removed: 2.746941
  Mean |x_t| before ablation: 297.345245
  Mean |x_t| after ablation: 297.332581
USING PRECUED ITEMS - SHOULD NEVER BE DONE IN TRAINING
[denoise_one_step] t_idx=1
  x_t shape: torch.Size([1, 1, 1, 16])
  ablation_vector shape: torch.Size([16])
  component shape: torch.Size([1, 1, 1, 16])
  Mean |component| being removed: 1.886271
  Mean |x_t| before ablation: 357.710602
  Mean |x_t| after ablation: 357.705627
USING PRECUED ITEMS - SHOULD NEVER BE DONE IN TRAINING
[denoise_one_step] t_idx=1
  x_t shape: torch.Size([1, 1, 1, 16])
  ablation_vector shape: torch.Size([16])
  component shape: torch.Size([1, 1, 1, 16])
  Mean |component| being removed: 1.536274
  Mean |x_t| before ablation: 386.339294
  Mean |x_t| after ablation: 386.336182
USING PRECUED ITEMS - SHOULD NEVER BE DONE IN TRAINING
[denoise_one_step] t_idx=1
  x_t shape: torch.Size([1, 1, 1, 16])
  ablation_vector shape: torch.Size([16])
  component shape: torch.Size([1, 1, 1, 16])
  Mean |component| being removed: 1.586849
  Mean |x_t| before ablation: 390.110107
  Mean |x_t| after ablation: 390.106903
USING PRECUED ITEMS - SHOULD NEVER BE DONE IN TRAINING
[denoise_one_step] t_idx=1
  x_t shape: torch.Size([1, 1, 1, 16])
  ablation_vector shape: torch.Size([16])
  component shape: torch.Size([1, 1, 1, 16])
  Mean |component| being removed: 0.576490
  Mean |x_t| before ablation: 303.125580
  Mean |x_t| after ablation: 303.125031
USING PRECUED ITEMS - SHOULD NEVER BE DONE IN TRAINING
[denoise_one_step] t_idx=1
  x_t shape: torch.Size([1, 1, 1, 16])
  ablation_vector shape: torch.Size([16])
  component shape: torch.Size([1, 1, 1, 16])
  Mean |component| being removed: 1.386052
  Mean |x_t| before ablation: 275.108978
  Mean |x_t| after ablation: 275.105499
USING PRECUED ITEMS - SHOULD NEVER BE DONE IN TRAINING
[denoise_one_step] t_idx=1
  x_t shape: torch.Size([1, 1, 1, 16])
  ablation_vector shape: torch.Size([16])
  component shape: torch.Size([1, 1, 1, 16])
  Mean |component| being removed: 0.663458
  Mean |x_t| before ablation: 239.499191
  Mean |x_t| after ablation: 239.498276
USING PRECUED ITEMS - SHOULD NEVER BE DONE IN TRAINING
[denoise_one_step] t_idx=1
  x_t shape: torch.Size([1, 1, 1, 16])
  ablation_vector shape: torch.Size([16])
  component shape: torch.Size([1, 1, 1, 16])
  Mean |component| being removed: 2.114933
  Mean |x_t| before ablation: 206.279770
  Mean |x_t| after ablation: 206.268921
USING PRECUED ITEMS - SHOULD NEVER BE DONE IN TRAINING
[denoise_one_step] t_idx=1
  x_t shape: torch.Size([1, 1, 1, 16])
  ablation_vector shape: torch.Size([16])
  component shape: torch.Size([1, 1, 1, 16])
  Mean |component| being removed: 1.665495
  Mean |x_t| before ablation: 174.705765
  Mean |x_t| after ablation: 174.697830
USING PRECUED ITEMS - SHOULD NEVER BE DONE IN TRAINING
[denoise_one_step] t_idx=1
  x_t shape: torch.Size([1, 1, 1, 16])
  ablation_vector shape: torch.Size([16])
  component shape: torch.Size([1, 1, 1, 16])
  Mean |component| being removed: 1.639479
  Mean |x_t| before ablation: 166.930283
  Mean |x_t| after ablation: 166.922241
USING PRECUED ITEMS - SHOULD NEVER BE DONE IN TRAINING
[denoise_one_step] t_idx=1
  x_t shape: torch.Size([1, 1, 1, 16])
  ablation_vector shape: torch.Size([16])
  component shape: torch.Size([1, 1, 1, 16])
  Mean |component| being removed: 2.073902
  Mean |x_t| before ablation: 197.459564
  Mean |x_t| after ablation: 197.448685
USING PRECUED ITEMS - SHOULD NEVER BE DONE IN TRAINING
[denoise_one_step] t_idx=1
  x_t shape: torch.Size([1, 1, 1, 16])
  ablation_vector shape: torch.Size([16])
  component shape: torch.Size([1, 1, 1, 16])
  Mean |component| being removed: 2.673004
  Mean |x_t| before ablation: 239.416016
  Mean |x_t| after ablation: 239.401093
USING PRECUED ITEMS - SHOULD NEVER BE DONE IN TRAINING
[denoise_one_step] t_idx=1
  x_t shape: torch.Size([1, 1, 1, 16])
  ablation_vector shape: torch.Size([16])
  component shape: torch.Size([1, 1, 1, 16])
  Mean |component| being removed: 1.847023
  Mean |x_t| before ablation: 264.630188
  Mean |x_t| after ablation: 264.623749
USING PRECUED ITEMS - SHOULD NEVER BE DONE IN TRAINING
[denoise_one_step] t_idx=1
  x_t shape: torch.Size([1, 1, 1, 16])
  ablation_vector shape: torch.Size([16])
  component shape: torch.Size([1, 1, 1, 16])
  Mean |component| being removed: 1.101860
  Mean |x_t| before ablation: 280.409149
  Mean |x_t| after ablation: 280.406982
USING PRECUED ITEMS - SHOULD NEVER BE DONE IN TRAINING
[denoise_one_step] t_idx=1
  x_t shape: torch.Size([1, 1, 1, 16])
  ablation_vector shape: torch.Size([16])
  component shape: torch.Size([1, 1, 1, 16])
  Mean |component| being removed: 0.972374
  Mean |x_t| before ablation: 322.618317
  Mean |x_t| after ablation: 322.616852
USING PRECUED ITEMS - SHOULD NEVER BE DONE IN TRAINING
[denoise_one_step] t_idx=1
  x_t shape: torch.Size([1, 1, 1, 16])
  ablation_vector shape: torch.Size([16])
  component shape: torch.Size([1, 1, 1, 16])
  Mean |component| being removed: 2.372833
  Mean |x_t| before ablation: 303.263977
  Mean |x_t| after ablation: 303.254669
USING PRECUED ITEMS - SHOULD NEVER BE DONE IN TRAINING
[denoise_one_step] t_idx=1
  x_t shape: torch.Size([1, 1, 1, 16])
  ablation_vector shape: torch.Size([16])
  component shape: torch.Size([1, 1, 1, 16])
  Mean |component| being removed: 3.406401
  Mean |x_t| before ablation: 275.347656
  Mean |x_t| after ablation: 275.326569
USING PRECUED ITEMS - SHOULD NEVER BE DONE IN TRAINING
[denoise_one_step] t_idx=1
  x_t shape: torch.Size([1, 1, 1, 16])
  ablation_vector shape: torch.Size([16])
  component shape: torch.Size([1, 1, 1, 16])
  Mean |component| being removed: 4.480186
  Mean |x_t| before ablation: 263.524628
  Mean |x_t| after ablation: 263.486542
USING PRECUED ITEMS - SHOULD NEVER BE DONE IN TRAINING
[denoise_one_step] t_idx=1
  x_t shape: torch.Size([1, 1, 1, 16])
  ablation_vector shape: torch.Size([16])
  component shape: torch.Size([1, 1, 1, 16])
  Mean |component| being removed: 6.066063
  Mean |x_t| before ablation: 252.096008
  Mean |x_t| after ablation: 252.023026
USING PRECUED ITEMS - SHOULD NEVER BE DONE IN TRAINING
[denoise_one_step] t_idx=1
  x_t shape: torch.Size([1, 1, 1, 16])
  ablation_vector shape: torch.Size([16])
  component shape: torch.Size([1, 1, 1, 16])
  Mean |component| being removed: 2.578496
  Mean |x_t| before ablation: 242.755341
  Mean |x_t| after ablation: 242.741653
USING PRECUED ITEMS - SHOULD NEVER BE DONE IN TRAINING
[denoise_one_step] t_idx=1
  x_t shape: torch.Size([1, 1, 1, 16])
  ablation_vector shape: torch.Size([16])
  component shape: torch.Size([1, 1, 1, 16])
  Mean |component| being removed: 2.694103
  Mean |x_t| before ablation: 205.122009
  Mean |x_t| after ablation: 205.104324
USING PRECUED ITEMS - SHOULD NEVER BE DONE IN TRAINING
[denoise_one_step] t_idx=1
  x_t shape: torch.Size([1, 1, 1, 16])
  ablation_vector shape: torch.Size([16])
  component shape: torch.Size([1, 1, 1, 16])
  Mean |component| being removed: 3.267598
  Mean |x_t| before ablation: 225.693604
  Mean |x_t| after ablation: 225.669952
USING PRECUED ITEMS - SHOULD NEVER BE DONE IN TRAINING
[denoise_one_step] t_idx=1
  x_t shape: torch.Size([1, 1, 1, 16])
  ablation_vector shape: torch.Size([16])
  component shape: torch.Size([1, 1, 1, 16])
  Mean |component| being removed: 2.613194
  Mean |x_t| before ablation: 237.483459
  Mean |x_t| after ablation: 237.469070
USING PRECUED ITEMS - SHOULD NEVER BE DONE IN TRAINING
[denoise_one_step] t_idx=1
  x_t shape: torch.Size([1, 1, 1, 16])
  ablation_vector shape: torch.Size([16])
  component shape: torch.Size([1, 1, 1, 16])
  Mean |component| being removed: 1.696972
  Mean |x_t| before ablation: 265.212494
  Mean |x_t| after ablation: 265.207062
USING PRECUED ITEMS - SHOULD NEVER BE DONE IN TRAINING
[denoise_one_step] t_idx=1
  x_t shape: torch.Size([1, 1, 1, 16])
  ablation_vector shape: torch.Size([16])
  component shape: torch.Size([1, 1, 1, 16])
  Mean |component| being removed: 1.194748
  Mean |x_t| before ablation: 230.382614
  Mean |x_t| after ablation: 230.379532
USING PRECUED ITEMS - SHOULD NEVER BE DONE IN TRAINING
[denoise_one_step] t_idx=1
  x_t shape: torch.Size([1, 1, 1, 16])
  ablation_vector shape: torch.Size([16])
  component shape: torch.Size([1, 1, 1, 16])
  Mean |component| being removed: 1.556927
  Mean |x_t| before ablation: 214.414566
  Mean |x_t| after ablation: 214.408920
USING PRECUED ITEMS - SHOULD NEVER BE DONE IN TRAINING
[denoise_one_step] t_idx=1
  x_t shape: torch.Size([1, 1, 1, 16])
  ablation_vector shape: torch.Size([16])
  component shape: torch.Size([1, 1, 1, 16])
  Mean |component| being removed: 1.007059
  Mean |x_t| before ablation: 263.535919
  Mean |x_t| after ablation: 263.533997
USING PRECUED ITEMS - SHOULD NEVER BE DONE IN TRAINING
[denoise_one_step] t_idx=1
  x_t shape: torch.Size([1, 1, 1, 16])
  ablation_vector shape: torch.Size([16])
  component shape: torch.Size([1, 1, 1, 16])
  Mean |component| being removed: 2.089983
  Mean |x_t| before ablation: 280.550232
  Mean |x_t| after ablation: 280.542450
USING PRECUED ITEMS - SHOULD NEVER BE DONE IN TRAINING
[denoise_one_step] t_idx=1
  x_t shape: torch.Size([1, 1, 1, 16])
  ablation_vector shape: torch.Size([16])
  component shape: torch.Size([1, 1, 1, 16])
  Mean |component| being removed: 7.291752
  Mean |x_t| before ablation: 257.743195
  Mean |x_t| after ablation: 257.640015
USING PRECUED ITEMS - SHOULD NEVER BE DONE IN TRAINING
[denoise_one_step] t_idx=1
  x_t shape: torch.Size([1, 1, 1, 16])
  ablation_vector shape: torch.Size([16])
  component shape: torch.Size([1, 1, 1, 16])
  Mean |component| being removed: 7.512756
  Mean |x_t| before ablation: 273.247681
  Mean |x_t| after ablation: 273.144379
USING PRECUED ITEMS - SHOULD NEVER BE DONE IN TRAINING
[denoise_one_step] t_idx=1
  x_t shape: torch.Size([1, 1, 1, 16])
  ablation_vector shape: torch.Size([16])
  component shape: torch.Size([1, 1, 1, 16])
  Mean |component| being removed: 5.893893
  Mean |x_t| before ablation: 313.126617
  Mean |x_t| after ablation: 313.071136
USING PRECUED ITEMS - SHOULD NEVER BE DONE IN TRAINING
[denoise_one_step] t_idx=1
  x_t shape: torch.Size([1, 1, 1, 16])
  ablation_vector shape: torch.Size([16])
  component shape: torch.Size([1, 1, 1, 16])
  Mean |component| being removed: 6.387737
  Mean |x_t| before ablation: 285.581848
  Mean |x_t| after ablation: 285.510376
USING PRECUED ITEMS - SHOULD NEVER BE DONE IN TRAINING
[denoise_one_step] t_idx=1
  x_t shape: torch.Size([1, 1, 1, 16])
  ablation_vector shape: torch.Size([16])
  component shape: torch.Size([1, 1, 1, 16])
  Mean |component| being removed: 7.215859
  Mean |x_t| before ablation: 270.606171
  Mean |x_t| after ablation: 270.509949
USING PRECUED ITEMS - SHOULD NEVER BE DONE IN TRAINING
[denoise_one_step] t_idx=1
  x_t shape: torch.Size([1, 1, 1, 16])
  ablation_vector shape: torch.Size([16])
  component shape: torch.Size([1, 1, 1, 16])
  Mean |component| being removed: 3.506056
  Mean |x_t| before ablation: 301.043030
  Mean |x_t| after ablation: 301.022614
USING PRECUED ITEMS - SHOULD NEVER BE DONE IN TRAINING
[denoise_one_step] t_idx=1
  x_t shape: torch.Size([1, 1, 1, 16])
  ablation_vector shape: torch.Size([16])
  component shape: torch.Size([1, 1, 1, 16])
  Mean |component| being removed: 2.533989
  Mean |x_t| before ablation: 262.866364
  Mean |x_t| after ablation: 262.854126
USING PRECUED ITEMS - SHOULD NEVER BE DONE IN TRAINING
[denoise_one_step] t_idx=1
  x_t shape: torch.Size([1, 1, 1, 16])
  ablation_vector shape: torch.Size([16])
  component shape: torch.Size([1, 1, 1, 16])
  Mean |component| being removed: 2.179291
  Mean |x_t| before ablation: 253.746017
  Mean |x_t| after ablation: 253.736649
USING PRECUED ITEMS - SHOULD NEVER BE DONE IN TRAINING
[denoise_one_step] t_idx=1
  x_t shape: torch.Size([1, 1, 1, 16])
  ablation_vector shape: torch.Size([16])
  component shape: torch.Size([1, 1, 1, 16])
  Mean |component| being removed: 0.143316
  Mean |x_t| before ablation: 206.712524
  Mean |x_t| after ablation: 206.712494
USING PRECUED ITEMS - SHOULD NEVER BE DONE IN TRAINING
[denoise_one_step] t_idx=1
  x_t shape: torch.Size([1, 1, 1, 16])
  ablation_vector shape: torch.Size([16])
  component shape: torch.Size([1, 1, 1, 16])
  Mean |component| being removed: 2.421074
  Mean |x_t| before ablation: 185.630280
  Mean |x_t| after ablation: 185.614502
USING PRECUED ITEMS - SHOULD NEVER BE DONE IN TRAINING
[denoise_one_step] t_idx=1
  x_t shape: torch.Size([1, 1, 1, 16])
  ablation_vector shape: torch.Size([16])
  component shape: torch.Size([1, 1, 1, 16])
  Mean |component| being removed: 0.922831
  Mean |x_t| before ablation: 221.525482
  Mean |x_t| after ablation: 221.523560
USING PRECUED ITEMS - SHOULD NEVER BE DONE IN TRAINING
[denoise_one_step] t_idx=1
  x_t shape: torch.Size([1, 1, 1, 16])
  ablation_vector shape: torch.Size([16])
  component shape: torch.Size([1, 1, 1, 16])
  Mean |component| being removed: 0.859123
  Mean |x_t| before ablation: 261.177338
  Mean |x_t| after ablation: 261.175934
USING PRECUED ITEMS - SHOULD NEVER BE DONE IN TRAINING
[denoise_one_step] t_idx=1
  x_t shape: torch.Size([1, 1, 1, 16])
  ablation_vector shape: torch.Size([16])
  component shape: torch.Size([1, 1, 1, 16])
  Mean |component| being removed: 2.789701
  Mean |x_t| before ablation: 256.872711
  Mean |x_t| after ablation: 256.857574
USING PRECUED ITEMS - SHOULD NEVER BE DONE IN TRAINING
[denoise_one_step] t_idx=1
  x_t shape: torch.Size([1, 1, 1, 16])
  ablation_vector shape: torch.Size([16])
  component shape: torch.Size([1, 1, 1, 16])
  Mean |component| being removed: 1.736830
  Mean |x_t| before ablation: 281.296600
  Mean |x_t| after ablation: 281.291260
USING PRECUED ITEMS - SHOULD NEVER BE DONE IN TRAINING
[denoise_one_step] t_idx=1
  x_t shape: torch.Size([1, 1, 1, 16])
  ablation_vector shape: torch.Size([16])
  component shape: torch.Size([1, 1, 1, 16])
  Mean |component| being removed: 1.580597
  Mean |x_t| before ablation: 366.858551
  Mean |x_t| after ablation: 366.855164
USING PRECUED ITEMS - SHOULD NEVER BE DONE IN TRAINING
[denoise_one_step] t_idx=1
  x_t shape: torch.Size([1, 1, 1, 16])
  ablation_vector shape: torch.Size([16])
  component shape: torch.Size([1, 1, 1, 16])
  Mean |component| being removed: 0.206202
  Mean |x_t| before ablation: 386.407776
  Mean |x_t| after ablation: 386.407745
USING PRECUED ITEMS - SHOULD NEVER BE DONE IN TRAINING
[denoise_one_step] t_idx=1
  x_t shape: torch.Size([1, 1, 1, 16])
  ablation_vector shape: torch.Size([16])
  component shape: torch.Size([1, 1, 1, 16])
  Mean |component| being removed: 1.976272
  Mean |x_t| before ablation: 402.502930
  Mean |x_t| after ablation: 402.498108
USING PRECUED ITEMS - SHOULD NEVER BE DONE IN TRAINING
[denoise_one_step] t_idx=1
  x_t shape: torch.Size([1, 1, 1, 16])
  ablation_vector shape: torch.Size([16])
  component shape: torch.Size([1, 1, 1, 16])
  Mean |component| being removed: 2.371796
  Mean |x_t| before ablation: 391.787109
  Mean |x_t| after ablation: 391.779938
USING PRECUED ITEMS - SHOULD NEVER BE DONE IN TRAINING
[denoise_one_step] t_idx=1
  x_t shape: torch.Size([1, 1, 1, 16])
  ablation_vector shape: torch.Size([16])
  component shape: torch.Size([1, 1, 1, 16])
  Mean |component| being removed: 0.713139
  Mean |x_t| before ablation: 306.667023
  Mean |x_t| after ablation: 306.666199
USING PRECUED ITEMS - SHOULD NEVER BE DONE IN TRAINING
[denoise_one_step] t_idx=1
  x_t shape: torch.Size([1, 1, 1, 16])
  ablation_vector shape: torch.Size([16])
  component shape: torch.Size([1, 1, 1, 16])
  Mean |component| being removed: 0.911423
  Mean |x_t| before ablation: 270.026276
  Mean |x_t| after ablation: 270.024719
USING PRECUED ITEMS - SHOULD NEVER BE DONE IN TRAINING
[denoise_one_step] t_idx=1
  x_t shape: torch.Size([1, 1, 1, 16])
  ablation_vector shape: torch.Size([16])
  component shape: torch.Size([1, 1, 1, 16])
  Mean |component| being removed: 0.866745
  Mean |x_t| before ablation: 167.923813
  Mean |x_t| after ablation: 167.921585
USING PRECUED ITEMS - SHOULD NEVER BE DONE IN TRAINING
[denoise_one_step] t_idx=1
  x_t shape: torch.Size([1, 1, 1, 16])
  ablation_vector shape: torch.Size([16])
  component shape: torch.Size([1, 1, 1, 16])
  Mean |component| being removed: 2.518278
  Mean |x_t| before ablation: 144.490128
  Mean |x_t| after ablation: 144.468185
USING PRECUED ITEMS - SHOULD NEVER BE DONE IN TRAINING
[denoise_one_step] t_idx=1
  x_t shape: torch.Size([1, 1, 1, 16])
  ablation_vector shape: torch.Size([16])
  component shape: torch.Size([1, 1, 1, 16])
  Mean |component| being removed: 1.043282
  Mean |x_t| before ablation: 174.482040
  Mean |x_t| after ablation: 174.478928
USING PRECUED ITEMS - SHOULD NEVER BE DONE IN TRAINING
[denoise_one_step] t_idx=1
  x_t shape: torch.Size([1, 1, 1, 16])
  ablation_vector shape: torch.Size([16])
  component shape: torch.Size([1, 1, 1, 16])
  Mean |component| being removed: 0.556250
  Mean |x_t| before ablation: 236.401321
  Mean |x_t| after ablation: 236.400665
USING PRECUED ITEMS - SHOULD NEVER BE DONE IN TRAINING
[denoise_one_step] t_idx=1
  x_t shape: torch.Size([1, 1, 1, 16])
  ablation_vector shape: torch.Size([16])
  component shape: torch.Size([1, 1, 1, 16])
  Mean |component| being removed: 0.136566
  Mean |x_t| before ablation: 370.501129
  Mean |x_t| after ablation: 370.501099
USING PRECUED ITEMS - SHOULD NEVER BE DONE IN TRAINING
[denoise_one_step] t_idx=1
  x_t shape: torch.Size([1, 1, 1, 16])
  ablation_vector shape: torch.Size([16])
  component shape: torch.Size([1, 1, 1, 16])
  Mean |component| being removed: 0.988324
  Mean |x_t| before ablation: 435.217682
  Mean |x_t| after ablation: 435.216553
USING PRECUED ITEMS - SHOULD NEVER BE DONE IN TRAINING
[denoise_one_step] t_idx=1
  x_t shape: torch.Size([1, 1, 1, 16])
  ablation_vector shape: torch.Size([16])
  component shape: torch.Size([1, 1, 1, 16])
  Mean |component| being removed: 0.147558
  Mean |x_t| before ablation: 465.952484
  Mean |x_t| after ablation: 465.952454
USING PRECUED ITEMS - SHOULD NEVER BE DONE IN TRAINING
[denoise_one_step] t_idx=1
  x_t shape: torch.Size([1, 1, 1, 16])
  ablation_vector shape: torch.Size([16])
  component shape: torch.Size([1, 1, 1, 16])
  Mean |component| being removed: 1.034109
  Mean |x_t| before ablation: 497.896210
  Mean |x_t| after ablation: 497.895111
USING PRECUED ITEMS - SHOULD NEVER BE DONE IN TRAINING
[denoise_one_step] t_idx=1
  x_t shape: torch.Size([1, 1, 1, 16])
  ablation_vector shape: torch.Size([16])
  component shape: torch.Size([1, 1, 1, 16])
  Mean |component| being removed: 0.947227
  Mean |x_t| before ablation: 539.500183
  Mean |x_t| after ablation: 539.499390
USING PRECUED ITEMS - SHOULD NEVER BE DONE IN TRAINING
[denoise_one_step] t_idx=1
  x_t shape: torch.Size([1, 1, 1, 16])
  ablation_vector shape: torch.Size([16])
  component shape: torch.Size([1, 1, 1, 16])
  Mean |component| being removed: 1.397591
  Mean |x_t| before ablation: 482.182434
  Mean |x_t| after ablation: 482.180389
USING PRECUED ITEMS - SHOULD NEVER BE DONE IN TRAINING
[denoise_one_step] t_idx=1
  x_t shape: torch.Size([1, 1, 1, 16])
  ablation_vector shape: torch.Size([16])
  component shape: torch.Size([1, 1, 1, 16])
  Mean |component| being removed: 0.734642
  Mean |x_t| before ablation: 390.463501
  Mean |x_t| after ablation: 390.462799
USING PRECUED ITEMS - SHOULD NEVER BE DONE IN TRAINING
[denoise_one_step] t_idx=1
  x_t shape: torch.Size([1, 1, 1, 16])
  ablation_vector shape: torch.Size([16])
  component shape: torch.Size([1, 1, 1, 16])
  Mean |component| being removed: 1.093346
  Mean |x_t| before ablation: 265.151306
  Mean |x_t| after ablation: 265.149048
USING PRECUED ITEMS - SHOULD NEVER BE DONE IN TRAINING
[denoise_one_step] t_idx=1
  x_t shape: torch.Size([1, 1, 1, 16])
  ablation_vector shape: torch.Size([16])
  component shape: torch.Size([1, 1, 1, 16])
  Mean |component| being removed: 0.727043
  Mean |x_t| before ablation: 173.978439
  Mean |x_t| after ablation: 173.976913
USING PRECUED ITEMS - SHOULD NEVER BE DONE IN TRAINING
[denoise_one_step] t_idx=1
  x_t shape: torch.Size([1, 1, 1, 16])
  ablation_vector shape: torch.Size([16])
  component shape: torch.Size([1, 1, 1, 16])
  Mean |component| being removed: 2.435869
  Mean |x_t| before ablation: 140.824524
  Mean |x_t| after ablation: 140.803452
USING PRECUED ITEMS - SHOULD NEVER BE DONE IN TRAINING
[denoise_one_step] t_idx=1
  x_t shape: torch.Size([1, 1, 1, 16])
  ablation_vector shape: torch.Size([16])
  component shape: torch.Size([1, 1, 1, 16])
  Mean |component| being removed: 2.315681
  Mean |x_t| before ablation: 191.302567
  Mean |x_t| after ablation: 191.288559
USING PRECUED ITEMS - SHOULD NEVER BE DONE IN TRAINING
[denoise_one_step] t_idx=1
  x_t shape: torch.Size([1, 1, 1, 16])
  ablation_vector shape: torch.Size([16])
  component shape: torch.Size([1, 1, 1, 16])
  Mean |component| being removed: 5.409888
  Mean |x_t| before ablation: 324.448395
  Mean |x_t| after ablation: 324.403259
USING PRECUED ITEMS - SHOULD NEVER BE DONE IN TRAINING
[denoise_one_step] t_idx=1
  x_t shape: torch.Size([1, 1, 1, 16])
  ablation_vector shape: torch.Size([16])
  component shape: torch.Size([1, 1, 1, 16])
  Mean |component| being removed: 4.079216
  Mean |x_t| before ablation: 521.708862
  Mean |x_t| after ablation: 521.692932
USING PRECUED ITEMS - SHOULD NEVER BE DONE IN TRAINING
[denoise_one_step] t_idx=1
  x_t shape: torch.Size([1, 1, 1, 16])
  ablation_vector shape: torch.Size([16])
  component shape: torch.Size([1, 1, 1, 16])
  Mean |component| being removed: 3.770555
  Mean |x_t| before ablation: 551.044250
  Mean |x_t| after ablation: 551.031311
USING PRECUED ITEMS - SHOULD NEVER BE DONE IN TRAINING
[denoise_one_step] t_idx=1
  x_t shape: torch.Size([1, 1, 1, 16])
  ablation_vector shape: torch.Size([16])
  component shape: torch.Size([1, 1, 1, 16])
  Mean |component| being removed: 0.906918
  Mean |x_t| before ablation: 506.943329
  Mean |x_t| after ablation: 506.942535
USING PRECUED ITEMS - SHOULD NEVER BE DONE IN TRAINING
[denoise_one_step] t_idx=1
  x_t shape: torch.Size([1, 1, 1, 16])
  ablation_vector shape: torch.Size([16])
  component shape: torch.Size([1, 1, 1, 16])
  Mean |component| being removed: 0.594791
  Mean |x_t| before ablation: 575.374146
  Mean |x_t| after ablation: 575.373901
USING PRECUED ITEMS - SHOULD NEVER BE DONE IN TRAINING
[denoise_one_step] t_idx=1
  x_t shape: torch.Size([1, 1, 1, 16])
  ablation_vector shape: torch.Size([16])
  component shape: torch.Size([1, 1, 1, 16])
  Mean |component| being removed: 0.864082
  Mean |x_t| before ablation: 606.176025
  Mean |x_t| after ablation: 606.175415
USING PRECUED ITEMS - SHOULD NEVER BE DONE IN TRAINING
[denoise_one_step] t_idx=1
  x_t shape: torch.Size([1, 1, 1, 16])
  ablation_vector shape: torch.Size([16])
  component shape: torch.Size([1, 1, 1, 16])
  Mean |component| being removed: 0.401745
  Mean |x_t| before ablation: 544.964233
  Mean |x_t| after ablation: 544.964050
USING PRECUED ITEMS - SHOULD NEVER BE DONE IN TRAINING
[denoise_one_step] t_idx=1
  x_t shape: torch.Size([1, 1, 1, 16])
  ablation_vector shape: torch.Size([16])
  component shape: torch.Size([1, 1, 1, 16])
  Mean |component| being removed: 0.480442
  Mean |x_t| before ablation: 416.457672
  Mean |x_t| after ablation: 416.457397
USING PRECUED ITEMS - SHOULD NEVER BE DONE IN TRAINING
[denoise_one_step] t_idx=1
  x_t shape: torch.Size([1, 1, 1, 16])
  ablation_vector shape: torch.Size([16])
  component shape: torch.Size([1, 1, 1, 16])
  Mean |component| being removed: 0.835144
  Mean |x_t| before ablation: 289.365448
  Mean |x_t| after ablation: 289.364258
USING PRECUED ITEMS - SHOULD NEVER BE DONE IN TRAINING
[denoise_one_step] t_idx=1
  x_t shape: torch.Size([1, 1, 1, 16])
  ablation_vector shape: torch.Size([16])
  component shape: torch.Size([1, 1, 1, 16])
  Mean |component| being removed: 0.747643
  Mean |x_t| before ablation: 245.602097
  Mean |x_t| after ablation: 245.600983
USING PRECUED ITEMS - SHOULD NEVER BE DONE IN TRAINING
[denoise_one_step] t_idx=1
  x_t shape: torch.Size([1, 1, 1, 16])
  ablation_vector shape: torch.Size([16])
  component shape: torch.Size([1, 1, 1, 16])
  Mean |component| being removed: 2.029068
  Mean |x_t| before ablation: 221.647690
  Mean |x_t| after ablation: 221.638412
USING PRECUED ITEMS - SHOULD NEVER BE DONE IN TRAINING
[denoise_one_step] t_idx=1
  x_t shape: torch.Size([1, 1, 1, 16])
  ablation_vector shape: torch.Size([16])
  component shape: torch.Size([1, 1, 1, 16])
  Mean |component| being removed: 3.266629
  Mean |x_t| before ablation: 242.186447
  Mean |x_t| after ablation: 242.164413
USING PRECUED ITEMS - SHOULD NEVER BE DONE IN TRAINING
[denoise_one_step] t_idx=1
  x_t shape: torch.Size([1, 1, 1, 16])
  ablation_vector shape: torch.Size([16])
  component shape: torch.Size([1, 1, 1, 16])
  Mean |component| being removed: 6.083468
  Mean |x_t| before ablation: 355.346252
  Mean |x_t| after ablation: 355.294159
USING PRECUED ITEMS - SHOULD NEVER BE DONE IN TRAINING
[denoise_one_step] t_idx=1
  x_t shape: torch.Size([1, 1, 1, 16])
  ablation_vector shape: torch.Size([16])
  component shape: torch.Size([1, 1, 1, 16])
  Mean |component| being removed: 4.748608
  Mean |x_t| before ablation: 539.147583
  Mean |x_t| after ablation: 539.126648
USING PRECUED ITEMS - SHOULD NEVER BE DONE IN TRAINING
[denoise_one_step] t_idx=1
  x_t shape: torch.Size([1, 1, 1, 16])
  ablation_vector shape: torch.Size([16])
  component shape: torch.Size([1, 1, 1, 16])
  Mean |component| being removed: 1.675110
  Mean |x_t| before ablation: 583.410583
  Mean |x_t| after ablation: 583.408203
USING PRECUED ITEMS - SHOULD NEVER BE DONE IN TRAINING
[denoise_one_step] t_idx=1
  x_t shape: torch.Size([1, 1, 1, 16])
  ablation_vector shape: torch.Size([16])
  component shape: torch.Size([1, 1, 1, 16])
  Mean |component| being removed: 0.450851
  Mean |x_t| before ablation: 578.480713
  Mean |x_t| after ablation: 578.480469
USING PRECUED ITEMS - SHOULD NEVER BE DONE IN TRAINING
[denoise_one_step] t_idx=1
  x_t shape: torch.Size([1, 1, 1, 16])
  ablation_vector shape: torch.Size([16])
  component shape: torch.Size([1, 1, 1, 16])
  Mean |component| being removed: 0.351448
  Mean |x_t| before ablation: 590.704346
  Mean |x_t| after ablation: 590.704285
USING PRECUED ITEMS - SHOULD NEVER BE DONE IN TRAINING
[denoise_one_step] t_idx=1
  x_t shape: torch.Size([1, 1, 1, 16])
  ablation_vector shape: torch.Size([16])
  component shape: torch.Size([1, 1, 1, 16])
  Mean |component| being removed: 0.692902
  Mean |x_t| before ablation: 617.549377
  Mean |x_t| after ablation: 617.549011
USING PRECUED ITEMS - SHOULD NEVER BE DONE IN TRAINING
[denoise_one_step] t_idx=1
  x_t shape: torch.Size([1, 1, 1, 16])
  ablation_vector shape: torch.Size([16])
  component shape: torch.Size([1, 1, 1, 16])
  Mean |component| being removed: 0.273960
  Mean |x_t| before ablation: 563.330750
  Mean |x_t| after ablation: 563.330750
USING PRECUED ITEMS - SHOULD NEVER BE DONE IN TRAINING
[denoise_one_step] t_idx=1
  x_t shape: torch.Size([1, 1, 1, 16])
  ablation_vector shape: torch.Size([16])
  component shape: torch.Size([1, 1, 1, 16])
  Mean |component| being removed: 0.369972
  Mean |x_t| before ablation: 432.027802
  Mean |x_t| after ablation: 432.027679
USING PRECUED ITEMS - SHOULD NEVER BE DONE IN TRAINING
[denoise_one_step] t_idx=1
  x_t shape: torch.Size([1, 1, 1, 16])
  ablation_vector shape: torch.Size([16])
  component shape: torch.Size([1, 1, 1, 16])
  Mean |component| being removed: 0.520786
  Mean |x_t| before ablation: 332.975800
  Mean |x_t| after ablation: 332.975403
USING PRECUED ITEMS - SHOULD NEVER BE DONE IN TRAINING
[denoise_one_step] t_idx=1
  x_t shape: torch.Size([1, 1, 1, 16])
  ablation_vector shape: torch.Size([16])
  component shape: torch.Size([1, 1, 1, 16])
  Mean |component| being removed: 0.003620
  Mean |x_t| before ablation: 314.550995
  Mean |x_t| after ablation: 314.550995
USING PRECUED ITEMS - SHOULD NEVER BE DONE IN TRAINING
[denoise_one_step] t_idx=1
  x_t shape: torch.Size([1, 1, 1, 16])
  ablation_vector shape: torch.Size([16])
  component shape: torch.Size([1, 1, 1, 16])
  Mean |component| being removed: 2.892716
  Mean |x_t| before ablation: 278.381897
  Mean |x_t| after ablation: 278.366852
USING PRECUED ITEMS - SHOULD NEVER BE DONE IN TRAINING
[denoise_one_step] t_idx=1
  x_t shape: torch.Size([1, 1, 1, 16])
  ablation_vector shape: torch.Size([16])
  component shape: torch.Size([1, 1, 1, 16])
  Mean |component| being removed: 4.848310
  Mean |x_t| before ablation: 327.736511
  Mean |x_t| after ablation: 327.700653
USING PRECUED ITEMS - SHOULD NEVER BE DONE IN TRAINING
[denoise_one_step] t_idx=1
  x_t shape: torch.Size([1, 1, 1, 16])
  ablation_vector shape: torch.Size([16])
  component shape: torch.Size([1, 1, 1, 16])
  Mean |component| being removed: 5.028691
  Mean |x_t| before ablation: 487.029297
  Mean |x_t| after ablation: 487.003357
USING PRECUED ITEMS - SHOULD NEVER BE DONE IN TRAINING
[denoise_one_step] t_idx=1
  x_t shape: torch.Size([1, 1, 1, 16])
  ablation_vector shape: torch.Size([16])
  component shape: torch.Size([1, 1, 1, 16])
  Mean |component| being removed: 4.309006
  Mean |x_t| before ablation: 495.795654
  Mean |x_t| after ablation: 495.776917
USING PRECUED ITEMS - SHOULD NEVER BE DONE IN TRAINING
[denoise_one_step] t_idx=1
  x_t shape: torch.Size([1, 1, 1, 16])
  ablation_vector shape: torch.Size([16])
  component shape: torch.Size([1, 1, 1, 16])
  Mean |component| being removed: 2.226612
  Mean |x_t| before ablation: 548.116882
  Mean |x_t| after ablation: 548.112305
USING PRECUED ITEMS - SHOULD NEVER BE DONE IN TRAINING
[denoise_one_step] t_idx=1
  x_t shape: torch.Size([1, 1, 1, 16])
  ablation_vector shape: torch.Size([16])
  component shape: torch.Size([1, 1, 1, 16])
  Mean |component| being removed: 0.767235
  Mean |x_t| before ablation: 630.512390
  Mean |x_t| after ablation: 630.511963
USING PRECUED ITEMS - SHOULD NEVER BE DONE IN TRAINING
[denoise_one_step] t_idx=1
  x_t shape: torch.Size([1, 1, 1, 16])
  ablation_vector shape: torch.Size([16])
  component shape: torch.Size([1, 1, 1, 16])
  Mean |component| being removed: 0.215233
  Mean |x_t| before ablation: 570.132446
  Mean |x_t| after ablation: 570.132385
USING PRECUED ITEMS - SHOULD NEVER BE DONE IN TRAINING
[denoise_one_step] t_idx=1
  x_t shape: torch.Size([1, 1, 1, 16])
  ablation_vector shape: torch.Size([16])
  component shape: torch.Size([1, 1, 1, 16])
  Mean |component| being removed: 0.223640
  Mean |x_t| before ablation: 570.985657
  Mean |x_t| after ablation: 570.985657
USING PRECUED ITEMS - SHOULD NEVER BE DONE IN TRAINING
[denoise_one_step] t_idx=1
  x_t shape: torch.Size([1, 1, 1, 16])
  ablation_vector shape: torch.Size([16])
  component shape: torch.Size([1, 1, 1, 16])
  Mean |component| being removed: 0.237148
  Mean |x_t| before ablation: 509.426453
  Mean |x_t| after ablation: 509.426422
USING PRECUED ITEMS - SHOULD NEVER BE DONE IN TRAINING
[denoise_one_step] t_idx=1
  x_t shape: torch.Size([1, 1, 1, 16])
  ablation_vector shape: torch.Size([16])
  component shape: torch.Size([1, 1, 1, 16])
  Mean |component| being removed: 0.490925
  Mean |x_t| before ablation: 477.164032
  Mean |x_t| after ablation: 477.163757
USING PRECUED ITEMS - SHOULD NEVER BE DONE IN TRAINING
[denoise_one_step] t_idx=1
  x_t shape: torch.Size([1, 1, 1, 16])
  ablation_vector shape: torch.Size([16])
  component shape: torch.Size([1, 1, 1, 16])
  Mean |component| being removed: 0.778977
  Mean |x_t| before ablation: 414.408051
  Mean |x_t| after ablation: 414.407318
USING PRECUED ITEMS - SHOULD NEVER BE DONE IN TRAINING
[denoise_one_step] t_idx=1
  x_t shape: torch.Size([1, 1, 1, 16])
  ablation_vector shape: torch.Size([16])
  component shape: torch.Size([1, 1, 1, 16])
  Mean |component| being removed: 1.093796
  Mean |x_t| before ablation: 299.281860
  Mean |x_t| after ablation: 299.279877
USING PRECUED ITEMS - SHOULD NEVER BE DONE IN TRAINING
[denoise_one_step] t_idx=1
  x_t shape: torch.Size([1, 1, 1, 16])
  ablation_vector shape: torch.Size([16])
  component shape: torch.Size([1, 1, 1, 16])
  Mean |component| being removed: 2.308643
  Mean |x_t| before ablation: 325.454956
  Mean |x_t| after ablation: 325.446777
USING PRECUED ITEMS - SHOULD NEVER BE DONE IN TRAINING
[denoise_one_step] t_idx=1
  x_t shape: torch.Size([1, 1, 1, 16])
  ablation_vector shape: torch.Size([16])
  component shape: torch.Size([1, 1, 1, 16])
  Mean |component| being removed: 3.938976
  Mean |x_t| before ablation: 383.666840
  Mean |x_t| after ablation: 383.646637
USING PRECUED ITEMS - SHOULD NEVER BE DONE IN TRAINING
[denoise_one_step] t_idx=1
  x_t shape: torch.Size([1, 1, 1, 16])
  ablation_vector shape: torch.Size([16])
  component shape: torch.Size([1, 1, 1, 16])
  Mean |component| being removed: 4.280956
  Mean |x_t| before ablation: 501.242249
  Mean |x_t| after ablation: 501.223969
USING PRECUED ITEMS - SHOULD NEVER BE DONE IN TRAINING
[denoise_one_step] t_idx=1
  x_t shape: torch.Size([1, 1, 1, 16])
  ablation_vector shape: torch.Size([16])
  component shape: torch.Size([1, 1, 1, 16])
  Mean |component| being removed: 3.905495
  Mean |x_t| before ablation: 511.862518
  Mean |x_t| after ablation: 511.847595
USING PRECUED ITEMS - SHOULD NEVER BE DONE IN TRAINING
[denoise_one_step] t_idx=1
  x_t shape: torch.Size([1, 1, 1, 16])
  ablation_vector shape: torch.Size([16])
  component shape: torch.Size([1, 1, 1, 16])
  Mean |component| being removed: 2.800613
  Mean |x_t| before ablation: 508.550262
  Mean |x_t| after ablation: 508.542542
USING PRECUED ITEMS - SHOULD NEVER BE DONE IN TRAINING
[denoise_one_step] t_idx=1
  x_t shape: torch.Size([1, 1, 1, 16])
  ablation_vector shape: torch.Size([16])
  component shape: torch.Size([1, 1, 1, 16])
  Mean |component| being removed: 0.619331
  Mean |x_t| before ablation: 532.219482
  Mean |x_t| after ablation: 532.219116
USING PRECUED ITEMS - SHOULD NEVER BE DONE IN TRAINING
[denoise_one_step] t_idx=1
  x_t shape: torch.Size([1, 1, 1, 16])
  ablation_vector shape: torch.Size([16])
  component shape: torch.Size([1, 1, 1, 16])
  Mean |component| being removed: 0.708733
  Mean |x_t| before ablation: 572.345215
  Mean |x_t| after ablation: 572.344788
USING PRECUED ITEMS - SHOULD NEVER BE DONE IN TRAINING
[denoise_one_step] t_idx=1
  x_t shape: torch.Size([1, 1, 1, 16])
  ablation_vector shape: torch.Size([16])
  component shape: torch.Size([1, 1, 1, 16])
  Mean |component| being removed: 0.379105
  Mean |x_t| before ablation: 566.269897
  Mean |x_t| after ablation: 566.269775
USING PRECUED ITEMS - SHOULD NEVER BE DONE IN TRAINING
[denoise_one_step] t_idx=1
  x_t shape: torch.Size([1, 1, 1, 16])
  ablation_vector shape: torch.Size([16])
  component shape: torch.Size([1, 1, 1, 16])
  Mean |component| being removed: 0.217010
  Mean |x_t| before ablation: 541.039490
  Mean |x_t| after ablation: 541.039490
USING PRECUED ITEMS - SHOULD NEVER BE DONE IN TRAINING
[denoise_one_step] t_idx=1
  x_t shape: torch.Size([1, 1, 1, 16])
  ablation_vector shape: torch.Size([16])
  component shape: torch.Size([1, 1, 1, 16])
  Mean |component| being removed: 0.315155
  Mean |x_t| before ablation: 498.141235
  Mean |x_t| after ablation: 498.141144
USING PRECUED ITEMS - SHOULD NEVER BE DONE IN TRAINING
[denoise_one_step] t_idx=1
  x_t shape: torch.Size([1, 1, 1, 16])
  ablation_vector shape: torch.Size([16])
  component shape: torch.Size([1, 1, 1, 16])
  Mean |component| being removed: 0.128410
  Mean |x_t| before ablation: 430.132751
  Mean |x_t| after ablation: 430.132751
USING PRECUED ITEMS - SHOULD NEVER BE DONE IN TRAINING
[denoise_one_step] t_idx=1
  x_t shape: torch.Size([1, 1, 1, 16])
  ablation_vector shape: torch.Size([16])
  component shape: torch.Size([1, 1, 1, 16])
  Mean |component| being removed: 2.426022
  Mean |x_t| before ablation: 343.406342
  Mean |x_t| after ablation: 343.397736
USING PRECUED ITEMS - SHOULD NEVER BE DONE IN TRAINING
[denoise_one_step] t_idx=1
  x_t shape: torch.Size([1, 1, 1, 16])
  ablation_vector shape: torch.Size([16])
  component shape: torch.Size([1, 1, 1, 16])
  Mean |component| being removed: 2.464781
  Mean |x_t| before ablation: 384.226440
  Mean |x_t| after ablation: 384.218536
USING PRECUED ITEMS - SHOULD NEVER BE DONE IN TRAINING
[denoise_one_step] t_idx=1
  x_t shape: torch.Size([1, 1, 1, 16])
  ablation_vector shape: torch.Size([16])
  component shape: torch.Size([1, 1, 1, 16])
  Mean |component| being removed: 4.942616
  Mean |x_t| before ablation: 403.896057
  Mean |x_t| after ablation: 403.865845
USING PRECUED ITEMS - SHOULD NEVER BE DONE IN TRAINING
[denoise_one_step] t_idx=1
  x_t shape: torch.Size([1, 1, 1, 16])
  ablation_vector shape: torch.Size([16])
  component shape: torch.Size([1, 1, 1, 16])
  Mean |component| being removed: 5.689144
  Mean |x_t| before ablation: 493.225983
  Mean |x_t| after ablation: 493.193176
USING PRECUED ITEMS - SHOULD NEVER BE DONE IN TRAINING
[denoise_one_step] t_idx=1
  x_t shape: torch.Size([1, 1, 1, 16])
  ablation_vector shape: torch.Size([16])
  component shape: torch.Size([1, 1, 1, 16])
  Mean |component| being removed: 3.407532
  Mean |x_t| before ablation: 451.483704
  Mean |x_t| after ablation: 451.470856
USING PRECUED ITEMS - SHOULD NEVER BE DONE IN TRAINING
[denoise_one_step] t_idx=1
  x_t shape: torch.Size([1, 1, 1, 16])
  ablation_vector shape: torch.Size([16])
  component shape: torch.Size([1, 1, 1, 16])
  Mean |component| being removed: 1.177231
  Mean |x_t| before ablation: 433.737030
  Mean |x_t| after ablation: 433.735443
USING PRECUED ITEMS - SHOULD NEVER BE DONE IN TRAINING
[denoise_one_step] t_idx=1
  x_t shape: torch.Size([1, 1, 1, 16])
  ablation_vector shape: torch.Size([16])
  component shape: torch.Size([1, 1, 1, 16])
  Mean |component| being removed: 0.499016
  Mean |x_t| before ablation: 414.381622
  Mean |x_t| after ablation: 414.381348
USING PRECUED ITEMS - SHOULD NEVER BE DONE IN TRAINING
[denoise_one_step] t_idx=1
  x_t shape: torch.Size([1, 1, 1, 16])
  ablation_vector shape: torch.Size([16])
  component shape: torch.Size([1, 1, 1, 16])
  Mean |component| being removed: 1.002354
  Mean |x_t| before ablation: 372.236603
  Mean |x_t| after ablation: 372.235260
USING PRECUED ITEMS - SHOULD NEVER BE DONE IN TRAINING
[denoise_one_step] t_idx=1
  x_t shape: torch.Size([1, 1, 1, 16])
  ablation_vector shape: torch.Size([16])
  component shape: torch.Size([1, 1, 1, 16])
  Mean |component| being removed: 0.897915
  Mean |x_t| before ablation: 385.639313
  Mean |x_t| after ablation: 385.638306
USING PRECUED ITEMS - SHOULD NEVER BE DONE IN TRAINING
[denoise_one_step] t_idx=1
  x_t shape: torch.Size([1, 1, 1, 16])
  ablation_vector shape: torch.Size([16])
  component shape: torch.Size([1, 1, 1, 16])
  Mean |component| being removed: 0.188034
  Mean |x_t| before ablation: 371.329163
  Mean |x_t| after ablation: 371.329102
USING PRECUED ITEMS - SHOULD NEVER BE DONE IN TRAINING
[denoise_one_step] t_idx=1
  x_t shape: torch.Size([1, 1, 1, 16])
  ablation_vector shape: torch.Size([16])
  component shape: torch.Size([1, 1, 1, 16])
  Mean |component| being removed: 0.669067
  Mean |x_t| before ablation: 404.720581
  Mean |x_t| after ablation: 404.720032
USING PRECUED ITEMS - SHOULD NEVER BE DONE IN TRAINING
[denoise_one_step] t_idx=1
  x_t shape: torch.Size([1, 1, 1, 16])
  ablation_vector shape: torch.Size([16])
  component shape: torch.Size([1, 1, 1, 16])
  Mean |component| being removed: 1.100227
  Mean |x_t| before ablation: 372.896912
  Mean |x_t| after ablation: 372.895294
USING PRECUED ITEMS - SHOULD NEVER BE DONE IN TRAINING
[denoise_one_step] t_idx=1
  x_t shape: torch.Size([1, 1, 1, 16])
  ablation_vector shape: torch.Size([16])
  component shape: torch.Size([1, 1, 1, 16])
  Mean |component| being removed: 2.548132
  Mean |x_t| before ablation: 372.939758
  Mean |x_t| after ablation: 372.931030
USING PRECUED ITEMS - SHOULD NEVER BE DONE IN TRAINING
[denoise_one_step] t_idx=1
  x_t shape: torch.Size([1, 1, 1, 16])
  ablation_vector shape: torch.Size([16])
  component shape: torch.Size([1, 1, 1, 16])
  Mean |component| being removed: 3.395239
  Mean |x_t| before ablation: 448.633942
  Mean |x_t| after ablation: 448.621124
USING PRECUED ITEMS - SHOULD NEVER BE DONE IN TRAINING
[denoise_one_step] t_idx=1
  x_t shape: torch.Size([1, 1, 1, 16])
  ablation_vector shape: torch.Size([16])
  component shape: torch.Size([1, 1, 1, 16])
  Mean |component| being removed: 4.072926
  Mean |x_t| before ablation: 479.730469
  Mean |x_t| after ablation: 479.713196
USING PRECUED ITEMS - SHOULD NEVER BE DONE IN TRAINING
[denoise_one_step] t_idx=1
  x_t shape: torch.Size([1, 1, 1, 16])
  ablation_vector shape: torch.Size([16])
  component shape: torch.Size([1, 1, 1, 16])
  Mean |component| being removed: 3.505924
  Mean |x_t| before ablation: 540.204163
  Mean |x_t| after ablation: 540.192810
USING PRECUED ITEMS - SHOULD NEVER BE DONE IN TRAINING
[denoise_one_step] t_idx=1
  x_t shape: torch.Size([1, 1, 1, 16])
  ablation_vector shape: torch.Size([16])
  component shape: torch.Size([1, 1, 1, 16])
  Mean |component| being removed: 0.826836
  Mean |x_t| before ablation: 452.942261
  Mean |x_t| after ablation: 452.941498
USING PRECUED ITEMS - SHOULD NEVER BE DONE IN TRAINING
[denoise_one_step] t_idx=1
  x_t shape: torch.Size([1, 1, 1, 16])
  ablation_vector shape: torch.Size([16])
  component shape: torch.Size([1, 1, 1, 16])
  Mean |component| being removed: 1.464035
  Mean |x_t| before ablation: 381.828278
  Mean |x_t| after ablation: 381.825500
USING PRECUED ITEMS - SHOULD NEVER BE DONE IN TRAINING
[denoise_one_step] t_idx=1
  x_t shape: torch.Size([1, 1, 1, 16])
  ablation_vector shape: torch.Size([16])
  component shape: torch.Size([1, 1, 1, 16])
  Mean |component| being removed: 0.259599
  Mean |x_t| before ablation: 346.163116
  Mean |x_t| after ablation: 346.163025
USING PRECUED ITEMS - SHOULD NEVER BE DONE IN TRAINING
[denoise_one_step] t_idx=1
  x_t shape: torch.Size([1, 1, 1, 16])
  ablation_vector shape: torch.Size([16])
  component shape: torch.Size([1, 1, 1, 16])
  Mean |component| being removed: 0.917798
  Mean |x_t| before ablation: 303.596893
  Mean |x_t| after ablation: 303.595490
USING PRECUED ITEMS - SHOULD NEVER BE DONE IN TRAINING
[denoise_one_step] t_idx=1
  x_t shape: torch.Size([1, 1, 1, 16])
  ablation_vector shape: torch.Size([16])
  component shape: torch.Size([1, 1, 1, 16])
  Mean |component| being removed: 1.456034
  Mean |x_t| before ablation: 282.852631
  Mean |x_t| after ablation: 282.848877
USING PRECUED ITEMS - SHOULD NEVER BE DONE IN TRAINING
[denoise_one_step] t_idx=1
  x_t shape: torch.Size([1, 1, 1, 16])
  ablation_vector shape: torch.Size([16])
  component shape: torch.Size([1, 1, 1, 16])
  Mean |component| being removed: 0.204380
  Mean |x_t| before ablation: 224.831009
  Mean |x_t| after ablation: 224.830933
USING PRECUED ITEMS - SHOULD NEVER BE DONE IN TRAINING
[denoise_one_step] t_idx=1
  x_t shape: torch.Size([1, 1, 1, 16])
  ablation_vector shape: torch.Size([16])
  component shape: torch.Size([1, 1, 1, 16])
  Mean |component| being removed: 0.713730
  Mean |x_t| before ablation: 214.282257
  Mean |x_t| after ablation: 214.281067
USING PRECUED ITEMS - SHOULD NEVER BE DONE IN TRAINING
[denoise_one_step] t_idx=1
  x_t shape: torch.Size([1, 1, 1, 16])
  ablation_vector shape: torch.Size([16])
  component shape: torch.Size([1, 1, 1, 16])
  Mean |component| being removed: 1.246147
  Mean |x_t| before ablation: 257.929901
  Mean |x_t| after ablation: 257.926880
USING PRECUED ITEMS - SHOULD NEVER BE DONE IN TRAINING
[denoise_one_step] t_idx=1
  x_t shape: torch.Size([1, 1, 1, 16])
  ablation_vector shape: torch.Size([16])
  component shape: torch.Size([1, 1, 1, 16])
  Mean |component| being removed: 2.613390
  Mean |x_t| before ablation: 330.408752
  Mean |x_t| after ablation: 330.398407
USING PRECUED ITEMS - SHOULD NEVER BE DONE IN TRAINING
[denoise_one_step] t_idx=1
  x_t shape: torch.Size([1, 1, 1, 16])
  ablation_vector shape: torch.Size([16])
  component shape: torch.Size([1, 1, 1, 16])
  Mean |component| being removed: 3.007556
  Mean |x_t| before ablation: 389.603699
  Mean |x_t| after ablation: 389.592102
USING PRECUED ITEMS - SHOULD NEVER BE DONE IN TRAINING
[denoise_one_step] t_idx=1
  x_t shape: torch.Size([1, 1, 1, 16])
  ablation_vector shape: torch.Size([16])
  component shape: torch.Size([1, 1, 1, 16])
  Mean |component| being removed: 3.705183
  Mean |x_t| before ablation: 472.353607
  Mean |x_t| after ablation: 472.339050
USING PRECUED ITEMS - SHOULD NEVER BE DONE IN TRAINING
[denoise_one_step] t_idx=1
  x_t shape: torch.Size([1, 1, 1, 16])
  ablation_vector shape: torch.Size([16])
  component shape: torch.Size([1, 1, 1, 16])
  Mean |component| being removed: 2.752399
  Mean |x_t| before ablation: 458.726593
  Mean |x_t| after ablation: 458.718384
USING PRECUED ITEMS - SHOULD NEVER BE DONE IN TRAINING
[denoise_one_step] t_idx=1
  x_t shape: torch.Size([1, 1, 1, 16])
  ablation_vector shape: torch.Size([16])
  component shape: torch.Size([1, 1, 1, 16])
  Mean |component| being removed: 1.264254
  Mean |x_t| before ablation: 370.352936
  Mean |x_t| after ablation: 370.350769
USING PRECUED ITEMS - SHOULD NEVER BE DONE IN TRAINING
[denoise_one_step] t_idx=1
  x_t shape: torch.Size([1, 1, 1, 16])
  ablation_vector shape: torch.Size([16])
  component shape: torch.Size([1, 1, 1, 16])
  Mean |component| being removed: 1.034897
  Mean |x_t| before ablation: 335.127533
  Mean |x_t| after ablation: 335.125946
USING PRECUED ITEMS - SHOULD NEVER BE DONE IN TRAINING
[denoise_one_step] t_idx=1
  x_t shape: torch.Size([1, 1, 1, 16])
  ablation_vector shape: torch.Size([16])
  component shape: torch.Size([1, 1, 1, 16])
  Mean |component| being removed: 2.133759
  Mean |x_t| before ablation: 289.560760
  Mean |x_t| after ablation: 289.552887
USING PRECUED ITEMS - SHOULD NEVER BE DONE IN TRAINING
[denoise_one_step] t_idx=1
  x_t shape: torch.Size([1, 1, 1, 16])
  ablation_vector shape: torch.Size([16])
  component shape: torch.Size([1, 1, 1, 16])
  Mean |component| being removed: 1.244875
  Mean |x_t| before ablation: 232.819229
  Mean |x_t| after ablation: 232.815918
USING PRECUED ITEMS - SHOULD NEVER BE DONE IN TRAINING
[denoise_one_step] t_idx=1
  x_t shape: torch.Size([1, 1, 1, 16])
  ablation_vector shape: torch.Size([16])
  component shape: torch.Size([1, 1, 1, 16])
  Mean |component| being removed: 1.643480
  Mean |x_t| before ablation: 201.065781
  Mean |x_t| after ablation: 201.059052
USING PRECUED ITEMS - SHOULD NEVER BE DONE IN TRAINING
[denoise_one_step] t_idx=1
  x_t shape: torch.Size([1, 1, 1, 16])
  ablation_vector shape: torch.Size([16])
  component shape: torch.Size([1, 1, 1, 16])
  Mean |component| being removed: 0.272400
  Mean |x_t| before ablation: 184.864517
  Mean |x_t| after ablation: 184.864319
USING PRECUED ITEMS - SHOULD NEVER BE DONE IN TRAINING
[denoise_one_step] t_idx=1
  x_t shape: torch.Size([1, 1, 1, 16])
  ablation_vector shape: torch.Size([16])
  component shape: torch.Size([1, 1, 1, 16])
  Mean |component| being removed: 1.394249
  Mean |x_t| before ablation: 197.054428
  Mean |x_t| after ablation: 197.049484
USING PRECUED ITEMS - SHOULD NEVER BE DONE IN TRAINING
[denoise_one_step] t_idx=1
  x_t shape: torch.Size([1, 1, 1, 16])
  ablation_vector shape: torch.Size([16])
  component shape: torch.Size([1, 1, 1, 16])
  Mean |component| being removed: 2.654823
  Mean |x_t| before ablation: 245.561676
  Mean |x_t| after ablation: 245.547318
USING PRECUED ITEMS - SHOULD NEVER BE DONE IN TRAINING
[denoise_one_step] t_idx=1
  x_t shape: torch.Size([1, 1, 1, 16])
  ablation_vector shape: torch.Size([16])
  component shape: torch.Size([1, 1, 1, 16])
  Mean |component| being removed: 3.147728
  Mean |x_t| before ablation: 294.723816
  Mean |x_t| after ablation: 294.707031
USING PRECUED ITEMS - SHOULD NEVER BE DONE IN TRAINING
[denoise_one_step] t_idx=1
  x_t shape: torch.Size([1, 1, 1, 16])
  ablation_vector shape: torch.Size([16])
  component shape: torch.Size([1, 1, 1, 16])
  Mean |component| being removed: 2.204657
  Mean |x_t| before ablation: 376.645142
  Mean |x_t| after ablation: 376.638672
USING PRECUED ITEMS - SHOULD NEVER BE DONE IN TRAINING
[denoise_one_step] t_idx=1
  x_t shape: torch.Size([1, 1, 1, 16])
  ablation_vector shape: torch.Size([16])
  component shape: torch.Size([1, 1, 1, 16])
  Mean |component| being removed: 1.210396
  Mean |x_t| before ablation: 413.092682
  Mean |x_t| after ablation: 413.090912
USING PRECUED ITEMS - SHOULD NEVER BE DONE IN TRAINING
[denoise_one_step] t_idx=1
  x_t shape: torch.Size([1, 1, 1, 16])
  ablation_vector shape: torch.Size([16])
  component shape: torch.Size([1, 1, 1, 16])
  Mean |component| being removed: 1.127062
  Mean |x_t| before ablation: 399.545258
  Mean |x_t| after ablation: 399.543701
USING PRECUED ITEMS - SHOULD NEVER BE DONE IN TRAINING
[denoise_one_step] t_idx=1
  x_t shape: torch.Size([1, 1, 1, 16])
  ablation_vector shape: torch.Size([16])
  component shape: torch.Size([1, 1, 1, 16])
  Mean |component| being removed: 0.145845
  Mean |x_t| before ablation: 338.482819
  Mean |x_t| after ablation: 338.482758
USING PRECUED ITEMS - SHOULD NEVER BE DONE IN TRAINING
[denoise_one_step] t_idx=1
  x_t shape: torch.Size([1, 1, 1, 16])
  ablation_vector shape: torch.Size([16])
  component shape: torch.Size([1, 1, 1, 16])
  Mean |component| being removed: 1.311146
  Mean |x_t| before ablation: 322.932404
  Mean |x_t| after ablation: 322.929779
USING PRECUED ITEMS - SHOULD NEVER BE DONE IN TRAINING
[denoise_one_step] t_idx=1
  x_t shape: torch.Size([1, 1, 1, 16])
  ablation_vector shape: torch.Size([16])
  component shape: torch.Size([1, 1, 1, 16])
  Mean |component| being removed: 1.277761
  Mean |x_t| before ablation: 270.905701
  Mean |x_t| after ablation: 270.902679
USING PRECUED ITEMS - SHOULD NEVER BE DONE IN TRAINING
[denoise_one_step] t_idx=1
  x_t shape: torch.Size([1, 1, 1, 16])
  ablation_vector shape: torch.Size([16])
  component shape: torch.Size([1, 1, 1, 16])
  Mean |component| being removed: 1.343769
  Mean |x_t| before ablation: 234.806137
  Mean |x_t| after ablation: 234.802292
USING PRECUED ITEMS - SHOULD NEVER BE DONE IN TRAINING
[denoise_one_step] t_idx=1
  x_t shape: torch.Size([1, 1, 1, 16])
  ablation_vector shape: torch.Size([16])
  component shape: torch.Size([1, 1, 1, 16])
  Mean |component| being removed: 2.033908
  Mean |x_t| before ablation: 205.154175
  Mean |x_t| after ablation: 205.144104
USING PRECUED ITEMS - SHOULD NEVER BE DONE IN TRAINING
[denoise_one_step] t_idx=1
  x_t shape: torch.Size([1, 1, 1, 16])
  ablation_vector shape: torch.Size([16])
  component shape: torch.Size([1, 1, 1, 16])
  Mean |component| being removed: 2.582508
  Mean |x_t| before ablation: 206.147476
  Mean |x_t| after ablation: 206.131287
USING PRECUED ITEMS - SHOULD NEVER BE DONE IN TRAINING
[denoise_one_step] t_idx=1
  x_t shape: torch.Size([1, 1, 1, 16])
  ablation_vector shape: torch.Size([16])
  component shape: torch.Size([1, 1, 1, 16])
  Mean |component| being removed: 1.956780
  Mean |x_t| before ablation: 239.957932
  Mean |x_t| after ablation: 239.949951
USING PRECUED ITEMS - SHOULD NEVER BE DONE IN TRAINING
[denoise_one_step] t_idx=1
  x_t shape: torch.Size([1, 1, 1, 16])
  ablation_vector shape: torch.Size([16])
  component shape: torch.Size([1, 1, 1, 16])
  Mean |component| being removed: 2.397560
  Mean |x_t| before ablation: 270.917755
  Mean |x_t| after ablation: 270.907135
USING PRECUED ITEMS - SHOULD NEVER BE DONE IN TRAINING
[denoise_one_step] t_idx=1
  x_t shape: torch.Size([1, 1, 1, 16])
  ablation_vector shape: torch.Size([16])
  component shape: torch.Size([1, 1, 1, 16])
  Mean |component| being removed: 2.019722
  Mean |x_t| before ablation: 308.263580
  Mean |x_t| after ablation: 308.256958
USING PRECUED ITEMS - SHOULD NEVER BE DONE IN TRAINING
[denoise_one_step] t_idx=1
  x_t shape: torch.Size([1, 1, 1, 16])
  ablation_vector shape: torch.Size([16])
  component shape: torch.Size([1, 1, 1, 16])
  Mean |component| being removed: 0.740616
  Mean |x_t| before ablation: 326.407196
  Mean |x_t| after ablation: 326.406342
USING PRECUED ITEMS - SHOULD NEVER BE DONE IN TRAINING
[denoise_one_step] t_idx=1
  x_t shape: torch.Size([1, 1, 1, 16])
  ablation_vector shape: torch.Size([16])
  component shape: torch.Size([1, 1, 1, 16])
  Mean |component| being removed: 0.004124
  Mean |x_t| before ablation: 356.794189
  Mean |x_t| after ablation: 356.794220
USING PRECUED ITEMS - SHOULD NEVER BE DONE IN TRAINING
[denoise_one_step] t_idx=1
  x_t shape: torch.Size([1, 1, 1, 16])
  ablation_vector shape: torch.Size([16])
  component shape: torch.Size([1, 1, 1, 16])
  Mean |component| being removed: 3.228064
  Mean |x_t| before ablation: 347.173584
  Mean |x_t| after ablation: 347.158600
USING PRECUED ITEMS - SHOULD NEVER BE DONE IN TRAINING
[denoise_one_step] t_idx=1
  x_t shape: torch.Size([1, 1, 1, 16])
  ablation_vector shape: torch.Size([16])
  component shape: torch.Size([1, 1, 1, 16])
  Mean |component| being removed: 2.716354
  Mean |x_t| before ablation: 339.341034
  Mean |x_t| after ablation: 339.330170
USING PRECUED ITEMS - SHOULD NEVER BE DONE IN TRAINING
[denoise_one_step] t_idx=1
  x_t shape: torch.Size([1, 1, 1, 16])
  ablation_vector shape: torch.Size([16])
  component shape: torch.Size([1, 1, 1, 16])
  Mean |component| being removed: 2.783293
  Mean |x_t| before ablation: 330.071655
  Mean |x_t| after ablation: 330.059937
USING PRECUED ITEMS - SHOULD NEVER BE DONE IN TRAINING
[denoise_one_step] t_idx=1
  x_t shape: torch.Size([1, 1, 1, 16])
  ablation_vector shape: torch.Size([16])
  component shape: torch.Size([1, 1, 1, 16])
  Mean |component| being removed: 2.390634
  Mean |x_t| before ablation: 311.484161
  Mean |x_t| after ablation: 311.475006
USING PRECUED ITEMS - SHOULD NEVER BE DONE IN TRAINING
[denoise_one_step] t_idx=1
  x_t shape: torch.Size([1, 1, 1, 16])
  ablation_vector shape: torch.Size([16])
  component shape: torch.Size([1, 1, 1, 16])
  Mean |component| being removed: 2.177100
  Mean |x_t| before ablation: 287.651123
  Mean |x_t| after ablation: 287.642883
USING PRECUED ITEMS - SHOULD NEVER BE DONE IN TRAINING
[denoise_one_step] t_idx=1
  x_t shape: torch.Size([1, 1, 1, 16])
  ablation_vector shape: torch.Size([16])
  component shape: torch.Size([1, 1, 1, 16])
  Mean |component| being removed: 1.902794
  Mean |x_t| before ablation: 253.500488
  Mean |x_t| after ablation: 253.493362
USING PRECUED ITEMS - SHOULD NEVER BE DONE IN TRAINING
[denoise_one_step] t_idx=1
  x_t shape: torch.Size([1, 1, 1, 16])
  ablation_vector shape: torch.Size([16])
  component shape: torch.Size([1, 1, 1, 16])
  Mean |component| being removed: 1.263756
  Mean |x_t| before ablation: 265.641876
  Mean |x_t| after ablation: 265.638855
USING PRECUED ITEMS - SHOULD NEVER BE DONE IN TRAINING
[denoise_one_step] t_idx=1
  x_t shape: torch.Size([1, 1, 1, 16])
  ablation_vector shape: torch.Size([16])
  component shape: torch.Size([1, 1, 1, 16])
  Mean |component| being removed: 2.642982
  Mean |x_t| before ablation: 275.634186
  Mean |x_t| after ablation: 275.621521
USING PRECUED ITEMS - SHOULD NEVER BE DONE IN TRAINING
[denoise_one_step] t_idx=1
  x_t shape: torch.Size([1, 1, 1, 16])
  ablation_vector shape: torch.Size([16])
  component shape: torch.Size([1, 1, 1, 16])
  Mean |component| being removed: 1.772003
  Mean |x_t| before ablation: 288.229248
  Mean |x_t| after ablation: 288.223785
USING PRECUED ITEMS - SHOULD NEVER BE DONE IN TRAINING
[denoise_one_step] t_idx=1
  x_t shape: torch.Size([1, 1, 1, 16])
  ablation_vector shape: torch.Size([16])
  component shape: torch.Size([1, 1, 1, 16])
  Mean |component| being removed: 1.978176
  Mean |x_t| before ablation: 220.473648
  Mean |x_t| after ablation: 220.464783
USING PRECUED ITEMS - SHOULD NEVER BE DONE IN TRAINING
[denoise_one_step] t_idx=1
  x_t shape: torch.Size([1, 1, 1, 16])
  ablation_vector shape: torch.Size([16])
  component shape: torch.Size([1, 1, 1, 16])
  Mean |component| being removed: 0.840084
  Mean |x_t| before ablation: 228.258438
  Mean |x_t| after ablation: 228.256912
USING PRECUED ITEMS - SHOULD NEVER BE DONE IN TRAINING
[denoise_one_step] t_idx=1
  x_t shape: torch.Size([1, 1, 1, 16])
  ablation_vector shape: torch.Size([16])
  component shape: torch.Size([1, 1, 1, 16])
  Mean |component| being removed: 1.365192
  Mean |x_t| before ablation: 291.736420
  Mean |x_t| after ablation: 291.733246
USING PRECUED ITEMS - SHOULD NEVER BE DONE IN TRAINING
[denoise_one_step] t_idx=1
  x_t shape: torch.Size([1, 1, 1, 16])
  ablation_vector shape: torch.Size([16])
  component shape: torch.Size([1, 1, 1, 16])
  Mean |component| being removed: 1.614231
  Mean |x_t| before ablation: 322.709412
  Mean |x_t| after ablation: 322.705353
USING PRECUED ITEMS - SHOULD NEVER BE DONE IN TRAINING
[denoise_one_step] t_idx=1
  x_t shape: torch.Size([1, 1, 1, 16])
  ablation_vector shape: torch.Size([16])
  component shape: torch.Size([1, 1, 1, 16])
  Mean |component| being removed: 4.387133
  Mean |x_t| before ablation: 325.776764
  Mean |x_t| after ablation: 325.747223
USING PRECUED ITEMS - SHOULD NEVER BE DONE IN TRAINING
[denoise_one_step] t_idx=1
  x_t shape: torch.Size([1, 1, 1, 16])
  ablation_vector shape: torch.Size([16])
  component shape: torch.Size([1, 1, 1, 16])
  Mean |component| being removed: 5.716850
  Mean |x_t| before ablation: 340.734711
  Mean |x_t| after ablation: 340.686737
USING PRECUED ITEMS - SHOULD NEVER BE DONE IN TRAINING
[denoise_one_step] t_idx=1
  x_t shape: torch.Size([1, 1, 1, 16])
  ablation_vector shape: torch.Size([16])
  component shape: torch.Size([1, 1, 1, 16])
  Mean |component| being removed: 3.900238
  Mean |x_t| before ablation: 366.341248
  Mean |x_t| after ablation: 366.320465
USING PRECUED ITEMS - SHOULD NEVER BE DONE IN TRAINING
[denoise_one_step] t_idx=1
  x_t shape: torch.Size([1, 1, 1, 16])
  ablation_vector shape: torch.Size([16])
  component shape: torch.Size([1, 1, 1, 16])
  Mean |component| being removed: 0.687855
  Mean |x_t| before ablation: 345.910156
  Mean |x_t| after ablation: 345.909485
  trial progress: 200/288
USING PRECUED ITEMS - SHOULD NEVER BE DONE IN TRAINING
[denoise_one_step] t_idx=1
  x_t shape: torch.Size([1, 1, 1, 16])
  ablation_vector shape: torch.Size([16])
  component shape: torch.Size([1, 1, 1, 16])
  Mean |component| being removed: 1.549180
  Mean |x_t| before ablation: 314.528839
  Mean |x_t| after ablation: 314.525024
USING PRECUED ITEMS - SHOULD NEVER BE DONE IN TRAINING
[denoise_one_step] t_idx=1
  x_t shape: torch.Size([1, 1, 1, 16])
  ablation_vector shape: torch.Size([16])
  component shape: torch.Size([1, 1, 1, 16])
  Mean |component| being removed: 1.318077
  Mean |x_t| before ablation: 316.172913
  Mean |x_t| after ablation: 316.170166
USING PRECUED ITEMS - SHOULD NEVER BE DONE IN TRAINING
[denoise_one_step] t_idx=1
  x_t shape: torch.Size([1, 1, 1, 16])
  ablation_vector shape: torch.Size([16])
  component shape: torch.Size([1, 1, 1, 16])
  Mean |component| being removed: 2.159264
  Mean |x_t| before ablation: 294.507904
  Mean |x_t| after ablation: 294.499969
USING PRECUED ITEMS - SHOULD NEVER BE DONE IN TRAINING
[denoise_one_step] t_idx=1
  x_t shape: torch.Size([1, 1, 1, 16])
  ablation_vector shape: torch.Size([16])
  component shape: torch.Size([1, 1, 1, 16])
  Mean |component| being removed: 1.138260
  Mean |x_t| before ablation: 266.557892
  Mean |x_t| after ablation: 266.555450
USING PRECUED ITEMS - SHOULD NEVER BE DONE IN TRAINING
[denoise_one_step] t_idx=1
  x_t shape: torch.Size([1, 1, 1, 16])
  ablation_vector shape: torch.Size([16])
  component shape: torch.Size([1, 1, 1, 16])
  Mean |component| being removed: 1.804577
  Mean |x_t| before ablation: 177.406006
  Mean |x_t| after ablation: 177.396820
USING PRECUED ITEMS - SHOULD NEVER BE DONE IN TRAINING
[denoise_one_step] t_idx=1
  x_t shape: torch.Size([1, 1, 1, 16])
  ablation_vector shape: torch.Size([16])
  component shape: torch.Size([1, 1, 1, 16])
  Mean |component| being removed: 1.860399
  Mean |x_t| before ablation: 189.359406
  Mean |x_t| after ablation: 189.350266
USING PRECUED ITEMS - SHOULD NEVER BE DONE IN TRAINING
[denoise_one_step] t_idx=1
  x_t shape: torch.Size([1, 1, 1, 16])
  ablation_vector shape: torch.Size([16])
  component shape: torch.Size([1, 1, 1, 16])
  Mean |component| being removed: 0.873720
  Mean |x_t| before ablation: 243.973038
  Mean |x_t| after ablation: 243.971466
USING PRECUED ITEMS - SHOULD NEVER BE DONE IN TRAINING
[denoise_one_step] t_idx=1
  x_t shape: torch.Size([1, 1, 1, 16])
  ablation_vector shape: torch.Size([16])
  component shape: torch.Size([1, 1, 1, 16])
  Mean |component| being removed: 2.269733
  Mean |x_t| before ablation: 300.044800
  Mean |x_t| after ablation: 300.036224
USING PRECUED ITEMS - SHOULD NEVER BE DONE IN TRAINING
[denoise_one_step] t_idx=1
  x_t shape: torch.Size([1, 1, 1, 16])
  ablation_vector shape: torch.Size([16])
  component shape: torch.Size([1, 1, 1, 16])
  Mean |component| being removed: 1.325615
  Mean |x_t| before ablation: 323.178558
  Mean |x_t| after ablation: 323.175842
USING PRECUED ITEMS - SHOULD NEVER BE DONE IN TRAINING
[denoise_one_step] t_idx=1
  x_t shape: torch.Size([1, 1, 1, 16])
  ablation_vector shape: torch.Size([16])
  component shape: torch.Size([1, 1, 1, 16])
  Mean |component| being removed: 0.676499
  Mean |x_t| before ablation: 372.629089
  Mean |x_t| after ablation: 372.628448
USING PRECUED ITEMS - SHOULD NEVER BE DONE IN TRAINING
[denoise_one_step] t_idx=1
  x_t shape: torch.Size([1, 1, 1, 16])
  ablation_vector shape: torch.Size([16])
  component shape: torch.Size([1, 1, 1, 16])
  Mean |component| being removed: 0.234306
  Mean |x_t| before ablation: 408.417725
  Mean |x_t| after ablation: 408.417664
USING PRECUED ITEMS - SHOULD NEVER BE DONE IN TRAINING
[denoise_one_step] t_idx=1
  x_t shape: torch.Size([1, 1, 1, 16])
  ablation_vector shape: torch.Size([16])
  component shape: torch.Size([1, 1, 1, 16])
  Mean |component| being removed: 0.416216
  Mean |x_t| before ablation: 425.159485
  Mean |x_t| after ablation: 425.159302
USING PRECUED ITEMS - SHOULD NEVER BE DONE IN TRAINING
[denoise_one_step] t_idx=1
  x_t shape: torch.Size([1, 1, 1, 16])
  ablation_vector shape: torch.Size([16])
  component shape: torch.Size([1, 1, 1, 16])
  Mean |component| being removed: 1.359493
  Mean |x_t| before ablation: 426.120575
  Mean |x_t| after ablation: 426.118408
USING PRECUED ITEMS - SHOULD NEVER BE DONE IN TRAINING
[denoise_one_step] t_idx=1
  x_t shape: torch.Size([1, 1, 1, 16])
  ablation_vector shape: torch.Size([16])
  component shape: torch.Size([1, 1, 1, 16])
  Mean |component| being removed: 1.492062
  Mean |x_t| before ablation: 416.039825
  Mean |x_t| after ablation: 416.037140
USING PRECUED ITEMS - SHOULD NEVER BE DONE IN TRAINING
[denoise_one_step] t_idx=1
  x_t shape: torch.Size([1, 1, 1, 16])
  ablation_vector shape: torch.Size([16])
  component shape: torch.Size([1, 1, 1, 16])
  Mean |component| being removed: 1.286957
  Mean |x_t| before ablation: 289.525543
  Mean |x_t| after ablation: 289.522705
USING PRECUED ITEMS - SHOULD NEVER BE DONE IN TRAINING
[denoise_one_step] t_idx=1
  x_t shape: torch.Size([1, 1, 1, 16])
  ablation_vector shape: torch.Size([16])
  component shape: torch.Size([1, 1, 1, 16])
  Mean |component| being removed: 0.941162
  Mean |x_t| before ablation: 248.666595
  Mean |x_t| after ablation: 248.664810
USING PRECUED ITEMS - SHOULD NEVER BE DONE IN TRAINING
[denoise_one_step] t_idx=1
  x_t shape: torch.Size([1, 1, 1, 16])
  ablation_vector shape: torch.Size([16])
  component shape: torch.Size([1, 1, 1, 16])
  Mean |component| being removed: 2.827061
  Mean |x_t| before ablation: 143.637848
  Mean |x_t| after ablation: 143.610031
USING PRECUED ITEMS - SHOULD NEVER BE DONE IN TRAINING
[denoise_one_step] t_idx=1
  x_t shape: torch.Size([1, 1, 1, 16])
  ablation_vector shape: torch.Size([16])
  component shape: torch.Size([1, 1, 1, 16])
  Mean |component| being removed: 2.575003
  Mean |x_t| before ablation: 155.193512
  Mean |x_t| after ablation: 155.172150
USING PRECUED ITEMS - SHOULD NEVER BE DONE IN TRAINING
[denoise_one_step] t_idx=1
  x_t shape: torch.Size([1, 1, 1, 16])
  ablation_vector shape: torch.Size([16])
  component shape: torch.Size([1, 1, 1, 16])
  Mean |component| being removed: 2.149000
  Mean |x_t| before ablation: 174.732712
  Mean |x_t| after ablation: 174.719498
USING PRECUED ITEMS - SHOULD NEVER BE DONE IN TRAINING
[denoise_one_step] t_idx=1
  x_t shape: torch.Size([1, 1, 1, 16])
  ablation_vector shape: torch.Size([16])
  component shape: torch.Size([1, 1, 1, 16])
  Mean |component| being removed: 2.030670
  Mean |x_t| before ablation: 264.284241
  Mean |x_t| after ablation: 264.276459
USING PRECUED ITEMS - SHOULD NEVER BE DONE IN TRAINING
[denoise_one_step] t_idx=1
  x_t shape: torch.Size([1, 1, 1, 16])
  ablation_vector shape: torch.Size([16])
  component shape: torch.Size([1, 1, 1, 16])
  Mean |component| being removed: 1.807076
  Mean |x_t| before ablation: 411.259766
  Mean |x_t| after ablation: 411.255798
USING PRECUED ITEMS - SHOULD NEVER BE DONE IN TRAINING
[denoise_one_step] t_idx=1
  x_t shape: torch.Size([1, 1, 1, 16])
  ablation_vector shape: torch.Size([16])
  component shape: torch.Size([1, 1, 1, 16])
  Mean |component| being removed: 4.199375
  Mean |x_t| before ablation: 497.738129
  Mean |x_t| after ablation: 497.720398
USING PRECUED ITEMS - SHOULD NEVER BE DONE IN TRAINING
[denoise_one_step] t_idx=1
  x_t shape: torch.Size([1, 1, 1, 16])
  ablation_vector shape: torch.Size([16])
  component shape: torch.Size([1, 1, 1, 16])
  Mean |component| being removed: 0.005478
  Mean |x_t| before ablation: 489.715881
  Mean |x_t| after ablation: 489.715912
USING PRECUED ITEMS - SHOULD NEVER BE DONE IN TRAINING
[denoise_one_step] t_idx=1
  x_t shape: torch.Size([1, 1, 1, 16])
  ablation_vector shape: torch.Size([16])
  component shape: torch.Size([1, 1, 1, 16])
  Mean |component| being removed: 1.150520
  Mean |x_t| before ablation: 509.392029
  Mean |x_t| after ablation: 509.390717
USING PRECUED ITEMS - SHOULD NEVER BE DONE IN TRAINING
[denoise_one_step] t_idx=1
  x_t shape: torch.Size([1, 1, 1, 16])
  ablation_vector shape: torch.Size([16])
  component shape: torch.Size([1, 1, 1, 16])
  Mean |component| being removed: 1.426357
  Mean |x_t| before ablation: 564.257019
  Mean |x_t| after ablation: 564.255249
USING PRECUED ITEMS - SHOULD NEVER BE DONE IN TRAINING
[denoise_one_step] t_idx=1
  x_t shape: torch.Size([1, 1, 1, 16])
  ablation_vector shape: torch.Size([16])
  component shape: torch.Size([1, 1, 1, 16])
  Mean |component| being removed: 0.151054
  Mean |x_t| before ablation: 488.053375
  Mean |x_t| after ablation: 488.053345
USING PRECUED ITEMS - SHOULD NEVER BE DONE IN TRAINING
[denoise_one_step] t_idx=1
  x_t shape: torch.Size([1, 1, 1, 16])
  ablation_vector shape: torch.Size([16])
  component shape: torch.Size([1, 1, 1, 16])
  Mean |component| being removed: 0.542332
  Mean |x_t| before ablation: 350.944763
  Mean |x_t| after ablation: 350.944336
USING PRECUED ITEMS - SHOULD NEVER BE DONE IN TRAINING
[denoise_one_step] t_idx=1
  x_t shape: torch.Size([1, 1, 1, 16])
  ablation_vector shape: torch.Size([16])
  component shape: torch.Size([1, 1, 1, 16])
  Mean |component| being removed: 0.648006
  Mean |x_t| before ablation: 264.617737
  Mean |x_t| after ablation: 264.616943
USING PRECUED ITEMS - SHOULD NEVER BE DONE IN TRAINING
[denoise_one_step] t_idx=1
  x_t shape: torch.Size([1, 1, 1, 16])
  ablation_vector shape: torch.Size([16])
  component shape: torch.Size([1, 1, 1, 16])
  Mean |component| being removed: 1.101934
  Mean |x_t| before ablation: 146.787109
  Mean |x_t| after ablation: 146.782974
USING PRECUED ITEMS - SHOULD NEVER BE DONE IN TRAINING
[denoise_one_step] t_idx=1
  x_t shape: torch.Size([1, 1, 1, 16])
  ablation_vector shape: torch.Size([16])
  component shape: torch.Size([1, 1, 1, 16])
  Mean |component| being removed: 3.511180
  Mean |x_t| before ablation: 118.463776
  Mean |x_t| after ablation: 118.411728
USING PRECUED ITEMS - SHOULD NEVER BE DONE IN TRAINING
[denoise_one_step] t_idx=1
  x_t shape: torch.Size([1, 1, 1, 16])
  ablation_vector shape: torch.Size([16])
  component shape: torch.Size([1, 1, 1, 16])
  Mean |component| being removed: 2.366686
  Mean |x_t| before ablation: 165.804886
  Mean |x_t| after ablation: 165.787979
USING PRECUED ITEMS - SHOULD NEVER BE DONE IN TRAINING
[denoise_one_step] t_idx=1
  x_t shape: torch.Size([1, 1, 1, 16])
  ablation_vector shape: torch.Size([16])
  component shape: torch.Size([1, 1, 1, 16])
  Mean |component| being removed: 3.613484
  Mean |x_t| before ablation: 333.798523
  Mean |x_t| after ablation: 333.778961
USING PRECUED ITEMS - SHOULD NEVER BE DONE IN TRAINING
[denoise_one_step] t_idx=1
  x_t shape: torch.Size([1, 1, 1, 16])
  ablation_vector shape: torch.Size([16])
  component shape: torch.Size([1, 1, 1, 16])
  Mean |component| being removed: 4.908633
  Mean |x_t| before ablation: 507.159180
  Mean |x_t| after ablation: 507.135376
USING PRECUED ITEMS - SHOULD NEVER BE DONE IN TRAINING
[denoise_one_step] t_idx=1
  x_t shape: torch.Size([1, 1, 1, 16])
  ablation_vector shape: torch.Size([16])
  component shape: torch.Size([1, 1, 1, 16])
  Mean |component| being removed: 3.900171
  Mean |x_t| before ablation: 574.770020
  Mean |x_t| after ablation: 574.756714
USING PRECUED ITEMS - SHOULD NEVER BE DONE IN TRAINING
[denoise_one_step] t_idx=1
  x_t shape: torch.Size([1, 1, 1, 16])
  ablation_vector shape: torch.Size([16])
  component shape: torch.Size([1, 1, 1, 16])
  Mean |component| being removed: 2.335682
  Mean |x_t| before ablation: 594.504028
  Mean |x_t| after ablation: 594.499451
USING PRECUED ITEMS - SHOULD NEVER BE DONE IN TRAINING
[denoise_one_step] t_idx=1
  x_t shape: torch.Size([1, 1, 1, 16])
  ablation_vector shape: torch.Size([16])
  component shape: torch.Size([1, 1, 1, 16])
  Mean |component| being removed: 0.951668
  Mean |x_t| before ablation: 625.514404
  Mean |x_t| after ablation: 625.513672
USING PRECUED ITEMS - SHOULD NEVER BE DONE IN TRAINING
[denoise_one_step] t_idx=1
  x_t shape: torch.Size([1, 1, 1, 16])
  ablation_vector shape: torch.Size([16])
  component shape: torch.Size([1, 1, 1, 16])
  Mean |component| being removed: 0.099716
  Mean |x_t| before ablation: 663.707764
  Mean |x_t| after ablation: 663.707825
USING PRECUED ITEMS - SHOULD NEVER BE DONE IN TRAINING
[denoise_one_step] t_idx=1
  x_t shape: torch.Size([1, 1, 1, 16])
  ablation_vector shape: torch.Size([16])
  component shape: torch.Size([1, 1, 1, 16])
  Mean |component| being removed: 1.908569
  Mean |x_t| before ablation: 550.743958
  Mean |x_t| after ablation: 550.740601
USING PRECUED ITEMS - SHOULD NEVER BE DONE IN TRAINING
[denoise_one_step] t_idx=1
  x_t shape: torch.Size([1, 1, 1, 16])
  ablation_vector shape: torch.Size([16])
  component shape: torch.Size([1, 1, 1, 16])
  Mean |component| being removed: 0.520332
  Mean |x_t| before ablation: 398.852997
  Mean |x_t| after ablation: 398.852661
USING PRECUED ITEMS - SHOULD NEVER BE DONE IN TRAINING
[denoise_one_step] t_idx=1
  x_t shape: torch.Size([1, 1, 1, 16])
  ablation_vector shape: torch.Size([16])
  component shape: torch.Size([1, 1, 1, 16])
  Mean |component| being removed: 0.835148
  Mean |x_t| before ablation: 265.768524
  Mean |x_t| after ablation: 265.767212
USING PRECUED ITEMS - SHOULD NEVER BE DONE IN TRAINING
[denoise_one_step] t_idx=1
  x_t shape: torch.Size([1, 1, 1, 16])
  ablation_vector shape: torch.Size([16])
  component shape: torch.Size([1, 1, 1, 16])
  Mean |component| being removed: 1.106941
  Mean |x_t| before ablation: 194.204605
  Mean |x_t| after ablation: 194.201462
USING PRECUED ITEMS - SHOULD NEVER BE DONE IN TRAINING
[denoise_one_step] t_idx=1
  x_t shape: torch.Size([1, 1, 1, 16])
  ablation_vector shape: torch.Size([16])
  component shape: torch.Size([1, 1, 1, 16])
  Mean |component| being removed: 2.644848
  Mean |x_t| before ablation: 166.676071
  Mean |x_t| after ablation: 166.655090
USING PRECUED ITEMS - SHOULD NEVER BE DONE IN TRAINING
[denoise_one_step] t_idx=1
  x_t shape: torch.Size([1, 1, 1, 16])
  ablation_vector shape: torch.Size([16])
  component shape: torch.Size([1, 1, 1, 16])
  Mean |component| being removed: 3.389566
  Mean |x_t| before ablation: 248.254700
  Mean |x_t| after ablation: 248.231567
USING PRECUED ITEMS - SHOULD NEVER BE DONE IN TRAINING
[denoise_one_step] t_idx=1
  x_t shape: torch.Size([1, 1, 1, 16])
  ablation_vector shape: torch.Size([16])
  component shape: torch.Size([1, 1, 1, 16])
  Mean |component| being removed: 6.715015
  Mean |x_t| before ablation: 426.159332
  Mean |x_t| after ablation: 426.106415
USING PRECUED ITEMS - SHOULD NEVER BE DONE IN TRAINING
[denoise_one_step] t_idx=1
  x_t shape: torch.Size([1, 1, 1, 16])
  ablation_vector shape: torch.Size([16])
  component shape: torch.Size([1, 1, 1, 16])
  Mean |component| being removed: 6.662220
  Mean |x_t| before ablation: 570.301270
  Mean |x_t| after ablation: 570.262329
USING PRECUED ITEMS - SHOULD NEVER BE DONE IN TRAINING
[denoise_one_step] t_idx=1
  x_t shape: torch.Size([1, 1, 1, 16])
  ablation_vector shape: torch.Size([16])
  component shape: torch.Size([1, 1, 1, 16])
  Mean |component| being removed: 0.979931
  Mean |x_t| before ablation: 587.557922
  Mean |x_t| after ablation: 587.557068
USING PRECUED ITEMS - SHOULD NEVER BE DONE IN TRAINING
[denoise_one_step] t_idx=1
  x_t shape: torch.Size([1, 1, 1, 16])
  ablation_vector shape: torch.Size([16])
  component shape: torch.Size([1, 1, 1, 16])
  Mean |component| being removed: 0.453365
  Mean |x_t| before ablation: 602.487610
  Mean |x_t| after ablation: 602.487366
USING PRECUED ITEMS - SHOULD NEVER BE DONE IN TRAINING
[denoise_one_step] t_idx=1
  x_t shape: torch.Size([1, 1, 1, 16])
  ablation_vector shape: torch.Size([16])
  component shape: torch.Size([1, 1, 1, 16])
  Mean |component| being removed: 1.826096
  Mean |x_t| before ablation: 687.567383
  Mean |x_t| after ablation: 687.564941
USING PRECUED ITEMS - SHOULD NEVER BE DONE IN TRAINING
[denoise_one_step] t_idx=1
  x_t shape: torch.Size([1, 1, 1, 16])
  ablation_vector shape: torch.Size([16])
  component shape: torch.Size([1, 1, 1, 16])
  Mean |component| being removed: 1.261940
  Mean |x_t| before ablation: 662.672424
  Mean |x_t| after ablation: 662.671204
USING PRECUED ITEMS - SHOULD NEVER BE DONE IN TRAINING
[denoise_one_step] t_idx=1
  x_t shape: torch.Size([1, 1, 1, 16])
  ablation_vector shape: torch.Size([16])
  component shape: torch.Size([1, 1, 1, 16])
  Mean |component| being removed: 0.618202
  Mean |x_t| before ablation: 585.128540
  Mean |x_t| after ablation: 585.128174
USING PRECUED ITEMS - SHOULD NEVER BE DONE IN TRAINING
[denoise_one_step] t_idx=1
  x_t shape: torch.Size([1, 1, 1, 16])
  ablation_vector shape: torch.Size([16])
  component shape: torch.Size([1, 1, 1, 16])
  Mean |component| being removed: 0.497894
  Mean |x_t| before ablation: 437.943451
  Mean |x_t| after ablation: 437.943176
USING PRECUED ITEMS - SHOULD NEVER BE DONE IN TRAINING
[denoise_one_step] t_idx=1
  x_t shape: torch.Size([1, 1, 1, 16])
  ablation_vector shape: torch.Size([16])
  component shape: torch.Size([1, 1, 1, 16])
  Mean |component| being removed: 0.971813
  Mean |x_t| before ablation: 285.116974
  Mean |x_t| after ablation: 285.115326
USING PRECUED ITEMS - SHOULD NEVER BE DONE IN TRAINING
[denoise_one_step] t_idx=1
  x_t shape: torch.Size([1, 1, 1, 16])
  ablation_vector shape: torch.Size([16])
  component shape: torch.Size([1, 1, 1, 16])
  Mean |component| being removed: 0.816254
  Mean |x_t| before ablation: 251.309021
  Mean |x_t| after ablation: 251.307709
USING PRECUED ITEMS - SHOULD NEVER BE DONE IN TRAINING
[denoise_one_step] t_idx=1
  x_t shape: torch.Size([1, 1, 1, 16])
  ablation_vector shape: torch.Size([16])
  component shape: torch.Size([1, 1, 1, 16])
  Mean |component| being removed: 2.391466
  Mean |x_t| before ablation: 236.079987
  Mean |x_t| after ablation: 236.067886
USING PRECUED ITEMS - SHOULD NEVER BE DONE IN TRAINING
[denoise_one_step] t_idx=1
  x_t shape: torch.Size([1, 1, 1, 16])
  ablation_vector shape: torch.Size([16])
  component shape: torch.Size([1, 1, 1, 16])
  Mean |component| being removed: 3.620552
  Mean |x_t| before ablation: 324.064270
  Mean |x_t| after ablation: 324.044037
USING PRECUED ITEMS - SHOULD NEVER BE DONE IN TRAINING
[denoise_one_step] t_idx=1
  x_t shape: torch.Size([1, 1, 1, 16])
  ablation_vector shape: torch.Size([16])
  component shape: torch.Size([1, 1, 1, 16])
  Mean |component| being removed: 5.014341
  Mean |x_t| before ablation: 513.717468
  Mean |x_t| after ablation: 513.692993
USING PRECUED ITEMS - SHOULD NEVER BE DONE IN TRAINING
[denoise_one_step] t_idx=1
  x_t shape: torch.Size([1, 1, 1, 16])
  ablation_vector shape: torch.Size([16])
  component shape: torch.Size([1, 1, 1, 16])
  Mean |component| being removed: 3.525337
  Mean |x_t| before ablation: 558.263000
  Mean |x_t| after ablation: 558.251892
USING PRECUED ITEMS - SHOULD NEVER BE DONE IN TRAINING
[denoise_one_step] t_idx=1
  x_t shape: torch.Size([1, 1, 1, 16])
  ablation_vector shape: torch.Size([16])
  component shape: torch.Size([1, 1, 1, 16])
  Mean |component| being removed: 1.320667
  Mean |x_t| before ablation: 593.588745
  Mean |x_t| after ablation: 593.587280
USING PRECUED ITEMS - SHOULD NEVER BE DONE IN TRAINING
[denoise_one_step] t_idx=1
  x_t shape: torch.Size([1, 1, 1, 16])
  ablation_vector shape: torch.Size([16])
  component shape: torch.Size([1, 1, 1, 16])
  Mean |component| being removed: 1.492104
  Mean |x_t| before ablation: 638.138733
  Mean |x_t| after ablation: 638.136963
USING PRECUED ITEMS - SHOULD NEVER BE DONE IN TRAINING
[denoise_one_step] t_idx=1
  x_t shape: torch.Size([1, 1, 1, 16])
  ablation_vector shape: torch.Size([16])
  component shape: torch.Size([1, 1, 1, 16])
  Mean |component| being removed: 0.277115
  Mean |x_t| before ablation: 666.884827
  Mean |x_t| after ablation: 666.884766
USING PRECUED ITEMS - SHOULD NEVER BE DONE IN TRAINING
[denoise_one_step] t_idx=1
  x_t shape: torch.Size([1, 1, 1, 16])
  ablation_vector shape: torch.Size([16])
  component shape: torch.Size([1, 1, 1, 16])
  Mean |component| being removed: 0.411301
  Mean |x_t| before ablation: 643.854919
  Mean |x_t| after ablation: 643.854797
USING PRECUED ITEMS - SHOULD NEVER BE DONE IN TRAINING
[denoise_one_step] t_idx=1
  x_t shape: torch.Size([1, 1, 1, 16])
  ablation_vector shape: torch.Size([16])
  component shape: torch.Size([1, 1, 1, 16])
  Mean |component| being removed: 0.264503
  Mean |x_t| before ablation: 582.440308
  Mean |x_t| after ablation: 582.440247
USING PRECUED ITEMS - SHOULD NEVER BE DONE IN TRAINING
[denoise_one_step] t_idx=1
  x_t shape: torch.Size([1, 1, 1, 16])
  ablation_vector shape: torch.Size([16])
  component shape: torch.Size([1, 1, 1, 16])
  Mean |component| being removed: 0.846752
  Mean |x_t| before ablation: 465.367981
  Mean |x_t| after ablation: 465.367218
USING PRECUED ITEMS - SHOULD NEVER BE DONE IN TRAINING
[denoise_one_step] t_idx=1
  x_t shape: torch.Size([1, 1, 1, 16])
  ablation_vector shape: torch.Size([16])
  component shape: torch.Size([1, 1, 1, 16])
  Mean |component| being removed: 0.470875
  Mean |x_t| before ablation: 351.157715
  Mean |x_t| after ablation: 351.157379
USING PRECUED ITEMS - SHOULD NEVER BE DONE IN TRAINING
[denoise_one_step] t_idx=1
  x_t shape: torch.Size([1, 1, 1, 16])
  ablation_vector shape: torch.Size([16])
  component shape: torch.Size([1, 1, 1, 16])
  Mean |component| being removed: 1.037926
  Mean |x_t| before ablation: 273.553986
  Mean |x_t| after ablation: 273.552032
USING PRECUED ITEMS - SHOULD NEVER BE DONE IN TRAINING
[denoise_one_step] t_idx=1
  x_t shape: torch.Size([1, 1, 1, 16])
  ablation_vector shape: torch.Size([16])
  component shape: torch.Size([1, 1, 1, 16])
  Mean |component| being removed: 3.431789
  Mean |x_t| before ablation: 312.325256
  Mean |x_t| after ablation: 312.306427
USING PRECUED ITEMS - SHOULD NEVER BE DONE IN TRAINING
[denoise_one_step] t_idx=1
  x_t shape: torch.Size([1, 1, 1, 16])
  ablation_vector shape: torch.Size([16])
  component shape: torch.Size([1, 1, 1, 16])
  Mean |component| being removed: 4.679893
  Mean |x_t| before ablation: 378.203400
  Mean |x_t| after ablation: 378.174438
USING PRECUED ITEMS - SHOULD NEVER BE DONE IN TRAINING
[denoise_one_step] t_idx=1
  x_t shape: torch.Size([1, 1, 1, 16])
  ablation_vector shape: torch.Size([16])
  component shape: torch.Size([1, 1, 1, 16])
  Mean |component| being removed: 4.249218
  Mean |x_t| before ablation: 542.552551
  Mean |x_t| after ablation: 542.535889
USING PRECUED ITEMS - SHOULD NEVER BE DONE IN TRAINING
[denoise_one_step] t_idx=1
  x_t shape: torch.Size([1, 1, 1, 16])
  ablation_vector shape: torch.Size([16])
  component shape: torch.Size([1, 1, 1, 16])
  Mean |component| being removed: 4.591553
  Mean |x_t| before ablation: 562.023682
  Mean |x_t| after ablation: 562.004883
USING PRECUED ITEMS - SHOULD NEVER BE DONE IN TRAINING
[denoise_one_step] t_idx=1
  x_t shape: torch.Size([1, 1, 1, 16])
  ablation_vector shape: torch.Size([16])
  component shape: torch.Size([1, 1, 1, 16])
  Mean |component| being removed: 3.587692
  Mean |x_t| before ablation: 558.473267
  Mean |x_t| after ablation: 558.461731
USING PRECUED ITEMS - SHOULD NEVER BE DONE IN TRAINING
[denoise_one_step] t_idx=1
  x_t shape: torch.Size([1, 1, 1, 16])
  ablation_vector shape: torch.Size([16])
  component shape: torch.Size([1, 1, 1, 16])
  Mean |component| being removed: 0.796288
  Mean |x_t| before ablation: 571.063232
  Mean |x_t| after ablation: 571.062683
USING PRECUED ITEMS - SHOULD NEVER BE DONE IN TRAINING
[denoise_one_step] t_idx=1
  x_t shape: torch.Size([1, 1, 1, 16])
  ablation_vector shape: torch.Size([16])
  component shape: torch.Size([1, 1, 1, 16])
  Mean |component| being removed: 0.310303
  Mean |x_t| before ablation: 592.266541
  Mean |x_t| after ablation: 592.266479
USING PRECUED ITEMS - SHOULD NEVER BE DONE IN TRAINING
[denoise_one_step] t_idx=1
  x_t shape: torch.Size([1, 1, 1, 16])
  ablation_vector shape: torch.Size([16])
  component shape: torch.Size([1, 1, 1, 16])
  Mean |component| being removed: 1.163483
  Mean |x_t| before ablation: 579.546509
  Mean |x_t| after ablation: 579.545349
USING PRECUED ITEMS - SHOULD NEVER BE DONE IN TRAINING
[denoise_one_step] t_idx=1
  x_t shape: torch.Size([1, 1, 1, 16])
  ablation_vector shape: torch.Size([16])
  component shape: torch.Size([1, 1, 1, 16])
  Mean |component| being removed: 0.571091
  Mean |x_t| before ablation: 507.355042
  Mean |x_t| after ablation: 507.354706
USING PRECUED ITEMS - SHOULD NEVER BE DONE IN TRAINING
[denoise_one_step] t_idx=1
  x_t shape: torch.Size([1, 1, 1, 16])
  ablation_vector shape: torch.Size([16])
  component shape: torch.Size([1, 1, 1, 16])
  Mean |component| being removed: 0.184891
  Mean |x_t| before ablation: 465.185486
  Mean |x_t| after ablation: 465.185455
USING PRECUED ITEMS - SHOULD NEVER BE DONE IN TRAINING
[denoise_one_step] t_idx=1
  x_t shape: torch.Size([1, 1, 1, 16])
  ablation_vector shape: torch.Size([16])
  component shape: torch.Size([1, 1, 1, 16])
  Mean |component| being removed: 0.543716
  Mean |x_t| before ablation: 402.996674
  Mean |x_t| after ablation: 402.996277
USING PRECUED ITEMS - SHOULD NEVER BE DONE IN TRAINING
[denoise_one_step] t_idx=1
  x_t shape: torch.Size([1, 1, 1, 16])
  ablation_vector shape: torch.Size([16])
  component shape: torch.Size([1, 1, 1, 16])
  Mean |component| being removed: 2.600769
  Mean |x_t| before ablation: 349.693634
  Mean |x_t| after ablation: 349.683960
USING PRECUED ITEMS - SHOULD NEVER BE DONE IN TRAINING
[denoise_one_step] t_idx=1
  x_t shape: torch.Size([1, 1, 1, 16])
  ablation_vector shape: torch.Size([16])
  component shape: torch.Size([1, 1, 1, 16])
  Mean |component| being removed: 3.345288
  Mean |x_t| before ablation: 388.050812
  Mean |x_t| after ablation: 388.036377
USING PRECUED ITEMS - SHOULD NEVER BE DONE IN TRAINING
[denoise_one_step] t_idx=1
  x_t shape: torch.Size([1, 1, 1, 16])
  ablation_vector shape: torch.Size([16])
  component shape: torch.Size([1, 1, 1, 16])
  Mean |component| being removed: 4.116589
  Mean |x_t| before ablation: 468.670013
  Mean |x_t| after ablation: 468.651917
USING PRECUED ITEMS - SHOULD NEVER BE DONE IN TRAINING
[denoise_one_step] t_idx=1
  x_t shape: torch.Size([1, 1, 1, 16])
  ablation_vector shape: torch.Size([16])
  component shape: torch.Size([1, 1, 1, 16])
  Mean |component| being removed: 4.014191
  Mean |x_t| before ablation: 587.193176
  Mean |x_t| after ablation: 587.179443
USING PRECUED ITEMS - SHOULD NEVER BE DONE IN TRAINING
[denoise_one_step] t_idx=1
  x_t shape: torch.Size([1, 1, 1, 16])
  ablation_vector shape: torch.Size([16])
  component shape: torch.Size([1, 1, 1, 16])
  Mean |component| being removed: 4.320538
  Mean |x_t| before ablation: 506.361847
  Mean |x_t| after ablation: 506.343414
USING PRECUED ITEMS - SHOULD NEVER BE DONE IN TRAINING
[denoise_one_step] t_idx=1
  x_t shape: torch.Size([1, 1, 1, 16])
  ablation_vector shape: torch.Size([16])
  component shape: torch.Size([1, 1, 1, 16])
  Mean |component| being removed: 2.166138
  Mean |x_t| before ablation: 455.165131
  Mean |x_t| after ablation: 455.159973
USING PRECUED ITEMS - SHOULD NEVER BE DONE IN TRAINING
[denoise_one_step] t_idx=1
  x_t shape: torch.Size([1, 1, 1, 16])
  ablation_vector shape: torch.Size([16])
  component shape: torch.Size([1, 1, 1, 16])
  Mean |component| being removed: 0.960464
  Mean |x_t| before ablation: 447.638062
  Mean |x_t| after ablation: 447.637054
USING PRECUED ITEMS - SHOULD NEVER BE DONE IN TRAINING
[denoise_one_step] t_idx=1
  x_t shape: torch.Size([1, 1, 1, 16])
  ablation_vector shape: torch.Size([16])
  component shape: torch.Size([1, 1, 1, 16])
  Mean |component| being removed: 0.113949
  Mean |x_t| before ablation: 438.515259
  Mean |x_t| after ablation: 438.515259
USING PRECUED ITEMS - SHOULD NEVER BE DONE IN TRAINING
[denoise_one_step] t_idx=1
  x_t shape: torch.Size([1, 1, 1, 16])
  ablation_vector shape: torch.Size([16])
  component shape: torch.Size([1, 1, 1, 16])
  Mean |component| being removed: 0.425232
  Mean |x_t| before ablation: 437.174225
  Mean |x_t| after ablation: 437.174011
USING PRECUED ITEMS - SHOULD NEVER BE DONE IN TRAINING
[denoise_one_step] t_idx=1
  x_t shape: torch.Size([1, 1, 1, 16])
  ablation_vector shape: torch.Size([16])
  component shape: torch.Size([1, 1, 1, 16])
  Mean |component| being removed: 0.291950
  Mean |x_t| before ablation: 415.882568
  Mean |x_t| after ablation: 415.882446
USING PRECUED ITEMS - SHOULD NEVER BE DONE IN TRAINING
[denoise_one_step] t_idx=1
  x_t shape: torch.Size([1, 1, 1, 16])
  ablation_vector shape: torch.Size([16])
  component shape: torch.Size([1, 1, 1, 16])
  Mean |component| being removed: 0.053818
  Mean |x_t| before ablation: 384.888611
  Mean |x_t| after ablation: 384.888580
USING PRECUED ITEMS - SHOULD NEVER BE DONE IN TRAINING
[denoise_one_step] t_idx=1
  x_t shape: torch.Size([1, 1, 1, 16])
  ablation_vector shape: torch.Size([16])
  component shape: torch.Size([1, 1, 1, 16])
  Mean |component| being removed: 1.463013
  Mean |x_t| before ablation: 362.738251
  Mean |x_t| after ablation: 362.735321
Binning and averaging each preparatory timestep by cued-color bin...
Global PCA explained variance ratio: [0.73734176 0.13529358 0.07268094]
Global PCA cumulative variance: [0.73734176 0.87263534 0.94531628]
Binning and averaging each diffusion timestep by cued-color bin...
Diffusion PCA explained variance ratio: [0.69607768 0.16883184 0.07625244]
Diffusion PCA cumulative variance: [0.69607768 0.86490953 0.94116196]
Saved outputs:
  [dir_12] /scratch3/shaiq_home/repos/behaviour_ddpm/ddpm/analysis/new_analysis/results/3D_plots/teacher_individualized_pca_index_cued_first_diffusion_0.3_swap_7/dir_12/prospective_memory_global_pca_all_prep_steps_3d_dir_12.png
  [dir_12] /scratch3/shaiq_home/repos/behaviour_ddpm/ddpm/analysis/new_analysis/results/3D_plots/teacher_individualized_pca_index_cued_first_diffusion_0.3_swap_7/dir_12/prospective_memory_global_pca_prep_spatial_rings_over_time_3d_dir_12.png
  [dir_12] /scratch3/shaiq_home/repos/behaviour_ddpm/ddpm/analysis/new_analysis/results/3D_plots/teacher_individualized_pca_index_cued_first_diffusion_0.3_swap_7/dir_12/prospective_memory_global_pca_all_diffusion_steps_3d_dir_12.png
  [dir_12] /scratch3/shaiq_home/repos/behaviour_ddpm/ddpm/analysis/new_analysis/results/3D_plots/teacher_individualized_pca_index_cued_first_diffusion_0.3_swap_7/dir_12/prospective_memory_global_pca_diffusion_spatial_rings_over_time_3d_dir_12.png
  /scratch3/shaiq_home/repos/behaviour_ddpm/ddpm/analysis/new_analysis/results/3D_plots/teacher_individualized_pca_index_cued_first_diffusion_0.3_swap_7/dir_12/global_pca_trajectory_data.npz
  /scratch3/shaiq_home/repos/behaviour_ddpm/ddpm/analysis/new_analysis/results/3D_plots/teacher_individualized_pca_index_cued_first_diffusion_0.3_swap_7/dir_12/global_pca_diffusion_data.npz
  /scratch3/shaiq_home/repos/behaviour_ddpm/ddpm/analysis/new_analysis/results/3D_plots/teacher_individualized_pca_index_cued_first_diffusion_0.3_swap_7/dir_12/global_pca_trajectory_summary.json
