Nullspace: (14, 16)
  loaded abl0_s0  (288, 512, 66, 14)
  loaded abl0_s1  (288, 512, 66, 14)
  loaded abl1_s0  (288, 512, 66, 14)
  loaded abl1_s1  (288, 512, 66, 14)
  loaded abl1_s2  (288, 512, 66, 14)
  loaded abl1_s3  (288, 512, 66, 14)
  loaded abl1_s4  (288, 512, 66, 14)
  loaded abl2_s0  (288, 512, 66, 14)
  loaded abl3_s0  (288, 512, 66, 14)
  loaded abl4_s0  (288, 512, 66, 14)
  loaded abl5_s0  (288, 512, 66, 14)
  loaded abl6_s0  (288, 512, 66, 14)
  loaded abl7_s0  (288, 512, 66, 14)
  loaded abl9_s0  (288, 512, 66, 14)
  loaded abl10_s0  (288, 512, 66, 14)
  loaded abl11_s0  (288, 512, 66, 14)
  loaded abl12_s0  (288, 512, 66, 14)
  loaded abl12_s1  (288, 512, 66, 14)
  loaded abl13_s0  (288, 512, 66, 14)
  loaded no_abl  (288, 512, 66, 14)

Computing 20×20 student-student heatmap (allow_scaling=True) ...
  [ 0, 0]  residual=0.0000  id_residual=0.0000  c=1.000  restarts=['0.0000', '0.0000', '0.0000']
  [ 0, 1]  residual=0.5847  id_residual=0.9197  c=0.839  restarts=['0.5847', '0.5847', '0.5847']
  [ 0, 2]  residual=1.0409  id_residual=1.4385  c=0.816  restarts=['1.0409', '1.0409', '1.0409']
  [ 0, 3]  residual=0.8048  id_residual=1.1984  c=0.789  restarts=['0.8048', '0.8048', '0.8048']
  [ 0, 4]  residual=0.9508  id_residual=1.3372  c=0.857  restarts=['0.9508', '0.9508', '0.9508']
  [ 0, 5]  residual=0.9038  id_residual=1.2783  c=0.678  restarts=['0.9038', '0.9038', '0.9038']
  [ 0, 6]  residual=1.0751  id_residual=1.3867  c=0.705  restarts=['1.0751', '1.0751', '1.0751']
  [ 0, 7]  residual=1.0391  id_residual=1.3636  c=1.039  restarts=['1.0391', '1.0391', '1.0391']
  [ 0, 8]  residual=0.4690  id_residual=0.9623  c=0.507  restarts=['0.4690', '0.4690', '0.4690']
  [ 0, 9]  residual=0.5846  id_residual=0.9525  c=0.774  restarts=['0.5846', '0.5846', '0.5846']
  [ 0,10]  residual=1.0198  id_residual=1.4109  c=0.984  restarts=['1.0198', '1.0198', '1.0198']
  [ 0,11]  residual=1.9925  id_residual=2.3305  c=1.249  restarts=['1.9925', '1.9925', '1.9925']
  [ 0,12]  residual=1.5712  id_residual=2.0327  c=1.656  restarts=['1.5712', '1.5712', '1.5712']
  [ 0,13]  residual=2.4109  id_residual=2.7838  c=1.024  restarts=['2.4109', '2.4109', '2.4109']
  [ 0,14]  residual=0.8193  id_residual=1.1065  c=0.628  restarts=['0.8193', '0.8193', '0.8193']
  [ 0,15]  residual=0.7946  id_residual=1.3001  c=0.232  restarts=['0.7946', '0.7946', '0.7946']
  [ 0,16]  residual=0.6853  id_residual=1.1696  c=0.634  restarts=['0.6853', '0.6853', '0.6853']
  [ 0,17]  residual=0.6278  id_residual=1.1743  c=0.639  restarts=['0.6278', '0.6278', '0.6278']
  [ 0,18]  residual=0.7849  id_residual=1.3463  c=0.902  restarts=['0.7849', '0.7849', '0.7849']
  [ 0,19]  residual=1.0191  id_residual=1.3786  c=1.014  restarts=['1.0191', '1.0191', '1.0191']
  [ 1, 0]  residual=0.5592  id_residual=0.8994  c=0.802  restarts=['0.5592', '0.5592', '0.5592']
  [ 1, 1]  residual=0.0000  id_residual=0.0000  c=1.000  restarts=['0.0000', '0.0000', '0.0000']
  [ 1, 2]  residual=0.9290  id_residual=1.1941  c=0.900  restarts=['0.9290', '0.9290', '0.9290']
  [ 1, 3]  residual=0.7888  id_residual=1.0928  c=0.770  restarts=['0.7888', '0.7888', '0.7888']
  [ 1, 4]  residual=0.8813  id_residual=1.1777  c=0.889  restarts=['0.8813', '0.8813', '0.8813']
  [ 1, 5]  residual=0.8177  id_residual=1.1179  c=0.743  restarts=['0.8177', '0.8177', '0.8177']
  [ 1, 6]  residual=0.9502  id_residual=1.2253  c=0.824  restarts=['0.9503', '0.9503', '0.9502']
  [ 1, 7]  residual=0.9788  id_residual=1.2502  c=1.053  restarts=['0.9788', '0.9788', '0.9788']
  [ 1, 8]  residual=0.4477  id_residual=0.9552  c=0.506  restarts=['0.4477', '0.4477', '0.4477']
  [ 1, 9]  residual=0.5739  id_residual=0.8382  c=0.755  restarts=['0.5739', '0.5739', '0.5739']
  [ 1,10]  residual=1.0191  id_residual=1.3152  c=0.939  restarts=['1.0191', '1.0191', '1.0191']
  [ 1,11]  residual=2.0913  id_residual=2.3839  c=0.956  restarts=['2.0913', '2.0913', '2.0913']
  [ 1,12]  residual=1.6061  id_residual=1.9496  c=1.550  restarts=['1.6061', '1.6061', '1.6061']
  [ 1,13]  residual=2.4032  id_residual=2.6174  c=0.888  restarts=['2.4032', '2.4032', '2.4032']
  [ 1,14]  residual=0.7122  id_residual=0.9906  c=0.716  restarts=['0.7122', '0.7122', '0.7122']
  [ 1,15]  residual=0.7803  id_residual=1.2678  c=0.215  restarts=['0.7803', '0.7803', '0.7803']
  [ 1,16]  residual=0.6882  id_residual=1.1342  c=0.600  restarts=['0.6882', '0.6882', '0.6882']
  [ 1,17]  residual=0.6481  id_residual=1.0790  c=0.589  restarts=['0.6481', '0.6481', '0.6481']
  [ 1,18]  residual=0.7294  id_residual=1.3202  c=0.914  restarts=['0.7294', '0.7294', '0.7294']
  [ 1,19]  residual=1.0426  id_residual=1.3607  c=0.943  restarts=['1.0426', '1.0426', '1.0426']
  [ 2, 0]  residual=0.5951  id_residual=1.0877  c=0.466  restarts=['0.5951', '0.5951', '0.5951']
  [ 2, 1]  residual=0.5553  id_residual=0.9232  c=0.538  restarts=['0.5553', '0.5553', '0.5553']
  [ 2, 2]  residual=0.0000  id_residual=0.0000  c=1.000  restarts=['0.0000', '0.0000', '0.0000']
  [ 2, 3]  residual=0.4338  id_residual=0.8419  c=0.733  restarts=['0.4338', '0.4338', '0.4338']
  [ 2, 4]  residual=0.4012  id_residual=0.8378  c=0.881  restarts=['0.4012', '0.4012', '0.4012']
  [ 2, 5]  residual=0.3954  id_residual=0.8067  c=0.757  restarts=['0.3954', '0.3954', '0.3954']
  [ 2, 6]  residual=0.4551  id_residual=0.8441  c=0.859  restarts=['0.4551', '0.4551', '0.4551']
  [ 2, 7]  residual=0.7327  id_residual=1.1531  c=0.835  restarts=['0.7327', '0.7327', '0.7327']
  [ 2, 8]  residual=0.3982  id_residual=1.0074  c=0.338  restarts=['0.3982', '0.3982', '0.3982']
  [ 2, 9]  residual=0.4707  id_residual=0.9932  c=0.562  restarts=['0.4707', '0.4707', '0.4707']
  [ 2,10]  residual=0.6764  id_residual=0.9806  c=0.831  restarts=['0.6764', '0.6764', '0.6764']
  [ 2,11]  residual=1.6689  id_residual=1.9870  c=0.613  restarts=['1.6689', '1.6689', '1.6689']
  [ 2,12]  residual=1.3275  id_residual=1.6837  c=1.103  restarts=['1.3275', '1.3275', '1.3275']
  [ 2,13]  residual=1.8364  id_residual=2.0717  c=0.742  restarts=['1.8364', '1.8364', '1.8364']
  [ 2,14]  residual=0.4238  id_residual=0.9300  c=0.655  restarts=['0.4238', '0.4238', '0.4238']
  [ 2,15]  residual=0.6066  id_residual=1.1613  c=0.154  restarts=['0.6066', '0.6066', '0.6066']
  [ 2,16]  residual=0.5389  id_residual=0.9784  c=0.456  restarts=['0.5389', '0.5389', '0.5389']
  [ 2,17]  residual=0.5191  id_residual=0.9767  c=0.435  restarts=['0.5191', '0.5191', '0.5191']
  [ 2,18]  residual=0.5191  id_residual=1.1314  c=0.740  restarts=['0.5191', '0.5191', '0.5191']
  [ 2,19]  residual=0.6799  id_residual=1.1907  c=0.848  restarts=['0.6799', '0.6799', '0.6799']
  [ 3, 0]  residual=0.6336  id_residual=1.0633  c=0.621  restarts=['0.6336', '0.6336', '0.6336']
  [ 3, 1]  residual=0.6493  id_residual=0.9915  c=0.634  restarts=['0.6493', '0.6493', '0.6493']
  [ 3, 2]  residual=0.5974  id_residual=0.9880  c=1.010  restarts=['0.5974', '0.5974', '0.5974']
  [ 3, 3]  residual=0.0000  id_residual=0.0000  c=1.000  restarts=['0.0000', '0.0000', '0.0000']
  [ 3, 4]  residual=0.4652  id_residual=0.9167  c=1.036  restarts=['0.4652', '0.4652', '0.4652']
  [ 3, 5]  residual=0.5408  id_residual=0.8183  c=0.844  restarts=['0.5408', '0.5408', '0.5408']
  [ 3, 6]  residual=0.6828  id_residual=1.0074  c=0.914  restarts=['0.6828', '0.6828', '0.6828']
  [ 3, 7]  residual=0.9300  id_residual=1.3410  c=0.914  restarts=['0.9300', '0.9300', '0.9300']
  [ 3, 8]  residual=0.4206  id_residual=0.9777  c=0.446  restarts=['0.4206', '0.4206', '0.4206']
  [ 3, 9]  residual=0.4930  id_residual=0.9827  c=0.705  restarts=['0.4930', '0.4930', '0.4930']
  [ 3,10]  residual=0.8587  id_residual=1.1265  c=0.919  restarts=['0.8587', '0.8587', '0.8587']
  [ 3,11]  residual=1.7854  id_residual=2.0792  c=1.080  restarts=['1.7854', '1.7854', '1.7854']
  [ 3,12]  residual=1.5414  id_residual=1.9159  c=1.314  restarts=['1.5414', '1.5414', '1.5414']
  [ 3,13]  residual=2.0863  id_residual=2.4671  c=1.024  restarts=['2.0863', '2.0863', '2.0863']
  [ 3,14]  residual=0.5797  id_residual=0.9822  c=0.709  restarts=['0.5797', '0.5797', '0.5797']
  [ 3,15]  residual=0.6950  id_residual=1.2619  c=0.237  restarts=['0.6950', '0.6950', '0.6950']
  [ 3,16]  residual=0.6685  id_residual=1.1182  c=0.489  restarts=['0.6685', '0.6685', '0.6685']
  [ 3,17]  residual=0.6219  id_residual=1.1145  c=0.495  restarts=['0.6219', '0.6219', '0.6219']
  [ 3,18]  residual=0.6662  id_residual=1.2611  c=0.826  restarts=['0.6662', '0.6662', '0.6662']
  [ 3,19]  residual=0.8764  id_residual=1.2020  c=0.927  restarts=['0.8764', '0.8764', '0.8764']
  [ 4, 0]  residual=0.5806  id_residual=1.0449  c=0.523  restarts=['0.5806', '0.5806', '0.5806']
  [ 4, 1]  residual=0.5626  id_residual=0.9410  c=0.567  restarts=['0.5626', '0.5626', '0.5626']
  [ 4, 2]  residual=0.4285  id_residual=0.8659  c=0.940  restarts=['0.4285', '0.4285', '0.4285']
  [ 4, 3]  residual=0.3608  id_residual=0.8073  c=0.803  restarts=['0.3608', '0.3608', '0.3608']
  [ 4, 4]  residual=0.0000  id_residual=0.0000  c=1.000  restarts=['0.0000', '0.0000', '0.0000']
  [ 4, 5]  residual=0.3604  id_residual=0.6207  c=0.806  restarts=['0.3604', '0.3604', '0.3604']
  [ 4, 6]  residual=0.5047  id_residual=0.9552  c=0.869  restarts=['0.5047', '0.5047', '0.5047']
  [ 4, 7]  residual=0.7683  id_residual=1.2073  c=0.854  restarts=['0.7683', '0.7683', '0.7683']
  [ 4, 8]  residual=0.3759  id_residual=0.9408  c=0.387  restarts=['0.3759', '0.3759', '0.3759']
  [ 4, 9]  residual=0.4311  id_residual=0.9293  c=0.623  restarts=['0.4311', '0.4311', '0.4311']
  [ 4,10]  residual=0.7096  id_residual=1.0017  c=0.850  restarts=['0.7096', '0.7096', '0.7096']
  [ 4,11]  residual=1.6517  id_residual=1.9827  c=0.805  restarts=['1.6517', '1.6517', '1.6517']
  [ 4,12]  residual=1.3055  id_residual=1.6186  c=1.215  restarts=['1.3055', '1.3055', '1.3055']
  [ 4,13]  residual=1.8515  id_residual=2.2024  c=0.873  restarts=['1.8515', '1.8515', '1.8515']
  [ 4,14]  residual=0.4734  id_residual=0.9046  c=0.653  restarts=['0.4734', '0.4734', '0.4734']
  [ 4,15]  residual=0.6155  id_residual=1.1757  c=0.199  restarts=['0.6155', '0.6155', '0.6155']
  [ 4,16]  residual=0.5613  id_residual=1.0211  c=0.466  restarts=['0.5613', '0.5613', '0.5613']
  [ 4,17]  residual=0.5320  id_residual=0.9914  c=0.455  restarts=['0.5320', '0.5320', '0.5320']
  [ 4,18]  residual=0.5190  id_residual=1.1861  c=0.777  restarts=['0.5190', '0.5190', '0.5190']
  [ 4,19]  residual=0.7457  id_residual=0.9995  c=0.840  restarts=['0.7457', '0.7457', '0.7457']
  [ 5, 0]  residual=0.7081  id_residual=1.1315  c=0.531  restarts=['0.7081', '0.7081', '0.7081']
  [ 5, 1]  residual=0.6698  id_residual=1.0117  c=0.609  restarts=['0.6698', '0.6698', '0.6698']
  [ 5, 2]  residual=0.5418  id_residual=0.9444  c=1.038  restarts=['0.5418', '0.5418', '0.5418']
  [ 5, 3]  residual=0.5381  id_residual=0.8163  c=0.840  restarts=['0.5381', '0.5381', '0.5381']
  [ 5, 4]  residual=0.4624  id_residual=0.7031  c=1.034  restarts=['0.4624', '0.4624', '0.4624']
  [ 5, 5]  residual=0.0000  id_residual=0.0000  c=1.000  restarts=['0.0000', '0.0000', '0.0000']
  [ 5, 6]  residual=0.4942  id_residual=0.8787  c=1.025  restarts=['0.4942', '0.4942', '0.4942']
  [ 5, 7]  residual=0.9120  id_residual=1.3623  c=0.928  restarts=['0.9120', '0.9120', '0.9120']
  [ 5, 8]  residual=0.4633  id_residual=0.9716  c=0.399  restarts=['0.4633', '0.4633', '0.4633']
  [ 5, 9]  residual=0.5318  id_residual=0.9802  c=0.674  restarts=['0.5318', '0.5318', '0.5318']
  [ 5,10]  residual=0.8589  id_residual=1.0827  c=0.914  restarts=['0.8589', '0.8589', '0.8589']
  [ 5,11]  residual=1.9633  id_residual=2.2769  c=0.691  restarts=['1.9633', '1.9633', '1.9633']
  [ 5,12]  residual=1.6144  id_residual=1.9224  c=1.215  restarts=['1.6144', '1.6144', '1.6144']
  [ 5,13]  residual=2.1750  id_residual=2.4389  c=0.803  restarts=['2.1750', '2.1750', '2.1750']
  [ 5,14]  residual=0.5570  id_residual=0.9492  c=0.724  restarts=['0.5570', '0.5570', '0.5570']
  [ 5,15]  residual=0.7121  id_residual=1.2147  c=0.172  restarts=['0.7121', '0.7121', '0.7121']
  [ 5,16]  residual=0.6709  id_residual=1.1317  c=0.482  restarts=['0.6709', '0.6709', '0.6709']
  [ 5,17]  residual=0.6500  id_residual=1.0985  c=0.454  restarts=['0.6500', '0.6500', '0.6500']
  [ 5,18]  residual=0.6129  id_residual=1.2789  c=0.863  restarts=['0.6129', '0.6129', '0.6129']
  [ 5,19]  residual=0.8661  id_residual=1.1986  c=0.932  restarts=['0.8661', '0.8661', '0.8661']
  [ 6, 0]  residual=0.6502  id_residual=1.0784  c=0.427  restarts=['0.6502', '0.6502', '0.6502']
  [ 6, 1]  residual=0.6009  id_residual=0.9743  c=0.521  restarts=['0.6009', '0.6009', '0.6009']
  [ 6, 2]  residual=0.4815  id_residual=0.8682  c=0.909  restarts=['0.4815', '0.4815', '0.4815']
  [ 6, 3]  residual=0.5245  id_residual=0.8829  c=0.702  restarts=['0.5245', '0.5245', '0.5245']
  [ 6, 4]  residual=0.4999  id_residual=0.9506  c=0.861  restarts=['0.4999', '0.4999', '0.4999']
  [ 6, 5]  residual=0.3815  id_residual=0.7720  c=0.791  restarts=['0.3815', '0.3815', '0.3815']
  [ 6, 6]  residual=0.0000  id_residual=0.0000  c=1.000  restarts=['0.0000', '0.0000', '0.0000']
  [ 6, 7]  residual=0.8271  id_residual=1.1801  c=0.789  restarts=['0.8271', '0.8271', '0.8271']
  [ 6, 8]  residual=0.3942  id_residual=1.0024  c=0.365  restarts=['0.3942', '0.3942', '0.3942']
  [ 6, 9]  residual=0.5007  id_residual=0.9190  c=0.564  restarts=['0.5007', '0.5007', '0.5007']
  [ 6,10]  residual=0.8246  id_residual=1.1057  c=0.731  restarts=['0.8246', '0.8246', '0.8246']
  [ 6,11]  residual=1.7436  id_residual=2.0839  c=0.551  restarts=['1.7436', '1.7436', '1.7436']
  [ 6,12]  residual=1.4515  id_residual=1.6977  c=1.022  restarts=['1.4515', '1.4515', '1.4515']
  [ 6,13]  residual=1.9117  id_residual=2.1596  c=0.704  restarts=['1.9117', '1.9117', '1.9117']
  [ 6,14]  residual=0.4903  id_residual=0.8962  c=0.636  restarts=['0.4903', '0.4903', '0.4904']
  [ 6,15]  residual=0.6230  id_residual=1.1357  c=0.162  restarts=['0.6230', '0.6230', '0.6230']
  [ 6,16]  residual=0.6105  id_residual=1.1136  c=0.393  restarts=['0.6105', '0.6105', '0.6105']
  [ 6,17]  residual=0.5951  id_residual=1.1084  c=0.362  restarts=['0.5951', '0.5951', '0.5951']
  [ 6,18]  residual=0.5419  id_residual=1.2359  c=0.756  restarts=['0.5419', '0.5419', '0.5419']
  [ 6,19]  residual=0.8261  id_residual=1.2231  c=0.753  restarts=['0.8261', '0.8261', '0.8261']
  [ 7, 0]  residual=0.4810  id_residual=0.9277  c=0.481  restarts=['0.4810', '0.4810', '0.4810']
  [ 7, 1]  residual=0.4737  id_residual=0.8697  c=0.509  restarts=['0.4737', '0.4737', '0.4737']
  [ 7, 2]  residual=0.5933  id_residual=1.0376  c=0.677  restarts=['0.5933', '0.5933', '0.5933']
  [ 7, 3]  residual=0.5469  id_residual=1.0283  c=0.538  restarts=['0.5469', '0.5469', '0.5469']
  [ 7, 4]  residual=0.5825  id_residual=1.0512  c=0.647  restarts=['0.5825', '0.5825', '0.5825']
  [ 7, 5]  residual=0.5389  id_residual=1.0472  c=0.548  restarts=['0.5389', '0.5389', '0.5389']
  [ 7, 6]  residual=0.6331  id_residual=1.0324  c=0.604  restarts=['0.6331', '0.6331', '0.6331']
  [ 7, 7]  residual=0.0000  id_residual=0.0000  c=1.000  restarts=['0.0000', '0.0000', '0.0000']
  [ 7, 8]  residual=0.3207  id_residual=0.9811  c=0.343  restarts=['0.3207', '0.3207', '0.3207']
  [ 7, 9]  residual=0.4262  id_residual=0.8631  c=0.504  restarts=['0.4262', '0.4262', '0.4262']
  [ 7,10]  residual=0.5578  id_residual=1.0963  c=0.787  restarts=['0.5578', '0.5578', '0.5578']
  [ 7,11]  residual=1.4881  id_residual=1.7853  c=0.588  restarts=['1.4881', '1.4881', '1.4881']
  [ 7,12]  residual=1.0254  id_residual=1.3004  c=1.166  restarts=['1.0254', '1.0254', '1.0254']
  [ 7,13]  residual=1.6671  id_residual=1.9362  c=0.630  restarts=['1.6671', '1.6671', '1.6671']
  [ 7,14]  residual=0.4494  id_residual=0.8695  c=0.540  restarts=['0.4494', '0.4494', '0.4494']
  [ 7,15]  residual=0.5442  id_residual=1.1377  c=0.145  restarts=['0.5442', '0.5442', '0.5442']
  [ 7,16]  residual=0.4724  id_residual=0.9378  c=0.425  restarts=['0.4724', '0.4724', '0.4724']
  [ 7,17]  residual=0.4443  id_residual=0.9481  c=0.417  restarts=['0.4443', '0.4443', '0.4443']
  [ 7,18]  residual=0.4992  id_residual=1.0393  c=0.643  restarts=['0.4992', '0.4992', '0.4992']
  [ 7,19]  residual=0.6166  id_residual=1.0732  c=0.759  restarts=['0.6166', '0.6166', '0.6166']
  [ 8, 0]  residual=0.9835  id_residual=1.3935  c=1.063  restarts=['0.9836', '0.9835', '0.9835']
  [ 8, 1]  residual=0.9815  id_residual=1.4143  c=1.109  restarts=['0.9815', '0.9815', '0.9815']
  [ 8, 2]  residual=1.4605  id_residual=1.9293  c=1.239  restarts=['1.4605', '1.4605', '1.4605']
  [ 8, 3]  residual=1.1203  id_residual=1.5957  c=1.187  restarts=['1.1203', '1.1203', '1.1203']
  [ 8, 4]  residual=1.2908  id_residual=1.7435  c=1.330  restarts=['1.2908', '1.2908', '1.2908']
  [ 8, 5]  residual=1.2400  id_residual=1.5896  c=1.067  restarts=['1.2400', '1.2401', '1.2401']
  [ 8, 6]  residual=1.3670  id_residual=1.8666  c=1.264  restarts=['1.3670', '1.3670', '1.3670']
  [ 8, 7]  residual=1.4527  id_residual=2.0881  c=1.556  restarts=['1.4527', '1.4527', '1.4527']
  [ 8, 8]  residual=0.0000  id_residual=0.0000  c=1.000  restarts=['0.0000', '0.0000', '0.0000']
  [ 8, 9]  residual=0.8679  id_residual=1.4130  c=1.104  restarts=['0.8680', '0.8679', '0.8679']
  [ 8,10]  residual=1.5308  id_residual=1.9801  c=1.367  restarts=['1.5308', '1.5308', '1.5308']
  [ 8,11]  residual=2.9922  id_residual=3.5176  c=1.625  restarts=['2.9922', '2.9922', '2.9922']
  [ 8,12]  residual=2.2690  id_residual=3.2480  c=2.404  restarts=['2.2690', '2.2690', '2.2690']
  [ 8,13]  residual=3.4194  id_residual=3.8217  c=1.642  restarts=['3.4194', '3.4195', '3.4194']
  [ 8,14]  residual=1.0978  id_residual=1.5268  c=1.015  restarts=['1.0978', '1.0978', '1.0978']
  [ 8,15]  residual=1.1251  id_residual=1.5587  c=0.413  restarts=['1.1251', '1.1251', '1.1251']
  [ 8,16]  residual=1.0862  id_residual=1.4089  c=0.805  restarts=['1.0862', '1.0863', '1.0863']
  [ 8,17]  residual=1.0092  id_residual=1.3879  c=0.815  restarts=['1.0092', '1.0092', '1.0092']
  [ 8,18]  residual=1.1121  id_residual=1.6172  c=1.328  restarts=['1.1121', '1.1121', '1.1121']
  [ 8,19]  residual=1.6474  id_residual=2.0312  c=1.273  restarts=['1.6475', '1.6474', '1.6475']
  [ 9, 0]  residual=0.6217  id_residual=0.9823  c=0.823  restarts=['0.6217', '0.6217', '0.6217']
  [ 9, 1]  residual=0.6381  id_residual=0.8838  c=0.839  restarts=['0.6381', '0.6381', '0.6381']
  [ 9, 2]  residual=0.8757  id_residual=1.3546  c=1.046  restarts=['0.8757', '0.8757', '0.8757']
  [ 9, 3]  residual=0.6660  id_residual=1.1421  c=0.953  restarts=['0.6660', '0.6660', '0.6660']
  [ 9, 4]  residual=0.7509  id_residual=1.2265  c=1.085  restarts=['0.7509', '0.7509', '0.7509']
  [ 9, 5]  residual=0.7219  id_residual=1.1421  c=0.915  restarts=['0.7219', '0.7219', '0.7219']
  [ 9, 6]  residual=0.8805  id_residual=1.2186  c=0.992  restarts=['0.8805', '0.8805', '0.8805']
  [ 9, 7]  residual=0.9791  id_residual=1.3082  c=1.157  restarts=['0.9791', '0.9791', '0.9791']
  [ 9, 8]  residual=0.4401  id_residual=1.0062  c=0.560  restarts=['0.4402', '0.4401', '0.4401']
  [ 9, 9]  residual=0.0000  id_residual=0.0000  c=1.000  restarts=['0.0000', '0.0000', '0.0000']
  [ 9,10]  residual=0.9431  id_residual=1.4356  c=1.116  restarts=['0.9431', '0.9431', '0.9431']
  [ 9,11]  residual=2.1471  id_residual=2.3968  c=1.127  restarts=['2.1471', '2.1471', '2.1471']
  [ 9,12]  residual=1.5284  id_residual=1.9854  c=1.790  restarts=['1.5284', '1.5284', '1.5284']
  [ 9,13]  residual=2.4283  id_residual=2.8053  c=1.184  restarts=['2.4283', '2.4283', '2.4283']
  [ 9,14]  residual=0.7606  id_residual=1.0594  c=0.745  restarts=['0.7606', '0.7606', '0.7606']
  [ 9,15]  residual=0.8149  id_residual=1.2784  c=0.254  restarts=['0.8149', '0.8149', '0.8149']
  [ 9,16]  residual=0.7007  id_residual=1.1720  c=0.660  restarts=['0.7007', '0.7007', '0.7007']
  [ 9,17]  residual=0.6535  id_residual=1.1284  c=0.653  restarts=['0.6535', '0.6535', '0.6535']
  [ 9,18]  residual=0.7030  id_residual=1.3448  c=1.013  restarts=['0.7030', '0.7030', '0.7030']
  [ 9,19]  residual=1.0089  id_residual=1.3114  c=1.086  restarts=['1.0089', '1.0089', '1.0089']
  [10, 0]  residual=0.5078  id_residual=0.9956  c=0.490  restarts=['0.5078', '0.5078', '0.5078']
  [10, 1]  residual=0.5305  id_residual=0.9490  c=0.489  restarts=['0.5305', '0.5305', '0.5305']
  [10, 2]  residual=0.5891  id_residual=0.9152  c=0.724  restarts=['0.5891', '0.5891', '0.5891']
  [10, 3]  residual=0.5431  id_residual=0.8959  c=0.581  restarts=['0.5431', '0.5431', '0.5431']
  [10, 4]  residual=0.5786  id_residual=0.9046  c=0.693  restarts=['0.5786', '0.5786', '0.5786']
  [10, 5]  residual=0.5459  id_residual=0.8631  c=0.581  restarts=['0.5459', '0.5459', '0.5459']
  [10, 6]  residual=0.6789  id_residual=1.0032  c=0.602  restarts=['0.6789', '0.6789', '0.6789']
  [10, 7]  residual=0.5999  id_residual=1.1370  c=0.846  restarts=['0.5999', '0.5999', '0.5999']
  [10, 8]  residual=0.3635  id_residual=0.9649  c=0.325  restarts=['0.3635', '0.3635', '0.3635']
  [10, 9]  residual=0.4415  id_residual=0.9823  c=0.523  restarts=['0.4415', '0.4415', '0.4415']
  [10,10]  residual=0.0000  id_residual=0.0000  c=1.000  restarts=['0.0000', '0.0000', '0.0000']
  [10,11]  residual=1.4893  id_residual=1.8242  c=0.731  restarts=['1.4893', '1.4893', '1.4893']
  [10,12]  residual=0.9765  id_residual=1.5588  c=1.281  restarts=['0.9765', '0.9765', '0.9765']
  [10,13]  residual=1.6746  id_residual=1.9400  c=0.783  restarts=['1.6746', '1.6746', '1.6746']
  [10,14]  residual=0.4678  id_residual=0.9111  c=0.558  restarts=['0.4678', '0.4678', '0.4678']
  [10,15]  residual=0.5640  id_residual=1.1561  c=0.152  restarts=['0.5640', '0.5640', '0.5640']
  [10,16]  residual=0.3977  id_residual=0.8968  c=0.525  restarts=['0.3977', '0.3977', '0.3977']
  [10,17]  residual=0.3853  id_residual=0.8819  c=0.501  restarts=['0.3853', '0.3853', '0.3853']
  [10,18]  residual=0.5039  id_residual=1.0895  c=0.677  restarts=['0.5039', '0.5039', '0.5039']
  [10,19]  residual=0.5242  id_residual=1.0784  c=0.868  restarts=['0.5242', '0.5242', '0.5242']
  [11, 0]  residual=0.3604  id_residual=0.9911  c=0.226  restarts=['0.3604', '0.3604', '0.3604']
  [11, 1]  residual=0.3955  id_residual=1.0366  c=0.181  restarts=['0.3955', '0.3955', '0.3955']
  [11, 2]  residual=0.5280  id_residual=1.1176  c=0.194  restarts=['0.5280', '0.5280', '0.5280']
  [11, 3]  residual=0.4102  id_residual=0.9966  c=0.248  restarts=['0.4102', '0.4102', '0.4102']
  [11, 4]  residual=0.4892  id_residual=1.0791  c=0.238  restarts=['0.4892', '0.4892', '0.4892']
  [11, 5]  residual=0.4532  id_residual=1.0940  c=0.159  restarts=['0.4532', '0.4532', '0.4532']
  [11, 6]  residual=0.5214  id_residual=1.1396  c=0.165  restarts=['0.5214', '0.5214', '0.5214']
  [11, 7]  residual=0.5814  id_residual=1.1159  c=0.230  restarts=['0.5814', '0.5814', '0.5814']
  [11, 8]  residual=0.2581  id_residual=1.0330  c=0.140  restarts=['0.2581', '0.2581', '0.2581']
  [11, 9]  residual=0.3651  id_residual=0.9884  c=0.192  restarts=['0.3651', '0.3651', '0.3651']
  [11,10]  residual=0.5410  id_residual=1.0994  c=0.266  restarts=['0.5410', '0.5410', '0.5410']
  [11,11]  residual=0.0000  id_residual=0.0000  c=1.000  restarts=['0.0000', '0.0000', '0.0000']
  [11,12]  residual=0.8462  id_residual=1.2577  c=0.476  restarts=['0.8462', '0.8462', '0.8462']
  [11,13]  residual=1.0635  id_residual=1.5550  c=0.332  restarts=['1.0636', '1.0636', '1.0635']
  [11,14]  residual=0.4104  id_residual=1.0730  c=0.156  restarts=['0.4104', '0.4104', '0.4104']
  [11,15]  residual=0.3341  id_residual=1.0718  c=0.111  restarts=['0.3341', '0.3341', '0.3341']
  [11,16]  residual=0.3664  id_residual=1.0284  c=0.153  restarts=['0.3664', '0.3664', '0.3664']
  [11,17]  residual=0.3438  id_residual=1.0137  c=0.164  restarts=['0.3438', '0.3438', '0.3438']
  [11,18]  residual=0.4588  id_residual=1.0792  c=0.220  restarts=['0.4588', '0.4588', '0.4588']
  [11,19]  residual=0.5544  id_residual=1.0802  c=0.258  restarts=['0.5544', '0.5544', '0.5544']
  [12, 0]  residual=0.3016  id_residual=0.8905  c=0.318  restarts=['0.3016', '0.3016', '0.3016']
  [12, 1]  residual=0.3223  id_residual=0.8733  c=0.311  restarts=['0.3223', '0.3223', '0.3223']
  [12, 2]  residual=0.4457  id_residual=0.9756  c=0.370  restarts=['0.4457', '0.4457', '0.4457']
  [12, 3]  residual=0.3758  id_residual=0.9460  c=0.320  restarts=['0.3758', '0.3758', '0.3758']
  [12, 4]  residual=0.4103  id_residual=0.9074  c=0.382  restarts=['0.4103', '0.4103', '0.4103']
  [12, 5]  residual=0.3955  id_residual=0.9515  c=0.298  restarts=['0.3955', '0.3955', '0.3955']
  [12, 6]  residual=0.4606  id_residual=0.9563  c=0.324  restarts=['0.4606', '0.4606', '0.4606']
  [12, 7]  residual=0.4251  id_residual=0.8373  c=0.484  restarts=['0.4251', '0.4251', '0.4251']
  [12, 8]  residual=0.2077  id_residual=0.9826  c=0.220  restarts=['0.2077', '0.2077', '0.2077']
  [12, 9]  residual=0.2758  id_residual=0.8434  c=0.323  restarts=['0.2758', '0.2758', '0.2758']
  [12,10]  residual=0.3764  id_residual=0.9678  c=0.494  restarts=['0.3764', '0.3764', '0.3764']
  [12,11]  residual=0.8980  id_residual=1.2956  c=0.505  restarts=['0.8980', '0.8980', '0.8980']
  [12,12]  residual=0.0000  id_residual=0.0000  c=1.000  restarts=['0.0000', '0.0000', '0.0000']
  [12,13]  residual=1.0059  id_residual=1.4979  c=0.552  restarts=['1.0059', '1.0059', '1.0059']
  [12,14]  residual=0.3466  id_residual=0.9054  c=0.290  restarts=['0.3466', '0.3466', '0.3466']
  [12,15]  residual=0.3364  id_residual=1.0561  c=0.135  restarts=['0.3364', '0.3364', '0.3364']
  [12,16]  residual=0.2805  id_residual=0.9606  c=0.298  restarts=['0.2805', '0.2805', '0.2805']
  [12,17]  residual=0.2563  id_residual=0.9559  c=0.297  restarts=['0.2563', '0.2563', '0.2563']
  [12,18]  residual=0.3289  id_residual=0.9586  c=0.408  restarts=['0.3289', '0.3289', '0.3289']
  [12,19]  residual=0.4440  id_residual=0.8605  c=0.447  restarts=['0.4440', '0.4440', '0.4440']
  [13, 0]  residual=0.3513  id_residual=1.0627  c=0.149  restarts=['0.3513', '0.3513', '0.3513']
  [13, 1]  residual=0.3662  id_residual=1.0217  c=0.135  restarts=['0.3662', '0.3662', '0.3662']
  [13, 2]  residual=0.4681  id_residual=1.0460  c=0.189  restarts=['0.4681', '0.4681', '0.4681']
  [13, 3]  residual=0.3862  id_residual=1.0615  c=0.190  restarts=['0.3862', '0.3862', '0.3862']
  [13, 4]  residual=0.4419  id_residual=1.0760  c=0.208  restarts=['0.4419', '0.4419', '0.4419']
  [13, 5]  residual=0.4046  id_residual=1.0519  c=0.149  restarts=['0.4046', '0.4046', '0.4046']
  [13, 6]  residual=0.4606  id_residual=1.0601  c=0.170  restarts=['0.4606', '0.4606', '0.4606']
  [13, 7]  residual=0.5248  id_residual=1.0863  c=0.198  restarts=['0.5248', '0.5248', '0.5248']
  [13, 8]  residual=0.2376  id_residual=1.0075  c=0.114  restarts=['0.2376', '0.2376', '0.2376']
  [13, 9]  residual=0.3327  id_residual=1.0385  c=0.162  restarts=['0.3328', '0.3328', '0.3327']
  [13,10]  residual=0.4901  id_residual=1.0495  c=0.229  restarts=['0.4901', '0.4901', '0.4901']
  [13,11]  residual=0.8570  id_residual=1.3958  c=0.267  restarts=['0.8570', '0.8570', '0.8570']
  [13,12]  residual=0.7638  id_residual=1.3053  c=0.419  restarts=['0.7638', '0.7638', '0.7638']
  [13,13]  residual=0.0000  id_residual=0.0000  c=1.000  restarts=['0.0000', '0.0000', '0.0000']
  [13,14]  residual=0.3632  id_residual=1.0205  c=0.153  restarts=['0.3632', '0.3632', '0.3632']
  [13,15]  residual=0.2786  id_residual=1.0180  c=0.149  restarts=['0.2792', '0.2786', '0.2786']
  [13,16]  residual=0.3271  id_residual=1.0014  c=0.141  restarts=['0.3271', '0.3271', '0.3271']
  [13,17]  residual=0.3035  id_residual=0.9946  c=0.157  restarts=['0.3035', '0.3035', '0.3035']
  [13,18]  residual=0.4151  id_residual=1.0262  c=0.190  restarts=['0.4151', '0.4151', '0.4151']
  [13,19]  residual=0.5094  id_residual=1.0964  c=0.204  restarts=['0.5094', '0.5094', '0.5094']
  [14, 0]  residual=0.7689  id_residual=1.0719  c=0.589  restarts=['0.7689', '0.7689', '0.7689']
  [14, 1]  residual=0.6988  id_residual=0.9813  c=0.702  restarts=['0.6988', '0.6988', '0.6988']
  [14, 2]  residual=0.6956  id_residual=1.1916  c=1.076  restarts=['0.6956', '0.6956', '0.6956']
  [14, 3]  residual=0.6910  id_residual=1.0723  c=0.845  restarts=['0.6910', '0.6910', '0.6910']
  [14, 4]  residual=0.7275  id_residual=1.1214  c=1.004  restarts=['0.7275', '0.7275', '0.7275']
  [14, 5]  residual=0.6673  id_residual=1.0389  c=0.868  restarts=['0.6673', '0.6673', '0.6673']
  [14, 6]  residual=0.7609  id_residual=1.1164  c=0.986  restarts=['0.7609', '0.7609', '0.7609']
  [14, 7]  residual=0.9110  id_residual=1.2380  c=1.094  restarts=['0.9110', '0.9110', '0.9110']
  [14, 8]  residual=0.4913  id_residual=1.0214  c=0.454  restarts=['0.4913', '0.4913', '0.4913']
  [14, 9]  residual=0.6712  id_residual=0.9951  c=0.657  restarts=['0.6712', '0.6712', '0.6712']
  [14,10]  residual=0.8816  id_residual=1.2508  c=1.052  restarts=['0.8817', '0.8816', '0.8817']
  [14,11]  residual=2.1293  id_residual=2.4441  c=0.809  restarts=['2.1293', '2.1293', '2.1293']
  [14,12]  residual=1.6947  id_residual=2.0021  c=1.420  restarts=['1.6947', '1.6947', '1.6947']
  [14,13]  residual=2.3391  id_residual=2.5896  c=0.984  restarts=['2.3391', '2.3391', '2.3391']
  [14,14]  residual=0.0000  id_residual=0.0000  c=1.000  restarts=['0.0000', '0.0000', '0.0000']
  [14,15]  residual=0.7699  id_residual=1.2306  c=0.224  restarts=['0.7699', '0.7700', '0.7699']
  [14,16]  residual=0.6717  id_residual=1.0974  c=0.605  restarts=['0.6717', '0.6717', '0.6717']
  [14,17]  residual=0.6508  id_residual=1.1017  c=0.574  restarts=['0.6508', '0.6508', '0.6508']
  [14,18]  residual=0.6610  id_residual=1.3466  c=0.951  restarts=['0.6610', '0.6610', '0.6610']
  [14,19]  residual=0.9371  id_residual=1.2109  c=1.030  restarts=['0.9371', '0.9371', '0.9371']
  [15, 0]  residual=1.1599  id_residual=1.5707  c=0.338  restarts=['1.1599', '1.1599', '1.1599']
  [15, 1]  residual=1.1908  id_residual=1.5663  c=0.329  restarts=['1.1908', '1.1909', '1.1908']
  [15, 2]  residual=1.5488  id_residual=1.8556  c=0.393  restarts=['1.5488', '1.5488', '1.5488']
  [15, 3]  residual=1.2887  id_residual=1.7183  c=0.440  restarts=['1.2887', '1.2887', '1.2887']
  [15, 4]  residual=1.4713  id_residual=1.8178  c=0.475  restarts=['1.4714', '1.4714', '1.4713']
  [15, 5]  residual=1.3268  id_residual=1.6580  c=0.321  restarts=['1.3269', '1.3268', '1.3268']
  [15, 6]  residual=1.5038  id_residual=1.7643  c=0.390  restarts=['1.5038', '1.5038', '1.5038']
  [15, 7]  residual=1.7161  id_residual=2.0202  c=0.456  restarts=['1.7161', '1.7161', '1.7161']
  [15, 8]  residual=0.7832  id_residual=1.3005  c=0.288  restarts=['0.7832', '0.7832', '0.7832']
  [15, 9]  residual=1.1184  id_residual=1.4977  c=0.349  restarts=['1.1184', '1.1185', '1.1185']
  [15,10]  residual=1.6534  id_residual=1.9795  c=0.445  restarts=['1.6534', '1.6534', '1.6534']
  [15,11]  residual=2.6965  id_residual=3.0449  c=0.894  restarts=['2.6965', '2.6965', '2.6965']
  [15,12]  residual=2.5586  id_residual=2.9126  c=1.029  restarts=['2.5586', '2.5587', '2.5587']
  [15,13]  residual=2.7903  id_residual=3.2220  c=1.494  restarts=['2.7971', '2.7971', '2.7903']
  [15,14]  residual=1.1975  id_residual=1.5348  c=0.348  restarts=['1.1975', '1.1975', '1.1975']
  [15,15]  residual=0.0000  id_residual=0.0000  c=1.000  restarts=['0.0000', '0.0000', '0.0000']
  [15,16]  residual=1.0949  id_residual=1.4756  c=0.271  restarts=['1.0949', '1.0949', '1.0949']
  [15,17]  residual=1.0381  id_residual=1.4764  c=0.306  restarts=['1.0381', '1.0381', '1.0381']
  [15,18]  residual=1.3645  id_residual=1.7487  c=0.475  restarts=['1.3645', '1.3645', '1.3645']
  [15,19]  residual=1.6943  id_residual=1.9939  c=0.382  restarts=['1.6943', '1.6943', '1.6943']
  [16, 0]  residual=0.7864  id_residual=1.2530  c=0.727  restarts=['0.7864', '0.7864', '0.7864']
  [16, 1]  residual=0.8257  id_residual=1.2424  c=0.720  restarts=['0.8257', '0.8257', '0.8257']
  [16, 2]  residual=1.0817  id_residual=1.3863  c=0.915  restarts=['1.0817', '1.0817', '1.0817']
  [16, 3]  residual=0.9744  id_residual=1.3501  c=0.713  restarts=['0.9744', '0.9744', '0.9744']
  [16, 4]  residual=1.0549  id_residual=1.3998  c=0.876  restarts=['1.0549', '1.0549', '1.0549']
  [16, 5]  residual=0.9827  id_residual=1.3697  c=0.706  restarts=['0.9827', '0.9827', '0.9827']
  [16, 6]  residual=1.1584  id_residual=1.5340  c=0.745  restarts=['1.1584', '1.1584', '1.1584']
  [16, 7]  residual=1.1711  id_residual=1.4765  c=1.052  restarts=['1.1711', '1.1711', '1.1711']
  [16, 8]  residual=0.5944  id_residual=1.0422  c=0.440  restarts=['0.5944', '0.5945', '0.5944']
  [16, 9]  residual=0.7561  id_residual=1.2175  c=0.712  restarts=['0.7561', '0.7561', '0.7561']
  [16,10]  residual=0.9167  id_residual=1.3615  c=1.210  restarts=['0.9167', '0.9167', '0.9167']
  [16,11]  residual=2.3251  id_residual=2.5904  c=0.969  restarts=['2.3251', '2.3251', '2.3251']
  [16,12]  residual=1.6770  id_residual=2.3489  c=1.780  restarts=['1.6770', '1.6770', '1.6770']
  [16,13]  residual=2.5758  id_residual=2.8100  c=1.113  restarts=['2.5758', '2.5758', '2.5758']
  [16,14]  residual=0.8214  id_residual=1.2136  c=0.740  restarts=['0.8214', '0.8214', '0.8214']
  [16,15]  residual=0.8608  id_residual=1.3084  c=0.213  restarts=['0.8608', '0.8608', '0.8608']
  [16,16]  residual=0.0000  id_residual=0.0000  c=1.000  restarts=['0.0000', '0.0000', '0.0000']
  [16,17]  residual=0.3414  id_residual=0.7695  c=0.897  restarts=['0.3414', '0.3414', '0.3414']
  [16,18]  residual=0.8997  id_residual=1.2544  c=0.912  restarts=['0.8997', '0.8997', '0.8997']
  [16,19]  residual=0.9714  id_residual=1.5454  c=1.195  restarts=['0.9714', '0.9714', '0.9714']
  [17, 0]  residual=0.7826  id_residual=1.3111  c=0.796  restarts=['0.7826', '0.7826', '0.7826']
  [17, 1]  residual=0.8448  id_residual=1.2319  c=0.768  restarts=['0.8448', '0.8448', '0.8448']
  [17, 2]  residual=1.1320  id_residual=1.4422  c=0.948  restarts=['1.1320', '1.1320', '1.1320']
  [17, 3]  residual=0.9847  id_residual=1.4024  c=0.783  restarts=['0.9847', '0.9847', '0.9847']
  [17, 4]  residual=1.0862  id_residual=1.4166  c=0.928  restarts=['1.0862', '1.0862', '1.0862']
  [17, 5]  residual=1.0343  id_residual=1.3856  c=0.722  restarts=['1.0343', '1.0343', '1.0343']
  [17, 6]  residual=1.2267  id_residual=1.5913  c=0.746  restarts=['1.2267', '1.2267', '1.2267']
  [17, 7]  residual=1.1964  id_residual=1.5558  c=1.123  restarts=['1.1964', '1.1964', '1.1964']
  [17, 8]  residual=0.5999  id_residual=1.0701  c=0.484  restarts=['0.5999', '0.5999', '0.5999']
  [17, 9]  residual=0.7660  id_residual=1.2217  c=0.765  restarts=['0.7660', '0.7660', '0.7660']
  [17,10]  residual=0.9645  id_residual=1.3953  c=1.254  restarts=['0.9645', '0.9645', '0.9645']
  [17,11]  residual=2.3694  id_residual=2.6614  c=1.131  restarts=['2.3694', '2.3694', '2.3694']
  [17,12]  residual=1.6647  id_residual=2.4361  c=1.930  restarts=['1.6647', '1.6647', '1.6647']
  [17,13]  residual=2.5962  id_residual=2.9089  c=1.347  restarts=['2.5962', '2.5962', '2.5962']
  [17,14]  residual=0.8645  id_residual=1.2698  c=0.762  restarts=['0.8645', '0.8645', '0.8645']
  [17,15]  residual=0.8865  id_residual=1.3643  c=0.261  restarts=['0.8865', '0.8865', '0.8865']
  [17,16]  residual=0.3709  id_residual=0.8020  c=0.974  restarts=['0.3709', '0.3709', '0.3709']
  [17,17]  residual=0.0000  id_residual=0.0000  c=1.000  restarts=['0.0000', '0.0000', '0.0000']
  [17,18]  residual=0.9437  id_residual=1.3458  c=0.945  restarts=['0.9437', '0.9437', '0.9437']
  [17,19]  residual=1.0488  id_residual=1.5420  c=1.215  restarts=['1.0488', '1.0488', '1.0488']
  [18, 0]  residual=0.5488  id_residual=1.1257  c=0.631  restarts=['0.5488', '0.5488', '0.5488']
  [18, 1]  residual=0.5332  id_residual=1.1288  c=0.668  restarts=['0.5332', '0.5332', '0.5332']
  [18, 2]  residual=0.6348  id_residual=1.2513  c=0.906  restarts=['0.6348', '0.6348', '0.6348']
  [18, 3]  residual=0.5917  id_residual=1.1885  c=0.734  restarts=['0.5917', '0.5917', '0.5917']
  [18, 4]  residual=0.5943  id_residual=1.2692  c=0.890  restarts=['0.5943', '0.5943', '0.5943']
  [18, 5]  residual=0.5470  id_residual=1.2082  c=0.770  restarts=['0.5470', '0.5470', '0.5470']
  [18, 6]  residual=0.6266  id_residual=1.3289  c=0.874  restarts=['0.6266', '0.6266', '0.6266']
  [18, 7]  residual=0.7540  id_residual=1.2773  c=0.970  restarts=['0.7540', '0.7540', '0.7541']
  [18, 8]  residual=0.3708  id_residual=0.9338  c=0.443  restarts=['0.3708', '0.3708', '0.3708']
  [18, 9]  residual=0.4622  id_residual=1.0904  c=0.666  restarts=['0.4622', '0.4622', '0.4622']
  [18,10]  residual=0.7076  id_residual=1.2911  c=0.951  restarts=['0.7076', '0.7076', '0.7076']
  [18,11]  residual=1.7737  id_residual=2.1220  c=0.849  restarts=['1.7737', '1.7737', '1.7737']
  [18,12]  residual=1.1983  id_residual=1.8297  c=1.486  restarts=['1.1983', '1.1983', '1.1983']
  [18,13]  residual=1.9918  id_residual=2.2477  c=0.911  restarts=['1.9918', '1.9918', '1.9918']
  [18,14]  residual=0.4925  id_residual=1.1623  c=0.709  restarts=['0.4925', '0.4925', '0.4925']
  [18,15]  residual=0.6536  id_residual=1.2103  c=0.228  restarts=['0.6536', '0.6536', '0.6536']
  [18,16]  residual=0.5482  id_residual=0.9792  c=0.556  restarts=['0.5482', '0.5482', '0.5482']
  [18,17]  residual=0.5293  id_residual=1.0079  c=0.530  restarts=['0.5293', '0.5293', '0.5293']
  [18,18]  residual=0.0000  id_residual=0.0000  c=1.000  restarts=['0.0000', '0.0000', '0.0000']
  [18,19]  residual=0.7715  id_residual=1.2780  c=0.922  restarts=['0.7715', '0.7715', '0.7715']
  [19, 0]  residual=0.4931  id_residual=0.9590  c=0.491  restarts=['0.4931', '0.4931', '0.4931']
  [19, 1]  residual=0.5275  id_residual=0.9678  c=0.477  restarts=['0.5275', '0.5275', '0.5275']
  [19, 2]  residual=0.5754  id_residual=1.0954  c=0.718  restarts=['0.5755', '0.5754', '0.5754']
  [19, 3]  residual=0.5387  id_residual=0.9423  c=0.570  restarts=['0.5387', '0.5387', '0.5387']
  [19, 4]  residual=0.5909  id_residual=0.8897  c=0.666  restarts=['0.5909', '0.5909', '0.5909']
  [19, 5]  residual=0.5349  id_residual=0.9420  c=0.576  restarts=['0.5349', '0.5349', '0.5349']
  [19, 6]  residual=0.6610  id_residual=1.0941  c=0.603  restarts=['0.6610', '0.6610', '0.6610']
  [19, 7]  residual=0.6445  id_residual=1.0972  c=0.794  restarts=['0.6445', '0.6445', '0.6445']
  [19, 8]  residual=0.3801  id_residual=0.9757  c=0.294  restarts=['0.3802', '0.3802', '0.3801']
  [19, 9]  residual=0.4590  id_residual=0.8846  c=0.494  restarts=['0.4590', '0.4591', '0.4590']
  [19,10]  residual=0.5095  id_residual=1.0631  c=0.844  restarts=['0.5095', '0.5095', '0.5095']
  [19,11]  residual=1.4832  id_residual=1.7668  c=0.690  restarts=['1.4832', '1.4832', '1.4832']
  [19,12]  residual=1.1195  id_residual=1.3663  c=1.126  restarts=['1.1195', '1.1195', '1.1195']
  [19,13]  residual=1.6913  id_residual=1.9978  c=0.678  restarts=['1.6913', '1.6914', '1.6913']
  [19,14]  residual=0.4832  id_residual=0.8695  c=0.531  restarts=['0.4832', '0.4832', '0.4832']
  [19,15]  residual=0.5616  id_residual=1.1480  c=0.127  restarts=['0.5616', '0.5616', '0.5616']
  [19,16]  residual=0.4096  id_residual=1.0035  c=0.504  restarts=['0.4096', '0.4096', '0.4096']
  [19,17]  residual=0.4071  id_residual=0.9607  c=0.472  restarts=['0.4071', '0.4071', '0.4071']
  [19,18]  residual=0.5339  id_residual=1.0632  c=0.638  restarts=['0.5339', '0.5339', '0.5339']
  [19,19]  residual=0.0000  id_residual=0.0000  c=1.000  restarts=['0.0000', '0.0000', '0.0000']
Saved heatmap_scaled.npy  min=0.0000  max=3.4194

Computing 20×20 student-student heatmap (allow_scaling=False) ...
  [ 0, 0]  residual=0.0000  id_residual=0.0000  c=1.000  restarts=['0.0000', '0.0000', '0.0000']
  [ 0, 1]  residual=0.6065  id_residual=0.9197  c=1.000  restarts=['0.6065', '0.6065', '0.6065']
  [ 0, 2]  residual=1.0571  id_residual=1.4385  c=1.000  restarts=['1.0571', '1.0571', '1.0571']
  [ 0, 3]  residual=0.8320  id_residual=1.1984  c=1.000  restarts=['0.8320', '0.8320', '0.8320']
  [ 0, 4]  residual=0.9616  id_residual=1.3372  c=1.000  restarts=['0.9616', '0.9616', '0.9616']
  [ 0, 5]  residual=0.9595  id_residual=1.2783  c=1.000  restarts=['0.9595', '0.9595', '0.9595']
  [ 0, 6]  residual=1.1147  id_residual=1.3867  c=1.000  restarts=['1.1147', '1.1147', '1.1147']
  [ 0, 7]  residual=1.0399  id_residual=1.3636  c=1.000  restarts=['1.0399', '1.0399', '1.0399']
  [ 0, 8]  residual=0.6806  id_residual=0.9623  c=1.000  restarts=['0.6806', '0.6806', '0.6806']
  [ 0, 9]  residual=0.6268  id_residual=0.9525  c=1.000  restarts=['0.6268', '0.6268', '0.6268']
  [ 0,10]  residual=1.0200  id_residual=1.4109  c=1.000  restarts=['1.0200', '1.0200', '1.0200']
  [ 0,11]  residual=2.0079  id_residual=2.3305  c=1.000  restarts=['2.0079', '2.0079', '2.0079']
  [ 0,12]  residual=1.7026  id_residual=2.0327  c=1.000  restarts=['1.7026', '1.7026', '1.7026']
  [ 0,13]  residual=2.4110  id_residual=2.7838  c=1.000  restarts=['2.4110', '2.4110', '2.4110']
  [ 0,14]  residual=0.8998  id_residual=1.1065  c=1.000  restarts=['0.8998', '0.8998', '0.8998']
  [ 0,15]  residual=1.1054  id_residual=1.3001  c=1.000  restarts=['1.1054', '1.1054', '1.1054']
  [ 0,16]  residual=0.7770  id_residual=1.1696  c=1.000  restarts=['0.7770', '0.7770', '0.7770']
  [ 0,17]  residual=0.7243  id_residual=1.1743  c=1.000  restarts=['0.7243', '0.7243', '0.7243']
  [ 0,18]  residual=0.7910  id_residual=1.3463  c=1.000  restarts=['0.7910', '0.7910', '0.7910']
  [ 0,19]  residual=1.0192  id_residual=1.3786  c=1.000  restarts=['1.0192', '1.0192', '1.0192']
  [ 1, 0]  residual=0.5931  id_residual=0.8994  c=1.000  restarts=['0.5931', '0.5931', '0.5931']
  [ 1, 1]  residual=0.0000  id_residual=0.0000  c=1.000  restarts=['0.0000', '0.0000', '0.0000']
  [ 1, 2]  residual=0.9344  id_residual=1.1941  c=1.000  restarts=['0.9344', '0.9344', '0.9344']
  [ 1, 3]  residual=0.8217  id_residual=1.0928  c=1.000  restarts=['0.8217', '0.8217', '0.8217']
  [ 1, 4]  residual=0.8883  id_residual=1.1777  c=1.000  restarts=['0.8883', '0.8883', '0.8883']
  [ 1, 5]  residual=0.8571  id_residual=1.1179  c=1.000  restarts=['0.8571', '0.8572', '0.8571']
  [ 1, 6]  residual=0.9665  id_residual=1.2253  c=1.000  restarts=['0.9665', '0.9665', '0.9665']
  [ 1, 7]  residual=0.9802  id_residual=1.2502  c=1.000  restarts=['0.9802', '0.9802', '0.9802']
  [ 1, 8]  residual=0.6669  id_residual=0.9552  c=1.000  restarts=['0.6669', '0.6669', '0.6669']
  [ 1, 9]  residual=0.6240  id_residual=0.8382  c=1.000  restarts=['0.6240', '0.6240', '0.6240']
  [ 1,10]  residual=1.0209  id_residual=1.3152  c=1.000  restarts=['1.0209', '1.0209', '1.0209']
  [ 1,11]  residual=2.0917  id_residual=2.3839  c=1.000  restarts=['2.0917', '2.0917', '2.0917']
  [ 1,12]  residual=1.6978  id_residual=1.9496  c=1.000  restarts=['1.6978', '1.6978', '1.6978']
  [ 1,13]  residual=2.4058  id_residual=2.6174  c=1.000  restarts=['2.4058', '2.4058', '2.4058']
  [ 1,14]  residual=0.7669  id_residual=0.9906  c=1.000  restarts=['0.7669', '0.7669', '0.7669']
  [ 1,15]  residual=1.1065  id_residual=1.2678  c=1.000  restarts=['1.1066', '1.1065', '1.1065']
  [ 1,16]  residual=0.7961  id_residual=1.1342  c=1.000  restarts=['0.7961', '0.7961', '0.7961']
  [ 1,17]  residual=0.7674  id_residual=1.0790  c=1.000  restarts=['0.7674', '0.7674', '0.7674']
  [ 1,18]  residual=0.7344  id_residual=1.3202  c=1.000  restarts=['0.7344', '0.7344', '0.7344']
  [ 1,19]  residual=1.0441  id_residual=1.3607  c=1.000  restarts=['1.0441', '1.0441', '1.0441']
  [ 2, 0]  residual=0.7993  id_residual=1.0877  c=1.000  restarts=['0.7993', '0.7993', '0.7993']
  [ 2, 1]  residual=0.7224  id_residual=0.9232  c=1.000  restarts=['0.7224', '0.7224', '0.7224']
  [ 2, 2]  residual=0.0000  id_residual=0.0000  c=1.000  restarts=['0.0000', '0.0000', '0.0000']
  [ 2, 3]  residual=0.5092  id_residual=0.8419  c=1.000  restarts=['0.5092', '0.5092', '0.5092']
  [ 2, 4]  residual=0.4186  id_residual=0.8378  c=1.000  restarts=['0.4186', '0.4186', '0.4186']
  [ 2, 5]  residual=0.4639  id_residual=0.8067  c=1.000  restarts=['0.4639', '0.4639', '0.4639']
  [ 2, 6]  residual=0.4764  id_residual=0.8441  c=1.000  restarts=['0.4764', '0.4764', '0.4764']
  [ 2, 7]  residual=0.7510  id_residual=1.1531  c=1.000  restarts=['0.7510', '0.7510', '0.7510']
  [ 2, 8]  residual=0.7727  id_residual=1.0074  c=1.000  restarts=['0.7727', '0.7727', '0.7727']
  [ 2, 9]  residual=0.6429  id_residual=0.9932  c=1.000  restarts=['0.6429', '0.6429', '0.6429']
  [ 2,10]  residual=0.6972  id_residual=0.9806  c=1.000  restarts=['0.6972', '0.6972', '0.6972']
  [ 2,11]  residual=1.7131  id_residual=1.9870  c=1.000  restarts=['1.7131', '1.7131', '1.7131']
  [ 2,12]  residual=1.3315  id_residual=1.6837  c=1.000  restarts=['1.3315', '1.3315', '1.3315']
  [ 2,13]  residual=1.8544  id_residual=2.0717  c=1.000  restarts=['1.8544', '1.8544', '1.8544']
  [ 2,14]  residual=0.5462  id_residual=0.9300  c=1.000  restarts=['0.5462', '0.5462', '0.5462']
  [ 2,15]  residual=1.0411  id_residual=1.1613  c=1.000  restarts=['1.0411', '1.0411', '1.0411']
  [ 2,16]  residual=0.7658  id_residual=0.9784  c=1.000  restarts=['0.7658', '0.7658', '0.7658']
  [ 2,17]  residual=0.7674  id_residual=0.9767  c=1.000  restarts=['0.7674', '0.7674', '0.7674']
  [ 2,18]  residual=0.5803  id_residual=1.1314  c=1.000  restarts=['0.5803', '0.5803', '0.5803']
  [ 2,19]  residual=0.6966  id_residual=1.1907  c=1.000  restarts=['0.6966', '0.6966', '0.6966']
  [ 3, 0]  residual=0.7382  id_residual=1.0633  c=1.000  restarts=['0.7382', '0.7382', '0.7382']
  [ 3, 1]  residual=0.7455  id_residual=0.9915  c=1.000  restarts=['0.7455', '0.7455', '0.7455']
  [ 3, 2]  residual=0.5975  id_residual=0.9880  c=1.000  restarts=['0.5975', '0.5975', '0.5975']
  [ 3, 3]  residual=0.0000  id_residual=0.0000  c=1.000  restarts=['0.0000', '0.0000', '0.0000']
  [ 3, 4]  residual=0.4666  id_residual=0.9167  c=1.000  restarts=['0.4666', '0.4666', '0.4666']
  [ 3, 5]  residual=0.5628  id_residual=0.8183  c=1.000  restarts=['0.5628', '0.5628', '0.5628']
  [ 3, 6]  residual=0.6882  id_residual=1.0074  c=1.000  restarts=['0.6882', '0.6882', '0.6882']
  [ 3, 7]  residual=0.9340  id_residual=1.3410  c=1.000  restarts=['0.9340', '0.9340', '0.9340']
  [ 3, 8]  residual=0.6959  id_residual=0.9777  c=1.000  restarts=['0.6959', '0.6959', '0.6959']
  [ 3, 9]  residual=0.5744  id_residual=0.9827  c=1.000  restarts=['0.5744', '0.5744', '0.5744']
  [ 3,10]  residual=0.8626  id_residual=1.1265  c=1.000  restarts=['0.8626', '0.8626', '0.8626']
  [ 3,11]  residual=1.7871  id_residual=2.0792  c=1.000  restarts=['1.7871', '1.7871', '1.7871']
  [ 3,12]  residual=1.5730  id_residual=1.9159  c=1.000  restarts=['1.5730', '1.5730', '1.5730']
  [ 3,13]  residual=2.0865  id_residual=2.4671  c=1.000  restarts=['2.0865', '2.0865', '2.0865']
  [ 3,14]  residual=0.6486  id_residual=0.9822  c=1.000  restarts=['0.6486', '0.6486', '0.6486']
  [ 3,15]  residual=1.0319  id_residual=1.2619  c=1.000  restarts=['1.0320', '1.0319', '1.0319']
  [ 3,16]  residual=0.8414  id_residual=1.1182  c=1.000  restarts=['0.8414', '0.8414', '0.8414']
  [ 3,17]  residual=0.8013  id_residual=1.1145  c=1.000  restarts=['0.8013', '0.8013', '0.8013']
  [ 3,18]  residual=0.6886  id_residual=1.2611  c=1.000  restarts=['0.6886', '0.6886', '0.6886']
  [ 3,19]  residual=0.8795  id_residual=1.2020  c=1.000  restarts=['0.8795', '0.8795', '0.8795']
  [ 4, 0]  residual=0.7514  id_residual=1.0449  c=1.000  restarts=['0.7514', '0.7514', '0.7514']
  [ 4, 1]  residual=0.7098  id_residual=0.9410  c=1.000  restarts=['0.7098', '0.7098', '0.7098']
  [ 4, 2]  residual=0.4326  id_residual=0.8659  c=1.000  restarts=['0.4326', '0.4326', '0.4326']
  [ 4, 3]  residual=0.4109  id_residual=0.8073  c=1.000  restarts=['0.4109', '0.4109', '0.4109']
  [ 4, 4]  residual=0.0000  id_residual=0.0000  c=1.000  restarts=['0.0000', '0.0000', '0.0000']
  [ 4, 5]  residual=0.4093  id_residual=0.6207  c=1.000  restarts=['0.4093', '0.4093', '0.4093']
  [ 4, 6]  residual=0.5215  id_residual=0.9552  c=1.000  restarts=['0.5215', '0.5215', '0.5215']
  [ 4, 7]  residual=0.7821  id_residual=1.2073  c=1.000  restarts=['0.7821', '0.7821', '0.7821']
  [ 4, 8]  residual=0.7189  id_residual=0.9408  c=1.000  restarts=['0.7189', '0.7189', '0.7189']
  [ 4, 9]  residual=0.5726  id_residual=0.9293  c=1.000  restarts=['0.5726', '0.5726', '0.5726']
  [ 4,10]  residual=0.7252  id_residual=1.0017  c=1.000  restarts=['0.7252', '0.7252', '0.7252']
  [ 4,11]  residual=1.6632  id_residual=1.9827  c=1.000  restarts=['1.6632', '1.6632', '1.6632']
  [ 4,12]  residual=1.3231  id_residual=1.6186  c=1.000  restarts=['1.3231', '1.3231', '1.3231']
  [ 4,13]  residual=1.8558  id_residual=2.2024  c=1.000  restarts=['1.8558', '1.8558', '1.8558']
  [ 4,14]  residual=0.5869  id_residual=0.9046  c=1.000  restarts=['0.5869', '0.5869', '0.5869']
  [ 4,15]  residual=1.0103  id_residual=1.1757  c=1.000  restarts=['1.0104', '1.0103', '1.0104']
  [ 4,16]  residual=0.7748  id_residual=1.0211  c=1.000  restarts=['0.7748', '0.7748', '0.7748']
  [ 4,17]  residual=0.7618  id_residual=0.9914  c=1.000  restarts=['0.7618', '0.7618', '0.7618']
  [ 4,18]  residual=0.5648  id_residual=1.1861  c=1.000  restarts=['0.5648', '0.5648', '0.5648']
  [ 4,19]  residual=0.7626  id_residual=0.9995  c=1.000  restarts=['0.7626', '0.7626', '0.7626']
  [ 5, 0]  residual=0.8493  id_residual=1.1315  c=1.000  restarts=['0.8493', '0.8493', '0.8493']
  [ 5, 1]  residual=0.7758  id_residual=1.0117  c=1.000  restarts=['0.7758', '0.7758', '0.7758']
  [ 5, 2]  residual=0.5431  id_residual=0.9444  c=1.000  restarts=['0.5431', '0.5431', '0.5431']
  [ 5, 3]  residual=0.5614  id_residual=0.8163  c=1.000  restarts=['0.5614', '0.5614', '0.5614']
  [ 5, 4]  residual=0.4636  id_residual=0.7031  c=1.000  restarts=['0.4636', '0.4636', '0.4636']
  [ 5, 5]  residual=0.0000  id_residual=0.0000  c=1.000  restarts=['0.0000', '0.0000', '0.0000']
  [ 5, 6]  residual=0.4948  id_residual=0.8787  c=1.000  restarts=['0.4948', '0.4948', '0.4948']
  [ 5, 7]  residual=0.9149  id_residual=1.3623  c=1.000  restarts=['0.9149', '0.9149', '0.9149']
  [ 5, 8]  residual=0.7590  id_residual=0.9716  c=1.000  restarts=['0.7590', '0.7590', '0.7590']
  [ 5, 9]  residual=0.6239  id_residual=0.9802  c=1.000  restarts=['0.6239', '0.6239', '0.6239']
  [ 5,10]  residual=0.8632  id_residual=1.0827  c=1.000  restarts=['0.8632', '0.8632', '0.8632']
  [ 5,11]  residual=1.9875  id_residual=2.2769  c=1.000  restarts=['1.9875', '1.9875', '1.9875']
  [ 5,12]  residual=1.6286  id_residual=1.9224  c=1.000  restarts=['1.6286', '1.6286', '1.6286']
  [ 5,13]  residual=2.1839  id_residual=2.4389  c=1.000  restarts=['2.1839', '2.1839', '2.1839']
  [ 5,14]  residual=0.6216  id_residual=0.9492  c=1.000  restarts=['0.6216', '0.6216', '0.6216']
  [ 5,15]  residual=1.0919  id_residual=1.2147  c=1.000  restarts=['1.0921', '1.0919', '1.0919']
  [ 5,16]  residual=0.8474  id_residual=1.1317  c=1.000  restarts=['0.8474', '0.8474', '0.8474']
  [ 5,17]  residual=0.8491  id_residual=1.0985  c=1.000  restarts=['0.8491', '0.8491', '0.8491']
  [ 5,18]  residual=0.6280  id_residual=1.2789  c=1.000  restarts=['0.6280', '0.6280', '0.6280']
  [ 5,19]  residual=0.8687  id_residual=1.1986  c=1.000  restarts=['0.8687', '0.8687', '0.8687']
  [ 6, 0]  residual=0.8669  id_residual=1.0784  c=1.000  restarts=['0.8669', '0.8669', '0.8669']
  [ 6, 1]  residual=0.7685  id_residual=0.9743  c=1.000  restarts=['0.7685', '0.7685', '0.7685']
  [ 6, 2]  residual=0.4900  id_residual=0.8682  c=1.000  restarts=['0.4900', '0.4900', '0.4900']
  [ 6, 3]  residual=0.6032  id_residual=0.8829  c=1.000  restarts=['0.6032', '0.6032', '0.6032']
  [ 6, 4]  residual=0.5190  id_residual=0.9506  c=1.000  restarts=['0.5190', '0.5190', '0.5190']
  [ 6, 5]  residual=0.4348  id_residual=0.7720  c=1.000  restarts=['0.4348', '0.4348', '0.4348']
  [ 6, 6]  residual=0.0000  id_residual=0.0000  c=1.000  restarts=['0.0000', '0.0000', '0.0000']
  [ 6, 7]  residual=0.8536  id_residual=1.1801  c=1.000  restarts=['0.8536', '0.8536', '0.8536']
  [ 6, 8]  residual=0.7477  id_residual=1.0024  c=1.000  restarts=['0.7477', '0.7477', '0.7477']
  [ 6, 9]  residual=0.6640  id_residual=0.9190  c=1.000  restarts=['0.6640', '0.6640', '0.6640']
  [ 6,10]  residual=0.8673  id_residual=1.1057  c=1.000  restarts=['0.8673', '0.8673', '0.8673']
  [ 6,11]  residual=1.8005  id_residual=2.0839  c=1.000  restarts=['1.8005', '1.8005', '1.8005']
  [ 6,12]  residual=1.4516  id_residual=1.6977  c=1.000  restarts=['1.4516', '1.4516', '1.4516']
  [ 6,13]  residual=1.9344  id_residual=2.1596  c=1.000  restarts=['1.9344', '1.9344', '1.9344']
  [ 6,14]  residual=0.6109  id_residual=0.8962  c=1.000  restarts=['0.6109', '0.6109', '0.6109']
  [ 6,15]  residual=1.0445  id_residual=1.1357  c=1.000  restarts=['1.0445', '1.0445', '1.0445']
  [ 6,16]  residual=0.8610  id_residual=1.1136  c=1.000  restarts=['0.8610', '0.8610', '0.8610']
  [ 6,17]  residual=0.8726  id_residual=1.1084  c=1.000  restarts=['0.8726', '0.8726', '0.8726']
  [ 6,18]  residual=0.5944  id_residual=1.2359  c=1.000  restarts=['0.5944', '0.5944', '0.5944']
  [ 6,19]  residual=0.8622  id_residual=1.2231  c=1.000  restarts=['0.8622', '0.8622', '0.8622']
  [ 7, 0]  residual=0.7075  id_residual=0.9277  c=1.000  restarts=['0.7075', '0.7075', '0.7075']
  [ 7, 1]  residual=0.6819  id_residual=0.8697  c=1.000  restarts=['0.6819', '0.6819', '0.6819']
  [ 7, 2]  residual=0.6758  id_residual=1.0376  c=1.000  restarts=['0.6758', '0.6758', '0.6758']
  [ 7, 3]  residual=0.7162  id_residual=1.0283  c=1.000  restarts=['0.7162', '0.7162', '0.7162']
  [ 7, 4]  residual=0.6810  id_residual=1.0512  c=1.000  restarts=['0.6810', '0.6810', '0.6810']
  [ 7, 5]  residual=0.7033  id_residual=1.0472  c=1.000  restarts=['0.7033', '0.7033', '0.7033']
  [ 7, 6]  residual=0.7468  id_residual=1.0324  c=1.000  restarts=['0.7468', '0.7468', '0.7468']
  [ 7, 7]  residual=0.0000  id_residual=0.0000  c=1.000  restarts=['0.0000', '0.0000', '0.0000']
  [ 7, 8]  residual=0.7307  id_residual=0.9811  c=1.000  restarts=['0.7307', '0.7307', '0.7307']
  [ 7, 9]  residual=0.6542  id_residual=0.8631  c=1.000  restarts=['0.6542', '0.6542', '0.6542']
  [ 7,10]  residual=0.5972  id_residual=1.0963  c=1.000  restarts=['0.5972', '0.5972', '0.5972']
  [ 7,11]  residual=1.5442  id_residual=1.7853  c=1.000  restarts=['1.5442', '1.5442', '1.5442']
  [ 7,12]  residual=1.0389  id_residual=1.3004  c=1.000  restarts=['1.0389', '1.0389', '1.0389']
  [ 7,13]  residual=1.7076  id_residual=1.9362  c=1.000  restarts=['1.7076', '1.7076', '1.7076']
  [ 7,14]  residual=0.6432  id_residual=0.8695  c=1.000  restarts=['0.6432', '0.6432', '0.6432']
  [ 7,15]  residual=1.0137  id_residual=1.1377  c=1.000  restarts=['1.0138', '1.0137', '1.0138']
  [ 7,16]  residual=0.7445  id_residual=0.9378  c=1.000  restarts=['0.7445', '0.7445', '0.7445']
  [ 7,17]  residual=0.7329  id_residual=0.9481  c=1.000  restarts=['0.7329', '0.7329', '0.7329']
  [ 7,18]  residual=0.6140  id_residual=1.0393  c=1.000  restarts=['0.6140', '0.6140', '0.6140']
  [ 7,19]  residual=0.6620  id_residual=1.0732  c=1.000  restarts=['0.6620', '0.6620', '0.6620']
  [ 8, 0]  residual=0.9855  id_residual=1.3935  c=1.000  restarts=['0.9856', '0.9855', '0.9855']
  [ 8, 1]  residual=0.9875  id_residual=1.4143  c=1.000  restarts=['0.9875', '0.9875', '0.9875']
  [ 8, 2]  residual=1.4799  id_residual=1.9293  c=1.000  restarts=['1.4799', '1.4800', '1.4799']
  [ 8, 3]  residual=1.1358  id_residual=1.5957  c=1.000  restarts=['1.1358', '1.1358', '1.1358']
  [ 8, 4]  residual=1.3323  id_residual=1.7435  c=1.000  restarts=['1.3323', '1.3323', '1.3323']
  [ 8, 5]  residual=1.2419  id_residual=1.5896  c=1.000  restarts=['1.2419', '1.2419', '1.2419']
  [ 8, 6]  residual=1.3923  id_residual=1.8666  c=1.000  restarts=['1.3923', '1.3923', '1.3923']
  [ 8, 7]  residual=1.5553  id_residual=2.0881  c=1.000  restarts=['1.5553', '1.5553', '1.5553']
  [ 8, 8]  residual=0.0000  id_residual=0.0000  c=1.000  restarts=['0.0000', '0.0000', '0.0000']
  [ 8, 9]  residual=0.8741  id_residual=1.4130  c=1.000  restarts=['0.8742', '0.8741', '0.8741']
  [ 8,10]  residual=1.5741  id_residual=1.9801  c=1.000  restarts=['1.5741', '1.5741', '1.5741']
  [ 8,11]  residual=3.0568  id_residual=3.5176  c=1.000  restarts=['3.0568', '3.0568', '3.0568']
  [ 8,12]  residual=2.6681  id_residual=3.2480  c=1.000  restarts=['2.6681', '2.6681', '2.6681']
  [ 8,13]  residual=3.4792  id_residual=3.8217  c=1.000  restarts=['3.4792', '3.4792', '3.4792']
  [ 8,14]  residual=1.0979  id_residual=1.5268  c=1.000  restarts=['1.0979', '1.0979', '1.0979']
  [ 8,15]  residual=1.2689  id_residual=1.5587  c=1.000  restarts=['1.2689', '1.2689', '1.2689']
  [ 8,16]  residual=1.1037  id_residual=1.4089  c=1.000  restarts=['1.1037', '1.1037', '1.1037']
  [ 8,17]  residual=1.0261  id_residual=1.3879  c=1.000  restarts=['1.0261', '1.0261', '1.0261']
  [ 8,18]  residual=1.1593  id_residual=1.6172  c=1.000  restarts=['1.1593', '1.1593', '1.1593']
  [ 8,19]  residual=1.6699  id_residual=2.0312  c=1.000  restarts=['1.6699', '1.6699', '1.6699']
  [ 9, 0]  residual=0.6464  id_residual=0.9823  c=1.000  restarts=['0.6464', '0.6464', '0.6464']
  [ 9, 1]  residual=0.6580  id_residual=0.8838  c=1.000  restarts=['0.6580', '0.6580', '0.6580']
  [ 9, 2]  residual=0.8769  id_residual=1.3546  c=1.000  restarts=['0.8769', '0.8769', '0.8769']
  [ 9, 3]  residual=0.6677  id_residual=1.1421  c=1.000  restarts=['0.6677', '0.6677', '0.6677']
  [ 9, 4]  residual=0.7557  id_residual=1.2265  c=1.000  restarts=['0.7557', '0.7557', '0.7557']
  [ 9, 5]  residual=0.7269  id_residual=1.1421  c=1.000  restarts=['0.7269', '0.7269', '0.7269']
  [ 9, 6]  residual=0.8806  id_residual=1.2186  c=1.000  restarts=['0.8806', '0.8806', '0.8806']
  [ 9, 7]  residual=0.9916  id_residual=1.3082  c=1.000  restarts=['0.9916', '0.9916', '0.9916']
  [ 9, 8]  residual=0.6225  id_residual=1.0062  c=1.000  restarts=['0.6225', '0.6225', '0.6225']
  [ 9, 9]  residual=0.0000  id_residual=0.0000  c=1.000  restarts=['0.0000', '0.0000', '0.0000']
  [ 9,10]  residual=0.9502  id_residual=1.4356  c=1.000  restarts=['0.9502', '0.9502', '0.9502']
  [ 9,11]  residual=2.1509  id_residual=2.3968  c=1.000  restarts=['2.1509', '2.1509', '2.1509']
  [ 9,12]  residual=1.7207  id_residual=1.9854  c=1.000  restarts=['1.7207', '1.7207', '1.7207']
  [ 9,13]  residual=2.4352  id_residual=2.8053  c=1.000  restarts=['2.4352', '2.4352', '2.4352']
  [ 9,14]  residual=0.8023  id_residual=1.0594  c=1.000  restarts=['0.8023', '0.8023', '0.8023']
  [ 9,15]  residual=1.1047  id_residual=1.2784  c=1.000  restarts=['1.1047', '1.1047', '1.1047']
  [ 9,16]  residual=0.7788  id_residual=1.1720  c=1.000  restarts=['0.7788', '0.7788', '0.7788']
  [ 9,17]  residual=0.7400  id_residual=1.1284  c=1.000  restarts=['0.7400', '0.7400', '0.7400']
  [ 9,18]  residual=0.7031  id_residual=1.3448  c=1.000  restarts=['0.7031', '0.7031', '0.7031']
  [ 9,19]  residual=1.0126  id_residual=1.3114  c=1.000  restarts=['1.0126', '1.0126', '1.0126']
  [10, 0]  residual=0.7197  id_residual=0.9956  c=1.000  restarts=['0.7197', '0.7197', '0.7197']
  [10, 1]  residual=0.7366  id_residual=0.9490  c=1.000  restarts=['0.7366', '0.7366', '0.7366']
  [10, 2]  residual=0.6506  id_residual=0.9152  c=1.000  restarts=['0.6506', '0.6506', '0.6506']
  [10, 3]  residual=0.6860  id_residual=0.8959  c=1.000  restarts=['0.6860', '0.6860', '0.6860']
  [10, 4]  residual=0.6549  id_residual=0.9046  c=1.000  restarts=['0.6549', '0.6549', '0.6549']
  [10, 5]  residual=0.6882  id_residual=0.8631  c=1.000  restarts=['0.6882', '0.6882', '0.6882']
  [10, 6]  residual=0.7869  id_residual=1.0032  c=1.000  restarts=['0.7869', '0.7869', '0.7869']
  [10, 7]  residual=0.6194  id_residual=1.1370  c=1.000  restarts=['0.6194', '0.6194', '0.6194']
  [10, 8]  residual=0.7671  id_residual=0.9649  c=1.000  restarts=['0.7671', '0.7671', '0.7671']
  [10, 9]  residual=0.6502  id_residual=0.9823  c=1.000  restarts=['0.6502', '0.6502', '0.6502']
  [10,10]  residual=0.0000  id_residual=0.0000  c=1.000  restarts=['0.0000', '0.0000', '0.0000']
  [10,11]  residual=1.5134  id_residual=1.8242  c=1.000  restarts=['1.5134', '1.5134', '1.5134']
  [10,12]  residual=1.0161  id_residual=1.5588  c=1.000  restarts=['1.0161', '1.0161', '1.0161']
  [10,13]  residual=1.6887  id_residual=1.9400  c=1.000  restarts=['1.6887', '1.6887', '1.6887']
  [10,14]  residual=0.6433  id_residual=0.9111  c=1.000  restarts=['0.6433', '0.6433', '0.6433']
  [10,15]  residual=1.0186  id_residual=1.1561  c=1.000  restarts=['1.0186', '1.0186', '1.0186']
  [10,16]  residual=0.6195  id_residual=0.8968  c=1.000  restarts=['0.6195', '0.6195', '0.6195']
  [10,17]  residual=0.6304  id_residual=0.8819  c=1.000  restarts=['0.6304', '0.6304', '0.6304']
  [10,18]  residual=0.5986  id_residual=1.0895  c=1.000  restarts=['0.5986', '0.5986', '0.5986']
  [10,19]  residual=0.5405  id_residual=1.0784  c=1.000  restarts=['0.5405', '0.5405', '0.5405']
  [11, 0]  residual=0.8539  id_residual=0.9911  c=1.000  restarts=['0.8539', '0.8539', '0.8539']
  [11, 1]  residual=0.9096  id_residual=1.0366  c=1.000  restarts=['0.9096', '0.9096', '0.9096']
  [11, 2]  residual=0.9636  id_residual=1.1176  c=1.000  restarts=['0.9636', '0.9636', '0.9636']
  [11, 3]  residual=0.8566  id_residual=0.9966  c=1.000  restarts=['0.8566', '0.8566', '0.8566']
  [11, 4]  residual=0.9052  id_residual=1.0791  c=1.000  restarts=['0.9052', '0.9052', '0.9052']
  [11, 5]  residual=0.9550  id_residual=1.0940  c=1.000  restarts=['0.9550', '0.9550', '0.9550']
  [11, 6]  residual=0.9846  id_residual=1.1396  c=1.000  restarts=['0.9846', '0.9846', '0.9846']
  [11, 7]  residual=0.9652  id_residual=1.1159  c=1.000  restarts=['0.9652', '0.9652', '0.9652']
  [11, 8]  residual=0.8977  id_residual=1.0330  c=1.000  restarts=['0.8977', '0.8977', '0.8977']
  [11, 9]  residual=0.8870  id_residual=0.9884  c=1.000  restarts=['0.8870', '0.8870', '0.8870']
  [11,10]  residual=0.9121  id_residual=1.0994  c=1.000  restarts=['0.9121', '0.9121', '0.9121']
  [11,11]  residual=0.0000  id_residual=0.0000  c=1.000  restarts=['0.0000', '0.0000', '0.0000']
  [11,12]  residual=0.9955  id_residual=1.2577  c=1.000  restarts=['0.9955', '0.9955', '0.9955']
  [11,13]  residual=1.2561  id_residual=1.5550  c=1.000  restarts=['1.2561', '1.2561', '1.2561']
  [11,14]  residual=0.9385  id_residual=1.0730  c=1.000  restarts=['0.9385', '0.9385', '0.9385']
  [11,15]  residual=0.9499  id_residual=1.0718  c=1.000  restarts=['0.9499', '0.9499', '0.9499']
  [11,16]  residual=0.9231  id_residual=1.0284  c=1.000  restarts=['0.9231', '0.9231', '0.9231']
  [11,17]  residual=0.9039  id_residual=1.0137  c=1.000  restarts=['0.9039', '0.9039', '0.9039']
  [11,18]  residual=0.9054  id_residual=1.0792  c=1.000  restarts=['0.9054', '0.9054', '0.9054']
  [11,19]  residual=0.9264  id_residual=1.0802  c=1.000  restarts=['0.9264', '0.9264', '0.9264']
  [12, 0]  residual=0.7459  id_residual=0.8905  c=1.000  restarts=['0.7459', '0.7459', '0.7459']
  [12, 1]  residual=0.7605  id_residual=0.8733  c=1.000  restarts=['0.7605', '0.7605', '0.7605']
  [12, 2]  residual=0.7715  id_residual=0.9756  c=1.000  restarts=['0.7715', '0.7715', '0.7715']
  [12, 3]  residual=0.7767  id_residual=0.9460  c=1.000  restarts=['0.7767', '0.7767', '0.7767']
  [12, 4]  residual=0.7418  id_residual=0.9074  c=1.000  restarts=['0.7418', '0.7418', '0.7418']
  [12, 5]  residual=0.8061  id_residual=0.9515  c=1.000  restarts=['0.8061', '0.8061', '0.8061']
  [12, 6]  residual=0.8178  id_residual=0.9563  c=1.000  restarts=['0.8178', '0.8178', '0.8178']
  [12, 7]  residual=0.6689  id_residual=0.8373  c=1.000  restarts=['0.6689', '0.6689', '0.6689']
  [12, 8]  residual=0.8072  id_residual=0.9826  c=1.000  restarts=['0.8072', '0.8072', '0.8072']
  [12, 9]  residual=0.7310  id_residual=0.8434  c=1.000  restarts=['0.7310', '0.7310', '0.7310']
  [12,10]  residual=0.6309  id_residual=0.9678  c=1.000  restarts=['0.6309', '0.6309', '0.6309']
  [12,11]  residual=1.0255  id_residual=1.2956  c=1.000  restarts=['1.0255', '1.0255', '1.0255']
  [12,12]  residual=0.0000  id_residual=0.0000  c=1.000  restarts=['0.0000', '0.0000', '0.0000']
  [12,13]  residual=1.1010  id_residual=1.4979  c=1.000  restarts=['1.1010', '1.1010', '1.1010']
  [12,14]  residual=0.7896  id_residual=0.9054  c=1.000  restarts=['0.7896', '0.7896', '0.7896']
  [12,15]  residual=0.9278  id_residual=1.0561  c=1.000  restarts=['0.9278', '0.9278', '0.9278']
  [12,16]  residual=0.7563  id_residual=0.9606  c=1.000  restarts=['0.7563', '0.7563', '0.7563']
  [12,17]  residual=0.7482  id_residual=0.9559  c=1.000  restarts=['0.7482', '0.7482', '0.7482']
  [12,18]  residual=0.6774  id_residual=0.9586  c=1.000  restarts=['0.6774', '0.6774', '0.6774']
  [12,19]  residual=0.7095  id_residual=0.8605  c=1.000  restarts=['0.7095', '0.7095', '0.7095']
  [13, 0]  residual=0.9204  id_residual=1.0627  c=1.000  restarts=['0.9204', '0.9204', '0.9204']
  [13, 1]  residual=0.9391  id_residual=1.0217  c=1.000  restarts=['0.9391', '0.9391', '0.9391']
  [13, 2]  residual=0.9363  id_residual=1.0460  c=1.000  restarts=['0.9363', '0.9363', '0.9363']
  [13, 3]  residual=0.8977  id_residual=1.0615  c=1.000  restarts=['0.8977', '0.8977', '0.8977']
  [13, 4]  residual=0.9066  id_residual=1.0760  c=1.000  restarts=['0.9066', '0.9066', '0.9066']
  [13, 5]  residual=0.9419  id_residual=1.0519  c=1.000  restarts=['0.9419', '0.9419', '0.9419']
  [13, 6]  residual=0.9496  id_residual=1.0601  c=1.000  restarts=['0.9496', '0.9496', '0.9496']
  [13, 7]  residual=0.9581  id_residual=1.0863  c=1.000  restarts=['0.9581', '0.9581', '0.9581']
  [13, 8]  residual=0.9172  id_residual=1.0075  c=1.000  restarts=['0.9172', '0.9172', '0.9172']
  [13, 9]  residual=0.9015  id_residual=1.0385  c=1.000  restarts=['0.9015', '0.9015', '0.9015']
  [13,10]  residual=0.9136  id_residual=1.0495  c=1.000  restarts=['0.9136', '0.9136', '0.9136']
  [13,11]  residual=1.1276  id_residual=1.3958  c=1.000  restarts=['1.1276', '1.1278', '1.1276']
  [13,12]  residual=0.9594  id_residual=1.3053  c=1.000  restarts=['0.9594', '0.9594', '0.9594']
  [13,13]  residual=0.0000  id_residual=0.0000  c=1.000  restarts=['0.0000', '0.0000', '0.0000']
  [13,14]  residual=0.9218  id_residual=1.0205  c=1.000  restarts=['0.9218', '0.9218', '0.9218']
  [13,15]  residual=0.8953  id_residual=1.0180  c=1.000  restarts=['0.8967', '0.8953', '0.8953']
  [13,16]  residual=0.9188  id_residual=1.0014  c=1.000  restarts=['0.9188', '0.9188', '0.9188']
  [13,17]  residual=0.8955  id_residual=0.9946  c=1.000  restarts=['0.8955', '0.8955', '0.8955']
  [13,18]  residual=0.9102  id_residual=1.0262  c=1.000  restarts=['0.9102', '0.9102', '0.9102']
  [13,19]  residual=0.9449  id_residual=1.0964  c=1.000  restarts=['0.9449', '0.9449', '0.9449']
  [14, 0]  residual=0.8717  id_residual=1.0719  c=1.000  restarts=['0.8717', '0.8717', '0.8717']
  [14, 1]  residual=0.7596  id_residual=0.9813  c=1.000  restarts=['0.7596', '0.7596', '0.7596']
  [14, 2]  residual=0.6998  id_residual=1.1916  c=1.000  restarts=['0.6998', '0.6998', '0.6998']
  [14, 3]  residual=0.7081  id_residual=1.0723  c=1.000  restarts=['0.7081', '0.7081', '0.7081']
  [14, 4]  residual=0.7276  id_residual=1.1214  c=1.000  restarts=['0.7276', '0.7276', '0.7276']
  [14, 5]  residual=0.6803  id_residual=1.0389  c=1.000  restarts=['0.6803', '0.6803', '0.6803']
  [14, 6]  residual=0.7610  id_residual=1.1164  c=1.000  restarts=['0.7610', '0.7610', '0.7610']
  [14, 7]  residual=0.9158  id_residual=1.2380  c=1.000  restarts=['0.9158', '0.9158', '0.9158']
  [14, 8]  residual=0.7344  id_residual=1.0214  c=1.000  restarts=['0.7344', '0.7344', '0.7344']
  [14, 9]  residual=0.7536  id_residual=0.9951  c=1.000  restarts=['0.7536', '0.7536', '0.7536']
  [14,10]  residual=0.8832  id_residual=1.2508  c=1.000  restarts=['0.8832', '0.8832', '0.8832']
  [14,11]  residual=2.1378  id_residual=2.4441  c=1.000  restarts=['2.1378', '2.1378', '2.1378']
  [14,12]  residual=1.7461  id_residual=2.0021  c=1.000  restarts=['1.7461', '1.7461', '1.7461']
  [14,13]  residual=2.3392  id_residual=2.5896  c=1.000  restarts=['2.3392', '2.3392', '2.3392']
  [14,14]  residual=0.0000  id_residual=0.0000  c=1.000  restarts=['0.0000', '0.0000', '0.0000']
  [14,15]  residual=1.0931  id_residual=1.2306  c=1.000  restarts=['1.0931', '1.0931', '1.0932']
  [14,16]  residual=0.7790  id_residual=1.0974  c=1.000  restarts=['0.7790', '0.7790', '0.7790']
  [14,17]  residual=0.7780  id_residual=1.1017  c=1.000  restarts=['0.7780', '0.7780', '0.7780']
  [14,18]  residual=0.6628  id_residual=1.3466  c=1.000  restarts=['0.6628', '0.6628', '0.6628']
  [14,19]  residual=0.9376  id_residual=1.2109  c=1.000  restarts=['0.9376', '0.9376', '0.9376']
  [15, 0]  residual=1.3355  id_residual=1.5707  c=1.000  restarts=['1.3355', '1.3355', '1.3355']
  [15, 1]  residual=1.3670  id_residual=1.5663  c=1.000  restarts=['1.3670', '1.3670', '1.3670']
  [15, 2]  residual=1.6635  id_residual=1.8556  c=1.000  restarts=['1.6635', '1.6635', '1.6635']
  [15, 3]  residual=1.4051  id_residual=1.7183  c=1.000  restarts=['1.4052', '1.4051', '1.4052']
  [15, 4]  residual=1.5622  id_residual=1.8178  c=1.000  restarts=['1.5622', '1.5622', '1.5622']
  [15, 5]  residual=1.4905  id_residual=1.6580  c=1.000  restarts=['1.4908', '1.4905', '1.4905']
  [15, 6]  residual=1.6228  id_residual=1.7643  c=1.000  restarts=['1.6228', '1.6228', '1.6228']
  [15, 7]  residual=1.8001  id_residual=2.0202  c=1.000  restarts=['1.8002', '1.8002', '1.8001']
  [15, 8]  residual=1.0587  id_residual=1.3005  c=1.000  restarts=['1.0587', '1.0587', '1.0587']
  [15, 9]  residual=1.2942  id_residual=1.4977  c=1.000  restarts=['1.2942', '1.2942', '1.2942']
  [15,10]  residual=1.7441  id_residual=1.9795  c=1.000  restarts=['1.7441', '1.7441', '1.7441']
  [15,11]  residual=2.6985  id_residual=3.0449  c=1.000  restarts=['2.6986', '2.6985', '2.6985']
  [15,12]  residual=2.5588  id_residual=2.9126  c=1.000  restarts=['2.5588', '2.5589', '2.5588']
  [15,13]  residual=2.8336  id_residual=3.2220  c=1.000  restarts=['2.8381', '2.8381', '2.8336']
  [15,14]  residual=1.3633  id_residual=1.5348  c=1.000  restarts=['1.3633', '1.3633', '1.3633']
  [15,15]  residual=0.0000  id_residual=0.0000  c=1.000  restarts=['0.0000', '0.0000', '0.0000']
  [15,16]  residual=1.3156  id_residual=1.4756  c=1.000  restarts=['1.3156', '1.3157', '1.3156']
  [15,17]  residual=1.2489  id_residual=1.4764  c=1.000  restarts=['1.2490', '1.2489', '1.2489']
  [15,18]  residual=1.4619  id_residual=1.7487  c=1.000  restarts=['1.4619', '1.4619', '1.4619']
  [15,19]  residual=1.8033  id_residual=1.9939  c=1.000  restarts=['1.8034', '1.8033', '1.8034']
  [16, 0]  residual=0.8323  id_residual=1.2530  c=1.000  restarts=['0.8323', '0.8323', '0.8323']
  [16, 1]  residual=0.8720  id_residual=1.2424  c=1.000  restarts=['0.8720', '0.8720', '0.8720']
  [16, 2]  residual=1.0850  id_residual=1.3863  c=1.000  restarts=['1.0850', '1.0850', '1.0850']
  [16, 3]  residual=1.0158  id_residual=1.3501  c=1.000  restarts=['1.0158', '1.0158', '1.0158']
  [16, 4]  residual=1.0622  id_residual=1.3998  c=1.000  restarts=['1.0622', '1.0622', '1.0622']
  [16, 5]  residual=1.0257  id_residual=1.3697  c=1.000  restarts=['1.0257', '1.0257', '1.0257']
  [16, 6]  residual=1.1860  id_residual=1.5340  c=1.000  restarts=['1.1860', '1.1860', '1.1860']
  [16, 7]  residual=1.1722  id_residual=1.4765  c=1.000  restarts=['1.1722', '1.1722', '1.1722']
  [16, 8]  residual=0.8164  id_residual=1.0422  c=1.000  restarts=['0.8164', '0.8165', '0.8165']
  [16, 9]  residual=0.8090  id_residual=1.2175  c=1.000  restarts=['0.8090', '0.8090', '0.8090']
  [16,10]  residual=0.9405  id_residual=1.3615  c=1.000  restarts=['0.9405', '0.9405', '0.9405']
  [16,11]  residual=2.3253  id_residual=2.5904  c=1.000  restarts=['2.3253', '2.3253', '2.3253']
  [16,12]  residual=1.8494  id_residual=2.3489  c=1.000  restarts=['1.8494', '1.8494', '1.8494']
  [16,13]  residual=2.5783  id_residual=2.8100  c=1.000  restarts=['2.5783', '2.5783', '2.5783']
  [16,14]  residual=0.8614  id_residual=1.2136  c=1.000  restarts=['0.8614', '0.8614', '0.8614']
  [16,15]  residual=1.1665  id_residual=1.3084  c=1.000  restarts=['1.1665', '1.1665', '1.1665']
  [16,16]  residual=0.0000  id_residual=0.0000  c=1.000  restarts=['0.0000', '0.0000', '0.0000']
  [16,17]  residual=0.3567  id_residual=0.7695  c=1.000  restarts=['0.3567', '0.3567', '0.3567']
  [16,18]  residual=0.9040  id_residual=1.2544  c=1.000  restarts=['0.9040', '0.9040', '0.9040']
  [16,19]  residual=0.9907  id_residual=1.5454  c=1.000  restarts=['0.9907', '0.9907', '0.9907']
  [17, 0]  residual=0.8087  id_residual=1.3111  c=1.000  restarts=['0.8087', '0.8087', '0.8087']
  [17, 1]  residual=0.8760  id_residual=1.2319  c=1.000  restarts=['0.8760', '0.8761', '0.8761']
  [17, 2]  residual=1.1331  id_residual=1.4422  c=1.000  restarts=['1.1331', '1.1331', '1.1331']
  [17, 3]  residual=1.0083  id_residual=1.4024  c=1.000  restarts=['1.0083', '1.0083', '1.0083']
  [17, 4]  residual=1.0885  id_residual=1.4166  c=1.000  restarts=['1.0885', '1.0885', '1.0885']
  [17, 5]  residual=1.0710  id_residual=1.3856  c=1.000  restarts=['1.0710', '1.0710', '1.0710']
  [17, 6]  residual=1.2527  id_residual=1.5913  c=1.000  restarts=['1.2527', '1.2527', '1.2527']
  [17, 7]  residual=1.2027  id_residual=1.5558  c=1.000  restarts=['1.2027', '1.2027', '1.2027']
  [17, 8]  residual=0.7911  id_residual=1.0701  c=1.000  restarts=['0.7911', '0.7911', '0.7911']
  [17, 9]  residual=0.8012  id_residual=1.2217  c=1.000  restarts=['0.8012', '0.8012', '0.8012']
  [17,10]  residual=0.9975  id_residual=1.3953  c=1.000  restarts=['0.9975', '0.9975', '0.9975']
  [17,11]  residual=2.3730  id_residual=2.6614  c=1.000  restarts=['2.3730', '2.3730', '2.3730']
  [17,12]  residual=1.9067  id_residual=2.4361  c=1.000  restarts=['1.9067', '1.9067', '1.9067']
  [17,13]  residual=2.6192  id_residual=2.9089  c=1.000  restarts=['2.6192', '2.6192', '2.6192']
  [17,14]  residual=0.8966  id_residual=1.2698  c=1.000  restarts=['0.8966', '0.8966', '0.8966']
  [17,15]  residual=1.1541  id_residual=1.3643  c=1.000  restarts=['1.1542', '1.1541', '1.1542']
  [17,16]  residual=0.3718  id_residual=0.8020  c=1.000  restarts=['0.3718', '0.3718', '0.3718']
  [17,17]  residual=0.0000  id_residual=0.0000  c=1.000  restarts=['0.0000', '0.0000', '0.0000']
  [17,18]  residual=0.9454  id_residual=1.3458  c=1.000  restarts=['0.9454', '0.9454', '0.9454']
  [17,19]  residual=1.0706  id_residual=1.5420  c=1.000  restarts=['1.0706', '1.0706', '1.0706']
  [18, 0]  residual=0.6614  id_residual=1.1257  c=1.000  restarts=['0.6614', '0.6614', '0.6614']
  [18, 1]  residual=0.6279  id_residual=1.1288  c=1.000  restarts=['0.6279', '0.6279', '0.6279']
  [18, 2]  residual=0.6418  id_residual=1.2513  c=1.000  restarts=['0.6418', '0.6418', '0.6418']
  [18, 3]  residual=0.6489  id_residual=1.1885  c=1.000  restarts=['0.6489', '0.6489', '0.6489']
  [18, 4]  residual=0.6044  id_residual=1.2692  c=1.000  restarts=['0.6044', '0.6044', '0.6044']
  [18, 5]  residual=0.5933  id_residual=1.2082  c=1.000  restarts=['0.5933', '0.5933', '0.5933']
  [18, 6]  residual=0.6391  id_residual=1.3289  c=1.000  restarts=['0.6391', '0.6391', '0.6391']
  [18, 7]  residual=0.7546  id_residual=1.2773  c=1.000  restarts=['0.7546', '0.7546', '0.7546']
  [18, 8]  residual=0.6694  id_residual=0.9338  c=1.000  restarts=['0.6694', '0.6694', '0.6694']
  [18, 9]  residual=0.5701  id_residual=1.0904  c=1.000  restarts=['0.5701', '0.5701', '0.5701']
  [18,10]  residual=0.7094  id_residual=1.2911  c=1.000  restarts=['0.7094', '0.7094', '0.7094']
  [18,11]  residual=1.7801  id_residual=2.1220  c=1.000  restarts=['1.7801', '1.7801', '1.7801']
  [18,12]  residual=1.2930  id_residual=1.8297  c=1.000  restarts=['1.2930', '1.2930', '1.2930']
  [18,13]  residual=1.9938  id_residual=2.2477  c=1.000  restarts=['1.9938', '1.9938', '1.9938']
  [18,14]  residual=0.5721  id_residual=1.1623  c=1.000  restarts=['0.5721', '0.5721', '0.5721']
  [18,15]  residual=1.0118  id_residual=1.2103  c=1.000  restarts=['1.0118', '1.0118', '1.0118']
  [18,16]  residual=0.7057  id_residual=0.9792  c=1.000  restarts=['0.7057', '0.7057', '0.7057']
  [18,17]  residual=0.7080  id_residual=1.0079  c=1.000  restarts=['0.7080', '0.7080', '0.7080']
  [18,18]  residual=0.0000  id_residual=0.0000  c=1.000  restarts=['0.0000', '0.0000', '0.0000']
  [18,19]  residual=0.7754  id_residual=1.2780  c=1.000  restarts=['0.7754', '0.7754', '0.7754']
  [19, 0]  residual=0.7090  id_residual=0.9590  c=1.000  restarts=['0.7090', '0.7090', '0.7090']
  [19, 1]  residual=0.7427  id_residual=0.9678  c=1.000  restarts=['0.7427', '0.7427', '0.7427']
  [19, 2]  residual=0.6409  id_residual=1.0954  c=1.000  restarts=['0.6409', '0.6409', '0.6409']
  [19, 3]  residual=0.6895  id_residual=0.9423  c=1.000  restarts=['0.6895', '0.6895', '0.6895']
  [19, 4]  residual=0.6789  id_residual=0.8897  c=1.000  restarts=['0.6789', '0.6789', '0.6789']
  [19, 5]  residual=0.6827  id_residual=0.9420  c=1.000  restarts=['0.6827', '0.6827', '0.6827']
  [19, 6]  residual=0.7712  id_residual=1.0941  c=1.000  restarts=['0.7712', '0.7712', '0.7712']
  [19, 7]  residual=0.6768  id_residual=1.0972  c=1.000  restarts=['0.6768', '0.6768', '0.6768']
  [19, 8]  residual=0.8021  id_residual=0.9757  c=1.000  restarts=['0.8021', '0.8021', '0.8021']
  [19, 9]  residual=0.6830  id_residual=0.8846  c=1.000  restarts=['0.6830', '0.6830', '0.6830']
  [19,10]  residual=0.5328  id_residual=1.0631  c=1.000  restarts=['0.5328', '0.5328', '0.5328']
  [19,11]  residual=1.5154  id_residual=1.7668  c=1.000  restarts=['1.5154', '1.5154', '1.5154']
  [19,12]  residual=1.1266  id_residual=1.3663  c=1.000  restarts=['1.1266', '1.1266', '1.1266']
  [19,13]  residual=1.7217  id_residual=1.9978  c=1.000  restarts=['1.7217', '1.7217', '1.7217']
  [19,14]  residual=0.6733  id_residual=0.8695  c=1.000  restarts=['0.6733', '0.6733', '0.6733']
  [19,15]  residual=1.0383  id_residual=1.1480  c=1.000  restarts=['1.0383', '1.0383', '1.0383']
  [19,16]  residual=0.6433  id_residual=1.0035  c=1.000  restarts=['0.6433', '0.6433', '0.6433']
  [19,17]  residual=0.6670  id_residual=0.9607  c=1.000  restarts=['0.6670', '0.6670', '0.6670']
  [19,18]  residual=0.6451  id_residual=1.0632  c=1.000  restarts=['0.6451', '0.6451', '0.6451']
  [19,19]  residual=0.0000  id_residual=0.0000  c=1.000  restarts=['0.0000', '0.0000', '0.0000']
Saved heatmap_fixed.npy  min=0.0000  max=3.4792
Saved /scratch3/shaiq_home/repos/behaviour_ddpm/ddpm/analysis/new_analysis/results/student_student_heatmap/heatmap_scaled.png
Saved /scratch3/shaiq_home/repos/behaviour_ddpm/ddpm/analysis/new_analysis/results/student_student_heatmap/heatmap_fixed.png

Scaled residual summary (off-diagonal):
  Within-direction  (n=24):  mean=0.4753  median=0.4734
  Between-direction (n=356): mean=0.8760  median=0.6930

Output: /scratch3/shaiq_home/repos/behaviour_ddpm/ddpm/analysis/new_analysis/results/student_student_heatmap
