Loading models...
  [0] Ablated_0  (index_cued_first_diffusion_0.3_swap_7)
  [1] Student_0  (index_cued_first_diffusion_0.3_swap_recovery_ablation_0_0)
  [2] Student_1  (index_cued_first_diffusion_0.3_swap_recovery_ablation_0_1)
  [0] Ablated_0: ablating nullspace direction 0
Sweep: 288 trials (24 with same color, per 12^2 × 2 cues)
Reference model: [0] Ablated_0
Student models: ['Student_0', 'Student_1']
  [1/288] cue=1 c1=0° c2=0°USING PRECUED ITEMS - SHOULD NEVER BE DONE IN TRAINING
  Student_0:1.170  Student_1:0.044  Student_1:1.155  [self:0.030]
  [2/288] cue=1 c1=0° c2=30°USING PRECUED ITEMS - SHOULD NEVER BE DONE IN TRAINING
  Student_0:1.311  Student_1:0.132  Student_1:1.347  [self:0.016]
  [3/288] cue=1 c1=0° c2=60°USING PRECUED ITEMS - SHOULD NEVER BE DONE IN TRAINING
  Student_0:2.127  Student_1:0.299  Student_1:1.876  [self:0.040]
  [4/288] cue=1 c1=0° c2=90°USING PRECUED ITEMS - SHOULD NEVER BE DONE IN TRAINING
  Student_0:0.775  Student_1:0.098  Student_1:0.838  [self:0.018]
  [5/288] cue=1 c1=0° c2=120°USING PRECUED ITEMS - SHOULD NEVER BE DONE IN TRAINING
  Student_0:2.080  Student_1:0.096  Student_1:2.014  [self:0.029]
  [6/288] cue=1 c1=0° c2=150°USING PRECUED ITEMS - SHOULD NEVER BE DONE IN TRAINING
  Student_0:1.459  Student_1:0.086  Student_1:1.510  [self:0.042]
  [7/288] cue=1 c1=0° c2=180°USING PRECUED ITEMS - SHOULD NEVER BE DONE IN TRAINING
  Student_0:0.886  Student_1:0.115  Student_1:0.989  [self:0.021]
  [8/288] cue=1 c1=0° c2=210°USING PRECUED ITEMS - SHOULD NEVER BE DONE IN TRAINING
  Student_0:1.137  Student_1:0.054  Student_1:1.153  [self:0.032]
  [9/288] cue=1 c1=0° c2=240°USING PRECUED ITEMS - SHOULD NEVER BE DONE IN TRAINING
  Student_0:1.222  Student_1:0.097  Student_1:1.295  [self:0.037]
  [10/288] cue=1 c1=0° c2=270°USING PRECUED ITEMS - SHOULD NEVER BE DONE IN TRAINING
  Student_0:1.298  Student_1:0.053  Student_1:1.332  [self:0.029]
  [11/288] cue=1 c1=0° c2=300°USING PRECUED ITEMS - SHOULD NEVER BE DONE IN TRAINING
  Student_0:0.592  Student_1:0.040  Student_1:0.626  [self:0.030]
  [12/288] cue=1 c1=0° c2=330°USING PRECUED ITEMS - SHOULD NEVER BE DONE IN TRAINING
  Student_0:0.406  Student_1:0.045  Student_1:0.386  [self:0.058]
  [13/288] cue=1 c1=30° c2=0°USING PRECUED ITEMS - SHOULD NEVER BE DONE IN TRAINING
  Student_0:1.229  Student_1:0.100  Student_1:1.217  [self:0.018]
  [14/288] cue=1 c1=30° c2=30°USING PRECUED ITEMS - SHOULD NEVER BE DONE IN TRAINING
  Student_0:4.669  Student_1:1.016  Student_1:5.684  [self:0.064]
  [15/288] cue=1 c1=30° c2=60°USING PRECUED ITEMS - SHOULD NEVER BE DONE IN TRAINING
  Student_0:23.717  Student_1:10.798  Student_1:12.926  [self:0.397]
  [16/288] cue=1 c1=30° c2=90°USING PRECUED ITEMS - SHOULD NEVER BE DONE IN TRAINING
  Student_0:1.849  Student_1:0.203  Student_1:1.846  [self:0.037]
  [17/288] cue=1 c1=30° c2=120°USING PRECUED ITEMS - SHOULD NEVER BE DONE IN TRAINING
  Student_0:2.231  Student_1:0.063  Student_1:2.174  [self:0.029]
  [18/288] cue=1 c1=30° c2=150°USING PRECUED ITEMS - SHOULD NEVER BE DONE IN TRAINING
  Student_0:1.790  Student_1:0.061  Student_1:1.807  [self:0.028]
  [19/288] cue=1 c1=30° c2=180°USING PRECUED ITEMS - SHOULD NEVER BE DONE IN TRAINING
  Student_0:1.707  Student_1:0.061  Student_1:1.740  [self:0.030]
  [20/288] cue=1 c1=30° c2=210°USING PRECUED ITEMS - SHOULD NEVER BE DONE IN TRAINING
  Student_0:1.640  Student_1:0.052  Student_1:1.646  [self:0.030]
  [21/288] cue=1 c1=30° c2=240°USING PRECUED ITEMS - SHOULD NEVER BE DONE IN TRAINING
  Student_0:1.705  Student_1:0.049  Student_1:1.698  [self:0.040]
  [22/288] cue=1 c1=30° c2=270°USING PRECUED ITEMS - SHOULD NEVER BE DONE IN TRAINING
  Student_0:1.347  Student_1:0.040  Student_1:1.358  [self:0.018]
  [23/288] cue=1 c1=30° c2=300°USING PRECUED ITEMS - SHOULD NEVER BE DONE IN TRAINING
  Student_0:0.427  Student_1:0.032  Student_1:0.414  [self:0.020]
  [24/288] cue=1 c1=30° c2=330°USING PRECUED ITEMS - SHOULD NEVER BE DONE IN TRAINING
  Student_0:1.116  Student_1:0.049  Student_1:1.150  [self:0.026]
  [25/288] cue=1 c1=60° c2=0°USING PRECUED ITEMS - SHOULD NEVER BE DONE IN TRAINING
  Student_0:1.257  Student_1:0.182  Student_1:1.362  [self:0.050]
  [26/288] cue=1 c1=60° c2=30°USING PRECUED ITEMS - SHOULD NEVER BE DONE IN TRAINING
  Student_0:7.520  Student_1:0.707  Student_1:7.504  [self:0.163]
Saved plot: /scratch3/shaiq_home/repos/behaviour_ddpm/results/all_teacher_student_sweeps/ablation_0/sweep_plots/trial0025_cue1_c160_c230.png
  [27/288] cue=1 c1=60° c2=60°USING PRECUED ITEMS - SHOULD NEVER BE DONE IN TRAINING
  Student_0:14.280  Student_1:5.457  Student_1:8.833  [self:0.351]
  [28/288] cue=1 c1=60° c2=90°USING PRECUED ITEMS - SHOULD NEVER BE DONE IN TRAINING
  Student_0:4.577  Student_1:2.250  Student_1:2.460  [self:0.057]
  [29/288] cue=1 c1=60° c2=120°USING PRECUED ITEMS - SHOULD NEVER BE DONE IN TRAINING
  Student_0:2.305  Student_1:0.057  Student_1:2.267  [self:0.018]
  [30/288] cue=1 c1=60° c2=150°USING PRECUED ITEMS - SHOULD NEVER BE DONE IN TRAINING
  Student_0:2.001  Student_1:0.091  Student_1:1.987  [self:0.036]
  [31/288] cue=1 c1=60° c2=180°USING PRECUED ITEMS - SHOULD NEVER BE DONE IN TRAINING
  Student_0:2.207  Student_1:0.051  Student_1:2.239  [self:0.034]
  [32/288] cue=1 c1=60° c2=210°USING PRECUED ITEMS - SHOULD NEVER BE DONE IN TRAINING
  Student_0:2.559  Student_1:0.067  Student_1:2.535  [self:0.025]
  [33/288] cue=1 c1=60° c2=240°USING PRECUED ITEMS - SHOULD NEVER BE DONE IN TRAINING
  Student_0:2.020  Student_1:0.046  Student_1:2.023  [self:0.018]
  [34/288] cue=1 c1=60° c2=270°USING PRECUED ITEMS - SHOULD NEVER BE DONE IN TRAINING
  Student_0:0.470  Student_1:0.037  Student_1:0.469  [self:0.019]
  [35/288] cue=1 c1=60° c2=300°USING PRECUED ITEMS - SHOULD NEVER BE DONE IN TRAINING
  Student_0:0.504  Student_1:0.114  Student_1:0.431  [self:0.046]
  [36/288] cue=1 c1=60° c2=330°USING PRECUED ITEMS - SHOULD NEVER BE DONE IN TRAINING
  Student_0:1.087  Student_1:0.084  Student_1:1.160  [self:0.028]
  [37/288] cue=1 c1=90° c2=0°USING PRECUED ITEMS - SHOULD NEVER BE DONE IN TRAINING
  Student_0:1.165  Student_1:0.034  Student_1:1.158  [self:0.017]
  [38/288] cue=1 c1=90° c2=30°USING PRECUED ITEMS - SHOULD NEVER BE DONE IN TRAINING
  Student_0:2.387  Student_1:0.443  Student_1:2.805  [self:0.051]
  [39/288] cue=1 c1=90° c2=60°USING PRECUED ITEMS - SHOULD NEVER BE DONE IN TRAINING
  Student_0:4.964  Student_1:1.993  Student_1:3.069  [self:0.060]
  [40/288] cue=1 c1=90° c2=90°USING PRECUED ITEMS - SHOULD NEVER BE DONE IN TRAINING
  Student_0:1.691  Student_1:0.582  Student_1:2.236  [self:0.021]
  [41/288] cue=1 c1=90° c2=120°USING PRECUED ITEMS - SHOULD NEVER BE DONE IN TRAINING
  Student_0:2.367  Student_1:0.067  Student_1:2.316  [self:0.033]
  [42/288] cue=1 c1=90° c2=150°USING PRECUED ITEMS - SHOULD NEVER BE DONE IN TRAINING
  Student_0:2.034  Student_1:0.077  Student_1:2.012  [self:0.039]
  [43/288] cue=1 c1=90° c2=180°USING PRECUED ITEMS - SHOULD NEVER BE DONE IN TRAINING
  Student_0:2.413  Student_1:0.059  Student_1:2.437  [self:0.027]
  [44/288] cue=1 c1=90° c2=210°USING PRECUED ITEMS - SHOULD NEVER BE DONE IN TRAINING
  Student_0:2.574  Student_1:0.065  Student_1:2.588  [self:0.024]
  [45/288] cue=1 c1=90° c2=240°USING PRECUED ITEMS - SHOULD NEVER BE DONE IN TRAINING
  Student_0:1.052  Student_1:0.046  Student_1:1.017  [self:0.020]
  [46/288] cue=1 c1=90° c2=270°USING PRECUED ITEMS - SHOULD NEVER BE DONE IN TRAINING
  Student_0:0.176  Student_1:0.035  Student_1:0.162  [self:0.027]
  [47/288] cue=1 c1=90° c2=300°USING PRECUED ITEMS - SHOULD NEVER BE DONE IN TRAINING
  Student_0:0.377  Student_1:0.085  Student_1:0.383  [self:0.031]
  [48/288] cue=1 c1=90° c2=330°USING PRECUED ITEMS - SHOULD NEVER BE DONE IN TRAINING
  Student_0:1.364  Student_1:0.056  Student_1:1.410  [self:0.036]
  [49/288] cue=1 c1=120° c2=0°USING PRECUED ITEMS - SHOULD NEVER BE DONE IN TRAINING
  Student_0:2.230  Student_1:0.041  Student_1:2.208  [self:0.027]
  [50/288] cue=1 c1=120° c2=30°USING PRECUED ITEMS - SHOULD NEVER BE DONE IN TRAINING
  Student_0:2.187  Student_1:0.052  Student_1:2.192  [self:0.027]
  [51/288] cue=1 c1=120° c2=60°USING PRECUED ITEMS - SHOULD NEVER BE DONE IN TRAINING
  Student_0:2.061  Student_1:0.092  Student_1:2.031  [self:0.028]
  [52/288] cue=1 c1=120° c2=90°USING PRECUED ITEMS - SHOULD NEVER BE DONE IN TRAINING
  Student_0:2.372  Student_1:0.503  Student_1:2.061  [self:0.035]
  [53/288] cue=1 c1=120° c2=120°USING PRECUED ITEMS - SHOULD NEVER BE DONE IN TRAINING
  Student_0:2.249  Student_1:0.033  Student_1:2.232  [self:0.021]
  [54/288] cue=1 c1=120° c2=150°USING PRECUED ITEMS - SHOULD NEVER BE DONE IN TRAINING
  Student_0:2.145  Student_1:0.140  Student_1:2.132  [self:0.019]
  [55/288] cue=1 c1=120° c2=180°USING PRECUED ITEMS - SHOULD NEVER BE DONE IN TRAINING
  Student_0:2.574  Student_1:0.032  Student_1:2.570  [self:0.015]
  [56/288] cue=1 c1=120° c2=210°USING PRECUED ITEMS - SHOULD NEVER BE DONE IN TRAINING
  Student_0:2.459  Student_1:0.024  Student_1:2.456  [self:0.013]
  [57/288] cue=1 c1=120° c2=240°USING PRECUED ITEMS - SHOULD NEVER BE DONE IN TRAINING
  Student_0:0.988  Student_1:0.093  Student_1:0.908  [self:0.026]
  [58/288] cue=1 c1=120° c2=270°USING PRECUED ITEMS - SHOULD NEVER BE DONE IN TRAINING
  Student_0:0.261  Student_1:0.048  Student_1:0.239  [self:0.031]
  [59/288] cue=1 c1=120° c2=300°USING PRECUED ITEMS - SHOULD NEVER BE DONE IN TRAINING
  Student_0:0.472  Student_1:0.056  Student_1:0.503  [self:0.027]
  [60/288] cue=1 c1=120° c2=330°USING PRECUED ITEMS - SHOULD NEVER BE DONE IN TRAINING
  Student_0:2.102  Student_1:0.060  Student_1:2.059  [self:0.028]
  [61/288] cue=1 c1=150° c2=0°USING PRECUED ITEMS - SHOULD NEVER BE DONE IN TRAINING
  Student_0:1.839  Student_1:0.054  Student_1:1.875  [self:0.039]
  [62/288] cue=1 c1=150° c2=30°USING PRECUED ITEMS - SHOULD NEVER BE DONE IN TRAINING
  Student_0:2.262  Student_1:0.071  Student_1:2.270  [self:0.019]
  [63/288] cue=1 c1=150° c2=60°USING PRECUED ITEMS - SHOULD NEVER BE DONE IN TRAINING
  Student_0:2.257  Student_1:0.067  Student_1:2.273  [self:0.039]
  [64/288] cue=1 c1=150° c2=90°USING PRECUED ITEMS - SHOULD NEVER BE DONE IN TRAINING
  Student_0:2.158  Student_1:0.125  Student_1:2.164  [self:0.046]
  [65/288] cue=1 c1=150° c2=120°USING PRECUED ITEMS - SHOULD NEVER BE DONE IN TRAINING
  Student_0:2.293  Student_1:0.125  Student_1:2.261  [self:0.022]
  [66/288] cue=1 c1=150° c2=150°USING PRECUED ITEMS - SHOULD NEVER BE DONE IN TRAINING
  Student_0:2.576  Student_1:0.082  Student_1:2.534  [self:0.016]
  [67/288] cue=1 c1=150° c2=180°USING PRECUED ITEMS - SHOULD NEVER BE DONE IN TRAINING
  Student_0:2.622  Student_1:0.045  Student_1:2.587  [self:0.024]
  [68/288] cue=1 c1=150° c2=210°USING PRECUED ITEMS - SHOULD NEVER BE DONE IN TRAINING
  Student_0:2.174  Student_1:0.060  Student_1:2.180  [self:0.021]
  [69/288] cue=1 c1=150° c2=240°USING PRECUED ITEMS - SHOULD NEVER BE DONE IN TRAINING
  Student_0:1.095  Student_1:0.033  Student_1:1.084  [self:0.016]
  [70/288] cue=1 c1=150° c2=270°USING PRECUED ITEMS - SHOULD NEVER BE DONE IN TRAINING
  Student_0:0.558  Student_1:0.042  Student_1:0.555  [self:0.023]
  [71/288] cue=1 c1=150° c2=300°USING PRECUED ITEMS - SHOULD NEVER BE DONE IN TRAINING
  Student_0:0.454  Student_1:0.046  Student_1:0.467  [self:0.027]
  [72/288] cue=1 c1=150° c2=330°USING PRECUED ITEMS - SHOULD NEVER BE DONE IN TRAINING
  Student_0:1.504  Student_1:0.035  Student_1:1.513  [self:0.029]
  [73/288] cue=1 c1=180° c2=0°USING PRECUED ITEMS - SHOULD NEVER BE DONE IN TRAINING
  Student_0:1.811  Student_1:0.041  Student_1:1.813  [self:0.028]
  [74/288] cue=1 c1=180° c2=30°USING PRECUED ITEMS - SHOULD NEVER BE DONE IN TRAINING
  Student_0:2.069  Student_1:0.033  Student_1:2.068  [self:0.019]
  [75/288] cue=1 c1=180° c2=60°USING PRECUED ITEMS - SHOULD NEVER BE DONE IN TRAINING
  Student_0:2.413  Student_1:0.038  Student_1:2.429  [self:0.020]
  [76/288] cue=1 c1=180° c2=90°USING PRECUED ITEMS - SHOULD NEVER BE DONE IN TRAINING
  Student_0:2.706  Student_1:0.066  Student_1:2.673  [self:0.015]
  [77/288] cue=1 c1=180° c2=120°USING PRECUED ITEMS - SHOULD NEVER BE DONE IN TRAINING
  Student_0:2.541  Student_1:0.037  Student_1:2.538  [self:0.014]
  [78/288] cue=1 c1=180° c2=150°USING PRECUED ITEMS - SHOULD NEVER BE DONE IN TRAINING
  Student_0:2.704  Student_1:0.029  Student_1:2.700  [self:0.016]
  [79/288] cue=1 c1=180° c2=180°USING PRECUED ITEMS - SHOULD NEVER BE DONE IN TRAINING
  Student_0:2.415  Student_1:0.054  Student_1:2.376  [self:0.026]
  [80/288] cue=1 c1=180° c2=210°USING PRECUED ITEMS - SHOULD NEVER BE DONE IN TRAINING
  Student_0:2.210  Student_1:0.162  Student_1:2.114  [self:0.021]
  [81/288] cue=1 c1=180° c2=240°USING PRECUED ITEMS - SHOULD NEVER BE DONE IN TRAINING
  Student_0:1.551  Student_1:0.054  Student_1:1.564  [self:0.028]
  [82/288] cue=1 c1=180° c2=270°USING PRECUED ITEMS - SHOULD NEVER BE DONE IN TRAINING
  Student_0:1.144  Student_1:0.048  Student_1:1.173  [self:0.032]
  [83/288] cue=1 c1=180° c2=300°USING PRECUED ITEMS - SHOULD NEVER BE DONE IN TRAINING
  Student_0:1.122  Student_1:0.058  Student_1:1.089  [self:0.023]
  [84/288] cue=1 c1=180° c2=330°USING PRECUED ITEMS - SHOULD NEVER BE DONE IN TRAINING
  Student_0:1.661  Student_1:0.033  Student_1:1.644  [self:0.017]
  [85/288] cue=1 c1=210° c2=0°USING PRECUED ITEMS - SHOULD NEVER BE DONE IN TRAINING
  Student_0:1.763  Student_1:0.050  Student_1:1.793  [self:0.028]
  [86/288] cue=1 c1=210° c2=30°USING PRECUED ITEMS - SHOULD NEVER BE DONE IN TRAINING
  Student_0:2.331  Student_1:0.042  Student_1:2.318  [self:0.025]
  [87/288] cue=1 c1=210° c2=60°USING PRECUED ITEMS - SHOULD NEVER BE DONE IN TRAINING
  Student_0:2.671  Student_1:0.062  Student_1:2.640  [self:0.022]
  [88/288] cue=1 c1=210° c2=90°USING PRECUED ITEMS - SHOULD NEVER BE DONE IN TRAINING
  Student_0:2.813  Student_1:0.054  Student_1:2.820  [self:0.017]
  [89/288] cue=1 c1=210° c2=120°USING PRECUED ITEMS - SHOULD NEVER BE DONE IN TRAINING
  Student_0:2.608  Student_1:0.054  Student_1:2.623  [self:0.020]
  [90/288] cue=1 c1=210° c2=150°USING PRECUED ITEMS - SHOULD NEVER BE DONE IN TRAINING
  Student_0:2.284  Student_1:0.058  Student_1:2.270  [self:0.036]
  [91/288] cue=1 c1=210° c2=180°USING PRECUED ITEMS - SHOULD NEVER BE DONE IN TRAINING
  Student_0:2.119  Student_1:0.063  Student_1:2.092  [self:0.026]
  [92/288] cue=1 c1=210° c2=210°USING PRECUED ITEMS - SHOULD NEVER BE DONE IN TRAINING
  Student_0:2.058  Student_1:0.211  Student_1:1.952  [self:0.033]
  [93/288] cue=1 c1=210° c2=240°USING PRECUED ITEMS - SHOULD NEVER BE DONE IN TRAINING
  Student_0:2.013  Student_1:0.184  Student_1:1.904  [self:0.030]
  [94/288] cue=1 c1=210° c2=270°USING PRECUED ITEMS - SHOULD NEVER BE DONE IN TRAINING
  Student_0:2.071  Student_1:0.052  Student_1:2.083  [self:0.036]
  [95/288] cue=1 c1=210° c2=300°USING PRECUED ITEMS - SHOULD NEVER BE DONE IN TRAINING
  Student_0:1.906  Student_1:0.031  Student_1:1.888  [self:0.020]
  [96/288] cue=1 c1=210° c2=330°USING PRECUED ITEMS - SHOULD NEVER BE DONE IN TRAINING
  Student_0:1.822  Student_1:0.014  Student_1:1.822  [self:0.019]
  [97/288] cue=1 c1=240° c2=0°USING PRECUED ITEMS - SHOULD NEVER BE DONE IN TRAINING
  Student_0:2.296  Student_1:0.044  Student_1:2.284  [self:0.027]
  [98/288] cue=1 c1=240° c2=30°USING PRECUED ITEMS - SHOULD NEVER BE DONE IN TRAINING
  Student_0:2.407  Student_1:0.040  Student_1:2.391  [self:0.020]
  [99/288] cue=1 c1=240° c2=60°USING PRECUED ITEMS - SHOULD NEVER BE DONE IN TRAINING
  Student_0:2.546  Student_1:0.052  Student_1:2.552  [self:0.017]
  [100/288] cue=1 c1=240° c2=90°USING PRECUED ITEMS - SHOULD NEVER BE DONE IN TRAINING
  Student_0:2.101  Student_1:0.038  Student_1:2.096  [self:0.025]
  [101/288] cue=1 c1=240° c2=120°USING PRECUED ITEMS - SHOULD NEVER BE DONE IN TRAINING
  Student_0:1.250  Student_1:0.051  Student_1:1.261  [self:0.014]
  [102/288] cue=1 c1=240° c2=150°USING PRECUED ITEMS - SHOULD NEVER BE DONE IN TRAINING
  Student_0:1.573  Student_1:0.062  Student_1:1.562  [self:0.069]
  [103/288] cue=1 c1=240° c2=180°USING PRECUED ITEMS - SHOULD NEVER BE DONE IN TRAINING
  Student_0:1.355  Student_1:0.055  Student_1:1.331  [self:0.049]
  [104/288] cue=1 c1=240° c2=210°USING PRECUED ITEMS - SHOULD NEVER BE DONE IN TRAINING
  Student_0:1.601  Student_1:0.135  Student_1:1.578  [self:0.027]
  [105/288] cue=1 c1=240° c2=240°USING PRECUED ITEMS - SHOULD NEVER BE DONE IN TRAINING
  Student_0:1.846  Student_1:0.183  Student_1:1.761  [self:0.020]
  [106/288] cue=1 c1=240° c2=270°USING PRECUED ITEMS - SHOULD NEVER BE DONE IN TRAINING
  Student_0:1.601  Student_1:0.157  Student_1:1.535  [self:0.023]
  [107/288] cue=1 c1=240° c2=300°USING PRECUED ITEMS - SHOULD NEVER BE DONE IN TRAINING
  Student_0:1.351  Student_1:0.052  Student_1:1.320  [self:0.041]
  [108/288] cue=1 c1=240° c2=330°USING PRECUED ITEMS - SHOULD NEVER BE DONE IN TRAINING
  Student_0:1.508  Student_1:0.070  Student_1:1.489  [self:0.017]
  [109/288] cue=1 c1=270° c2=0°USING PRECUED ITEMS - SHOULD NEVER BE DONE IN TRAINING
  Student_0:1.223  Student_1:0.028  Student_1:1.235  [self:0.012]
  [110/288] cue=1 c1=270° c2=30°USING PRECUED ITEMS - SHOULD NEVER BE DONE IN TRAINING
  Student_0:1.856  Student_1:0.039  Student_1:1.851  [self:0.020]
  [111/288] cue=1 c1=270° c2=60°USING PRECUED ITEMS - SHOULD NEVER BE DONE IN TRAINING
  Student_0:1.719  Student_1:0.050  Student_1:1.742  [self:0.019]
  [112/288] cue=1 c1=270° c2=90°USING PRECUED ITEMS - SHOULD NEVER BE DONE IN TRAINING
  Student_0:0.677  Student_1:0.053  Student_1:0.671  [self:0.023]
  [113/288] cue=1 c1=270° c2=120°USING PRECUED ITEMS - SHOULD NEVER BE DONE IN TRAINING
  Student_0:0.618  Student_1:0.050  Student_1:0.652  [self:0.023]
  [114/288] cue=1 c1=270° c2=150°USING PRECUED ITEMS - SHOULD NEVER BE DONE IN TRAINING
  Student_0:0.649  Student_1:0.036  Student_1:0.674  [self:0.014]
  [115/288] cue=1 c1=270° c2=180°USING PRECUED ITEMS - SHOULD NEVER BE DONE IN TRAINING
  Student_0:0.798  Student_1:0.093  Student_1:0.878  [self:0.047]
  [116/288] cue=1 c1=270° c2=210°USING PRECUED ITEMS - SHOULD NEVER BE DONE IN TRAINING
  Student_0:1.500  Student_1:0.170  Student_1:1.426  [self:0.037]
  [117/288] cue=1 c1=270° c2=240°USING PRECUED ITEMS - SHOULD NEVER BE DONE IN TRAINING
  Student_0:1.770  Student_1:0.123  Student_1:1.726  [self:0.052]
  [118/288] cue=1 c1=270° c2=270°USING PRECUED ITEMS - SHOULD NEVER BE DONE IN TRAINING
  Student_0:1.361  Student_1:0.177  Student_1:1.223  [self:0.021]
  [119/288] cue=1 c1=270° c2=300°USING PRECUED ITEMS - SHOULD NEVER BE DONE IN TRAINING
  Student_0:1.001  Student_1:0.033  Student_1:0.997  [self:0.016]
  [120/288] cue=1 c1=270° c2=330°USING PRECUED ITEMS - SHOULD NEVER BE DONE IN TRAINING
  Student_0:0.891  Student_1:0.032  Student_1:0.874  [self:0.029]
  [121/288] cue=1 c1=300° c2=0°USING PRECUED ITEMS - SHOULD NEVER BE DONE IN TRAINING
  Student_0:1.126  Student_1:0.049  Student_1:1.156  [self:0.014]
  [122/288] cue=1 c1=300° c2=30°USING PRECUED ITEMS - SHOULD NEVER BE DONE IN TRAINING
  Student_0:1.029  Student_1:0.033  Student_1:1.005  [self:0.025]
  [123/288] cue=1 c1=300° c2=60°USING PRECUED ITEMS - SHOULD NEVER BE DONE IN TRAINING
  Student_0:0.646  Student_1:0.054  Student_1:0.651  [self:0.016]
  [124/288] cue=1 c1=300° c2=90°USING PRECUED ITEMS - SHOULD NEVER BE DONE IN TRAINING
  Student_0:0.519  Student_1:0.033  Student_1:0.508  [self:0.021]
  [125/288] cue=1 c1=300° c2=120°USING PRECUED ITEMS - SHOULD NEVER BE DONE IN TRAINING
  Student_0:0.489  Student_1:0.036  Student_1:0.500  [self:0.029]
Saved plot: /scratch3/shaiq_home/repos/behaviour_ddpm/results/all_teacher_student_sweeps/ablation_0/sweep_plots/trial0124_cue1_c1300_c2120.png
  [126/288] cue=1 c1=300° c2=150°USING PRECUED ITEMS - SHOULD NEVER BE DONE IN TRAINING
  Student_0:0.789  Student_1:0.043  Student_1:0.785  [self:0.028]
Saved plot: /scratch3/shaiq_home/repos/behaviour_ddpm/results/all_teacher_student_sweeps/ablation_0/sweep_plots/trial0125_cue1_c1300_c2150.png
  [127/288] cue=1 c1=300° c2=180°USING PRECUED ITEMS - SHOULD NEVER BE DONE IN TRAINING
  Student_0:1.371  Student_1:0.037  Student_1:1.384  [self:0.038]
  [128/288] cue=1 c1=300° c2=210°USING PRECUED ITEMS - SHOULD NEVER BE DONE IN TRAINING
  Student_0:1.721  Student_1:0.044  Student_1:1.737  [self:0.015]
  [129/288] cue=1 c1=300° c2=240°USING PRECUED ITEMS - SHOULD NEVER BE DONE IN TRAINING
  Student_0:1.523  Student_1:0.078  Student_1:1.532  [self:0.036]
  [130/288] cue=1 c1=300° c2=270°USING PRECUED ITEMS - SHOULD NEVER BE DONE IN TRAINING
  Student_0:0.946  Student_1:0.131  Student_1:1.073  [self:0.015]
  [131/288] cue=1 c1=300° c2=300°USING PRECUED ITEMS - SHOULD NEVER BE DONE IN TRAINING
  Student_0:0.851  Student_1:0.195  Student_1:1.032  [self:0.027]
  [132/288] cue=1 c1=300° c2=330°USING PRECUED ITEMS - SHOULD NEVER BE DONE IN TRAINING
  Student_0:0.909  Student_1:0.095  Student_1:0.988  [self:0.012]
  [133/288] cue=1 c1=330° c2=0°USING PRECUED ITEMS - SHOULD NEVER BE DONE IN TRAINING
  Student_0:0.398  Student_1:0.058  Student_1:0.369  [self:0.031]
  [134/288] cue=1 c1=330° c2=30°USING PRECUED ITEMS - SHOULD NEVER BE DONE IN TRAINING
  Student_0:0.779  Student_1:0.067  Student_1:0.836  [self:0.036]
  [135/288] cue=1 c1=330° c2=60°USING PRECUED ITEMS - SHOULD NEVER BE DONE IN TRAINING
  Student_0:1.486  Student_1:0.041  Student_1:1.479  [self:0.019]
  [136/288] cue=1 c1=330° c2=90°USING PRECUED ITEMS - SHOULD NEVER BE DONE IN TRAINING
  Student_0:1.567  Student_1:0.080  Student_1:1.533  [self:0.018]
  [137/288] cue=1 c1=330° c2=120°USING PRECUED ITEMS - SHOULD NEVER BE DONE IN TRAINING
  Student_0:2.083  Student_1:0.102  Student_1:2.037  [self:0.035]
  [138/288] cue=1 c1=330° c2=150°USING PRECUED ITEMS - SHOULD NEVER BE DONE IN TRAINING
  Student_0:1.491  Student_1:0.057  Student_1:1.519  [self:0.030]
  [139/288] cue=1 c1=330° c2=180°USING PRECUED ITEMS - SHOULD NEVER BE DONE IN TRAINING
  Student_0:0.713  Student_1:0.098  Student_1:0.794  [self:0.036]
  [140/288] cue=1 c1=330° c2=210°USING PRECUED ITEMS - SHOULD NEVER BE DONE IN TRAINING
  Student_0:1.165  Student_1:0.072  Student_1:1.207  [self:0.030]
  [141/288] cue=1 c1=330° c2=240°USING PRECUED ITEMS - SHOULD NEVER BE DONE IN TRAINING
  Student_0:0.966  Student_1:0.035  Student_1:0.998  [self:0.024]
  [142/288] cue=1 c1=330° c2=270°USING PRECUED ITEMS - SHOULD NEVER BE DONE IN TRAINING
  Student_0:1.135  Student_1:0.097  Student_1:1.224  [self:0.018]
  [143/288] cue=1 c1=330° c2=300°USING PRECUED ITEMS - SHOULD NEVER BE DONE IN TRAINING
  Student_0:1.305  Student_1:0.207  Student_1:1.114  [self:0.028]
  [144/288] cue=1 c1=330° c2=330°USING PRECUED ITEMS - SHOULD NEVER BE DONE IN TRAINING
  Student_0:0.796  Student_1:0.292  Student_1:0.515  [self:0.032]
  [145/288] cue=2 c1=0° c2=0°USING PRECUED ITEMS - SHOULD NEVER BE DONE IN TRAINING
  Student_0:1.129  Student_1:0.104  Student_1:1.113  [self:0.051]
  [146/288] cue=2 c1=0° c2=30°USING PRECUED ITEMS - SHOULD NEVER BE DONE IN TRAINING
  Student_0:1.332  Student_1:0.102  Student_1:1.412  [self:0.018]
  [147/288] cue=2 c1=0° c2=60°USING PRECUED ITEMS - SHOULD NEVER BE DONE IN TRAINING
  Student_0:0.931  Student_1:0.043  Student_1:0.922  [self:0.015]
  [148/288] cue=2 c1=0° c2=90°USING PRECUED ITEMS - SHOULD NEVER BE DONE IN TRAINING
  Student_0:1.191  Student_1:0.072  Student_1:1.257  [self:0.030]
  [149/288] cue=2 c1=0° c2=120°USING PRECUED ITEMS - SHOULD NEVER BE DONE IN TRAINING
  Student_0:1.926  Student_1:0.051  Student_1:1.932  [self:0.025]
  [150/288] cue=2 c1=0° c2=150°USING PRECUED ITEMS - SHOULD NEVER BE DONE IN TRAINING
  Student_0:1.043  Student_1:0.085  Student_1:1.106  [self:0.040]
  [151/288] cue=2 c1=0° c2=180°USING PRECUED ITEMS - SHOULD NEVER BE DONE IN TRAINING
  Student_0:1.241  Student_1:0.066  Student_1:1.282  [self:0.031]
  [152/288] cue=2 c1=0° c2=210°USING PRECUED ITEMS - SHOULD NEVER BE DONE IN TRAINING
  Student_0:1.264  Student_1:0.090  Student_1:1.267  [self:0.035]
  [153/288] cue=2 c1=0° c2=240°USING PRECUED ITEMS - SHOULD NEVER BE DONE IN TRAINING
  Student_0:1.320  Student_1:0.060  Student_1:1.359  [self:0.049]
  [154/288] cue=2 c1=0° c2=270°USING PRECUED ITEMS - SHOULD NEVER BE DONE IN TRAINING
  Student_0:1.092  Student_1:0.068  Student_1:1.145  [self:0.026]
  [155/288] cue=2 c1=0° c2=300°USING PRECUED ITEMS - SHOULD NEVER BE DONE IN TRAINING
  Student_0:0.585  Student_1:0.081  Student_1:0.642  [self:0.025]
  [156/288] cue=2 c1=0° c2=330°USING PRECUED ITEMS - SHOULD NEVER BE DONE IN TRAINING
  Student_0:0.432  Student_1:0.167  Student_1:0.593  [self:0.032]
  [157/288] cue=2 c1=30° c2=0°USING PRECUED ITEMS - SHOULD NEVER BE DONE IN TRAINING
  Student_0:1.274  Student_1:1.184  Student_1:2.174  [self:0.029]
  [158/288] cue=2 c1=30° c2=30°USING PRECUED ITEMS - SHOULD NEVER BE DONE IN TRAINING
  Student_0:3.646  Student_1:3.523  Student_1:7.168  [self:0.063]
  [159/288] cue=2 c1=30° c2=60°USING PRECUED ITEMS - SHOULD NEVER BE DONE IN TRAINING
  Student_0:5.645  Student_1:0.341  Student_1:5.325  [self:0.113]
  [160/288] cue=2 c1=30° c2=90°USING PRECUED ITEMS - SHOULD NEVER BE DONE IN TRAINING
  Student_0:1.317  Student_1:0.097  Student_1:1.398  [self:0.023]
  [161/288] cue=2 c1=30° c2=120°USING PRECUED ITEMS - SHOULD NEVER BE DONE IN TRAINING
  Student_0:2.043  Student_1:0.049  Student_1:2.015  [self:0.043]
  [162/288] cue=2 c1=30° c2=150°USING PRECUED ITEMS - SHOULD NEVER BE DONE IN TRAINING
  Student_0:1.560  Student_1:0.082  Student_1:1.559  [self:0.014]
  [163/288] cue=2 c1=30° c2=180°USING PRECUED ITEMS - SHOULD NEVER BE DONE IN TRAINING
  Student_0:1.892  Student_1:0.058  Student_1:1.911  [self:0.016]
  [164/288] cue=2 c1=30° c2=210°USING PRECUED ITEMS - SHOULD NEVER BE DONE IN TRAINING
  Student_0:1.505  Student_1:0.093  Student_1:1.504  [self:0.024]
  [165/288] cue=2 c1=30° c2=240°USING PRECUED ITEMS - SHOULD NEVER BE DONE IN TRAINING
  Student_0:1.785  Student_1:0.071  Student_1:1.789  [self:0.034]
  [166/288] cue=2 c1=30° c2=270°USING PRECUED ITEMS - SHOULD NEVER BE DONE IN TRAINING
  Student_0:1.389  Student_1:0.038  Student_1:1.412  [self:0.021]
  [167/288] cue=2 c1=30° c2=300°USING PRECUED ITEMS - SHOULD NEVER BE DONE IN TRAINING
  Student_0:0.464  Student_1:0.062  Student_1:0.522  [self:0.027]
  [168/288] cue=2 c1=30° c2=330°USING PRECUED ITEMS - SHOULD NEVER BE DONE IN TRAINING
  Student_0:1.346  Student_1:0.083  Student_1:1.420  [self:0.036]
  [169/288] cue=2 c1=60° c2=0°USING PRECUED ITEMS - SHOULD NEVER BE DONE IN TRAINING
  Student_0:7.853  Student_1:0.320  Student_1:7.555  [self:0.150]
  [170/288] cue=2 c1=60° c2=30°USING PRECUED ITEMS - SHOULD NEVER BE DONE IN TRAINING
  Student_0:19.572  Student_1:7.274  Student_1:12.306  [self:0.250]
  [171/288] cue=2 c1=60° c2=60°USING PRECUED ITEMS - SHOULD NEVER BE DONE IN TRAINING
  Student_0:8.338  Student_1:3.704  Student_1:12.041  [self:0.154]
  [172/288] cue=2 c1=60° c2=90°USING PRECUED ITEMS - SHOULD NEVER BE DONE IN TRAINING
  Student_0:2.025  Student_1:0.178  Student_1:1.899  [self:0.078]
  [173/288] cue=2 c1=60° c2=120°USING PRECUED ITEMS - SHOULD NEVER BE DONE IN TRAINING
  Student_0:2.122  Student_1:0.056  Student_1:2.124  [self:0.024]
  [174/288] cue=2 c1=60° c2=150°USING PRECUED ITEMS - SHOULD NEVER BE DONE IN TRAINING
  Student_0:2.127  Student_1:0.055  Student_1:2.124  [self:0.026]
  [175/288] cue=2 c1=60° c2=180°USING PRECUED ITEMS - SHOULD NEVER BE DONE IN TRAINING
  Student_0:2.137  Student_1:0.043  Student_1:2.171  [self:0.020]
  [176/288] cue=2 c1=60° c2=210°USING PRECUED ITEMS - SHOULD NEVER BE DONE IN TRAINING
  Student_0:2.099  Student_1:0.065  Student_1:2.096  [self:0.030]
  [177/288] cue=2 c1=60° c2=240°USING PRECUED ITEMS - SHOULD NEVER BE DONE IN TRAINING
  Student_0:2.203  Student_1:0.052  Student_1:2.203  [self:0.025]
  [178/288] cue=2 c1=60° c2=270°USING PRECUED ITEMS - SHOULD NEVER BE DONE IN TRAINING
  Student_0:0.665  Student_1:0.039  Student_1:0.670  [self:0.027]
  [179/288] cue=2 c1=60° c2=300°USING PRECUED ITEMS - SHOULD NEVER BE DONE IN TRAINING
  Student_0:0.487  Student_1:0.083  Student_1:0.521  [self:0.044]
  [180/288] cue=2 c1=60° c2=330°USING PRECUED ITEMS - SHOULD NEVER BE DONE IN TRAINING
  Student_0:1.035  Student_1:0.028  Student_1:1.047  [self:0.038]
  [181/288] cue=2 c1=90° c2=0°USING PRECUED ITEMS - SHOULD NEVER BE DONE IN TRAINING
  Student_0:4.345  Student_1:0.248  Student_1:4.459  [self:0.045]
  [182/288] cue=2 c1=90° c2=30°USING PRECUED ITEMS - SHOULD NEVER BE DONE IN TRAINING
  Student_0:3.841  Student_1:0.233  Student_1:3.899  [self:0.117]
  [183/288] cue=2 c1=90° c2=60°USING PRECUED ITEMS - SHOULD NEVER BE DONE IN TRAINING
  Student_0:3.962  Student_1:0.817  Student_1:3.195  [self:0.111]
  [184/288] cue=2 c1=90° c2=90°USING PRECUED ITEMS - SHOULD NEVER BE DONE IN TRAINING
  Student_0:1.914  Student_1:0.700  Student_1:1.709  [self:0.023]
  [185/288] cue=2 c1=90° c2=120°USING PRECUED ITEMS - SHOULD NEVER BE DONE IN TRAINING
  Student_0:2.040  Student_1:0.126  Student_1:2.116  [self:0.029]
  [186/288] cue=2 c1=90° c2=150°USING PRECUED ITEMS - SHOULD NEVER BE DONE IN TRAINING
  Student_0:2.148  Student_1:0.059  Student_1:2.144  [self:0.033]
  [187/288] cue=2 c1=90° c2=180°USING PRECUED ITEMS - SHOULD NEVER BE DONE IN TRAINING
  Student_0:2.398  Student_1:0.034  Student_1:2.405  [self:0.022]
Saved plot: /scratch3/shaiq_home/repos/behaviour_ddpm/results/all_teacher_student_sweeps/ablation_0/sweep_plots/trial0186_cue2_c190_c2180.png
  [188/288] cue=2 c1=90° c2=210°USING PRECUED ITEMS - SHOULD NEVER BE DONE IN TRAINING
  Student_0:2.553  Student_1:0.049  Student_1:2.546  [self:0.023]
  [189/288] cue=2 c1=90° c2=240°USING PRECUED ITEMS - SHOULD NEVER BE DONE IN TRAINING
  Student_0:0.978  Student_1:0.048  Student_1:0.936  [self:0.017]
  [190/288] cue=2 c1=90° c2=270°USING PRECUED ITEMS - SHOULD NEVER BE DONE IN TRAINING
  Student_0:0.166  Student_1:0.064  Student_1:0.192  [self:0.027]
  [191/288] cue=2 c1=90° c2=300°USING PRECUED ITEMS - SHOULD NEVER BE DONE IN TRAINING
  Student_0:0.298  Student_1:0.025  Student_1:0.299  [self:0.018]
  [192/288] cue=2 c1=90° c2=330°USING PRECUED ITEMS - SHOULD NEVER BE DONE IN TRAINING
  Student_0:0.835  Student_1:0.021  Student_1:0.828  [self:0.021]
  [193/288] cue=2 c1=120° c2=0°USING PRECUED ITEMS - SHOULD NEVER BE DONE IN TRAINING
  Student_0:1.628  Student_1:0.053  Student_1:1.589  [self:0.036]
  [194/288] cue=2 c1=120° c2=30°USING PRECUED ITEMS - SHOULD NEVER BE DONE IN TRAINING
  Student_0:1.882  Student_1:0.122  Student_1:1.914  [self:0.036]
  [195/288] cue=2 c1=120° c2=60°USING PRECUED ITEMS - SHOULD NEVER BE DONE IN TRAINING
  Student_0:2.249  Student_1:0.059  Student_1:2.217  [self:0.044]
  [196/288] cue=2 c1=120° c2=90°USING PRECUED ITEMS - SHOULD NEVER BE DONE IN TRAINING
  Student_0:2.358  Student_1:0.101  Student_1:2.301  [self:0.018]
  [197/288] cue=2 c1=120° c2=120°USING PRECUED ITEMS - SHOULD NEVER BE DONE IN TRAINING
  Student_0:2.089  Student_1:0.174  Student_1:2.128  [self:0.031]
  [198/288] cue=2 c1=120° c2=150°USING PRECUED ITEMS - SHOULD NEVER BE DONE IN TRAINING
  Student_0:2.509  Student_1:0.147  Student_1:2.406  [self:0.014]
  [199/288] cue=2 c1=120° c2=180°USING PRECUED ITEMS - SHOULD NEVER BE DONE IN TRAINING
  Student_0:2.639  Student_1:0.044  Student_1:2.625  [self:0.012]
  [200/288] cue=2 c1=120° c2=210°USING PRECUED ITEMS - SHOULD NEVER BE DONE IN TRAINING
  Student_0:2.474  Student_1:0.045  Student_1:2.472  [self:0.024]
  [201/288] cue=2 c1=120° c2=240°USING PRECUED ITEMS - SHOULD NEVER BE DONE IN TRAINING
  Student_0:0.933  Student_1:0.055  Student_1:0.888  [self:0.022]
  [202/288] cue=2 c1=120° c2=270°USING PRECUED ITEMS - SHOULD NEVER BE DONE IN TRAINING
  Student_0:0.238  Student_1:0.032  Student_1:0.235  [self:0.025]
  [203/288] cue=2 c1=120° c2=300°USING PRECUED ITEMS - SHOULD NEVER BE DONE IN TRAINING
  Student_0:0.368  Student_1:0.099  Student_1:0.402  [self:0.037]
  [204/288] cue=2 c1=120° c2=330°USING PRECUED ITEMS - SHOULD NEVER BE DONE IN TRAINING
  Student_0:0.984  Student_1:0.067  Student_1:1.023  [self:0.034]
  [205/288] cue=2 c1=150° c2=0°USING PRECUED ITEMS - SHOULD NEVER BE DONE IN TRAINING
  Student_0:1.561  Student_1:0.043  Student_1:1.593  [self:0.029]
  [206/288] cue=2 c1=150° c2=30°USING PRECUED ITEMS - SHOULD NEVER BE DONE IN TRAINING
  Student_0:1.866  Student_1:0.123  Student_1:1.925  [self:0.034]
  [207/288] cue=2 c1=150° c2=60°USING PRECUED ITEMS - SHOULD NEVER BE DONE IN TRAINING
  Student_0:2.070  Student_1:0.084  Student_1:2.070  [self:0.025]
  [208/288] cue=2 c1=150° c2=90°USING PRECUED ITEMS - SHOULD NEVER BE DONE IN TRAINING
  Student_0:2.079  Student_1:0.073  Student_1:2.073  [self:0.028]
  [209/288] cue=2 c1=150° c2=120°USING PRECUED ITEMS - SHOULD NEVER BE DONE IN TRAINING
  Student_0:2.392  Student_1:0.072  Student_1:2.362  [self:0.030]
  [210/288] cue=2 c1=150° c2=150°USING PRECUED ITEMS - SHOULD NEVER BE DONE IN TRAINING
  Student_0:2.632  Student_1:0.102  Student_1:2.542  [self:0.020]
  [211/288] cue=2 c1=150° c2=180°USING PRECUED ITEMS - SHOULD NEVER BE DONE IN TRAINING
  Student_0:2.584  Student_1:0.044  Student_1:2.551  [self:0.030]
  [212/288] cue=2 c1=150° c2=210°USING PRECUED ITEMS - SHOULD NEVER BE DONE IN TRAINING
  Student_0:2.341  Student_1:0.049  Student_1:2.323  [self:0.020]
  [213/288] cue=2 c1=150° c2=240°USING PRECUED ITEMS - SHOULD NEVER BE DONE IN TRAINING
  Student_0:1.075  Student_1:0.061  Student_1:1.037  [self:0.029]
  [214/288] cue=2 c1=150° c2=270°USING PRECUED ITEMS - SHOULD NEVER BE DONE IN TRAINING
  Student_0:0.459  Student_1:0.044  Student_1:0.479  [self:0.039]
  [215/288] cue=2 c1=150° c2=300°USING PRECUED ITEMS - SHOULD NEVER BE DONE IN TRAINING
  Student_0:0.405  Student_1:0.068  Student_1:0.421  [self:0.028]
  [216/288] cue=2 c1=150° c2=330°USING PRECUED ITEMS - SHOULD NEVER BE DONE IN TRAINING
  Student_0:0.862  Student_1:0.100  Student_1:0.955  [self:0.025]
  [217/288] cue=2 c1=180° c2=0°USING PRECUED ITEMS - SHOULD NEVER BE DONE IN TRAINING
  Student_0:1.538  Student_1:0.033  Student_1:1.557  [self:0.024]
  [218/288] cue=2 c1=180° c2=30°USING PRECUED ITEMS - SHOULD NEVER BE DONE IN TRAINING
  Student_0:1.917  Student_1:0.033  Student_1:1.931  [self:0.026]
  [219/288] cue=2 c1=180° c2=60°USING PRECUED ITEMS - SHOULD NEVER BE DONE IN TRAINING
  Student_0:2.195  Student_1:0.059  Student_1:2.188  [self:0.028]
  [220/288] cue=2 c1=180° c2=90°USING PRECUED ITEMS - SHOULD NEVER BE DONE IN TRAINING
  Student_0:2.677  Student_1:0.049  Student_1:2.662  [self:0.016]
Saved plot: /scratch3/shaiq_home/repos/behaviour_ddpm/results/all_teacher_student_sweeps/ablation_0/sweep_plots/trial0219_cue2_c1180_c290.png
  [221/288] cue=2 c1=180° c2=120°USING PRECUED ITEMS - SHOULD NEVER BE DONE IN TRAINING
  Student_0:2.781  Student_1:0.043  Student_1:2.783  [self:0.025]
  [222/288] cue=2 c1=180° c2=150°USING PRECUED ITEMS - SHOULD NEVER BE DONE IN TRAINING
  Student_0:2.540  Student_1:0.044  Student_1:2.517  [self:0.019]
  [223/288] cue=2 c1=180° c2=180°USING PRECUED ITEMS - SHOULD NEVER BE DONE IN TRAINING
  Student_0:2.365  Student_1:0.128  Student_1:2.301  [self:0.025]
  [224/288] cue=2 c1=180° c2=210°USING PRECUED ITEMS - SHOULD NEVER BE DONE IN TRAINING
  Student_0:2.125  Student_1:0.115  Student_1:2.048  [self:0.042]
  [225/288] cue=2 c1=180° c2=240°USING PRECUED ITEMS - SHOULD NEVER BE DONE IN TRAINING
  Student_0:1.377  Student_1:0.082  Student_1:1.385  [self:0.035]
  [226/288] cue=2 c1=180° c2=270°USING PRECUED ITEMS - SHOULD NEVER BE DONE IN TRAINING
  Student_0:0.821  Student_1:0.048  Student_1:0.813  [self:0.020]
  [227/288] cue=2 c1=180° c2=300°USING PRECUED ITEMS - SHOULD NEVER BE DONE IN TRAINING
  Student_0:0.550  Student_1:0.047  Student_1:0.563  [self:0.028]
  [228/288] cue=2 c1=180° c2=330°USING PRECUED ITEMS - SHOULD NEVER BE DONE IN TRAINING
  Student_0:0.631  Student_1:0.049  Student_1:0.668  [self:0.034]
  [229/288] cue=2 c1=210° c2=0°USING PRECUED ITEMS - SHOULD NEVER BE DONE IN TRAINING
  Student_0:1.619  Student_1:0.102  Student_1:1.638  [self:0.020]
  [230/288] cue=2 c1=210° c2=30°USING PRECUED ITEMS - SHOULD NEVER BE DONE IN TRAINING
  Student_0:2.188  Student_1:0.034  Student_1:2.183  [self:0.018]
  [231/288] cue=2 c1=210° c2=60°USING PRECUED ITEMS - SHOULD NEVER BE DONE IN TRAINING
  Student_0:2.420  Student_1:0.040  Student_1:2.407  [self:0.020]
  [232/288] cue=2 c1=210° c2=90°USING PRECUED ITEMS - SHOULD NEVER BE DONE IN TRAINING
  Student_0:2.805  Student_1:0.031  Student_1:2.813  [self:0.021]
  [233/288] cue=2 c1=210° c2=120°USING PRECUED ITEMS - SHOULD NEVER BE DONE IN TRAINING
  Student_0:2.663  Student_1:0.061  Student_1:2.644  [self:0.040]
  [234/288] cue=2 c1=210° c2=150°USING PRECUED ITEMS - SHOULD NEVER BE DONE IN TRAINING
  Student_0:2.095  Student_1:0.065  Student_1:2.083  [self:0.034]
  [235/288] cue=2 c1=210° c2=180°USING PRECUED ITEMS - SHOULD NEVER BE DONE IN TRAINING
  Student_0:1.944  Student_1:0.122  Student_1:1.880  [self:0.037]
  [236/288] cue=2 c1=210° c2=210°USING PRECUED ITEMS - SHOULD NEVER BE DONE IN TRAINING
  Student_0:1.960  Student_1:0.118  Student_1:1.919  [self:0.036]
  [237/288] cue=2 c1=210° c2=240°USING PRECUED ITEMS - SHOULD NEVER BE DONE IN TRAINING
  Student_0:1.837  Student_1:0.150  Student_1:1.810  [self:0.030]
  [238/288] cue=2 c1=210° c2=270°USING PRECUED ITEMS - SHOULD NEVER BE DONE IN TRAINING
  Student_0:1.745  Student_1:0.033  Student_1:1.758  [self:0.047]
  [239/288] cue=2 c1=210° c2=300°USING PRECUED ITEMS - SHOULD NEVER BE DONE IN TRAINING
  Student_0:1.912  Student_1:0.028  Student_1:1.921  [self:0.021]
  [240/288] cue=2 c1=210° c2=330°USING PRECUED ITEMS - SHOULD NEVER BE DONE IN TRAINING
  Student_0:1.798  Student_1:0.037  Student_1:1.773  [self:0.015]
  [241/288] cue=2 c1=240° c2=0°USING PRECUED ITEMS - SHOULD NEVER BE DONE IN TRAINING
  Student_0:1.751  Student_1:0.079  Student_1:1.711  [self:0.028]
  [242/288] cue=2 c1=240° c2=30°USING PRECUED ITEMS - SHOULD NEVER BE DONE IN TRAINING
  Student_0:2.226  Student_1:0.037  Student_1:2.228  [self:0.019]
  [243/288] cue=2 c1=240° c2=60°USING PRECUED ITEMS - SHOULD NEVER BE DONE IN TRAINING
  Student_0:2.728  Student_1:0.028  Student_1:2.733  [self:0.013]
  [244/288] cue=2 c1=240° c2=90°USING PRECUED ITEMS - SHOULD NEVER BE DONE IN TRAINING
  Student_0:2.790  Student_1:0.055  Student_1:2.791  [self:0.027]
  [245/288] cue=2 c1=240° c2=120°USING PRECUED ITEMS - SHOULD NEVER BE DONE IN TRAINING
  Student_0:1.961  Student_1:0.051  Student_1:1.956  [self:0.040]
  [246/288] cue=2 c1=240° c2=150°USING PRECUED ITEMS - SHOULD NEVER BE DONE IN TRAINING
  Student_0:1.421  Student_1:0.082  Student_1:1.390  [self:0.026]
  [247/288] cue=2 c1=240° c2=180°USING PRECUED ITEMS - SHOULD NEVER BE DONE IN TRAINING
  Student_0:1.117  Student_1:0.046  Student_1:1.121  [self:0.029]
  [248/288] cue=2 c1=240° c2=210°USING PRECUED ITEMS - SHOULD NEVER BE DONE IN TRAINING
  Student_0:1.501  Student_1:0.166  Student_1:1.413  [self:0.042]
Saved plot: /scratch3/shaiq_home/repos/behaviour_ddpm/results/all_teacher_student_sweeps/ablation_0/sweep_plots/trial0247_cue2_c1240_c2210.png
  [249/288] cue=2 c1=240° c2=240°USING PRECUED ITEMS - SHOULD NEVER BE DONE IN TRAINING
  Student_0:1.724  Student_1:0.137  Student_1:1.677  [self:0.027]
  [250/288] cue=2 c1=240° c2=270°USING PRECUED ITEMS - SHOULD NEVER BE DONE IN TRAINING
  Student_0:1.791  Student_1:0.092  Student_1:1.750  [self:0.021]
  [251/288] cue=2 c1=240° c2=300°USING PRECUED ITEMS - SHOULD NEVER BE DONE IN TRAINING
  Student_0:1.414  Student_1:0.027  Student_1:1.418  [self:0.013]
  [252/288] cue=2 c1=240° c2=330°USING PRECUED ITEMS - SHOULD NEVER BE DONE IN TRAINING
  Student_0:1.158  Student_1:0.067  Student_1:1.146  [self:0.026]
  [253/288] cue=2 c1=270° c2=0°USING PRECUED ITEMS - SHOULD NEVER BE DONE IN TRAINING
  Student_0:1.457  Student_1:0.062  Student_1:1.440  [self:0.021]
  [254/288] cue=2 c1=270° c2=30°USING PRECUED ITEMS - SHOULD NEVER BE DONE IN TRAINING
  Student_0:2.019  Student_1:0.059  Student_1:1.987  [self:0.019]
  [255/288] cue=2 c1=270° c2=60°USING PRECUED ITEMS - SHOULD NEVER BE DONE IN TRAINING
  Student_0:2.495  Student_1:0.053  Student_1:2.477  [self:0.051]
  [256/288] cue=2 c1=270° c2=90°USING PRECUED ITEMS - SHOULD NEVER BE DONE IN TRAINING
  Student_0:1.501  Student_1:0.030  Student_1:1.484  [self:0.015]
  [257/288] cue=2 c1=270° c2=120°USING PRECUED ITEMS - SHOULD NEVER BE DONE IN TRAINING
  Student_0:0.852  Student_1:0.033  Student_1:0.858  [self:0.026]
  [258/288] cue=2 c1=270° c2=150°USING PRECUED ITEMS - SHOULD NEVER BE DONE IN TRAINING
  Student_0:0.899  Student_1:0.029  Student_1:0.889  [self:0.015]
  [259/288] cue=2 c1=270° c2=180°USING PRECUED ITEMS - SHOULD NEVER BE DONE IN TRAINING
  Student_0:1.008  Student_1:0.047  Student_1:1.033  [self:0.027]
  [260/288] cue=2 c1=270° c2=210°USING PRECUED ITEMS - SHOULD NEVER BE DONE IN TRAINING
  Student_0:1.768  Student_1:0.109  Student_1:1.721  [self:0.023]
  [261/288] cue=2 c1=270° c2=240°USING PRECUED ITEMS - SHOULD NEVER BE DONE IN TRAINING
  Student_0:1.690  Student_1:0.111  Student_1:1.617  [self:0.034]
  [262/288] cue=2 c1=270° c2=270°USING PRECUED ITEMS - SHOULD NEVER BE DONE IN TRAINING
  Student_0:1.331  Student_1:0.172  Student_1:1.194  [self:0.016]
  [263/288] cue=2 c1=270° c2=300°USING PRECUED ITEMS - SHOULD NEVER BE DONE IN TRAINING
  Student_0:1.014  Student_1:0.047  Student_1:1.027  [self:0.016]
  [264/288] cue=2 c1=270° c2=330°USING PRECUED ITEMS - SHOULD NEVER BE DONE IN TRAINING
  Student_0:0.865  Student_1:0.044  Student_1:0.883  [self:0.020]
  [265/288] cue=2 c1=300° c2=0°USING PRECUED ITEMS - SHOULD NEVER BE DONE IN TRAINING
  Student_0:1.275  Student_1:0.030  Student_1:1.297  [self:0.021]
  [266/288] cue=2 c1=300° c2=30°USING PRECUED ITEMS - SHOULD NEVER BE DONE IN TRAINING
  Student_0:1.318  Student_1:0.035  Student_1:1.326  [self:0.018]
  [267/288] cue=2 c1=300° c2=60°USING PRECUED ITEMS - SHOULD NEVER BE DONE IN TRAINING
  Student_0:0.838  Student_1:0.030  Student_1:0.848  [self:0.032]
  [268/288] cue=2 c1=300° c2=90°USING PRECUED ITEMS - SHOULD NEVER BE DONE IN TRAINING
  Student_0:0.742  Student_1:0.030  Student_1:0.726  [self:0.051]
  [269/288] cue=2 c1=300° c2=120°USING PRECUED ITEMS - SHOULD NEVER BE DONE IN TRAINING
  Student_0:1.049  Student_1:0.046  Student_1:1.021  [self:0.023]
  [270/288] cue=2 c1=300° c2=150°USING PRECUED ITEMS - SHOULD NEVER BE DONE IN TRAINING
  Student_0:0.907  Student_1:0.082  Student_1:0.881  [self:0.039]
  [271/288] cue=2 c1=300° c2=180°USING PRECUED ITEMS - SHOULD NEVER BE DONE IN TRAINING
  Student_0:1.125  Student_1:0.150  Student_1:1.054  [self:0.072]
  [272/288] cue=2 c1=300° c2=210°USING PRECUED ITEMS - SHOULD NEVER BE DONE IN TRAINING
  Student_0:1.887  Student_1:0.033  Student_1:1.891  [self:0.033]
  [273/288] cue=2 c1=300° c2=240°USING PRECUED ITEMS - SHOULD NEVER BE DONE IN TRAINING
  Student_0:1.894  Student_1:0.126  Student_1:1.837  [self:0.027]
  [274/288] cue=2 c1=300° c2=270°USING PRECUED ITEMS - SHOULD NEVER BE DONE IN TRAINING
  Student_0:0.993  Student_1:0.134  Student_1:1.120  [self:0.037]
  [275/288] cue=2 c1=300° c2=300°USING PRECUED ITEMS - SHOULD NEVER BE DONE IN TRAINING
  Student_0:0.780  Student_1:0.174  Student_1:0.936  [self:0.039]
  [276/288] cue=2 c1=300° c2=330°USING PRECUED ITEMS - SHOULD NEVER BE DONE IN TRAINING
  Student_0:1.112  Student_1:0.110  Student_1:1.025  [self:0.026]
  [277/288] cue=2 c1=330° c2=0°USING PRECUED ITEMS - SHOULD NEVER BE DONE IN TRAINING
  Student_0:0.441  Student_1:0.114  Student_1:0.510  [self:0.022]
  [278/288] cue=2 c1=330° c2=30°USING PRECUED ITEMS - SHOULD NEVER BE DONE IN TRAINING
  Student_0:0.797  Student_1:0.080  Student_1:0.865  [self:0.018]
  [279/288] cue=2 c1=330° c2=60°USING PRECUED ITEMS - SHOULD NEVER BE DONE IN TRAINING
  Student_0:1.456  Student_1:0.045  Student_1:1.463  [self:0.044]
  [280/288] cue=2 c1=330° c2=90°USING PRECUED ITEMS - SHOULD NEVER BE DONE IN TRAINING
  Student_0:1.878  Student_1:0.080  Student_1:1.898  [self:0.026]
  [281/288] cue=2 c1=330° c2=120°USING PRECUED ITEMS - SHOULD NEVER BE DONE IN TRAINING
  Student_0:1.952  Student_1:0.047  Student_1:1.968  [self:0.061]
  [282/288] cue=2 c1=330° c2=150°USING PRECUED ITEMS - SHOULD NEVER BE DONE IN TRAINING
  Student_0:0.845  Student_1:0.068  Student_1:0.893  [self:0.052]
  [283/288] cue=2 c1=330° c2=180°USING PRECUED ITEMS - SHOULD NEVER BE DONE IN TRAINING
  Student_0:0.890  Student_1:0.129  Student_1:0.926  [self:0.027]
  [284/288] cue=2 c1=330° c2=210°USING PRECUED ITEMS - SHOULD NEVER BE DONE IN TRAINING
  Student_0:1.740  Student_1:0.095  Student_1:1.781  [self:0.030]
  [285/288] cue=2 c1=330° c2=240°USING PRECUED ITEMS - SHOULD NEVER BE DONE IN TRAINING
  Student_0:1.042  Student_1:0.045  Student_1:1.071  [self:0.038]
  [286/288] cue=2 c1=330° c2=270°USING PRECUED ITEMS - SHOULD NEVER BE DONE IN TRAINING
  Student_0:1.198  Student_1:0.042  Student_1:1.194  [self:0.023]
  [287/288] cue=2 c1=330° c2=300°USING PRECUED ITEMS - SHOULD NEVER BE DONE IN TRAINING
  Student_0:1.172  Student_1:0.075  Student_1:1.105  [self:0.021]
  [288/288] cue=2 c1=330° c2=330°USING PRECUED ITEMS - SHOULD NEVER BE DONE IN TRAINING
  Student_0:0.479  Student_1:0.033  Student_1:0.477  [self:0.046]

Saved sweep SW scores: /scratch3/shaiq_home/repos/behaviour_ddpm/results/all_teacher_student_sweeps/ablation_0/sw_sweep.csv

Mean sliced-Wasserstein per pair (overall / same-color / different-color):
  sw_Ablated_0_vs_Student_0: 1.889575  same=2.681104  diff=1.817618
  sw_Ablated_0_vs_Student_1: 0.213908  same=0.724705  diff=0.167472
  sw_Student_0_vs_Student_1: 1.820879  same=2.780656  diff=1.733627
  sw_self_reference: 0.033820  same=0.049726  diff=0.032374

Reference self-SW (noise floor) — overall: 0.033820  same: 0.049726  diff: 0.032374

Normalised SW (ratio to self-SW baseline):
  sw_Ablated_0_vs_Student_0: 64.273×  same=66.918×  diff=64.032×
  sw_Ablated_0_vs_Student_1: 3.956×  same=10.912×  diff=3.324×
  sw_Student_0_vs_Student_1: 64.166×  same=69.500×  diff=63.682×
  sw_self_reference: 1.000×  same=1.000×  diff=1.000×

Teacher-vs-students aggregate (mean over student SW per trial):
  overall mean: 1.051742
  same-color:   1.702904
  diff-color:   0.992545
