Loading models...
  [0] Ablated_2  (results_link_sampler/index_cued_first_diffusion_0.3_swap_7)
  [1] Student_0  (results_link_sampler/index_cued_first_diffusion_0.3_swap_recovery_ablation_2_0)
  [0] Ablated_2: ablating nullspace direction 2
Sweep: 288 trials (24 with same color, per 12^2 × 2 cues)
Reference model: [0] Ablated_2
Student models: ['Student_0']
  [1/288] cue=1 c1=0° c2=0°USING PRECUED ITEMS - SHOULD NEVER BE DONE IN TRAINING
  Student_0:0.155  [self:0.021]
  [2/288] cue=1 c1=0° c2=30°USING PRECUED ITEMS - SHOULD NEVER BE DONE IN TRAINING
  Student_0:0.198  [self:0.027]
  [3/288] cue=1 c1=0° c2=60°USING PRECUED ITEMS - SHOULD NEVER BE DONE IN TRAINING
  Student_0:0.408  [self:0.058]
  [4/288] cue=1 c1=0° c2=90°USING PRECUED ITEMS - SHOULD NEVER BE DONE IN TRAINING
  Student_0:0.222  [self:0.158]
  [5/288] cue=1 c1=0° c2=120°USING PRECUED ITEMS - SHOULD NEVER BE DONE IN TRAINING
  Student_0:0.281  [self:0.081]
  [6/288] cue=1 c1=0° c2=150°USING PRECUED ITEMS - SHOULD NEVER BE DONE IN TRAINING
  Student_0:0.444  [self:0.106]
  [7/288] cue=1 c1=0° c2=180°USING PRECUED ITEMS - SHOULD NEVER BE DONE IN TRAINING
  Student_0:0.573  [self:0.069]
  [8/288] cue=1 c1=0° c2=210°USING PRECUED ITEMS - SHOULD NEVER BE DONE IN TRAINING
  Student_0:0.258  [self:0.047]
  [9/288] cue=1 c1=0° c2=240°USING PRECUED ITEMS - SHOULD NEVER BE DONE IN TRAINING
  Student_0:0.047  [self:0.156]
  [10/288] cue=1 c1=0° c2=270°USING PRECUED ITEMS - SHOULD NEVER BE DONE IN TRAINING
  Student_0:0.179  [self:0.098]
  [11/288] cue=1 c1=0° c2=300°USING PRECUED ITEMS - SHOULD NEVER BE DONE IN TRAINING
  Student_0:0.045  [self:0.042]
  [12/288] cue=1 c1=0° c2=330°USING PRECUED ITEMS - SHOULD NEVER BE DONE IN TRAINING
  Student_0:0.065  [self:0.014]
  [13/288] cue=1 c1=30° c2=0°USING PRECUED ITEMS - SHOULD NEVER BE DONE IN TRAINING
  Student_0:0.227  [self:0.051]
  [14/288] cue=1 c1=30° c2=30°USING PRECUED ITEMS - SHOULD NEVER BE DONE IN TRAINING
  Student_0:0.224  [self:0.053]
  [15/288] cue=1 c1=30° c2=60°USING PRECUED ITEMS - SHOULD NEVER BE DONE IN TRAINING
  Student_0:0.912  [self:0.038]
  [16/288] cue=1 c1=30° c2=90°USING PRECUED ITEMS - SHOULD NEVER BE DONE IN TRAINING
  Student_0:0.271  [self:0.085]
  [17/288] cue=1 c1=30° c2=120°USING PRECUED ITEMS - SHOULD NEVER BE DONE IN TRAINING
  Student_0:1.028  [self:0.030]
  [18/288] cue=1 c1=30° c2=150°USING PRECUED ITEMS - SHOULD NEVER BE DONE IN TRAINING
  Student_0:0.567  [self:0.138]
  [19/288] cue=1 c1=30° c2=180°USING PRECUED ITEMS - SHOULD NEVER BE DONE IN TRAINING
  Student_0:0.602  [self:0.027]
  [20/288] cue=1 c1=30° c2=210°USING PRECUED ITEMS - SHOULD NEVER BE DONE IN TRAINING
  Student_0:0.375  [self:0.076]
  [21/288] cue=1 c1=30° c2=240°USING PRECUED ITEMS - SHOULD NEVER BE DONE IN TRAINING
  Student_0:0.293  [self:0.074]
  [22/288] cue=1 c1=30° c2=270°USING PRECUED ITEMS - SHOULD NEVER BE DONE IN TRAINING
  Student_0:0.556  [self:0.178]
  [23/288] cue=1 c1=30° c2=300°USING PRECUED ITEMS - SHOULD NEVER BE DONE IN TRAINING
  Student_0:0.226  [self:0.028]
  [24/288] cue=1 c1=30° c2=330°USING PRECUED ITEMS - SHOULD NEVER BE DONE IN TRAINING
  Student_0:0.080  [self:0.033]
  [25/288] cue=1 c1=60° c2=0°USING PRECUED ITEMS - SHOULD NEVER BE DONE IN TRAINING
  Student_0:0.388  [self:0.104]
  [26/288] cue=1 c1=60° c2=30°USING PRECUED ITEMS - SHOULD NEVER BE DONE IN TRAINING
  Student_0:0.402  [self:0.044]
Saved plot: results/all_teacher_student_sweeps/ablation_2/sweep_plots/trial0025_cue1_c160_c230.png
  [27/288] cue=1 c1=60° c2=60°USING PRECUED ITEMS - SHOULD NEVER BE DONE IN TRAINING
  Student_0:0.245  [self:0.038]
  [28/288] cue=1 c1=60° c2=90°USING PRECUED ITEMS - SHOULD NEVER BE DONE IN TRAINING
  Student_0:0.304  [self:0.027]
  [29/288] cue=1 c1=60° c2=120°USING PRECUED ITEMS - SHOULD NEVER BE DONE IN TRAINING
  Student_0:0.601  [self:0.013]
  [30/288] cue=1 c1=60° c2=150°USING PRECUED ITEMS - SHOULD NEVER BE DONE IN TRAINING
  Student_0:0.337  [self:0.049]
  [31/288] cue=1 c1=60° c2=180°USING PRECUED ITEMS - SHOULD NEVER BE DONE IN TRAINING
  Student_0:0.153  [self:0.028]
  [32/288] cue=1 c1=60° c2=210°USING PRECUED ITEMS - SHOULD NEVER BE DONE IN TRAINING
  Student_0:0.188  [self:0.062]
  [33/288] cue=1 c1=60° c2=240°USING PRECUED ITEMS - SHOULD NEVER BE DONE IN TRAINING
  Student_0:0.202  [self:0.136]
  [34/288] cue=1 c1=60° c2=270°USING PRECUED ITEMS - SHOULD NEVER BE DONE IN TRAINING
  Student_0:0.959  [self:0.190]
  [35/288] cue=1 c1=60° c2=300°USING PRECUED ITEMS - SHOULD NEVER BE DONE IN TRAINING
  Student_0:0.357  [self:0.078]
  [36/288] cue=1 c1=60° c2=330°USING PRECUED ITEMS - SHOULD NEVER BE DONE IN TRAINING
  Student_0:0.073  [self:0.041]
  [37/288] cue=1 c1=90° c2=0°USING PRECUED ITEMS - SHOULD NEVER BE DONE IN TRAINING
  Student_0:0.092  [self:0.048]
  [38/288] cue=1 c1=90° c2=30°USING PRECUED ITEMS - SHOULD NEVER BE DONE IN TRAINING
  Student_0:1736.213  [self:48.354]
  [39/288] cue=1 c1=90° c2=60°USING PRECUED ITEMS - SHOULD NEVER BE DONE IN TRAINING
  Student_0:1202.747  [self:47.160]
  [40/288] cue=1 c1=90° c2=90°USING PRECUED ITEMS - SHOULD NEVER BE DONE IN TRAINING
  Student_0:0.315  [self:0.011]
  [41/288] cue=1 c1=90° c2=120°USING PRECUED ITEMS - SHOULD NEVER BE DONE IN TRAINING
  Student_0:0.356  [self:0.014]
  [42/288] cue=1 c1=90° c2=150°USING PRECUED ITEMS - SHOULD NEVER BE DONE IN TRAINING
  Student_0:0.359  [self:0.059]
  [43/288] cue=1 c1=90° c2=180°USING PRECUED ITEMS - SHOULD NEVER BE DONE IN TRAINING
  Student_0:0.094  [self:0.056]
  [44/288] cue=1 c1=90° c2=210°USING PRECUED ITEMS - SHOULD NEVER BE DONE IN TRAINING
  Student_0:0.370  [self:0.026]
  [45/288] cue=1 c1=90° c2=240°USING PRECUED ITEMS - SHOULD NEVER BE DONE IN TRAINING
  Student_0:0.785  [self:0.042]
  [46/288] cue=1 c1=90° c2=270°USING PRECUED ITEMS - SHOULD NEVER BE DONE IN TRAINING
  Student_0:0.747  [self:0.076]
  [47/288] cue=1 c1=90° c2=300°USING PRECUED ITEMS - SHOULD NEVER BE DONE IN TRAINING
  Student_0:0.588  [self:0.104]
  [48/288] cue=1 c1=90° c2=330°USING PRECUED ITEMS - SHOULD NEVER BE DONE IN TRAINING
  Student_0:0.047  [self:0.046]
  [49/288] cue=1 c1=120° c2=0°USING PRECUED ITEMS - SHOULD NEVER BE DONE IN TRAINING
  Student_0:0.611  [self:0.018]
  [50/288] cue=1 c1=120° c2=30°USING PRECUED ITEMS - SHOULD NEVER BE DONE IN TRAINING
  Student_0:0.750  [self:0.022]
  [51/288] cue=1 c1=120° c2=60°USING PRECUED ITEMS - SHOULD NEVER BE DONE IN TRAINING
  Student_0:0.656  [self:0.016]
  [52/288] cue=1 c1=120° c2=90°USING PRECUED ITEMS - SHOULD NEVER BE DONE IN TRAINING
  Student_0:0.359  [self:0.012]
  [53/288] cue=1 c1=120° c2=120°USING PRECUED ITEMS - SHOULD NEVER BE DONE IN TRAINING
  Student_0:0.211  [self:0.025]
  [54/288] cue=1 c1=120° c2=150°USING PRECUED ITEMS - SHOULD NEVER BE DONE IN TRAINING
  Student_0:0.057  [self:0.015]
  [55/288] cue=1 c1=120° c2=180°USING PRECUED ITEMS - SHOULD NEVER BE DONE IN TRAINING
  Student_0:0.115  [self:0.051]
  [56/288] cue=1 c1=120° c2=210°USING PRECUED ITEMS - SHOULD NEVER BE DONE IN TRAINING
  Student_0:0.581  [self:0.088]
  [57/288] cue=1 c1=120° c2=240°USING PRECUED ITEMS - SHOULD NEVER BE DONE IN TRAINING
  Student_0:0.842  [self:0.046]
  [58/288] cue=1 c1=120° c2=270°USING PRECUED ITEMS - SHOULD NEVER BE DONE IN TRAINING
  Student_0:1.648  [self:0.038]
  [59/288] cue=1 c1=120° c2=300°USING PRECUED ITEMS - SHOULD NEVER BE DONE IN TRAINING
  Student_0:0.347  [self:0.138]
  [60/288] cue=1 c1=120° c2=330°USING PRECUED ITEMS - SHOULD NEVER BE DONE IN TRAINING
  Student_0:0.167  [self:0.088]
  [61/288] cue=1 c1=150° c2=0°USING PRECUED ITEMS - SHOULD NEVER BE DONE IN TRAINING
  Student_0:0.498  [self:0.063]
  [62/288] cue=1 c1=150° c2=30°USING PRECUED ITEMS - SHOULD NEVER BE DONE IN TRAINING
  Student_0:0.724  [self:0.023]
  [63/288] cue=1 c1=150° c2=60°USING PRECUED ITEMS - SHOULD NEVER BE DONE IN TRAINING
  Student_0:0.504  [self:0.018]
  [64/288] cue=1 c1=150° c2=90°USING PRECUED ITEMS - SHOULD NEVER BE DONE IN TRAINING
  Student_0:0.227  [self:0.011]
  [65/288] cue=1 c1=150° c2=120°USING PRECUED ITEMS - SHOULD NEVER BE DONE IN TRAINING
  Student_0:0.037  [self:0.040]
  [66/288] cue=1 c1=150° c2=150°USING PRECUED ITEMS - SHOULD NEVER BE DONE IN TRAINING
  Student_0:0.101  [self:0.018]
  [67/288] cue=1 c1=150° c2=180°USING PRECUED ITEMS - SHOULD NEVER BE DONE IN TRAINING
  Student_0:0.315  [self:0.015]
  [68/288] cue=1 c1=150° c2=210°USING PRECUED ITEMS - SHOULD NEVER BE DONE IN TRAINING
  Student_0:0.690  [self:0.036]
  [69/288] cue=1 c1=150° c2=240°USING PRECUED ITEMS - SHOULD NEVER BE DONE IN TRAINING
  Student_0:1.953  [self:0.059]
  [70/288] cue=1 c1=150° c2=270°USING PRECUED ITEMS - SHOULD NEVER BE DONE IN TRAINING
  Student_0:2.125  [self:0.093]
  [71/288] cue=1 c1=150° c2=300°USING PRECUED ITEMS - SHOULD NEVER BE DONE IN TRAINING
  Student_0:0.604  [self:0.102]
  [72/288] cue=1 c1=150° c2=330°USING PRECUED ITEMS - SHOULD NEVER BE DONE IN TRAINING
  Student_0:0.332  [self:0.038]
  [73/288] cue=1 c1=180° c2=0°USING PRECUED ITEMS - SHOULD NEVER BE DONE IN TRAINING
  Student_0:0.539  [self:0.058]
  [74/288] cue=1 c1=180° c2=30°USING PRECUED ITEMS - SHOULD NEVER BE DONE IN TRAINING
  Student_0:0.638  [self:0.077]
  [75/288] cue=1 c1=180° c2=60°USING PRECUED ITEMS - SHOULD NEVER BE DONE IN TRAINING
  Student_0:0.155  [self:0.089]
  [76/288] cue=1 c1=180° c2=90°USING PRECUED ITEMS - SHOULD NEVER BE DONE IN TRAINING
  Student_0:0.188  [self:0.041]
  [77/288] cue=1 c1=180° c2=120°USING PRECUED ITEMS - SHOULD NEVER BE DONE IN TRAINING
  Student_0:0.073  [self:0.031]
  [78/288] cue=1 c1=180° c2=150°USING PRECUED ITEMS - SHOULD NEVER BE DONE IN TRAINING
  Student_0:0.270  [self:0.023]
  [79/288] cue=1 c1=180° c2=180°USING PRECUED ITEMS - SHOULD NEVER BE DONE IN TRAINING
  Student_0:0.730  [self:0.032]
  [80/288] cue=1 c1=180° c2=210°USING PRECUED ITEMS - SHOULD NEVER BE DONE IN TRAINING
  Student_0:1.850  [self:0.178]
  [81/288] cue=1 c1=180° c2=240°USING PRECUED ITEMS - SHOULD NEVER BE DONE IN TRAINING
  Student_0:2.537  [self:0.040]
  [82/288] cue=1 c1=180° c2=270°USING PRECUED ITEMS - SHOULD NEVER BE DONE IN TRAINING
  Student_0:1.763  [self:0.028]
  [83/288] cue=1 c1=180° c2=300°USING PRECUED ITEMS - SHOULD NEVER BE DONE IN TRAINING
  Student_0:0.252  [self:0.106]
  [84/288] cue=1 c1=180° c2=330°USING PRECUED ITEMS - SHOULD NEVER BE DONE IN TRAINING
  Student_0:0.214  [self:0.027]
  [85/288] cue=1 c1=210° c2=0°USING PRECUED ITEMS - SHOULD NEVER BE DONE IN TRAINING
  Student_0:0.475  [self:0.151]
  [86/288] cue=1 c1=210° c2=30°USING PRECUED ITEMS - SHOULD NEVER BE DONE IN TRAINING
  Student_0:0.108  [self:0.053]
  [87/288] cue=1 c1=210° c2=60°USING PRECUED ITEMS - SHOULD NEVER BE DONE IN TRAINING
  Student_0:0.248  [self:0.080]
  [88/288] cue=1 c1=210° c2=90°USING PRECUED ITEMS - SHOULD NEVER BE DONE IN TRAINING
  Student_0:0.161  [self:0.039]
  [89/288] cue=1 c1=210° c2=120°USING PRECUED ITEMS - SHOULD NEVER BE DONE IN TRAINING
  Student_0:0.176  [self:0.028]
  [90/288] cue=1 c1=210° c2=150°USING PRECUED ITEMS - SHOULD NEVER BE DONE IN TRAINING
  Student_0:0.261  [self:0.025]
  [91/288] cue=1 c1=210° c2=180°USING PRECUED ITEMS - SHOULD NEVER BE DONE IN TRAINING
  Student_0:1.460  [self:0.024]
  [92/288] cue=1 c1=210° c2=210°USING PRECUED ITEMS - SHOULD NEVER BE DONE IN TRAINING
  Student_0:1.538  [self:0.123]
  [93/288] cue=1 c1=210° c2=240°USING PRECUED ITEMS - SHOULD NEVER BE DONE IN TRAINING
  Student_0:0.820  [self:0.034]
  [94/288] cue=1 c1=210° c2=270°USING PRECUED ITEMS - SHOULD NEVER BE DONE IN TRAINING
  Student_0:0.383  [self:0.053]
  [95/288] cue=1 c1=210° c2=300°USING PRECUED ITEMS - SHOULD NEVER BE DONE IN TRAINING
  Student_0:0.173  [self:0.033]
  [96/288] cue=1 c1=210° c2=330°USING PRECUED ITEMS - SHOULD NEVER BE DONE IN TRAINING
  Student_0:0.140  [self:0.129]
  [97/288] cue=1 c1=240° c2=0°USING PRECUED ITEMS - SHOULD NEVER BE DONE IN TRAINING
  Student_0:0.262  [self:0.075]
  [98/288] cue=1 c1=240° c2=30°USING PRECUED ITEMS - SHOULD NEVER BE DONE IN TRAINING
  Student_0:0.042  [self:0.089]
  [99/288] cue=1 c1=240° c2=60°USING PRECUED ITEMS - SHOULD NEVER BE DONE IN TRAINING
  Student_0:0.085  [self:0.140]
  [100/288] cue=1 c1=240° c2=90°USING PRECUED ITEMS - SHOULD NEVER BE DONE IN TRAINING
  Student_0:0.345  [self:0.038]
  [101/288] cue=1 c1=240° c2=120°USING PRECUED ITEMS - SHOULD NEVER BE DONE IN TRAINING
  Student_0:0.252  [self:0.060]
  [102/288] cue=1 c1=240° c2=150°USING PRECUED ITEMS - SHOULD NEVER BE DONE IN TRAINING
  Student_0:0.834  [self:0.039]
  [103/288] cue=1 c1=240° c2=180°USING PRECUED ITEMS - SHOULD NEVER BE DONE IN TRAINING
  Student_0:2.113  [self:0.164]
  [104/288] cue=1 c1=240° c2=210°USING PRECUED ITEMS - SHOULD NEVER BE DONE IN TRAINING
  Student_0:0.879  [self:0.032]
  [105/288] cue=1 c1=240° c2=240°USING PRECUED ITEMS - SHOULD NEVER BE DONE IN TRAINING
  Student_0:0.555  [self:0.030]
  [106/288] cue=1 c1=240° c2=270°USING PRECUED ITEMS - SHOULD NEVER BE DONE IN TRAINING
  Student_0:0.474  [self:0.063]
  [107/288] cue=1 c1=240° c2=300°USING PRECUED ITEMS - SHOULD NEVER BE DONE IN TRAINING
  Student_0:0.183  [self:0.023]
  [108/288] cue=1 c1=240° c2=330°USING PRECUED ITEMS - SHOULD NEVER BE DONE IN TRAINING
  Student_0:0.206  [self:0.024]
  [109/288] cue=1 c1=270° c2=0°USING PRECUED ITEMS - SHOULD NEVER BE DONE IN TRAINING
  Student_0:0.202  [self:0.022]
  [110/288] cue=1 c1=270° c2=30°USING PRECUED ITEMS - SHOULD NEVER BE DONE IN TRAINING
  Student_0:0.208  [self:0.103]
  [111/288] cue=1 c1=270° c2=60°USING PRECUED ITEMS - SHOULD NEVER BE DONE IN TRAINING
  Student_0:0.359  [self:0.059]
  [112/288] cue=1 c1=270° c2=90°USING PRECUED ITEMS - SHOULD NEVER BE DONE IN TRAINING
  Student_0:0.878  [self:0.164]
  [113/288] cue=1 c1=270° c2=120°USING PRECUED ITEMS - SHOULD NEVER BE DONE IN TRAINING
  Student_0:1.008  [self:0.061]
  [114/288] cue=1 c1=270° c2=150°USING PRECUED ITEMS - SHOULD NEVER BE DONE IN TRAINING
  Student_0:1.616  [self:0.081]
  [115/288] cue=1 c1=270° c2=180°USING PRECUED ITEMS - SHOULD NEVER BE DONE IN TRAINING
  Student_0:1.060  [self:0.126]
  [116/288] cue=1 c1=270° c2=210°USING PRECUED ITEMS - SHOULD NEVER BE DONE IN TRAINING
  Student_0:0.536  [self:0.063]
  [117/288] cue=1 c1=270° c2=240°USING PRECUED ITEMS - SHOULD NEVER BE DONE IN TRAINING
  Student_0:0.438  [self:0.079]
  [118/288] cue=1 c1=270° c2=270°USING PRECUED ITEMS - SHOULD NEVER BE DONE IN TRAINING
  Student_0:0.282  [self:0.089]
  [119/288] cue=1 c1=270° c2=300°USING PRECUED ITEMS - SHOULD NEVER BE DONE IN TRAINING
  Student_0:0.184  [self:0.080]
  [120/288] cue=1 c1=270° c2=330°USING PRECUED ITEMS - SHOULD NEVER BE DONE IN TRAINING
  Student_0:0.161  [self:0.024]
  [121/288] cue=1 c1=300° c2=0°USING PRECUED ITEMS - SHOULD NEVER BE DONE IN TRAINING
  Student_0:0.106  [self:0.041]
  [122/288] cue=1 c1=300° c2=30°USING PRECUED ITEMS - SHOULD NEVER BE DONE IN TRAINING
  Student_0:0.196  [self:0.096]
  [123/288] cue=1 c1=300° c2=60°USING PRECUED ITEMS - SHOULD NEVER BE DONE IN TRAINING
  Student_0:0.254  [self:0.036]
  [124/288] cue=1 c1=300° c2=90°USING PRECUED ITEMS - SHOULD NEVER BE DONE IN TRAINING
  Student_0:0.077  [self:0.099]
  [125/288] cue=1 c1=300° c2=120°USING PRECUED ITEMS - SHOULD NEVER BE DONE IN TRAINING
  Student_0:0.402  [self:0.103]
Saved plot: results/all_teacher_student_sweeps/ablation_2/sweep_plots/trial0124_cue1_c1300_c2120.png
  [126/288] cue=1 c1=300° c2=150°USING PRECUED ITEMS - SHOULD NEVER BE DONE IN TRAINING
  Student_0:0.206  [self:0.153]
Saved plot: results/all_teacher_student_sweeps/ablation_2/sweep_plots/trial0125_cue1_c1300_c2150.png
  [127/288] cue=1 c1=300° c2=180°USING PRECUED ITEMS - SHOULD NEVER BE DONE IN TRAINING
  Student_0:0.219  [self:0.035]
  [128/288] cue=1 c1=300° c2=210°USING PRECUED ITEMS - SHOULD NEVER BE DONE IN TRAINING
  Student_0:0.049  [self:0.023]
  [129/288] cue=1 c1=300° c2=240°USING PRECUED ITEMS - SHOULD NEVER BE DONE IN TRAINING
  Student_0:0.186  [self:0.067]
  [130/288] cue=1 c1=300° c2=270°USING PRECUED ITEMS - SHOULD NEVER BE DONE IN TRAINING
  Student_0:0.105  [self:0.077]
  [131/288] cue=1 c1=300° c2=300°USING PRECUED ITEMS - SHOULD NEVER BE DONE IN TRAINING
  Student_0:0.124  [self:0.037]
  [132/288] cue=1 c1=300° c2=330°USING PRECUED ITEMS - SHOULD NEVER BE DONE IN TRAINING
  Student_0:0.111  [self:0.036]
  [133/288] cue=1 c1=330° c2=0°USING PRECUED ITEMS - SHOULD NEVER BE DONE IN TRAINING
  Student_0:0.133  [self:0.041]
  [134/288] cue=1 c1=330° c2=30°USING PRECUED ITEMS - SHOULD NEVER BE DONE IN TRAINING
  Student_0:0.140  [self:0.052]
  [135/288] cue=1 c1=330° c2=60°USING PRECUED ITEMS - SHOULD NEVER BE DONE IN TRAINING
  Student_0:0.241  [self:0.038]
  [136/288] cue=1 c1=330° c2=90°USING PRECUED ITEMS - SHOULD NEVER BE DONE IN TRAINING
  Student_0:0.383  [self:0.026]
  [137/288] cue=1 c1=330° c2=120°USING PRECUED ITEMS - SHOULD NEVER BE DONE IN TRAINING
  Student_0:0.576  [self:0.102]
  [138/288] cue=1 c1=330° c2=150°USING PRECUED ITEMS - SHOULD NEVER BE DONE IN TRAINING
  Student_0:0.398  [self:0.047]
  [139/288] cue=1 c1=330° c2=180°USING PRECUED ITEMS - SHOULD NEVER BE DONE IN TRAINING
  Student_0:0.749  [self:0.066]
  [140/288] cue=1 c1=330° c2=210°USING PRECUED ITEMS - SHOULD NEVER BE DONE IN TRAINING
  Student_0:0.162  [self:0.079]
  [141/288] cue=1 c1=330° c2=240°USING PRECUED ITEMS - SHOULD NEVER BE DONE IN TRAINING
  Student_0:0.104  [self:0.061]
  [142/288] cue=1 c1=330° c2=270°USING PRECUED ITEMS - SHOULD NEVER BE DONE IN TRAINING
  Student_0:0.123  [self:0.028]
  [143/288] cue=1 c1=330° c2=300°USING PRECUED ITEMS - SHOULD NEVER BE DONE IN TRAINING
  Student_0:0.078  [self:0.073]
  [144/288] cue=1 c1=330° c2=330°USING PRECUED ITEMS - SHOULD NEVER BE DONE IN TRAINING
  Student_0:0.175  [self:0.020]
  [145/288] cue=2 c1=0° c2=0°USING PRECUED ITEMS - SHOULD NEVER BE DONE IN TRAINING
  Student_0:0.165  [self:0.021]
  [146/288] cue=2 c1=0° c2=30°USING PRECUED ITEMS - SHOULD NEVER BE DONE IN TRAINING
  Student_0:0.443  [self:0.072]
  [147/288] cue=2 c1=0° c2=60°USING PRECUED ITEMS - SHOULD NEVER BE DONE IN TRAINING
  Student_0:0.314  [self:0.053]
  [148/288] cue=2 c1=0° c2=90°USING PRECUED ITEMS - SHOULD NEVER BE DONE IN TRAINING
  Student_0:55.600  [self:17.961]
  [149/288] cue=2 c1=0° c2=120°USING PRECUED ITEMS - SHOULD NEVER BE DONE IN TRAINING
  Student_0:0.877  [self:0.045]
  [150/288] cue=2 c1=0° c2=150°USING PRECUED ITEMS - SHOULD NEVER BE DONE IN TRAINING
  Student_0:0.577  [self:0.027]
  [151/288] cue=2 c1=0° c2=180°USING PRECUED ITEMS - SHOULD NEVER BE DONE IN TRAINING
  Student_0:0.427  [self:0.089]
  [152/288] cue=2 c1=0° c2=210°USING PRECUED ITEMS - SHOULD NEVER BE DONE IN TRAINING
  Student_0:0.289  [self:0.074]
  [153/288] cue=2 c1=0° c2=240°USING PRECUED ITEMS - SHOULD NEVER BE DONE IN TRAINING
  Student_0:0.056  [self:0.148]
  [154/288] cue=2 c1=0° c2=270°USING PRECUED ITEMS - SHOULD NEVER BE DONE IN TRAINING
  Student_0:0.176  [self:0.037]
  [155/288] cue=2 c1=0° c2=300°USING PRECUED ITEMS - SHOULD NEVER BE DONE IN TRAINING
  Student_0:0.102  [self:0.038]
  [156/288] cue=2 c1=0° c2=330°USING PRECUED ITEMS - SHOULD NEVER BE DONE IN TRAINING
  Student_0:0.119  [self:0.020]
  [157/288] cue=2 c1=30° c2=0°USING PRECUED ITEMS - SHOULD NEVER BE DONE IN TRAINING
  Student_0:0.139  [self:0.040]
  [158/288] cue=2 c1=30° c2=30°USING PRECUED ITEMS - SHOULD NEVER BE DONE IN TRAINING
  Student_0:0.320  [self:0.035]
  [159/288] cue=2 c1=30° c2=60°USING PRECUED ITEMS - SHOULD NEVER BE DONE IN TRAINING
  Student_0:0.754  [self:0.030]
  [160/288] cue=2 c1=30° c2=90°USING PRECUED ITEMS - SHOULD NEVER BE DONE IN TRAINING
  Student_0:346.318  [self:21.526]
  [161/288] cue=2 c1=30° c2=120°USING PRECUED ITEMS - SHOULD NEVER BE DONE IN TRAINING
  Student_0:0.693  [self:0.011]
  [162/288] cue=2 c1=30° c2=150°USING PRECUED ITEMS - SHOULD NEVER BE DONE IN TRAINING
  Student_0:0.307  [self:0.033]
  [163/288] cue=2 c1=30° c2=180°USING PRECUED ITEMS - SHOULD NEVER BE DONE IN TRAINING
  Student_0:0.205  [self:0.053]
  [164/288] cue=2 c1=30° c2=210°USING PRECUED ITEMS - SHOULD NEVER BE DONE IN TRAINING
  Student_0:0.103  [self:0.035]
  [165/288] cue=2 c1=30° c2=240°USING PRECUED ITEMS - SHOULD NEVER BE DONE IN TRAINING
  Student_0:0.065  [self:0.152]
  [166/288] cue=2 c1=30° c2=270°USING PRECUED ITEMS - SHOULD NEVER BE DONE IN TRAINING
  Student_0:0.322  [self:0.169]
  [167/288] cue=2 c1=30° c2=300°USING PRECUED ITEMS - SHOULD NEVER BE DONE IN TRAINING
  Student_0:0.178  [self:0.026]
  [168/288] cue=2 c1=30° c2=330°USING PRECUED ITEMS - SHOULD NEVER BE DONE IN TRAINING
  Student_0:0.054  [self:0.021]
  [169/288] cue=2 c1=60° c2=0°USING PRECUED ITEMS - SHOULD NEVER BE DONE IN TRAINING
  Student_0:0.334  [self:0.057]
  [170/288] cue=2 c1=60° c2=30°USING PRECUED ITEMS - SHOULD NEVER BE DONE IN TRAINING
  Student_0:0.948  [self:0.021]
  [171/288] cue=2 c1=60° c2=60°USING PRECUED ITEMS - SHOULD NEVER BE DONE IN TRAINING
  Student_0:0.267  [self:0.027]
  [172/288] cue=2 c1=60° c2=90°USING PRECUED ITEMS - SHOULD NEVER BE DONE IN TRAINING
  Student_0:0.180  [self:0.011]
  [173/288] cue=2 c1=60° c2=120°USING PRECUED ITEMS - SHOULD NEVER BE DONE IN TRAINING
  Student_0:0.317  [self:0.011]
  [174/288] cue=2 c1=60° c2=150°USING PRECUED ITEMS - SHOULD NEVER BE DONE IN TRAINING
  Student_0:0.230  [self:0.061]
  [175/288] cue=2 c1=60° c2=180°USING PRECUED ITEMS - SHOULD NEVER BE DONE IN TRAINING
  Student_0:0.191  [self:0.032]
  [176/288] cue=2 c1=60° c2=210°USING PRECUED ITEMS - SHOULD NEVER BE DONE IN TRAINING
  Student_0:0.172  [self:0.091]
  [177/288] cue=2 c1=60° c2=240°USING PRECUED ITEMS - SHOULD NEVER BE DONE IN TRAINING
  Student_0:0.272  [self:0.115]
  [178/288] cue=2 c1=60° c2=270°USING PRECUED ITEMS - SHOULD NEVER BE DONE IN TRAINING
  Student_0:0.655  [self:0.087]
  [179/288] cue=2 c1=60° c2=300°USING PRECUED ITEMS - SHOULD NEVER BE DONE IN TRAINING
  Student_0:0.417  [self:0.041]
  [180/288] cue=2 c1=60° c2=330°USING PRECUED ITEMS - SHOULD NEVER BE DONE IN TRAINING
  Student_0:0.043  [self:0.035]
  [181/288] cue=2 c1=90° c2=0°USING PRECUED ITEMS - SHOULD NEVER BE DONE IN TRAINING
  Student_0:0.091  [self:0.074]
  [182/288] cue=2 c1=90° c2=30°USING PRECUED ITEMS - SHOULD NEVER BE DONE IN TRAINING
  Student_0:10.573  [self:10.833]
  [183/288] cue=2 c1=90° c2=60°USING PRECUED ITEMS - SHOULD NEVER BE DONE IN TRAINING
  Student_0:20.806  [self:11.844]
  [184/288] cue=2 c1=90° c2=90°USING PRECUED ITEMS - SHOULD NEVER BE DONE IN TRAINING
  Student_0:0.229  [self:0.012]
  [185/288] cue=2 c1=90° c2=120°USING PRECUED ITEMS - SHOULD NEVER BE DONE IN TRAINING
  Student_0:0.155  [self:0.011]
  [186/288] cue=2 c1=90° c2=150°USING PRECUED ITEMS - SHOULD NEVER BE DONE IN TRAINING
  Student_0:0.116  [self:0.021]
  [187/288] cue=2 c1=90° c2=180°USING PRECUED ITEMS - SHOULD NEVER BE DONE IN TRAINING
  Student_0:0.097  [self:0.031]
Saved plot: results/all_teacher_student_sweeps/ablation_2/sweep_plots/trial0186_cue2_c190_c2180.png
  [188/288] cue=2 c1=90° c2=210°USING PRECUED ITEMS - SHOULD NEVER BE DONE IN TRAINING
  Student_0:0.180  [self:0.032]
  [189/288] cue=2 c1=90° c2=240°USING PRECUED ITEMS - SHOULD NEVER BE DONE IN TRAINING
  Student_0:0.498  [self:0.065]
  [190/288] cue=2 c1=90° c2=270°USING PRECUED ITEMS - SHOULD NEVER BE DONE IN TRAINING
  Student_0:1.118  [self:0.068]
  [191/288] cue=2 c1=90° c2=300°USING PRECUED ITEMS - SHOULD NEVER BE DONE IN TRAINING
  Student_0:0.583  [self:0.123]
  [192/288] cue=2 c1=90° c2=330°USING PRECUED ITEMS - SHOULD NEVER BE DONE IN TRAINING
  Student_0:0.200  [self:0.045]
  [193/288] cue=2 c1=120° c2=0°USING PRECUED ITEMS - SHOULD NEVER BE DONE IN TRAINING
  Student_0:0.826  [self:0.087]
  [194/288] cue=2 c1=120° c2=30°USING PRECUED ITEMS - SHOULD NEVER BE DONE IN TRAINING
  Student_0:1.182  [self:0.060]
  [195/288] cue=2 c1=120° c2=60°USING PRECUED ITEMS - SHOULD NEVER BE DONE IN TRAINING
  Student_0:0.799  [self:0.011]
  [196/288] cue=2 c1=120° c2=90°USING PRECUED ITEMS - SHOULD NEVER BE DONE IN TRAINING
  Student_0:0.383  [self:0.015]
  [197/288] cue=2 c1=120° c2=120°USING PRECUED ITEMS - SHOULD NEVER BE DONE IN TRAINING
  Student_0:0.199  [self:0.011]
  [198/288] cue=2 c1=120° c2=150°USING PRECUED ITEMS - SHOULD NEVER BE DONE IN TRAINING
  Student_0:0.051  [self:0.017]
  [199/288] cue=2 c1=120° c2=180°USING PRECUED ITEMS - SHOULD NEVER BE DONE IN TRAINING
  Student_0:0.079  [self:0.025]
  [200/288] cue=2 c1=120° c2=210°USING PRECUED ITEMS - SHOULD NEVER BE DONE IN TRAINING
  Student_0:0.543  [self:0.022]
  [201/288] cue=2 c1=120° c2=240°USING PRECUED ITEMS - SHOULD NEVER BE DONE IN TRAINING
  Student_0:1.191  [self:0.040]
  [202/288] cue=2 c1=120° c2=270°USING PRECUED ITEMS - SHOULD NEVER BE DONE IN TRAINING
  Student_0:2.481  [self:0.069]
  [203/288] cue=2 c1=120° c2=300°USING PRECUED ITEMS - SHOULD NEVER BE DONE IN TRAINING
  Student_0:0.880  [self:0.078]
  [204/288] cue=2 c1=120° c2=330°USING PRECUED ITEMS - SHOULD NEVER BE DONE IN TRAINING
  Student_0:0.369  [self:0.057]
  [205/288] cue=2 c1=150° c2=0°USING PRECUED ITEMS - SHOULD NEVER BE DONE IN TRAINING
  Student_0:0.612  [self:0.029]
  [206/288] cue=2 c1=150° c2=30°USING PRECUED ITEMS - SHOULD NEVER BE DONE IN TRAINING
  Student_0:1.067  [self:0.040]
  [207/288] cue=2 c1=150° c2=60°USING PRECUED ITEMS - SHOULD NEVER BE DONE IN TRAINING
  Student_0:0.921  [self:0.023]
  [208/288] cue=2 c1=150° c2=90°USING PRECUED ITEMS - SHOULD NEVER BE DONE IN TRAINING
  Student_0:0.366  [self:0.022]
  [209/288] cue=2 c1=150° c2=120°USING PRECUED ITEMS - SHOULD NEVER BE DONE IN TRAINING
  Student_0:0.063  [self:0.020]
  [210/288] cue=2 c1=150° c2=150°USING PRECUED ITEMS - SHOULD NEVER BE DONE IN TRAINING
  Student_0:0.028  [self:0.015]
  [211/288] cue=2 c1=150° c2=180°USING PRECUED ITEMS - SHOULD NEVER BE DONE IN TRAINING
  Student_0:0.241  [self:0.022]
  [212/288] cue=2 c1=150° c2=210°USING PRECUED ITEMS - SHOULD NEVER BE DONE IN TRAINING
  Student_0:0.960  [self:0.055]
  [213/288] cue=2 c1=150° c2=240°USING PRECUED ITEMS - SHOULD NEVER BE DONE IN TRAINING
  Student_0:2.536  [self:0.039]
  [214/288] cue=2 c1=150° c2=270°USING PRECUED ITEMS - SHOULD NEVER BE DONE IN TRAINING
  Student_0:2.955  [self:0.036]
  [215/288] cue=2 c1=150° c2=300°USING PRECUED ITEMS - SHOULD NEVER BE DONE IN TRAINING
  Student_0:0.445  [self:0.047]
  [216/288] cue=2 c1=150° c2=330°USING PRECUED ITEMS - SHOULD NEVER BE DONE IN TRAINING
  Student_0:0.597  [self:0.106]
  [217/288] cue=2 c1=180° c2=0°USING PRECUED ITEMS - SHOULD NEVER BE DONE IN TRAINING
  Student_0:0.825  [self:0.055]
  [218/288] cue=2 c1=180° c2=30°USING PRECUED ITEMS - SHOULD NEVER BE DONE IN TRAINING
  Student_0:1.129  [self:0.060]
  [219/288] cue=2 c1=180° c2=60°USING PRECUED ITEMS - SHOULD NEVER BE DONE IN TRAINING
  Student_0:0.232  [self:0.079]
  [220/288] cue=2 c1=180° c2=90°USING PRECUED ITEMS - SHOULD NEVER BE DONE IN TRAINING
  Student_0:0.122  [self:0.047]
Saved plot: results/all_teacher_student_sweeps/ablation_2/sweep_plots/trial0219_cue2_c1180_c290.png
  [221/288] cue=2 c1=180° c2=120°USING PRECUED ITEMS - SHOULD NEVER BE DONE IN TRAINING
  Student_0:0.044  [self:0.023]
  [222/288] cue=2 c1=180° c2=150°USING PRECUED ITEMS - SHOULD NEVER BE DONE IN TRAINING
  Student_0:0.023  [self:0.013]
  [223/288] cue=2 c1=180° c2=180°USING PRECUED ITEMS - SHOULD NEVER BE DONE IN TRAINING
  Student_0:0.581  [self:0.028]
  [224/288] cue=2 c1=180° c2=210°USING PRECUED ITEMS - SHOULD NEVER BE DONE IN TRAINING
  Student_0:1.903  [self:0.127]
  [225/288] cue=2 c1=180° c2=240°USING PRECUED ITEMS - SHOULD NEVER BE DONE IN TRAINING
  Student_0:2.435  [self:0.071]
  [226/288] cue=2 c1=180° c2=270°USING PRECUED ITEMS - SHOULD NEVER BE DONE IN TRAINING
  Student_0:1.379  [self:0.094]
  [227/288] cue=2 c1=180° c2=300°USING PRECUED ITEMS - SHOULD NEVER BE DONE IN TRAINING
  Student_0:0.196  [self:0.020]
  [228/288] cue=2 c1=180° c2=330°USING PRECUED ITEMS - SHOULD NEVER BE DONE IN TRAINING
  Student_0:0.613  [self:0.126]
  [229/288] cue=2 c1=210° c2=0°USING PRECUED ITEMS - SHOULD NEVER BE DONE IN TRAINING
  Student_0:0.195  [self:0.061]
  [230/288] cue=2 c1=210° c2=30°USING PRECUED ITEMS - SHOULD NEVER BE DONE IN TRAINING
  Student_0:0.272  [self:0.068]
  [231/288] cue=2 c1=210° c2=60°USING PRECUED ITEMS - SHOULD NEVER BE DONE IN TRAINING
  Student_0:0.235  [self:0.096]
  [232/288] cue=2 c1=210° c2=90°USING PRECUED ITEMS - SHOULD NEVER BE DONE IN TRAINING
  Student_0:0.197  [self:0.029]
  [233/288] cue=2 c1=210° c2=120°USING PRECUED ITEMS - SHOULD NEVER BE DONE IN TRAINING
  Student_0:0.221  [self:0.023]
  [234/288] cue=2 c1=210° c2=150°USING PRECUED ITEMS - SHOULD NEVER BE DONE IN TRAINING
  Student_0:0.030  [self:0.008]
  [235/288] cue=2 c1=210° c2=180°USING PRECUED ITEMS - SHOULD NEVER BE DONE IN TRAINING
  Student_0:1.107  [self:0.156]
  [236/288] cue=2 c1=210° c2=210°USING PRECUED ITEMS - SHOULD NEVER BE DONE IN TRAINING
  Student_0:1.547  [self:0.134]
  [237/288] cue=2 c1=210° c2=240°USING PRECUED ITEMS - SHOULD NEVER BE DONE IN TRAINING
  Student_0:1.146  [self:0.057]
  [238/288] cue=2 c1=210° c2=270°USING PRECUED ITEMS - SHOULD NEVER BE DONE IN TRAINING
  Student_0:0.283  [self:0.067]
  [239/288] cue=2 c1=210° c2=300°USING PRECUED ITEMS - SHOULD NEVER BE DONE IN TRAINING
  Student_0:0.098  [self:0.043]
  [240/288] cue=2 c1=210° c2=330°USING PRECUED ITEMS - SHOULD NEVER BE DONE IN TRAINING
  Student_0:0.419  [self:0.183]
  [241/288] cue=2 c1=240° c2=0°USING PRECUED ITEMS - SHOULD NEVER BE DONE IN TRAINING
  Student_0:0.219  [self:0.044]
  [242/288] cue=2 c1=240° c2=30°USING PRECUED ITEMS - SHOULD NEVER BE DONE IN TRAINING
  Student_0:0.150  [self:0.104]
  [243/288] cue=2 c1=240° c2=60°USING PRECUED ITEMS - SHOULD NEVER BE DONE IN TRAINING
  Student_0:0.368  [self:0.028]
  [244/288] cue=2 c1=240° c2=90°USING PRECUED ITEMS - SHOULD NEVER BE DONE IN TRAINING
  Student_0:0.517  [self:0.068]
  [245/288] cue=2 c1=240° c2=120°USING PRECUED ITEMS - SHOULD NEVER BE DONE IN TRAINING
  Student_0:0.183  [self:0.026]
  [246/288] cue=2 c1=240° c2=150°USING PRECUED ITEMS - SHOULD NEVER BE DONE IN TRAINING
  Student_0:0.207  [self:0.032]
  [247/288] cue=2 c1=240° c2=180°USING PRECUED ITEMS - SHOULD NEVER BE DONE IN TRAINING
  Student_0:1.602  [self:0.040]
  [248/288] cue=2 c1=240° c2=210°USING PRECUED ITEMS - SHOULD NEVER BE DONE IN TRAINING
  Student_0:0.397  [self:0.072]
Saved plot: results/all_teacher_student_sweeps/ablation_2/sweep_plots/trial0247_cue2_c1240_c2210.png
  [249/288] cue=2 c1=240° c2=240°USING PRECUED ITEMS - SHOULD NEVER BE DONE IN TRAINING
  Student_0:0.717  [self:0.040]
  [250/288] cue=2 c1=240° c2=270°USING PRECUED ITEMS - SHOULD NEVER BE DONE IN TRAINING
  Student_0:0.462  [self:0.060]
  [251/288] cue=2 c1=240° c2=300°USING PRECUED ITEMS - SHOULD NEVER BE DONE IN TRAINING
  Student_0:0.192  [self:0.024]
  [252/288] cue=2 c1=240° c2=330°USING PRECUED ITEMS - SHOULD NEVER BE DONE IN TRAINING
  Student_0:0.166  [self:0.096]
  [253/288] cue=2 c1=270° c2=0°USING PRECUED ITEMS - SHOULD NEVER BE DONE IN TRAINING
  Student_0:0.182  [self:0.070]
  [254/288] cue=2 c1=270° c2=30°USING PRECUED ITEMS - SHOULD NEVER BE DONE IN TRAINING
  Student_0:0.122  [self:0.069]
  [255/288] cue=2 c1=270° c2=60°USING PRECUED ITEMS - SHOULD NEVER BE DONE IN TRAINING
  Student_0:0.385  [self:0.175]
  [256/288] cue=2 c1=270° c2=90°USING PRECUED ITEMS - SHOULD NEVER BE DONE IN TRAINING
  Student_0:0.266  [self:0.045]
  [257/288] cue=2 c1=270° c2=120°USING PRECUED ITEMS - SHOULD NEVER BE DONE IN TRAINING
  Student_0:0.249  [self:0.025]
  [258/288] cue=2 c1=270° c2=150°USING PRECUED ITEMS - SHOULD NEVER BE DONE IN TRAINING
  Student_0:0.660  [self:0.103]
  [259/288] cue=2 c1=270° c2=180°USING PRECUED ITEMS - SHOULD NEVER BE DONE IN TRAINING
  Student_0:0.198  [self:0.090]
  [260/288] cue=2 c1=270° c2=210°USING PRECUED ITEMS - SHOULD NEVER BE DONE IN TRAINING
  Student_0:0.475  [self:0.107]
  [261/288] cue=2 c1=270° c2=240°USING PRECUED ITEMS - SHOULD NEVER BE DONE IN TRAINING
  Student_0:0.727  [self:0.058]
  [262/288] cue=2 c1=270° c2=270°USING PRECUED ITEMS - SHOULD NEVER BE DONE IN TRAINING
  Student_0:0.398  [self:0.029]
  [263/288] cue=2 c1=270° c2=300°USING PRECUED ITEMS - SHOULD NEVER BE DONE IN TRAINING
  Student_0:0.083  [self:0.033]
  [264/288] cue=2 c1=270° c2=330°USING PRECUED ITEMS - SHOULD NEVER BE DONE IN TRAINING
  Student_0:0.206  [self:0.072]
  [265/288] cue=2 c1=300° c2=0°USING PRECUED ITEMS - SHOULD NEVER BE DONE IN TRAINING
  Student_0:0.172  [self:0.024]
  [266/288] cue=2 c1=300° c2=30°USING PRECUED ITEMS - SHOULD NEVER BE DONE IN TRAINING
  Student_0:0.136  [self:0.062]
  [267/288] cue=2 c1=300° c2=60°USING PRECUED ITEMS - SHOULD NEVER BE DONE IN TRAINING
  Student_0:0.132  [self:0.041]
  [268/288] cue=2 c1=300° c2=90°USING PRECUED ITEMS - SHOULD NEVER BE DONE IN TRAINING
  Student_0:0.270  [self:0.042]
  [269/288] cue=2 c1=300° c2=120°USING PRECUED ITEMS - SHOULD NEVER BE DONE IN TRAINING
  Student_0:0.417  [self:0.055]
  [270/288] cue=2 c1=300° c2=150°USING PRECUED ITEMS - SHOULD NEVER BE DONE IN TRAINING
  Student_0:0.222  [self:0.019]
  [271/288] cue=2 c1=300° c2=180°USING PRECUED ITEMS - SHOULD NEVER BE DONE IN TRAINING
  Student_0:0.132  [self:0.135]
  [272/288] cue=2 c1=300° c2=210°USING PRECUED ITEMS - SHOULD NEVER BE DONE IN TRAINING
  Student_0:0.160  [self:0.069]
  [273/288] cue=2 c1=300° c2=240°USING PRECUED ITEMS - SHOULD NEVER BE DONE IN TRAINING
  Student_0:0.156  [self:0.029]
  [274/288] cue=2 c1=300° c2=270°USING PRECUED ITEMS - SHOULD NEVER BE DONE IN TRAINING
  Student_0:0.189  [self:0.061]
  [275/288] cue=2 c1=300° c2=300°USING PRECUED ITEMS - SHOULD NEVER BE DONE IN TRAINING
  Student_0:0.235  [self:0.047]
  [276/288] cue=2 c1=300° c2=330°USING PRECUED ITEMS - SHOULD NEVER BE DONE IN TRAINING
  Student_0:0.145  [self:0.047]
  [277/288] cue=2 c1=330° c2=0°USING PRECUED ITEMS - SHOULD NEVER BE DONE IN TRAINING
  Student_0:0.336  [self:0.023]
  [278/288] cue=2 c1=330° c2=30°USING PRECUED ITEMS - SHOULD NEVER BE DONE IN TRAINING
  Student_0:0.263  [self:0.022]
  [279/288] cue=2 c1=330° c2=60°USING PRECUED ITEMS - SHOULD NEVER BE DONE IN TRAINING
  Student_0:0.346  [self:0.030]
  [280/288] cue=2 c1=330° c2=90°USING PRECUED ITEMS - SHOULD NEVER BE DONE IN TRAINING
  Student_0:1.321  [self:0.055]
  [281/288] cue=2 c1=330° c2=120°USING PRECUED ITEMS - SHOULD NEVER BE DONE IN TRAINING
  Student_0:0.588  [self:0.027]
  [282/288] cue=2 c1=330° c2=150°USING PRECUED ITEMS - SHOULD NEVER BE DONE IN TRAINING
  Student_0:0.399  [self:0.153]
  [283/288] cue=2 c1=330° c2=180°USING PRECUED ITEMS - SHOULD NEVER BE DONE IN TRAINING
  Student_0:0.594  [self:0.062]
  [284/288] cue=2 c1=330° c2=210°USING PRECUED ITEMS - SHOULD NEVER BE DONE IN TRAINING
  Student_0:0.494  [self:0.021]
  [285/288] cue=2 c1=330° c2=240°USING PRECUED ITEMS - SHOULD NEVER BE DONE IN TRAINING
  Student_0:0.132  [self:0.014]
  [286/288] cue=2 c1=330° c2=270°USING PRECUED ITEMS - SHOULD NEVER BE DONE IN TRAINING
  Student_0:0.204  [self:0.031]
  [287/288] cue=2 c1=330° c2=300°USING PRECUED ITEMS - SHOULD NEVER BE DONE IN TRAINING
  Student_0:0.135  [self:0.023]
  [288/288] cue=2 c1=330° c2=330°USING PRECUED ITEMS - SHOULD NEVER BE DONE IN TRAINING
  Student_0:0.226  [self:0.044]

Saved sweep SW scores: results/all_teacher_student_sweeps/ablation_2/sw_sweep.csv

Mean sliced-Wasserstein per pair (overall / same-color / different-color):
  sw_Ablated_2_vs_Student_0: 12.159876  same=0.398615  diff=13.229082
  sw_self_reference: 0.604021  same=0.039141  diff=0.655374

Reference self-SW (noise floor) — overall: 0.604021  same: 0.039141  diff: 0.655374

Normalised SW (ratio to self-SW baseline):
  sw_Ablated_2_vs_Student_0: 11.054×  same=11.289×  diff=11.032×
  sw_self_reference: 1.000×  same=1.000×  diff=1.000×
