Repo root: /scratch3/shaiq_home/repos/behaviour_ddpm
Run dir: /scratch3/shaiq_home/results_link/index_cued_first_diffusion_no_swap_1
Output dir: /scratch3/shaiq_home/repos/behaviour_ddpm/ddpm/analysis/new_analysis/results/3D_plots/teacher_individualized_pca_index_cued_first_diffusion_no_swap_1/dir_0
Device: cuda
Ablation setup: source=direction_sweep, conditions=[0]
Prep indices: [0, 1, 2, 3]
Generated 288 trials (1 ablation conditions: [0])
Extracting all preparatory timesteps across trials...
USING PRECUED ITEMS - SHOULD NEVER BE DONE IN TRAINING
[denoise_one_step] t_idx=1
  x_t shape: torch.Size([1, 1, 1, 16])
  ablation_vector shape: torch.Size([16])
  component shape: torch.Size([1, 1, 1, 16])
  Mean |component| being removed: 2.533934
  Mean |x_t| before ablation: 198.141418
  Mean |x_t| after ablation: 198.125214
USING PRECUED ITEMS - SHOULD NEVER BE DONE IN TRAINING
[denoise_one_step] t_idx=1
  x_t shape: torch.Size([1, 1, 1, 16])
  ablation_vector shape: torch.Size([16])
  component shape: torch.Size([1, 1, 1, 16])
  Mean |component| being removed: 2.418543
  Mean |x_t| before ablation: 209.237946
  Mean |x_t| after ablation: 209.223969
USING PRECUED ITEMS - SHOULD NEVER BE DONE IN TRAINING
[denoise_one_step] t_idx=1
  x_t shape: torch.Size([1, 1, 1, 16])
  ablation_vector shape: torch.Size([16])
  component shape: torch.Size([1, 1, 1, 16])
  Mean |component| being removed: 2.250307
  Mean |x_t| before ablation: 197.238159
  Mean |x_t| after ablation: 197.225327
USING PRECUED ITEMS - SHOULD NEVER BE DONE IN TRAINING
[denoise_one_step] t_idx=1
  x_t shape: torch.Size([1, 1, 1, 16])
  ablation_vector shape: torch.Size([16])
  component shape: torch.Size([1, 1, 1, 16])
  Mean |component| being removed: 1.900811
  Mean |x_t| before ablation: 196.667465
  Mean |x_t| after ablation: 196.658279
USING PRECUED ITEMS - SHOULD NEVER BE DONE IN TRAINING
[denoise_one_step] t_idx=1
  x_t shape: torch.Size([1, 1, 1, 16])
  ablation_vector shape: torch.Size([16])
  component shape: torch.Size([1, 1, 1, 16])
  Mean |component| being removed: 3.480432
  Mean |x_t| before ablation: 198.121979
  Mean |x_t| after ablation: 198.091415
USING PRECUED ITEMS - SHOULD NEVER BE DONE IN TRAINING
[denoise_one_step] t_idx=1
  x_t shape: torch.Size([1, 1, 1, 16])
  ablation_vector shape: torch.Size([16])
  component shape: torch.Size([1, 1, 1, 16])
  Mean |component| being removed: 3.081818
  Mean |x_t| before ablation: 204.914429
  Mean |x_t| after ablation: 204.891266
USING PRECUED ITEMS - SHOULD NEVER BE DONE IN TRAINING
[denoise_one_step] t_idx=1
  x_t shape: torch.Size([1, 1, 1, 16])
  ablation_vector shape: torch.Size([16])
  component shape: torch.Size([1, 1, 1, 16])
  Mean |component| being removed: 2.996627
  Mean |x_t| before ablation: 198.975601
  Mean |x_t| after ablation: 198.953033
USING PRECUED ITEMS - SHOULD NEVER BE DONE IN TRAINING
[denoise_one_step] t_idx=1
  x_t shape: torch.Size([1, 1, 1, 16])
  ablation_vector shape: torch.Size([16])
  component shape: torch.Size([1, 1, 1, 16])
  Mean |component| being removed: 1.700166
  Mean |x_t| before ablation: 201.973053
  Mean |x_t| after ablation: 201.965897
USING PRECUED ITEMS - SHOULD NEVER BE DONE IN TRAINING
[denoise_one_step] t_idx=1
  x_t shape: torch.Size([1, 1, 1, 16])
  ablation_vector shape: torch.Size([16])
  component shape: torch.Size([1, 1, 1, 16])
  Mean |component| being removed: 2.379858
  Mean |x_t| before ablation: 204.449356
  Mean |x_t| after ablation: 204.435501
USING PRECUED ITEMS - SHOULD NEVER BE DONE IN TRAINING
[denoise_one_step] t_idx=1
  x_t shape: torch.Size([1, 1, 1, 16])
  ablation_vector shape: torch.Size([16])
  component shape: torch.Size([1, 1, 1, 16])
  Mean |component| being removed: 2.382425
  Mean |x_t| before ablation: 195.505356
  Mean |x_t| after ablation: 195.490845
USING PRECUED ITEMS - SHOULD NEVER BE DONE IN TRAINING
[denoise_one_step] t_idx=1
  x_t shape: torch.Size([1, 1, 1, 16])
  ablation_vector shape: torch.Size([16])
  component shape: torch.Size([1, 1, 1, 16])
  Mean |component| being removed: 2.421928
  Mean |x_t| before ablation: 202.450119
  Mean |x_t| after ablation: 202.435638
USING PRECUED ITEMS - SHOULD NEVER BE DONE IN TRAINING
[denoise_one_step] t_idx=1
  x_t shape: torch.Size([1, 1, 1, 16])
  ablation_vector shape: torch.Size([16])
  component shape: torch.Size([1, 1, 1, 16])
  Mean |component| being removed: 2.479498
  Mean |x_t| before ablation: 203.723862
  Mean |x_t| after ablation: 203.708771
USING PRECUED ITEMS - SHOULD NEVER BE DONE IN TRAINING
[denoise_one_step] t_idx=1
  x_t shape: torch.Size([1, 1, 1, 16])
  ablation_vector shape: torch.Size([16])
  component shape: torch.Size([1, 1, 1, 16])
  Mean |component| being removed: 3.478069
  Mean |x_t| before ablation: 213.484253
  Mean |x_t| after ablation: 213.455933
USING PRECUED ITEMS - SHOULD NEVER BE DONE IN TRAINING
[denoise_one_step] t_idx=1
  x_t shape: torch.Size([1, 1, 1, 16])
  ablation_vector shape: torch.Size([16])
  component shape: torch.Size([1, 1, 1, 16])
  Mean |component| being removed: 3.844770
  Mean |x_t| before ablation: 216.841980
  Mean |x_t| after ablation: 216.807892
USING PRECUED ITEMS - SHOULD NEVER BE DONE IN TRAINING
[denoise_one_step] t_idx=1
  x_t shape: torch.Size([1, 1, 1, 16])
  ablation_vector shape: torch.Size([16])
  component shape: torch.Size([1, 1, 1, 16])
  Mean |component| being removed: 3.318864
  Mean |x_t| before ablation: 218.896011
  Mean |x_t| after ablation: 218.870834
USING PRECUED ITEMS - SHOULD NEVER BE DONE IN TRAINING
[denoise_one_step] t_idx=1
  x_t shape: torch.Size([1, 1, 1, 16])
  ablation_vector shape: torch.Size([16])
  component shape: torch.Size([1, 1, 1, 16])
  Mean |component| being removed: 4.086874
  Mean |x_t| before ablation: 227.630402
  Mean |x_t| after ablation: 227.593719
USING PRECUED ITEMS - SHOULD NEVER BE DONE IN TRAINING
[denoise_one_step] t_idx=1
  x_t shape: torch.Size([1, 1, 1, 16])
  ablation_vector shape: torch.Size([16])
  component shape: torch.Size([1, 1, 1, 16])
  Mean |component| being removed: 4.432711
  Mean |x_t| before ablation: 217.755829
  Mean |x_t| after ablation: 217.710709
USING PRECUED ITEMS - SHOULD NEVER BE DONE IN TRAINING
[denoise_one_step] t_idx=1
  x_t shape: torch.Size([1, 1, 1, 16])
  ablation_vector shape: torch.Size([16])
  component shape: torch.Size([1, 1, 1, 16])
  Mean |component| being removed: 3.573181
  Mean |x_t| before ablation: 218.059296
  Mean |x_t| after ablation: 218.030014
USING PRECUED ITEMS - SHOULD NEVER BE DONE IN TRAINING
[denoise_one_step] t_idx=1
  x_t shape: torch.Size([1, 1, 1, 16])
  ablation_vector shape: torch.Size([16])
  component shape: torch.Size([1, 1, 1, 16])
  Mean |component| being removed: 3.976705
  Mean |x_t| before ablation: 210.678436
  Mean |x_t| after ablation: 210.640900
USING PRECUED ITEMS - SHOULD NEVER BE DONE IN TRAINING
[denoise_one_step] t_idx=1
  x_t shape: torch.Size([1, 1, 1, 16])
  ablation_vector shape: torch.Size([16])
  component shape: torch.Size([1, 1, 1, 16])
  Mean |component| being removed: 3.502898
  Mean |x_t| before ablation: 218.472366
  Mean |x_t| after ablation: 218.444290
USING PRECUED ITEMS - SHOULD NEVER BE DONE IN TRAINING
[denoise_one_step] t_idx=1
  x_t shape: torch.Size([1, 1, 1, 16])
  ablation_vector shape: torch.Size([16])
  component shape: torch.Size([1, 1, 1, 16])
  Mean |component| being removed: 4.063083
  Mean |x_t| before ablation: 213.009781
  Mean |x_t| after ablation: 212.971008
USING PRECUED ITEMS - SHOULD NEVER BE DONE IN TRAINING
[denoise_one_step] t_idx=1
  x_t shape: torch.Size([1, 1, 1, 16])
  ablation_vector shape: torch.Size([16])
  component shape: torch.Size([1, 1, 1, 16])
  Mean |component| being removed: 3.173058
  Mean |x_t| before ablation: 218.540375
  Mean |x_t| after ablation: 218.517334
USING PRECUED ITEMS - SHOULD NEVER BE DONE IN TRAINING
[denoise_one_step] t_idx=1
  x_t shape: torch.Size([1, 1, 1, 16])
  ablation_vector shape: torch.Size([16])
  component shape: torch.Size([1, 1, 1, 16])
  Mean |component| being removed: 4.811903
  Mean |x_t| before ablation: 224.052048
  Mean |x_t| after ablation: 224.000366
USING PRECUED ITEMS - SHOULD NEVER BE DONE IN TRAINING
[denoise_one_step] t_idx=1
  x_t shape: torch.Size([1, 1, 1, 16])
  ablation_vector shape: torch.Size([16])
  component shape: torch.Size([1, 1, 1, 16])
  Mean |component| being removed: 4.609949
  Mean |x_t| before ablation: 225.199509
  Mean |x_t| after ablation: 225.152313
USING PRECUED ITEMS - SHOULD NEVER BE DONE IN TRAINING
[denoise_one_step] t_idx=1
  x_t shape: torch.Size([1, 1, 1, 16])
  ablation_vector shape: torch.Size([16])
  component shape: torch.Size([1, 1, 1, 16])
  Mean |component| being removed: 5.598866
  Mean |x_t| before ablation: 238.032410
  Mean |x_t| after ablation: 237.966568
USING PRECUED ITEMS - SHOULD NEVER BE DONE IN TRAINING
[denoise_one_step] t_idx=1
  x_t shape: torch.Size([1, 1, 1, 16])
  ablation_vector shape: torch.Size([16])
  component shape: torch.Size([1, 1, 1, 16])
  Mean |component| being removed: 5.821773
  Mean |x_t| before ablation: 235.759857
  Mean |x_t| after ablation: 235.687973
USING PRECUED ITEMS - SHOULD NEVER BE DONE IN TRAINING
[denoise_one_step] t_idx=1
  x_t shape: torch.Size([1, 1, 1, 16])
  ablation_vector shape: torch.Size([16])
  component shape: torch.Size([1, 1, 1, 16])
  Mean |component| being removed: 5.047272
  Mean |x_t| before ablation: 231.139587
  Mean |x_t| after ablation: 231.084473
USING PRECUED ITEMS - SHOULD NEVER BE DONE IN TRAINING
[denoise_one_step] t_idx=1
  x_t shape: torch.Size([1, 1, 1, 16])
  ablation_vector shape: torch.Size([16])
  component shape: torch.Size([1, 1, 1, 16])
  Mean |component| being removed: 6.105196
  Mean |x_t| before ablation: 235.274536
  Mean |x_t| after ablation: 235.195312
USING PRECUED ITEMS - SHOULD NEVER BE DONE IN TRAINING
[denoise_one_step] t_idx=1
  x_t shape: torch.Size([1, 1, 1, 16])
  ablation_vector shape: torch.Size([16])
  component shape: torch.Size([1, 1, 1, 16])
  Mean |component| being removed: 6.808680
  Mean |x_t| before ablation: 236.474396
  Mean |x_t| after ablation: 236.376343
USING PRECUED ITEMS - SHOULD NEVER BE DONE IN TRAINING
[denoise_one_step] t_idx=1
  x_t shape: torch.Size([1, 1, 1, 16])
  ablation_vector shape: torch.Size([16])
  component shape: torch.Size([1, 1, 1, 16])
  Mean |component| being removed: 4.631597
  Mean |x_t| before ablation: 233.235733
  Mean |x_t| after ablation: 233.189758
USING PRECUED ITEMS - SHOULD NEVER BE DONE IN TRAINING
[denoise_one_step] t_idx=1
  x_t shape: torch.Size([1, 1, 1, 16])
  ablation_vector shape: torch.Size([16])
  component shape: torch.Size([1, 1, 1, 16])
  Mean |component| being removed: 5.563681
  Mean |x_t| before ablation: 237.393646
  Mean |x_t| after ablation: 237.328445
USING PRECUED ITEMS - SHOULD NEVER BE DONE IN TRAINING
[denoise_one_step] t_idx=1
  x_t shape: torch.Size([1, 1, 1, 16])
  ablation_vector shape: torch.Size([16])
  component shape: torch.Size([1, 1, 1, 16])
  Mean |component| being removed: 5.615678
  Mean |x_t| before ablation: 239.146530
  Mean |x_t| after ablation: 239.080582
USING PRECUED ITEMS - SHOULD NEVER BE DONE IN TRAINING
[denoise_one_step] t_idx=1
  x_t shape: torch.Size([1, 1, 1, 16])
  ablation_vector shape: torch.Size([16])
  component shape: torch.Size([1, 1, 1, 16])
  Mean |component| being removed: 6.320145
  Mean |x_t| before ablation: 241.360016
  Mean |x_t| after ablation: 241.277252
USING PRECUED ITEMS - SHOULD NEVER BE DONE IN TRAINING
[denoise_one_step] t_idx=1
  x_t shape: torch.Size([1, 1, 1, 16])
  ablation_vector shape: torch.Size([16])
  component shape: torch.Size([1, 1, 1, 16])
  Mean |component| being removed: 6.115187
  Mean |x_t| before ablation: 241.450104
  Mean |x_t| after ablation: 241.372665
USING PRECUED ITEMS - SHOULD NEVER BE DONE IN TRAINING
[denoise_one_step] t_idx=1
  x_t shape: torch.Size([1, 1, 1, 16])
  ablation_vector shape: torch.Size([16])
  component shape: torch.Size([1, 1, 1, 16])
  Mean |component| being removed: 5.143080
  Mean |x_t| before ablation: 231.972183
  Mean |x_t| after ablation: 231.915161
USING PRECUED ITEMS - SHOULD NEVER BE DONE IN TRAINING
[denoise_one_step] t_idx=1
  x_t shape: torch.Size([1, 1, 1, 16])
  ablation_vector shape: torch.Size([16])
  component shape: torch.Size([1, 1, 1, 16])
  Mean |component| being removed: 5.308755
  Mean |x_t| before ablation: 235.094528
  Mean |x_t| after ablation: 235.034592
USING PRECUED ITEMS - SHOULD NEVER BE DONE IN TRAINING
[denoise_one_step] t_idx=1
  x_t shape: torch.Size([1, 1, 1, 16])
  ablation_vector shape: torch.Size([16])
  component shape: torch.Size([1, 1, 1, 16])
  Mean |component| being removed: 7.668627
  Mean |x_t| before ablation: 240.217224
  Mean |x_t| after ablation: 240.094788
USING PRECUED ITEMS - SHOULD NEVER BE DONE IN TRAINING
[denoise_one_step] t_idx=1
  x_t shape: torch.Size([1, 1, 1, 16])
  ablation_vector shape: torch.Size([16])
  component shape: torch.Size([1, 1, 1, 16])
  Mean |component| being removed: 7.156582
  Mean |x_t| before ablation: 244.361008
  Mean |x_t| after ablation: 244.256195
USING PRECUED ITEMS - SHOULD NEVER BE DONE IN TRAINING
[denoise_one_step] t_idx=1
  x_t shape: torch.Size([1, 1, 1, 16])
  ablation_vector shape: torch.Size([16])
  component shape: torch.Size([1, 1, 1, 16])
  Mean |component| being removed: 5.306203
  Mean |x_t| before ablation: 239.413437
  Mean |x_t| after ablation: 239.354645
USING PRECUED ITEMS - SHOULD NEVER BE DONE IN TRAINING
[denoise_one_step] t_idx=1
  x_t shape: torch.Size([1, 1, 1, 16])
  ablation_vector shape: torch.Size([16])
  component shape: torch.Size([1, 1, 1, 16])
  Mean |component| being removed: 6.359479
  Mean |x_t| before ablation: 230.516022
  Mean |x_t| after ablation: 230.428284
USING PRECUED ITEMS - SHOULD NEVER BE DONE IN TRAINING
[denoise_one_step] t_idx=1
  x_t shape: torch.Size([1, 1, 1, 16])
  ablation_vector shape: torch.Size([16])
  component shape: torch.Size([1, 1, 1, 16])
  Mean |component| being removed: 7.358386
  Mean |x_t| before ablation: 236.259979
  Mean |x_t| after ablation: 236.145370
USING PRECUED ITEMS - SHOULD NEVER BE DONE IN TRAINING
[denoise_one_step] t_idx=1
  x_t shape: torch.Size([1, 1, 1, 16])
  ablation_vector shape: torch.Size([16])
  component shape: torch.Size([1, 1, 1, 16])
  Mean |component| being removed: 7.865726
  Mean |x_t| before ablation: 242.623047
  Mean |x_t| after ablation: 242.495514
USING PRECUED ITEMS - SHOULD NEVER BE DONE IN TRAINING
[denoise_one_step] t_idx=1
  x_t shape: torch.Size([1, 1, 1, 16])
  ablation_vector shape: torch.Size([16])
  component shape: torch.Size([1, 1, 1, 16])
  Mean |component| being removed: 6.447126
  Mean |x_t| before ablation: 240.810867
  Mean |x_t| after ablation: 240.724564
USING PRECUED ITEMS - SHOULD NEVER BE DONE IN TRAINING
[denoise_one_step] t_idx=1
  x_t shape: torch.Size([1, 1, 1, 16])
  ablation_vector shape: torch.Size([16])
  component shape: torch.Size([1, 1, 1, 16])
  Mean |component| being removed: 8.569376
  Mean |x_t| before ablation: 250.493164
  Mean |x_t| after ablation: 250.346558
USING PRECUED ITEMS - SHOULD NEVER BE DONE IN TRAINING
[denoise_one_step] t_idx=1
  x_t shape: torch.Size([1, 1, 1, 16])
  ablation_vector shape: torch.Size([16])
  component shape: torch.Size([1, 1, 1, 16])
  Mean |component| being removed: 6.793360
  Mean |x_t| before ablation: 253.956284
  Mean |x_t| after ablation: 253.865417
USING PRECUED ITEMS - SHOULD NEVER BE DONE IN TRAINING
[denoise_one_step] t_idx=1
  x_t shape: torch.Size([1, 1, 1, 16])
  ablation_vector shape: torch.Size([16])
  component shape: torch.Size([1, 1, 1, 16])
  Mean |component| being removed: 7.735636
  Mean |x_t| before ablation: 256.447113
  Mean |x_t| after ablation: 256.330414
USING PRECUED ITEMS - SHOULD NEVER BE DONE IN TRAINING
[denoise_one_step] t_idx=1
  x_t shape: torch.Size([1, 1, 1, 16])
  ablation_vector shape: torch.Size([16])
  component shape: torch.Size([1, 1, 1, 16])
  Mean |component| being removed: 7.185753
  Mean |x_t| before ablation: 237.903976
  Mean |x_t| after ablation: 237.795425
USING PRECUED ITEMS - SHOULD NEVER BE DONE IN TRAINING
[denoise_one_step] t_idx=1
  x_t shape: torch.Size([1, 1, 1, 16])
  ablation_vector shape: torch.Size([16])
  component shape: torch.Size([1, 1, 1, 16])
  Mean |component| being removed: 6.946092
  Mean |x_t| before ablation: 240.489365
  Mean |x_t| after ablation: 240.389053
USING PRECUED ITEMS - SHOULD NEVER BE DONE IN TRAINING
[denoise_one_step] t_idx=1
  x_t shape: torch.Size([1, 1, 1, 16])
  ablation_vector shape: torch.Size([16])
  component shape: torch.Size([1, 1, 1, 16])
  Mean |component| being removed: 8.565834
  Mean |x_t| before ablation: 241.998611
  Mean |x_t| after ablation: 241.846985
USING PRECUED ITEMS - SHOULD NEVER BE DONE IN TRAINING
[denoise_one_step] t_idx=1
  x_t shape: torch.Size([1, 1, 1, 16])
  ablation_vector shape: torch.Size([16])
  component shape: torch.Size([1, 1, 1, 16])
  Mean |component| being removed: 7.866013
  Mean |x_t| before ablation: 235.350250
  Mean |x_t| after ablation: 235.218750
USING PRECUED ITEMS - SHOULD NEVER BE DONE IN TRAINING
[denoise_one_step] t_idx=1
  x_t shape: torch.Size([1, 1, 1, 16])
  ablation_vector shape: torch.Size([16])
  component shape: torch.Size([1, 1, 1, 16])
  Mean |component| being removed: 9.013120
  Mean |x_t| before ablation: 249.297897
  Mean |x_t| after ablation: 249.134918
USING PRECUED ITEMS - SHOULD NEVER BE DONE IN TRAINING
[denoise_one_step] t_idx=1
  x_t shape: torch.Size([1, 1, 1, 16])
  ablation_vector shape: torch.Size([16])
  component shape: torch.Size([1, 1, 1, 16])
  Mean |component| being removed: 8.495186
  Mean |x_t| before ablation: 251.595535
  Mean |x_t| after ablation: 251.452057
USING PRECUED ITEMS - SHOULD NEVER BE DONE IN TRAINING
[denoise_one_step] t_idx=1
  x_t shape: torch.Size([1, 1, 1, 16])
  ablation_vector shape: torch.Size([16])
  component shape: torch.Size([1, 1, 1, 16])
  Mean |component| being removed: 8.981507
  Mean |x_t| before ablation: 251.984024
  Mean |x_t| after ablation: 251.823914
USING PRECUED ITEMS - SHOULD NEVER BE DONE IN TRAINING
[denoise_one_step] t_idx=1
  x_t shape: torch.Size([1, 1, 1, 16])
  ablation_vector shape: torch.Size([16])
  component shape: torch.Size([1, 1, 1, 16])
  Mean |component| being removed: 9.321823
  Mean |x_t| before ablation: 248.812988
  Mean |x_t| after ablation: 248.638306
USING PRECUED ITEMS - SHOULD NEVER BE DONE IN TRAINING
[denoise_one_step] t_idx=1
  x_t shape: torch.Size([1, 1, 1, 16])
  ablation_vector shape: torch.Size([16])
  component shape: torch.Size([1, 1, 1, 16])
  Mean |component| being removed: 8.387547
  Mean |x_t| before ablation: 237.094604
  Mean |x_t| after ablation: 236.946198
USING PRECUED ITEMS - SHOULD NEVER BE DONE IN TRAINING
[denoise_one_step] t_idx=1
  x_t shape: torch.Size([1, 1, 1, 16])
  ablation_vector shape: torch.Size([16])
  component shape: torch.Size([1, 1, 1, 16])
  Mean |component| being removed: 9.138546
  Mean |x_t| before ablation: 251.461731
  Mean |x_t| after ablation: 251.295624
USING PRECUED ITEMS - SHOULD NEVER BE DONE IN TRAINING
[denoise_one_step] t_idx=1
  x_t shape: torch.Size([1, 1, 1, 16])
  ablation_vector shape: torch.Size([16])
  component shape: torch.Size([1, 1, 1, 16])
  Mean |component| being removed: 9.034567
  Mean |x_t| before ablation: 248.612915
  Mean |x_t| after ablation: 248.448685
USING PRECUED ITEMS - SHOULD NEVER BE DONE IN TRAINING
[denoise_one_step] t_idx=1
  x_t shape: torch.Size([1, 1, 1, 16])
  ablation_vector shape: torch.Size([16])
  component shape: torch.Size([1, 1, 1, 16])
  Mean |component| being removed: 9.545349
  Mean |x_t| before ablation: 255.500656
  Mean |x_t| after ablation: 255.322281
USING PRECUED ITEMS - SHOULD NEVER BE DONE IN TRAINING
[denoise_one_step] t_idx=1
  x_t shape: torch.Size([1, 1, 1, 16])
  ablation_vector shape: torch.Size([16])
  component shape: torch.Size([1, 1, 1, 16])
  Mean |component| being removed: 8.443131
  Mean |x_t| before ablation: 252.006119
  Mean |x_t| after ablation: 251.864639
USING PRECUED ITEMS - SHOULD NEVER BE DONE IN TRAINING
[denoise_one_step] t_idx=1
  x_t shape: torch.Size([1, 1, 1, 16])
  ablation_vector shape: torch.Size([16])
  component shape: torch.Size([1, 1, 1, 16])
  Mean |component| being removed: 8.733585
  Mean |x_t| before ablation: 250.106583
  Mean |x_t| after ablation: 249.954056
USING PRECUED ITEMS - SHOULD NEVER BE DONE IN TRAINING
[denoise_one_step] t_idx=1
  x_t shape: torch.Size([1, 1, 1, 16])
  ablation_vector shape: torch.Size([16])
  component shape: torch.Size([1, 1, 1, 16])
  Mean |component| being removed: 10.366953
  Mean |x_t| before ablation: 238.197235
  Mean |x_t| after ablation: 237.971527
USING PRECUED ITEMS - SHOULD NEVER BE DONE IN TRAINING
[denoise_one_step] t_idx=1
  x_t shape: torch.Size([1, 1, 1, 16])
  ablation_vector shape: torch.Size([16])
  component shape: torch.Size([1, 1, 1, 16])
  Mean |component| being removed: 10.210580
  Mean |x_t| before ablation: 245.288681
  Mean |x_t| after ablation: 245.076065
USING PRECUED ITEMS - SHOULD NEVER BE DONE IN TRAINING
[denoise_one_step] t_idx=1
  x_t shape: torch.Size([1, 1, 1, 16])
  ablation_vector shape: torch.Size([16])
  component shape: torch.Size([1, 1, 1, 16])
  Mean |component| being removed: 10.402573
  Mean |x_t| before ablation: 247.780426
  Mean |x_t| after ablation: 247.561966
USING PRECUED ITEMS - SHOULD NEVER BE DONE IN TRAINING
[denoise_one_step] t_idx=1
  x_t shape: torch.Size([1, 1, 1, 16])
  ablation_vector shape: torch.Size([16])
  component shape: torch.Size([1, 1, 1, 16])
  Mean |component| being removed: 10.359823
  Mean |x_t| before ablation: 242.182617
  Mean |x_t| after ablation: 241.960938
USING PRECUED ITEMS - SHOULD NEVER BE DONE IN TRAINING
[denoise_one_step] t_idx=1
  x_t shape: torch.Size([1, 1, 1, 16])
  ablation_vector shape: torch.Size([16])
  component shape: torch.Size([1, 1, 1, 16])
  Mean |component| being removed: 9.968657
  Mean |x_t| before ablation: 241.757111
  Mean |x_t| after ablation: 241.551498
USING PRECUED ITEMS - SHOULD NEVER BE DONE IN TRAINING
[denoise_one_step] t_idx=1
  x_t shape: torch.Size([1, 1, 1, 16])
  ablation_vector shape: torch.Size([16])
  component shape: torch.Size([1, 1, 1, 16])
  Mean |component| being removed: 8.154642
  Mean |x_t| before ablation: 231.170609
  Mean |x_t| after ablation: 231.026749
USING PRECUED ITEMS - SHOULD NEVER BE DONE IN TRAINING
[denoise_one_step] t_idx=1
  x_t shape: torch.Size([1, 1, 1, 16])
  ablation_vector shape: torch.Size([16])
  component shape: torch.Size([1, 1, 1, 16])
  Mean |component| being removed: 9.859343
  Mean |x_t| before ablation: 235.269089
  Mean |x_t| after ablation: 235.062424
USING PRECUED ITEMS - SHOULD NEVER BE DONE IN TRAINING
[denoise_one_step] t_idx=1
  x_t shape: torch.Size([1, 1, 1, 16])
  ablation_vector shape: torch.Size([16])
  component shape: torch.Size([1, 1, 1, 16])
  Mean |component| being removed: 10.339405
  Mean |x_t| before ablation: 250.324768
  Mean |x_t| after ablation: 250.111160
USING PRECUED ITEMS - SHOULD NEVER BE DONE IN TRAINING
[denoise_one_step] t_idx=1
  x_t shape: torch.Size([1, 1, 1, 16])
  ablation_vector shape: torch.Size([16])
  component shape: torch.Size([1, 1, 1, 16])
  Mean |component| being removed: 11.098812
  Mean |x_t| before ablation: 248.341309
  Mean |x_t| after ablation: 248.093170
USING PRECUED ITEMS - SHOULD NEVER BE DONE IN TRAINING
[denoise_one_step] t_idx=1
  x_t shape: torch.Size([1, 1, 1, 16])
  ablation_vector shape: torch.Size([16])
  component shape: torch.Size([1, 1, 1, 16])
  Mean |component| being removed: 9.520886
  Mean |x_t| before ablation: 234.178513
  Mean |x_t| after ablation: 233.984879
USING PRECUED ITEMS - SHOULD NEVER BE DONE IN TRAINING
[denoise_one_step] t_idx=1
  x_t shape: torch.Size([1, 1, 1, 16])
  ablation_vector shape: torch.Size([16])
  component shape: torch.Size([1, 1, 1, 16])
  Mean |component| being removed: 10.659377
  Mean |x_t| before ablation: 234.068466
  Mean |x_t| after ablation: 233.825623
USING PRECUED ITEMS - SHOULD NEVER BE DONE IN TRAINING
[denoise_one_step] t_idx=1
  x_t shape: torch.Size([1, 1, 1, 16])
  ablation_vector shape: torch.Size([16])
  component shape: torch.Size([1, 1, 1, 16])
  Mean |component| being removed: 9.519759
  Mean |x_t| before ablation: 248.387039
  Mean |x_t| after ablation: 248.204559
USING PRECUED ITEMS - SHOULD NEVER BE DONE IN TRAINING
[denoise_one_step] t_idx=1
  x_t shape: torch.Size([1, 1, 1, 16])
  ablation_vector shape: torch.Size([16])
  component shape: torch.Size([1, 1, 1, 16])
  Mean |component| being removed: 9.319419
  Mean |x_t| before ablation: 231.967667
  Mean |x_t| after ablation: 231.780365
USING PRECUED ITEMS - SHOULD NEVER BE DONE IN TRAINING
[denoise_one_step] t_idx=1
  x_t shape: torch.Size([1, 1, 1, 16])
  ablation_vector shape: torch.Size([16])
  component shape: torch.Size([1, 1, 1, 16])
  Mean |component| being removed: 9.759012
  Mean |x_t| before ablation: 232.228256
  Mean |x_t| after ablation: 232.023117
USING PRECUED ITEMS - SHOULD NEVER BE DONE IN TRAINING
[denoise_one_step] t_idx=1
  x_t shape: torch.Size([1, 1, 1, 16])
  ablation_vector shape: torch.Size([16])
  component shape: torch.Size([1, 1, 1, 16])
  Mean |component| being removed: 8.482412
  Mean |x_t| before ablation: 223.899689
  Mean |x_t| after ablation: 223.738968
USING PRECUED ITEMS - SHOULD NEVER BE DONE IN TRAINING
[denoise_one_step] t_idx=1
  x_t shape: torch.Size([1, 1, 1, 16])
  ablation_vector shape: torch.Size([16])
  component shape: torch.Size([1, 1, 1, 16])
  Mean |component| being removed: 10.886063
  Mean |x_t| before ablation: 236.028519
  Mean |x_t| after ablation: 235.777344
USING PRECUED ITEMS - SHOULD NEVER BE DONE IN TRAINING
[denoise_one_step] t_idx=1
  x_t shape: torch.Size([1, 1, 1, 16])
  ablation_vector shape: torch.Size([16])
  component shape: torch.Size([1, 1, 1, 16])
  Mean |component| being removed: 10.214005
  Mean |x_t| before ablation: 227.213501
  Mean |x_t| after ablation: 226.983810
USING PRECUED ITEMS - SHOULD NEVER BE DONE IN TRAINING
[denoise_one_step] t_idx=1
  x_t shape: torch.Size([1, 1, 1, 16])
  ablation_vector shape: torch.Size([16])
  component shape: torch.Size([1, 1, 1, 16])
  Mean |component| being removed: 10.282379
  Mean |x_t| before ablation: 224.806152
  Mean |x_t| after ablation: 224.570877
USING PRECUED ITEMS - SHOULD NEVER BE DONE IN TRAINING
[denoise_one_step] t_idx=1
  x_t shape: torch.Size([1, 1, 1, 16])
  ablation_vector shape: torch.Size([16])
  component shape: torch.Size([1, 1, 1, 16])
  Mean |component| being removed: 9.367185
  Mean |x_t| before ablation: 222.293793
  Mean |x_t| after ablation: 222.096344
USING PRECUED ITEMS - SHOULD NEVER BE DONE IN TRAINING
[denoise_one_step] t_idx=1
  x_t shape: torch.Size([1, 1, 1, 16])
  ablation_vector shape: torch.Size([16])
  component shape: torch.Size([1, 1, 1, 16])
  Mean |component| being removed: 9.958464
  Mean |x_t| before ablation: 227.812820
  Mean |x_t| after ablation: 227.595047
USING PRECUED ITEMS - SHOULD NEVER BE DONE IN TRAINING
[denoise_one_step] t_idx=1
  x_t shape: torch.Size([1, 1, 1, 16])
  ablation_vector shape: torch.Size([16])
  component shape: torch.Size([1, 1, 1, 16])
  Mean |component| being removed: 10.624884
  Mean |x_t| before ablation: 222.632339
  Mean |x_t| after ablation: 222.378647
USING PRECUED ITEMS - SHOULD NEVER BE DONE IN TRAINING
[denoise_one_step] t_idx=1
  x_t shape: torch.Size([1, 1, 1, 16])
  ablation_vector shape: torch.Size([16])
  component shape: torch.Size([1, 1, 1, 16])
  Mean |component| being removed: 10.093246
  Mean |x_t| before ablation: 227.233582
  Mean |x_t| after ablation: 227.009308
USING PRECUED ITEMS - SHOULD NEVER BE DONE IN TRAINING
[denoise_one_step] t_idx=1
  x_t shape: torch.Size([1, 1, 1, 16])
  ablation_vector shape: torch.Size([16])
  component shape: torch.Size([1, 1, 1, 16])
  Mean |component| being removed: 10.050593
  Mean |x_t| before ablation: 226.724182
  Mean |x_t| after ablation: 226.501282
USING PRECUED ITEMS - SHOULD NEVER BE DONE IN TRAINING
[denoise_one_step] t_idx=1
  x_t shape: torch.Size([1, 1, 1, 16])
  ablation_vector shape: torch.Size([16])
  component shape: torch.Size([1, 1, 1, 16])
  Mean |component| being removed: 9.544474
  Mean |x_t| before ablation: 223.979950
  Mean |x_t| after ablation: 223.776489
USING PRECUED ITEMS - SHOULD NEVER BE DONE IN TRAINING
[denoise_one_step] t_idx=1
  x_t shape: torch.Size([1, 1, 1, 16])
  ablation_vector shape: torch.Size([16])
  component shape: torch.Size([1, 1, 1, 16])
  Mean |component| being removed: 7.876848
  Mean |x_t| before ablation: 199.379410
  Mean |x_t| after ablation: 199.223755
USING PRECUED ITEMS - SHOULD NEVER BE DONE IN TRAINING
[denoise_one_step] t_idx=1
  x_t shape: torch.Size([1, 1, 1, 16])
  ablation_vector shape: torch.Size([16])
  component shape: torch.Size([1, 1, 1, 16])
  Mean |component| being removed: 8.576112
  Mean |x_t| before ablation: 208.484146
  Mean |x_t| after ablation: 208.307693
USING PRECUED ITEMS - SHOULD NEVER BE DONE IN TRAINING
[denoise_one_step] t_idx=1
  x_t shape: torch.Size([1, 1, 1, 16])
  ablation_vector shape: torch.Size([16])
  component shape: torch.Size([1, 1, 1, 16])
  Mean |component| being removed: 8.787862
  Mean |x_t| before ablation: 219.211761
  Mean |x_t| after ablation: 219.035553
USING PRECUED ITEMS - SHOULD NEVER BE DONE IN TRAINING
[denoise_one_step] t_idx=1
  x_t shape: torch.Size([1, 1, 1, 16])
  ablation_vector shape: torch.Size([16])
  component shape: torch.Size([1, 1, 1, 16])
  Mean |component| being removed: 8.738388
  Mean |x_t| before ablation: 209.946884
  Mean |x_t| after ablation: 209.764954
USING PRECUED ITEMS - SHOULD NEVER BE DONE IN TRAINING
[denoise_one_step] t_idx=1
  x_t shape: torch.Size([1, 1, 1, 16])
  ablation_vector shape: torch.Size([16])
  component shape: torch.Size([1, 1, 1, 16])
  Mean |component| being removed: 8.593133
  Mean |x_t| before ablation: 213.335098
  Mean |x_t| after ablation: 213.161972
USING PRECUED ITEMS - SHOULD NEVER BE DONE IN TRAINING
[denoise_one_step] t_idx=1
  x_t shape: torch.Size([1, 1, 1, 16])
  ablation_vector shape: torch.Size([16])
  component shape: torch.Size([1, 1, 1, 16])
  Mean |component| being removed: 9.888577
  Mean |x_t| before ablation: 210.126816
  Mean |x_t| after ablation: 209.894012
USING PRECUED ITEMS - SHOULD NEVER BE DONE IN TRAINING
[denoise_one_step] t_idx=1
  x_t shape: torch.Size([1, 1, 1, 16])
  ablation_vector shape: torch.Size([16])
  component shape: torch.Size([1, 1, 1, 16])
  Mean |component| being removed: 7.922654
  Mean |x_t| before ablation: 205.830429
  Mean |x_t| after ablation: 205.677902
USING PRECUED ITEMS - SHOULD NEVER BE DONE IN TRAINING
[denoise_one_step] t_idx=1
  x_t shape: torch.Size([1, 1, 1, 16])
  ablation_vector shape: torch.Size([16])
  component shape: torch.Size([1, 1, 1, 16])
  Mean |component| being removed: 8.953543
  Mean |x_t| before ablation: 211.957047
  Mean |x_t| after ablation: 211.767868
USING PRECUED ITEMS - SHOULD NEVER BE DONE IN TRAINING
[denoise_one_step] t_idx=1
  x_t shape: torch.Size([1, 1, 1, 16])
  ablation_vector shape: torch.Size([16])
  component shape: torch.Size([1, 1, 1, 16])
  Mean |component| being removed: 9.750581
  Mean |x_t| before ablation: 209.242050
  Mean |x_t| after ablation: 209.014740
USING PRECUED ITEMS - SHOULD NEVER BE DONE IN TRAINING
[denoise_one_step] t_idx=1
  x_t shape: torch.Size([1, 1, 1, 16])
  ablation_vector shape: torch.Size([16])
  component shape: torch.Size([1, 1, 1, 16])
  Mean |component| being removed: 8.590434
  Mean |x_t| before ablation: 212.546265
  Mean |x_t| after ablation: 212.372604
USING PRECUED ITEMS - SHOULD NEVER BE DONE IN TRAINING
[denoise_one_step] t_idx=1
  x_t shape: torch.Size([1, 1, 1, 16])
  ablation_vector shape: torch.Size([16])
  component shape: torch.Size([1, 1, 1, 16])
  Mean |component| being removed: 7.880692
  Mean |x_t| before ablation: 206.297394
  Mean |x_t| after ablation: 206.146805
USING PRECUED ITEMS - SHOULD NEVER BE DONE IN TRAINING
[denoise_one_step] t_idx=1
  x_t shape: torch.Size([1, 1, 1, 16])
  ablation_vector shape: torch.Size([16])
  component shape: torch.Size([1, 1, 1, 16])
  Mean |component| being removed: 8.566225
  Mean |x_t| before ablation: 204.298416
  Mean |x_t| after ablation: 204.118744
USING PRECUED ITEMS - SHOULD NEVER BE DONE IN TRAINING
[denoise_one_step] t_idx=1
  x_t shape: torch.Size([1, 1, 1, 16])
  ablation_vector shape: torch.Size([16])
  component shape: torch.Size([1, 1, 1, 16])
  Mean |component| being removed: 7.670318
  Mean |x_t| before ablation: 205.336868
  Mean |x_t| after ablation: 205.193558
USING PRECUED ITEMS - SHOULD NEVER BE DONE IN TRAINING
[denoise_one_step] t_idx=1
  x_t shape: torch.Size([1, 1, 1, 16])
  ablation_vector shape: torch.Size([16])
  component shape: torch.Size([1, 1, 1, 16])
  Mean |component| being removed: 6.837213
  Mean |x_t| before ablation: 200.234451
  Mean |x_t| after ablation: 200.117691
USING PRECUED ITEMS - SHOULD NEVER BE DONE IN TRAINING
[denoise_one_step] t_idx=1
  x_t shape: torch.Size([1, 1, 1, 16])
  ablation_vector shape: torch.Size([16])
  component shape: torch.Size([1, 1, 1, 16])
  Mean |component| being removed: 8.335848
  Mean |x_t| before ablation: 200.965012
  Mean |x_t| after ablation: 200.792068
USING PRECUED ITEMS - SHOULD NEVER BE DONE IN TRAINING
[denoise_one_step] t_idx=1
  x_t shape: torch.Size([1, 1, 1, 16])
  ablation_vector shape: torch.Size([16])
  component shape: torch.Size([1, 1, 1, 16])
  Mean |component| being removed: 7.157207
  Mean |x_t| before ablation: 197.073624
  Mean |x_t| after ablation: 196.943634
USING PRECUED ITEMS - SHOULD NEVER BE DONE IN TRAINING
[denoise_one_step] t_idx=1
  x_t shape: torch.Size([1, 1, 1, 16])
  ablation_vector shape: torch.Size([16])
  component shape: torch.Size([1, 1, 1, 16])
  Mean |component| being removed: 6.843165
  Mean |x_t| before ablation: 187.498535
  Mean |x_t| after ablation: 187.373627
USING PRECUED ITEMS - SHOULD NEVER BE DONE IN TRAINING
[denoise_one_step] t_idx=1
  x_t shape: torch.Size([1, 1, 1, 16])
  ablation_vector shape: torch.Size([16])
  component shape: torch.Size([1, 1, 1, 16])
  Mean |component| being removed: 8.065241
  Mean |x_t| before ablation: 184.789139
  Mean |x_t| after ablation: 184.613052
USING PRECUED ITEMS - SHOULD NEVER BE DONE IN TRAINING
[denoise_one_step] t_idx=1
  x_t shape: torch.Size([1, 1, 1, 16])
  ablation_vector shape: torch.Size([16])
  component shape: torch.Size([1, 1, 1, 16])
  Mean |component| being removed: 6.473041
  Mean |x_t| before ablation: 188.944656
  Mean |x_t| after ablation: 188.833755
USING PRECUED ITEMS - SHOULD NEVER BE DONE IN TRAINING
[denoise_one_step] t_idx=1
  x_t shape: torch.Size([1, 1, 1, 16])
  ablation_vector shape: torch.Size([16])
  component shape: torch.Size([1, 1, 1, 16])
  Mean |component| being removed: 7.411852
  Mean |x_t| before ablation: 199.096695
  Mean |x_t| after ablation: 198.958694
USING PRECUED ITEMS - SHOULD NEVER BE DONE IN TRAINING
[denoise_one_step] t_idx=1
  x_t shape: torch.Size([1, 1, 1, 16])
  ablation_vector shape: torch.Size([16])
  component shape: torch.Size([1, 1, 1, 16])
  Mean |component| being removed: 8.441061
  Mean |x_t| before ablation: 198.442871
  Mean |x_t| after ablation: 198.263245
USING PRECUED ITEMS - SHOULD NEVER BE DONE IN TRAINING
[denoise_one_step] t_idx=1
  x_t shape: torch.Size([1, 1, 1, 16])
  ablation_vector shape: torch.Size([16])
  component shape: torch.Size([1, 1, 1, 16])
  Mean |component| being removed: 5.711597
  Mean |x_t| before ablation: 197.076599
  Mean |x_t| after ablation: 196.993820
USING PRECUED ITEMS - SHOULD NEVER BE DONE IN TRAINING
[denoise_one_step] t_idx=1
  x_t shape: torch.Size([1, 1, 1, 16])
  ablation_vector shape: torch.Size([16])
  component shape: torch.Size([1, 1, 1, 16])
  Mean |component| being removed: 6.550323
  Mean |x_t| before ablation: 193.665878
  Mean |x_t| after ablation: 193.555069
USING PRECUED ITEMS - SHOULD NEVER BE DONE IN TRAINING
[denoise_one_step] t_idx=1
  x_t shape: torch.Size([1, 1, 1, 16])
  ablation_vector shape: torch.Size([16])
  component shape: torch.Size([1, 1, 1, 16])
  Mean |component| being removed: 6.470506
  Mean |x_t| before ablation: 192.177628
  Mean |x_t| after ablation: 192.068665
USING PRECUED ITEMS - SHOULD NEVER BE DONE IN TRAINING
[denoise_one_step] t_idx=1
  x_t shape: torch.Size([1, 1, 1, 16])
  ablation_vector shape: torch.Size([16])
  component shape: torch.Size([1, 1, 1, 16])
  Mean |component| being removed: 5.086834
  Mean |x_t| before ablation: 181.779938
  Mean |x_t| after ablation: 181.708740
USING PRECUED ITEMS - SHOULD NEVER BE DONE IN TRAINING
[denoise_one_step] t_idx=1
  x_t shape: torch.Size([1, 1, 1, 16])
  ablation_vector shape: torch.Size([16])
  component shape: torch.Size([1, 1, 1, 16])
  Mean |component| being removed: 5.436010
  Mean |x_t| before ablation: 194.220566
  Mean |x_t| after ablation: 194.144485
USING PRECUED ITEMS - SHOULD NEVER BE DONE IN TRAINING
[denoise_one_step] t_idx=1
  x_t shape: torch.Size([1, 1, 1, 16])
  ablation_vector shape: torch.Size([16])
  component shape: torch.Size([1, 1, 1, 16])
  Mean |component| being removed: 4.681457
  Mean |x_t| before ablation: 183.210983
  Mean |x_t| after ablation: 183.151154
USING PRECUED ITEMS - SHOULD NEVER BE DONE IN TRAINING
[denoise_one_step] t_idx=1
  x_t shape: torch.Size([1, 1, 1, 16])
  ablation_vector shape: torch.Size([16])
  component shape: torch.Size([1, 1, 1, 16])
  Mean |component| being removed: 4.455944
  Mean |x_t| before ablation: 181.039185
  Mean |x_t| after ablation: 180.984329
USING PRECUED ITEMS - SHOULD NEVER BE DONE IN TRAINING
[denoise_one_step] t_idx=1
  x_t shape: torch.Size([1, 1, 1, 16])
  ablation_vector shape: torch.Size([16])
  component shape: torch.Size([1, 1, 1, 16])
  Mean |component| being removed: 4.688491
  Mean |x_t| before ablation: 176.840195
  Mean |x_t| after ablation: 176.778015
USING PRECUED ITEMS - SHOULD NEVER BE DONE IN TRAINING
[denoise_one_step] t_idx=1
  x_t shape: torch.Size([1, 1, 1, 16])
  ablation_vector shape: torch.Size([16])
  component shape: torch.Size([1, 1, 1, 16])
  Mean |component| being removed: 4.532482
  Mean |x_t| before ablation: 182.273987
  Mean |x_t| after ablation: 182.217636
USING PRECUED ITEMS - SHOULD NEVER BE DONE IN TRAINING
[denoise_one_step] t_idx=1
  x_t shape: torch.Size([1, 1, 1, 16])
  ablation_vector shape: torch.Size([16])
  component shape: torch.Size([1, 1, 1, 16])
  Mean |component| being removed: 4.382988
  Mean |x_t| before ablation: 192.074707
  Mean |x_t| after ablation: 192.024704
USING PRECUED ITEMS - SHOULD NEVER BE DONE IN TRAINING
[denoise_one_step] t_idx=1
  x_t shape: torch.Size([1, 1, 1, 16])
  ablation_vector shape: torch.Size([16])
  component shape: torch.Size([1, 1, 1, 16])
  Mean |component| being removed: 5.136553
  Mean |x_t| before ablation: 194.757065
  Mean |x_t| after ablation: 194.689316
USING PRECUED ITEMS - SHOULD NEVER BE DONE IN TRAINING
[denoise_one_step] t_idx=1
  x_t shape: torch.Size([1, 1, 1, 16])
  ablation_vector shape: torch.Size([16])
  component shape: torch.Size([1, 1, 1, 16])
  Mean |component| being removed: 4.698670
  Mean |x_t| before ablation: 178.725815
  Mean |x_t| after ablation: 178.664047
USING PRECUED ITEMS - SHOULD NEVER BE DONE IN TRAINING
[denoise_one_step] t_idx=1
  x_t shape: torch.Size([1, 1, 1, 16])
  ablation_vector shape: torch.Size([16])
  component shape: torch.Size([1, 1, 1, 16])
  Mean |component| being removed: 3.488356
  Mean |x_t| before ablation: 182.640915
  Mean |x_t| after ablation: 182.607590
USING PRECUED ITEMS - SHOULD NEVER BE DONE IN TRAINING
[denoise_one_step] t_idx=1
  x_t shape: torch.Size([1, 1, 1, 16])
  ablation_vector shape: torch.Size([16])
  component shape: torch.Size([1, 1, 1, 16])
  Mean |component| being removed: 5.024685
  Mean |x_t| before ablation: 191.537659
  Mean |x_t| after ablation: 191.471741
USING PRECUED ITEMS - SHOULD NEVER BE DONE IN TRAINING
[denoise_one_step] t_idx=1
  x_t shape: torch.Size([1, 1, 1, 16])
  ablation_vector shape: torch.Size([16])
  component shape: torch.Size([1, 1, 1, 16])
  Mean |component| being removed: 4.894543
  Mean |x_t| before ablation: 190.227112
  Mean |x_t| after ablation: 190.164139
USING PRECUED ITEMS - SHOULD NEVER BE DONE IN TRAINING
[denoise_one_step] t_idx=1
  x_t shape: torch.Size([1, 1, 1, 16])
  ablation_vector shape: torch.Size([16])
  component shape: torch.Size([1, 1, 1, 16])
  Mean |component| being removed: 1.729528
  Mean |x_t| before ablation: 176.743713
  Mean |x_t| after ablation: 176.735245
USING PRECUED ITEMS - SHOULD NEVER BE DONE IN TRAINING
[denoise_one_step] t_idx=1
  x_t shape: torch.Size([1, 1, 1, 16])
  ablation_vector shape: torch.Size([16])
  component shape: torch.Size([1, 1, 1, 16])
  Mean |component| being removed: 1.614755
  Mean |x_t| before ablation: 179.234314
  Mean |x_t| after ablation: 179.227036
USING PRECUED ITEMS - SHOULD NEVER BE DONE IN TRAINING
[denoise_one_step] t_idx=1
  x_t shape: torch.Size([1, 1, 1, 16])
  ablation_vector shape: torch.Size([16])
  component shape: torch.Size([1, 1, 1, 16])
  Mean |component| being removed: 2.240976
  Mean |x_t| before ablation: 175.766571
  Mean |x_t| after ablation: 175.752289
USING PRECUED ITEMS - SHOULD NEVER BE DONE IN TRAINING
[denoise_one_step] t_idx=1
  x_t shape: torch.Size([1, 1, 1, 16])
  ablation_vector shape: torch.Size([16])
  component shape: torch.Size([1, 1, 1, 16])
  Mean |component| being removed: 3.077350
  Mean |x_t| before ablation: 177.940613
  Mean |x_t| after ablation: 177.914001
USING PRECUED ITEMS - SHOULD NEVER BE DONE IN TRAINING
[denoise_one_step] t_idx=1
  x_t shape: torch.Size([1, 1, 1, 16])
  ablation_vector shape: torch.Size([16])
  component shape: torch.Size([1, 1, 1, 16])
  Mean |component| being removed: 0.996929
  Mean |x_t| before ablation: 170.980591
  Mean |x_t| after ablation: 170.977692
USING PRECUED ITEMS - SHOULD NEVER BE DONE IN TRAINING
[denoise_one_step] t_idx=1
  x_t shape: torch.Size([1, 1, 1, 16])
  ablation_vector shape: torch.Size([16])
  component shape: torch.Size([1, 1, 1, 16])
  Mean |component| being removed: 0.518227
  Mean |x_t| before ablation: 178.952377
  Mean |x_t| after ablation: 178.951614
USING PRECUED ITEMS - SHOULD NEVER BE DONE IN TRAINING
[denoise_one_step] t_idx=1
  x_t shape: torch.Size([1, 1, 1, 16])
  ablation_vector shape: torch.Size([16])
  component shape: torch.Size([1, 1, 1, 16])
  Mean |component| being removed: 0.847386
  Mean |x_t| before ablation: 172.647278
  Mean |x_t| after ablation: 172.645187
USING PRECUED ITEMS - SHOULD NEVER BE DONE IN TRAINING
[denoise_one_step] t_idx=1
  x_t shape: torch.Size([1, 1, 1, 16])
  ablation_vector shape: torch.Size([16])
  component shape: torch.Size([1, 1, 1, 16])
  Mean |component| being removed: 2.403540
  Mean |x_t| before ablation: 178.836456
  Mean |x_t| after ablation: 178.820312
USING PRECUED ITEMS - SHOULD NEVER BE DONE IN TRAINING
[denoise_one_step] t_idx=1
  x_t shape: torch.Size([1, 1, 1, 16])
  ablation_vector shape: torch.Size([16])
  component shape: torch.Size([1, 1, 1, 16])
  Mean |component| being removed: 0.966269
  Mean |x_t| before ablation: 175.690094
  Mean |x_t| after ablation: 175.687439
USING PRECUED ITEMS - SHOULD NEVER BE DONE IN TRAINING
[denoise_one_step] t_idx=1
  x_t shape: torch.Size([1, 1, 1, 16])
  ablation_vector shape: torch.Size([16])
  component shape: torch.Size([1, 1, 1, 16])
  Mean |component| being removed: 1.032883
  Mean |x_t| before ablation: 173.155701
  Mean |x_t| after ablation: 173.152618
USING PRECUED ITEMS - SHOULD NEVER BE DONE IN TRAINING
[denoise_one_step] t_idx=1
  x_t shape: torch.Size([1, 1, 1, 16])
  ablation_vector shape: torch.Size([16])
  component shape: torch.Size([1, 1, 1, 16])
  Mean |component| being removed: 1.162030
  Mean |x_t| before ablation: 179.882614
  Mean |x_t| after ablation: 179.878860
USING PRECUED ITEMS - SHOULD NEVER BE DONE IN TRAINING
[denoise_one_step] t_idx=1
  x_t shape: torch.Size([1, 1, 1, 16])
  ablation_vector shape: torch.Size([16])
  component shape: torch.Size([1, 1, 1, 16])
  Mean |component| being removed: 2.344937
  Mean |x_t| before ablation: 179.013275
  Mean |x_t| after ablation: 178.997910
USING PRECUED ITEMS - SHOULD NEVER BE DONE IN TRAINING
[denoise_one_step] t_idx=1
  x_t shape: torch.Size([1, 1, 1, 16])
  ablation_vector shape: torch.Size([16])
  component shape: torch.Size([1, 1, 1, 16])
  Mean |component| being removed: 1.011356
  Mean |x_t| before ablation: 189.378052
  Mean |x_t| after ablation: 189.375366
USING PRECUED ITEMS - SHOULD NEVER BE DONE IN TRAINING
[denoise_one_step] t_idx=1
  x_t shape: torch.Size([1, 1, 1, 16])
  ablation_vector shape: torch.Size([16])
  component shape: torch.Size([1, 1, 1, 16])
  Mean |component| being removed: 2.645629
  Mean |x_t| before ablation: 180.919449
  Mean |x_t| after ablation: 180.900101
USING PRECUED ITEMS - SHOULD NEVER BE DONE IN TRAINING
[denoise_one_step] t_idx=1
  x_t shape: torch.Size([1, 1, 1, 16])
  ablation_vector shape: torch.Size([16])
  component shape: torch.Size([1, 1, 1, 16])
  Mean |component| being removed: 1.951582
  Mean |x_t| before ablation: 184.120972
  Mean |x_t| after ablation: 184.110641
USING PRECUED ITEMS - SHOULD NEVER BE DONE IN TRAINING
[denoise_one_step] t_idx=1
  x_t shape: torch.Size([1, 1, 1, 16])
  ablation_vector shape: torch.Size([16])
  component shape: torch.Size([1, 1, 1, 16])
  Mean |component| being removed: 1.398006
  Mean |x_t| before ablation: 191.364807
  Mean |x_t| after ablation: 191.359711
USING PRECUED ITEMS - SHOULD NEVER BE DONE IN TRAINING
[denoise_one_step] t_idx=1
  x_t shape: torch.Size([1, 1, 1, 16])
  ablation_vector shape: torch.Size([16])
  component shape: torch.Size([1, 1, 1, 16])
  Mean |component| being removed: 1.153147
  Mean |x_t| before ablation: 180.842758
  Mean |x_t| after ablation: 180.839081
USING PRECUED ITEMS - SHOULD NEVER BE DONE IN TRAINING
[denoise_one_step] t_idx=1
  x_t shape: torch.Size([1, 1, 1, 16])
  ablation_vector shape: torch.Size([16])
  component shape: torch.Size([1, 1, 1, 16])
  Mean |component| being removed: 1.614923
  Mean |x_t| before ablation: 182.649719
  Mean |x_t| after ablation: 182.642609
USING PRECUED ITEMS - SHOULD NEVER BE DONE IN TRAINING
[denoise_one_step] t_idx=1
  x_t shape: torch.Size([1, 1, 1, 16])
  ablation_vector shape: torch.Size([16])
  component shape: torch.Size([1, 1, 1, 16])
  Mean |component| being removed: 1.058939
  Mean |x_t| before ablation: 183.463669
  Mean |x_t| after ablation: 183.460617
USING PRECUED ITEMS - SHOULD NEVER BE DONE IN TRAINING
[denoise_one_step] t_idx=1
  x_t shape: torch.Size([1, 1, 1, 16])
  ablation_vector shape: torch.Size([16])
  component shape: torch.Size([1, 1, 1, 16])
  Mean |component| being removed: 2.522112
  Mean |x_t| before ablation: 187.517349
  Mean |x_t| after ablation: 187.500381
USING PRECUED ITEMS - SHOULD NEVER BE DONE IN TRAINING
[denoise_one_step] t_idx=1
  x_t shape: torch.Size([1, 1, 1, 16])
  ablation_vector shape: torch.Size([16])
  component shape: torch.Size([1, 1, 1, 16])
  Mean |component| being removed: 1.674516
  Mean |x_t| before ablation: 183.555069
  Mean |x_t| after ablation: 183.547440
USING PRECUED ITEMS - SHOULD NEVER BE DONE IN TRAINING
[denoise_one_step] t_idx=1
  x_t shape: torch.Size([1, 1, 1, 16])
  ablation_vector shape: torch.Size([16])
  component shape: torch.Size([1, 1, 1, 16])
  Mean |component| being removed: 2.295660
  Mean |x_t| before ablation: 190.968918
  Mean |x_t| after ablation: 190.955124
USING PRECUED ITEMS - SHOULD NEVER BE DONE IN TRAINING
[denoise_one_step] t_idx=1
  x_t shape: torch.Size([1, 1, 1, 16])
  ablation_vector shape: torch.Size([16])
  component shape: torch.Size([1, 1, 1, 16])
  Mean |component| being removed: 2.970035
  Mean |x_t| before ablation: 183.786835
  Mean |x_t| after ablation: 183.762833
USING PRECUED ITEMS - SHOULD NEVER BE DONE IN TRAINING
[denoise_one_step] t_idx=1
  x_t shape: torch.Size([1, 1, 1, 16])
  ablation_vector shape: torch.Size([16])
  component shape: torch.Size([1, 1, 1, 16])
  Mean |component| being removed: 1.461031
  Mean |x_t| before ablation: 187.198410
  Mean |x_t| after ablation: 187.192703
USING PRECUED ITEMS - SHOULD NEVER BE DONE IN TRAINING
[denoise_one_step] t_idx=1
  x_t shape: torch.Size([1, 1, 1, 16])
  ablation_vector shape: torch.Size([16])
  component shape: torch.Size([1, 1, 1, 16])
  Mean |component| being removed: 4.405353
  Mean |x_t| before ablation: 264.567749
  Mean |x_t| after ablation: 264.531067
USING PRECUED ITEMS - SHOULD NEVER BE DONE IN TRAINING
[denoise_one_step] t_idx=1
  x_t shape: torch.Size([1, 1, 1, 16])
  ablation_vector shape: torch.Size([16])
  component shape: torch.Size([1, 1, 1, 16])
  Mean |component| being removed: 4.378573
  Mean |x_t| before ablation: 254.258392
  Mean |x_t| after ablation: 254.220688
USING PRECUED ITEMS - SHOULD NEVER BE DONE IN TRAINING
[denoise_one_step] t_idx=1
  x_t shape: torch.Size([1, 1, 1, 16])
  ablation_vector shape: torch.Size([16])
  component shape: torch.Size([1, 1, 1, 16])
  Mean |component| being removed: 4.683396
  Mean |x_t| before ablation: 257.741608
  Mean |x_t| after ablation: 257.699066
USING PRECUED ITEMS - SHOULD NEVER BE DONE IN TRAINING
[denoise_one_step] t_idx=1
  x_t shape: torch.Size([1, 1, 1, 16])
  ablation_vector shape: torch.Size([16])
  component shape: torch.Size([1, 1, 1, 16])
  Mean |component| being removed: 5.210277
  Mean |x_t| before ablation: 264.142700
  Mean |x_t| after ablation: 264.091278
USING PRECUED ITEMS - SHOULD NEVER BE DONE IN TRAINING
[denoise_one_step] t_idx=1
  x_t shape: torch.Size([1, 1, 1, 16])
  ablation_vector shape: torch.Size([16])
  component shape: torch.Size([1, 1, 1, 16])
  Mean |component| being removed: 4.699841
  Mean |x_t| before ablation: 251.527527
  Mean |x_t| after ablation: 251.483612
USING PRECUED ITEMS - SHOULD NEVER BE DONE IN TRAINING
[denoise_one_step] t_idx=1
  x_t shape: torch.Size([1, 1, 1, 16])
  ablation_vector shape: torch.Size([16])
  component shape: torch.Size([1, 1, 1, 16])
  Mean |component| being removed: 5.639818
  Mean |x_t| before ablation: 270.975037
  Mean |x_t| after ablation: 270.916321
USING PRECUED ITEMS - SHOULD NEVER BE DONE IN TRAINING
[denoise_one_step] t_idx=1
  x_t shape: torch.Size([1, 1, 1, 16])
  ablation_vector shape: torch.Size([16])
  component shape: torch.Size([1, 1, 1, 16])
  Mean |component| being removed: 5.312463
  Mean |x_t| before ablation: 262.951599
  Mean |x_t| after ablation: 262.897949
USING PRECUED ITEMS - SHOULD NEVER BE DONE IN TRAINING
[denoise_one_step] t_idx=1
  x_t shape: torch.Size([1, 1, 1, 16])
  ablation_vector shape: torch.Size([16])
  component shape: torch.Size([1, 1, 1, 16])
  Mean |component| being removed: 5.174440
  Mean |x_t| before ablation: 263.107605
  Mean |x_t| after ablation: 263.056702
USING PRECUED ITEMS - SHOULD NEVER BE DONE IN TRAINING
[denoise_one_step] t_idx=1
  x_t shape: torch.Size([1, 1, 1, 16])
  ablation_vector shape: torch.Size([16])
  component shape: torch.Size([1, 1, 1, 16])
  Mean |component| being removed: 5.334712
  Mean |x_t| before ablation: 269.691315
  Mean |x_t| after ablation: 269.638519
USING PRECUED ITEMS - SHOULD NEVER BE DONE IN TRAINING
[denoise_one_step] t_idx=1
  x_t shape: torch.Size([1, 1, 1, 16])
  ablation_vector shape: torch.Size([16])
  component shape: torch.Size([1, 1, 1, 16])
  Mean |component| being removed: 5.139849
  Mean |x_t| before ablation: 274.906769
  Mean |x_t| after ablation: 274.858704
USING PRECUED ITEMS - SHOULD NEVER BE DONE IN TRAINING
[denoise_one_step] t_idx=1
  x_t shape: torch.Size([1, 1, 1, 16])
  ablation_vector shape: torch.Size([16])
  component shape: torch.Size([1, 1, 1, 16])
  Mean |component| being removed: 4.450103
  Mean |x_t| before ablation: 259.026886
  Mean |x_t| after ablation: 258.988647
USING PRECUED ITEMS - SHOULD NEVER BE DONE IN TRAINING
[denoise_one_step] t_idx=1
  x_t shape: torch.Size([1, 1, 1, 16])
  ablation_vector shape: torch.Size([16])
  component shape: torch.Size([1, 1, 1, 16])
  Mean |component| being removed: 4.432343
  Mean |x_t| before ablation: 261.758423
  Mean |x_t| after ablation: 261.720886
USING PRECUED ITEMS - SHOULD NEVER BE DONE IN TRAINING
[denoise_one_step] t_idx=1
  x_t shape: torch.Size([1, 1, 1, 16])
  ablation_vector shape: torch.Size([16])
  component shape: torch.Size([1, 1, 1, 16])
  Mean |component| being removed: 6.871571
  Mean |x_t| before ablation: 294.025787
  Mean |x_t| after ablation: 293.945465
USING PRECUED ITEMS - SHOULD NEVER BE DONE IN TRAINING
[denoise_one_step] t_idx=1
  x_t shape: torch.Size([1, 1, 1, 16])
  ablation_vector shape: torch.Size([16])
  component shape: torch.Size([1, 1, 1, 16])
  Mean |component| being removed: 7.280349
  Mean |x_t| before ablation: 296.601013
  Mean |x_t| after ablation: 296.511627
USING PRECUED ITEMS - SHOULD NEVER BE DONE IN TRAINING
[denoise_one_step] t_idx=1
  x_t shape: torch.Size([1, 1, 1, 16])
  ablation_vector shape: torch.Size([16])
  component shape: torch.Size([1, 1, 1, 16])
  Mean |component| being removed: 4.650654
  Mean |x_t| before ablation: 278.180298
  Mean |x_t| after ablation: 278.141418
USING PRECUED ITEMS - SHOULD NEVER BE DONE IN TRAINING
[denoise_one_step] t_idx=1
  x_t shape: torch.Size([1, 1, 1, 16])
  ablation_vector shape: torch.Size([16])
  component shape: torch.Size([1, 1, 1, 16])
  Mean |component| being removed: 6.692706
  Mean |x_t| before ablation: 278.309784
  Mean |x_t| after ablation: 278.229309
USING PRECUED ITEMS - SHOULD NEVER BE DONE IN TRAINING
[denoise_one_step] t_idx=1
  x_t shape: torch.Size([1, 1, 1, 16])
  ablation_vector shape: torch.Size([16])
  component shape: torch.Size([1, 1, 1, 16])
  Mean |component| being removed: 6.444596
  Mean |x_t| before ablation: 295.593964
  Mean |x_t| after ablation: 295.523712
USING PRECUED ITEMS - SHOULD NEVER BE DONE IN TRAINING
[denoise_one_step] t_idx=1
  x_t shape: torch.Size([1, 1, 1, 16])
  ablation_vector shape: torch.Size([16])
  component shape: torch.Size([1, 1, 1, 16])
  Mean |component| being removed: 6.226973
  Mean |x_t| before ablation: 273.691254
  Mean |x_t| after ablation: 273.620392
USING PRECUED ITEMS - SHOULD NEVER BE DONE IN TRAINING
[denoise_one_step] t_idx=1
  x_t shape: torch.Size([1, 1, 1, 16])
  ablation_vector shape: torch.Size([16])
  component shape: torch.Size([1, 1, 1, 16])
  Mean |component| being removed: 7.533680
  Mean |x_t| before ablation: 288.262146
  Mean |x_t| after ablation: 288.163696
USING PRECUED ITEMS - SHOULD NEVER BE DONE IN TRAINING
[denoise_one_step] t_idx=1
  x_t shape: torch.Size([1, 1, 1, 16])
  ablation_vector shape: torch.Size([16])
  component shape: torch.Size([1, 1, 1, 16])
  Mean |component| being removed: 7.017861
  Mean |x_t| before ablation: 279.859772
  Mean |x_t| after ablation: 279.771729
USING PRECUED ITEMS - SHOULD NEVER BE DONE IN TRAINING
[denoise_one_step] t_idx=1
  x_t shape: torch.Size([1, 1, 1, 16])
  ablation_vector shape: torch.Size([16])
  component shape: torch.Size([1, 1, 1, 16])
  Mean |component| being removed: 6.198898
  Mean |x_t| before ablation: 289.587189
  Mean |x_t| after ablation: 289.520844
USING PRECUED ITEMS - SHOULD NEVER BE DONE IN TRAINING
[denoise_one_step] t_idx=1
  x_t shape: torch.Size([1, 1, 1, 16])
  ablation_vector shape: torch.Size([16])
  component shape: torch.Size([1, 1, 1, 16])
  Mean |component| being removed: 6.302341
  Mean |x_t| before ablation: 286.986176
  Mean |x_t| after ablation: 286.916962
USING PRECUED ITEMS - SHOULD NEVER BE DONE IN TRAINING
[denoise_one_step] t_idx=1
  x_t shape: torch.Size([1, 1, 1, 16])
  ablation_vector shape: torch.Size([16])
  component shape: torch.Size([1, 1, 1, 16])
  Mean |component| being removed: 6.255183
  Mean |x_t| before ablation: 287.758301
  Mean |x_t| after ablation: 287.690277
USING PRECUED ITEMS - SHOULD NEVER BE DONE IN TRAINING
[denoise_one_step] t_idx=1
  x_t shape: torch.Size([1, 1, 1, 16])
  ablation_vector shape: torch.Size([16])
  component shape: torch.Size([1, 1, 1, 16])
  Mean |component| being removed: 6.986793
  Mean |x_t| before ablation: 289.571716
  Mean |x_t| after ablation: 289.487396
USING PRECUED ITEMS - SHOULD NEVER BE DONE IN TRAINING
[denoise_one_step] t_idx=1
  x_t shape: torch.Size([1, 1, 1, 16])
  ablation_vector shape: torch.Size([16])
  component shape: torch.Size([1, 1, 1, 16])
  Mean |component| being removed: 7.888597
  Mean |x_t| before ablation: 300.513428
  Mean |x_t| after ablation: 300.409912
USING PRECUED ITEMS - SHOULD NEVER BE DONE IN TRAINING
[denoise_one_step] t_idx=1
  x_t shape: torch.Size([1, 1, 1, 16])
  ablation_vector shape: torch.Size([16])
  component shape: torch.Size([1, 1, 1, 16])
  Mean |component| being removed: 6.851641
  Mean |x_t| before ablation: 299.234009
  Mean |x_t| after ablation: 299.155579
USING PRECUED ITEMS - SHOULD NEVER BE DONE IN TRAINING
[denoise_one_step] t_idx=1
  x_t shape: torch.Size([1, 1, 1, 16])
  ablation_vector shape: torch.Size([16])
  component shape: torch.Size([1, 1, 1, 16])
  Mean |component| being removed: 8.256774
  Mean |x_t| before ablation: 299.760437
  Mean |x_t| after ablation: 299.646698
USING PRECUED ITEMS - SHOULD NEVER BE DONE IN TRAINING
[denoise_one_step] t_idx=1
  x_t shape: torch.Size([1, 1, 1, 16])
  ablation_vector shape: torch.Size([16])
  component shape: torch.Size([1, 1, 1, 16])
  Mean |component| being removed: 8.245081
  Mean |x_t| before ablation: 304.930725
  Mean |x_t| after ablation: 304.819244
USING PRECUED ITEMS - SHOULD NEVER BE DONE IN TRAINING
[denoise_one_step] t_idx=1
  x_t shape: torch.Size([1, 1, 1, 16])
  ablation_vector shape: torch.Size([16])
  component shape: torch.Size([1, 1, 1, 16])
  Mean |component| being removed: 7.384737
  Mean |x_t| before ablation: 295.843170
  Mean |x_t| after ablation: 295.750977
USING PRECUED ITEMS - SHOULD NEVER BE DONE IN TRAINING
[denoise_one_step] t_idx=1
  x_t shape: torch.Size([1, 1, 1, 16])
  ablation_vector shape: torch.Size([16])
  component shape: torch.Size([1, 1, 1, 16])
  Mean |component| being removed: 7.890235
  Mean |x_t| before ablation: 294.932953
  Mean |x_t| after ablation: 294.827393
USING PRECUED ITEMS - SHOULD NEVER BE DONE IN TRAINING
[denoise_one_step] t_idx=1
  x_t shape: torch.Size([1, 1, 1, 16])
  ablation_vector shape: torch.Size([16])
  component shape: torch.Size([1, 1, 1, 16])
  Mean |component| being removed: 7.110812
  Mean |x_t| before ablation: 293.426788
  Mean |x_t| after ablation: 293.340607
USING PRECUED ITEMS - SHOULD NEVER BE DONE IN TRAINING
[denoise_one_step] t_idx=1
  x_t shape: torch.Size([1, 1, 1, 16])
  ablation_vector shape: torch.Size([16])
  component shape: torch.Size([1, 1, 1, 16])
  Mean |component| being removed: 7.205369
  Mean |x_t| before ablation: 299.546692
  Mean |x_t| after ablation: 299.460022
USING PRECUED ITEMS - SHOULD NEVER BE DONE IN TRAINING
[denoise_one_step] t_idx=1
  x_t shape: torch.Size([1, 1, 1, 16])
  ablation_vector shape: torch.Size([16])
  component shape: torch.Size([1, 1, 1, 16])
  Mean |component| being removed: 8.432234
  Mean |x_t| before ablation: 300.854675
  Mean |x_t| after ablation: 300.736481
USING PRECUED ITEMS - SHOULD NEVER BE DONE IN TRAINING
[denoise_one_step] t_idx=1
  x_t shape: torch.Size([1, 1, 1, 16])
  ablation_vector shape: torch.Size([16])
  component shape: torch.Size([1, 1, 1, 16])
  Mean |component| being removed: 7.077822
  Mean |x_t| before ablation: 308.980255
  Mean |x_t| after ablation: 308.899139
USING PRECUED ITEMS - SHOULD NEVER BE DONE IN TRAINING
[denoise_one_step] t_idx=1
  x_t shape: torch.Size([1, 1, 1, 16])
  ablation_vector shape: torch.Size([16])
  component shape: torch.Size([1, 1, 1, 16])
  Mean |component| being removed: 8.814296
  Mean |x_t| before ablation: 309.766022
  Mean |x_t| after ablation: 309.640594
USING PRECUED ITEMS - SHOULD NEVER BE DONE IN TRAINING
[denoise_one_step] t_idx=1
  x_t shape: torch.Size([1, 1, 1, 16])
  ablation_vector shape: torch.Size([16])
  component shape: torch.Size([1, 1, 1, 16])
  Mean |component| being removed: 7.526062
  Mean |x_t| before ablation: 297.044617
  Mean |x_t| after ablation: 296.949249
USING PRECUED ITEMS - SHOULD NEVER BE DONE IN TRAINING
[denoise_one_step] t_idx=1
  x_t shape: torch.Size([1, 1, 1, 16])
  ablation_vector shape: torch.Size([16])
  component shape: torch.Size([1, 1, 1, 16])
  Mean |component| being removed: 9.540571
  Mean |x_t| before ablation: 301.295258
  Mean |x_t| after ablation: 301.144165
USING PRECUED ITEMS - SHOULD NEVER BE DONE IN TRAINING
[denoise_one_step] t_idx=1
  x_t shape: torch.Size([1, 1, 1, 16])
  ablation_vector shape: torch.Size([16])
  component shape: torch.Size([1, 1, 1, 16])
  Mean |component| being removed: 10.248051
  Mean |x_t| before ablation: 304.158051
  Mean |x_t| after ablation: 303.985382
USING PRECUED ITEMS - SHOULD NEVER BE DONE IN TRAINING
[denoise_one_step] t_idx=1
  x_t shape: torch.Size([1, 1, 1, 16])
  ablation_vector shape: torch.Size([16])
  component shape: torch.Size([1, 1, 1, 16])
  Mean |component| being removed: 8.989910
  Mean |x_t| before ablation: 292.369415
  Mean |x_t| after ablation: 292.231171
USING PRECUED ITEMS - SHOULD NEVER BE DONE IN TRAINING
[denoise_one_step] t_idx=1
  x_t shape: torch.Size([1, 1, 1, 16])
  ablation_vector shape: torch.Size([16])
  component shape: torch.Size([1, 1, 1, 16])
  Mean |component| being removed: 10.324745
  Mean |x_t| before ablation: 328.155396
  Mean |x_t| after ablation: 327.992950
USING PRECUED ITEMS - SHOULD NEVER BE DONE IN TRAINING
[denoise_one_step] t_idx=1
  x_t shape: torch.Size([1, 1, 1, 16])
  ablation_vector shape: torch.Size([16])
  component shape: torch.Size([1, 1, 1, 16])
  Mean |component| being removed: 9.783974
  Mean |x_t| before ablation: 307.816040
  Mean |x_t| after ablation: 307.660522
USING PRECUED ITEMS - SHOULD NEVER BE DONE IN TRAINING
[denoise_one_step] t_idx=1
  x_t shape: torch.Size([1, 1, 1, 16])
  ablation_vector shape: torch.Size([16])
  component shape: torch.Size([1, 1, 1, 16])
  Mean |component| being removed: 9.949963
  Mean |x_t| before ablation: 311.669159
  Mean |x_t| after ablation: 311.510315
USING PRECUED ITEMS - SHOULD NEVER BE DONE IN TRAINING
[denoise_one_step] t_idx=1
  x_t shape: torch.Size([1, 1, 1, 16])
  ablation_vector shape: torch.Size([16])
  component shape: torch.Size([1, 1, 1, 16])
  Mean |component| being removed: 10.034980
  Mean |x_t| before ablation: 309.560760
  Mean |x_t| after ablation: 309.398071
USING PRECUED ITEMS - SHOULD NEVER BE DONE IN TRAINING
[denoise_one_step] t_idx=1
  x_t shape: torch.Size([1, 1, 1, 16])
  ablation_vector shape: torch.Size([16])
  component shape: torch.Size([1, 1, 1, 16])
  Mean |component| being removed: 9.905569
  Mean |x_t| before ablation: 316.454834
  Mean |x_t| after ablation: 316.299774
USING PRECUED ITEMS - SHOULD NEVER BE DONE IN TRAINING
[denoise_one_step] t_idx=1
  x_t shape: torch.Size([1, 1, 1, 16])
  ablation_vector shape: torch.Size([16])
  component shape: torch.Size([1, 1, 1, 16])
  Mean |component| being removed: 9.075025
  Mean |x_t| before ablation: 307.461334
  Mean |x_t| after ablation: 307.327362
USING PRECUED ITEMS - SHOULD NEVER BE DONE IN TRAINING
[denoise_one_step] t_idx=1
  x_t shape: torch.Size([1, 1, 1, 16])
  ablation_vector shape: torch.Size([16])
  component shape: torch.Size([1, 1, 1, 16])
  Mean |component| being removed: 9.256958
  Mean |x_t| before ablation: 304.530334
  Mean |x_t| after ablation: 304.389587
USING PRECUED ITEMS - SHOULD NEVER BE DONE IN TRAINING
[denoise_one_step] t_idx=1
  x_t shape: torch.Size([1, 1, 1, 16])
  ablation_vector shape: torch.Size([16])
  component shape: torch.Size([1, 1, 1, 16])
  Mean |component| being removed: 9.346640
  Mean |x_t| before ablation: 316.647766
  Mean |x_t| after ablation: 316.509796
USING PRECUED ITEMS - SHOULD NEVER BE DONE IN TRAINING
[denoise_one_step] t_idx=1
  x_t shape: torch.Size([1, 1, 1, 16])
  ablation_vector shape: torch.Size([16])
  component shape: torch.Size([1, 1, 1, 16])
  Mean |component| being removed: 9.336602
  Mean |x_t| before ablation: 307.199371
  Mean |x_t| after ablation: 307.057434
USING PRECUED ITEMS - SHOULD NEVER BE DONE IN TRAINING
[denoise_one_step] t_idx=1
  x_t shape: torch.Size([1, 1, 1, 16])
  ablation_vector shape: torch.Size([16])
  component shape: torch.Size([1, 1, 1, 16])
  Mean |component| being removed: 10.982256
  Mean |x_t| before ablation: 291.739960
  Mean |x_t| after ablation: 291.533173
USING PRECUED ITEMS - SHOULD NEVER BE DONE IN TRAINING
[denoise_one_step] t_idx=1
  x_t shape: torch.Size([1, 1, 1, 16])
  ablation_vector shape: torch.Size([16])
  component shape: torch.Size([1, 1, 1, 16])
  Mean |component| being removed: 12.352825
  Mean |x_t| before ablation: 313.448334
  Mean |x_t| after ablation: 313.204834
USING PRECUED ITEMS - SHOULD NEVER BE DONE IN TRAINING
[denoise_one_step] t_idx=1
  x_t shape: torch.Size([1, 1, 1, 16])
  ablation_vector shape: torch.Size([16])
  component shape: torch.Size([1, 1, 1, 16])
  Mean |component| being removed: 13.728699
  Mean |x_t| before ablation: 321.853271
  Mean |x_t| after ablation: 321.560333
USING PRECUED ITEMS - SHOULD NEVER BE DONE IN TRAINING
[denoise_one_step] t_idx=1
  x_t shape: torch.Size([1, 1, 1, 16])
  ablation_vector shape: torch.Size([16])
  component shape: torch.Size([1, 1, 1, 16])
  Mean |component| being removed: 12.133092
  Mean |x_t| before ablation: 307.629791
  Mean |x_t| after ablation: 307.390442
USING PRECUED ITEMS - SHOULD NEVER BE DONE IN TRAINING
[denoise_one_step] t_idx=1
  x_t shape: torch.Size([1, 1, 1, 16])
  ablation_vector shape: torch.Size([16])
  component shape: torch.Size([1, 1, 1, 16])
  Mean |component| being removed: 12.290903
  Mean |x_t| before ablation: 309.025848
  Mean |x_t| after ablation: 308.781311
USING PRECUED ITEMS - SHOULD NEVER BE DONE IN TRAINING
[denoise_one_step] t_idx=1
  x_t shape: torch.Size([1, 1, 1, 16])
  ablation_vector shape: torch.Size([16])
  component shape: torch.Size([1, 1, 1, 16])
  Mean |component| being removed: 12.402927
  Mean |x_t| before ablation: 320.294800
  Mean |x_t| after ablation: 320.054565
USING PRECUED ITEMS - SHOULD NEVER BE DONE IN TRAINING
[denoise_one_step] t_idx=1
  x_t shape: torch.Size([1, 1, 1, 16])
  ablation_vector shape: torch.Size([16])
  component shape: torch.Size([1, 1, 1, 16])
  Mean |component| being removed: 13.265715
  Mean |x_t| before ablation: 313.831635
  Mean |x_t| after ablation: 313.551117
USING PRECUED ITEMS - SHOULD NEVER BE DONE IN TRAINING
[denoise_one_step] t_idx=1
  x_t shape: torch.Size([1, 1, 1, 16])
  ablation_vector shape: torch.Size([16])
  component shape: torch.Size([1, 1, 1, 16])
  Mean |component| being removed: 11.990047
  Mean |x_t| before ablation: 305.263885
  Mean |x_t| after ablation: 305.028320
  trial progress: 200/288
USING PRECUED ITEMS - SHOULD NEVER BE DONE IN TRAINING
[denoise_one_step] t_idx=1
  x_t shape: torch.Size([1, 1, 1, 16])
  ablation_vector shape: torch.Size([16])
  component shape: torch.Size([1, 1, 1, 16])
  Mean |component| being removed: 12.285890
  Mean |x_t| before ablation: 296.922913
  Mean |x_t| after ablation: 296.668640
USING PRECUED ITEMS - SHOULD NEVER BE DONE IN TRAINING
[denoise_one_step] t_idx=1
  x_t shape: torch.Size([1, 1, 1, 16])
  ablation_vector shape: torch.Size([16])
  component shape: torch.Size([1, 1, 1, 16])
  Mean |component| being removed: 12.467770
  Mean |x_t| before ablation: 309.604797
  Mean |x_t| after ablation: 309.353668
USING PRECUED ITEMS - SHOULD NEVER BE DONE IN TRAINING
[denoise_one_step] t_idx=1
  x_t shape: torch.Size([1, 1, 1, 16])
  ablation_vector shape: torch.Size([16])
  component shape: torch.Size([1, 1, 1, 16])
  Mean |component| being removed: 11.938774
  Mean |x_t| before ablation: 319.490723
  Mean |x_t| after ablation: 319.267548
USING PRECUED ITEMS - SHOULD NEVER BE DONE IN TRAINING
[denoise_one_step] t_idx=1
  x_t shape: torch.Size([1, 1, 1, 16])
  ablation_vector shape: torch.Size([16])
  component shape: torch.Size([1, 1, 1, 16])
  Mean |component| being removed: 11.286834
  Mean |x_t| before ablation: 307.417328
  Mean |x_t| after ablation: 307.210052
USING PRECUED ITEMS - SHOULD NEVER BE DONE IN TRAINING
[denoise_one_step] t_idx=1
  x_t shape: torch.Size([1, 1, 1, 16])
  ablation_vector shape: torch.Size([16])
  component shape: torch.Size([1, 1, 1, 16])
  Mean |component| being removed: 12.196220
  Mean |x_t| before ablation: 300.154205
  Mean |x_t| after ablation: 299.906342
USING PRECUED ITEMS - SHOULD NEVER BE DONE IN TRAINING
[denoise_one_step] t_idx=1
  x_t shape: torch.Size([1, 1, 1, 16])
  ablation_vector shape: torch.Size([16])
  component shape: torch.Size([1, 1, 1, 16])
  Mean |component| being removed: 14.524246
  Mean |x_t| before ablation: 304.178619
  Mean |x_t| after ablation: 303.831665
USING PRECUED ITEMS - SHOULD NEVER BE DONE IN TRAINING
[denoise_one_step] t_idx=1
  x_t shape: torch.Size([1, 1, 1, 16])
  ablation_vector shape: torch.Size([16])
  component shape: torch.Size([1, 1, 1, 16])
  Mean |component| being removed: 13.482404
  Mean |x_t| before ablation: 312.705353
  Mean |x_t| after ablation: 312.414581
USING PRECUED ITEMS - SHOULD NEVER BE DONE IN TRAINING
[denoise_one_step] t_idx=1
  x_t shape: torch.Size([1, 1, 1, 16])
  ablation_vector shape: torch.Size([16])
  component shape: torch.Size([1, 1, 1, 16])
  Mean |component| being removed: 13.560947
  Mean |x_t| before ablation: 312.922882
  Mean |x_t| after ablation: 312.628876
USING PRECUED ITEMS - SHOULD NEVER BE DONE IN TRAINING
[denoise_one_step] t_idx=1
  x_t shape: torch.Size([1, 1, 1, 16])
  ablation_vector shape: torch.Size([16])
  component shape: torch.Size([1, 1, 1, 16])
  Mean |component| being removed: 13.203942
  Mean |x_t| before ablation: 304.207275
  Mean |x_t| after ablation: 303.920593
USING PRECUED ITEMS - SHOULD NEVER BE DONE IN TRAINING
[denoise_one_step] t_idx=1
  x_t shape: torch.Size([1, 1, 1, 16])
  ablation_vector shape: torch.Size([16])
  component shape: torch.Size([1, 1, 1, 16])
  Mean |component| being removed: 13.908532
  Mean |x_t| before ablation: 303.167236
  Mean |x_t| after ablation: 302.848053
USING PRECUED ITEMS - SHOULD NEVER BE DONE IN TRAINING
[denoise_one_step] t_idx=1
  x_t shape: torch.Size([1, 1, 1, 16])
  ablation_vector shape: torch.Size([16])
  component shape: torch.Size([1, 1, 1, 16])
  Mean |component| being removed: 14.437013
  Mean |x_t| before ablation: 302.372375
  Mean |x_t| after ablation: 302.027557
USING PRECUED ITEMS - SHOULD NEVER BE DONE IN TRAINING
[denoise_one_step] t_idx=1
  x_t shape: torch.Size([1, 1, 1, 16])
  ablation_vector shape: torch.Size([16])
  component shape: torch.Size([1, 1, 1, 16])
  Mean |component| being removed: 13.659817
  Mean |x_t| before ablation: 307.916718
  Mean |x_t| after ablation: 307.613586
USING PRECUED ITEMS - SHOULD NEVER BE DONE IN TRAINING
[denoise_one_step] t_idx=1
  x_t shape: torch.Size([1, 1, 1, 16])
  ablation_vector shape: torch.Size([16])
  component shape: torch.Size([1, 1, 1, 16])
  Mean |component| being removed: 13.887783
  Mean |x_t| before ablation: 298.283051
  Mean |x_t| after ablation: 297.959564
USING PRECUED ITEMS - SHOULD NEVER BE DONE IN TRAINING
[denoise_one_step] t_idx=1
  x_t shape: torch.Size([1, 1, 1, 16])
  ablation_vector shape: torch.Size([16])
  component shape: torch.Size([1, 1, 1, 16])
  Mean |component| being removed: 14.535569
  Mean |x_t| before ablation: 307.578918
  Mean |x_t| after ablation: 307.235291
USING PRECUED ITEMS - SHOULD NEVER BE DONE IN TRAINING
[denoise_one_step] t_idx=1
  x_t shape: torch.Size([1, 1, 1, 16])
  ablation_vector shape: torch.Size([16])
  component shape: torch.Size([1, 1, 1, 16])
  Mean |component| being removed: 13.652427
  Mean |x_t| before ablation: 299.292755
  Mean |x_t| after ablation: 298.981201
USING PRECUED ITEMS - SHOULD NEVER BE DONE IN TRAINING
[denoise_one_step] t_idx=1
  x_t shape: torch.Size([1, 1, 1, 16])
  ablation_vector shape: torch.Size([16])
  component shape: torch.Size([1, 1, 1, 16])
  Mean |component| being removed: 13.522573
  Mean |x_t| before ablation: 298.713776
  Mean |x_t| after ablation: 298.407532
USING PRECUED ITEMS - SHOULD NEVER BE DONE IN TRAINING
[denoise_one_step] t_idx=1
  x_t shape: torch.Size([1, 1, 1, 16])
  ablation_vector shape: torch.Size([16])
  component shape: torch.Size([1, 1, 1, 16])
  Mean |component| being removed: 12.344110
  Mean |x_t| before ablation: 281.731781
  Mean |x_t| after ablation: 281.461212
USING PRECUED ITEMS - SHOULD NEVER BE DONE IN TRAINING
[denoise_one_step] t_idx=1
  x_t shape: torch.Size([1, 1, 1, 16])
  ablation_vector shape: torch.Size([16])
  component shape: torch.Size([1, 1, 1, 16])
  Mean |component| being removed: 14.054806
  Mean |x_t| before ablation: 298.640289
  Mean |x_t| after ablation: 298.309357
USING PRECUED ITEMS - SHOULD NEVER BE DONE IN TRAINING
[denoise_one_step] t_idx=1
  x_t shape: torch.Size([1, 1, 1, 16])
  ablation_vector shape: torch.Size([16])
  component shape: torch.Size([1, 1, 1, 16])
  Mean |component| being removed: 13.286274
  Mean |x_t| before ablation: 302.017395
  Mean |x_t| after ablation: 301.725006
USING PRECUED ITEMS - SHOULD NEVER BE DONE IN TRAINING
[denoise_one_step] t_idx=1
  x_t shape: torch.Size([1, 1, 1, 16])
  ablation_vector shape: torch.Size([16])
  component shape: torch.Size([1, 1, 1, 16])
  Mean |component| being removed: 14.836244
  Mean |x_t| before ablation: 293.093140
  Mean |x_t| after ablation: 292.717377
USING PRECUED ITEMS - SHOULD NEVER BE DONE IN TRAINING
[denoise_one_step] t_idx=1
  x_t shape: torch.Size([1, 1, 1, 16])
  ablation_vector shape: torch.Size([16])
  component shape: torch.Size([1, 1, 1, 16])
  Mean |component| being removed: 13.192217
  Mean |x_t| before ablation: 289.199371
  Mean |x_t| after ablation: 288.898315
USING PRECUED ITEMS - SHOULD NEVER BE DONE IN TRAINING
[denoise_one_step] t_idx=1
  x_t shape: torch.Size([1, 1, 1, 16])
  ablation_vector shape: torch.Size([16])
  component shape: torch.Size([1, 1, 1, 16])
  Mean |component| being removed: 13.942851
  Mean |x_t| before ablation: 294.544891
  Mean |x_t| after ablation: 294.214691
USING PRECUED ITEMS - SHOULD NEVER BE DONE IN TRAINING
[denoise_one_step] t_idx=1
  x_t shape: torch.Size([1, 1, 1, 16])
  ablation_vector shape: torch.Size([16])
  component shape: torch.Size([1, 1, 1, 16])
  Mean |component| being removed: 13.608980
  Mean |x_t| before ablation: 289.457550
  Mean |x_t| after ablation: 289.137451
USING PRECUED ITEMS - SHOULD NEVER BE DONE IN TRAINING
[denoise_one_step] t_idx=1
  x_t shape: torch.Size([1, 1, 1, 16])
  ablation_vector shape: torch.Size([16])
  component shape: torch.Size([1, 1, 1, 16])
  Mean |component| being removed: 13.369850
  Mean |x_t| before ablation: 283.481964
  Mean |x_t| after ablation: 283.166473
USING PRECUED ITEMS - SHOULD NEVER BE DONE IN TRAINING
[denoise_one_step] t_idx=1
  x_t shape: torch.Size([1, 1, 1, 16])
  ablation_vector shape: torch.Size([16])
  component shape: torch.Size([1, 1, 1, 16])
  Mean |component| being removed: 11.774534
  Mean |x_t| before ablation: 286.390869
  Mean |x_t| after ablation: 286.148743
USING PRECUED ITEMS - SHOULD NEVER BE DONE IN TRAINING
[denoise_one_step] t_idx=1
  x_t shape: torch.Size([1, 1, 1, 16])
  ablation_vector shape: torch.Size([16])
  component shape: torch.Size([1, 1, 1, 16])
  Mean |component| being removed: 12.807926
  Mean |x_t| before ablation: 281.686615
  Mean |x_t| after ablation: 281.395294
USING PRECUED ITEMS - SHOULD NEVER BE DONE IN TRAINING
[denoise_one_step] t_idx=1
  x_t shape: torch.Size([1, 1, 1, 16])
  ablation_vector shape: torch.Size([16])
  component shape: torch.Size([1, 1, 1, 16])
  Mean |component| being removed: 13.020155
  Mean |x_t| before ablation: 289.461578
  Mean |x_t| after ablation: 289.168610
USING PRECUED ITEMS - SHOULD NEVER BE DONE IN TRAINING
[denoise_one_step] t_idx=1
  x_t shape: torch.Size([1, 1, 1, 16])
  ablation_vector shape: torch.Size([16])
  component shape: torch.Size([1, 1, 1, 16])
  Mean |component| being removed: 13.024126
  Mean |x_t| before ablation: 280.739410
  Mean |x_t| after ablation: 280.437164
USING PRECUED ITEMS - SHOULD NEVER BE DONE IN TRAINING
[denoise_one_step] t_idx=1
  x_t shape: torch.Size([1, 1, 1, 16])
  ablation_vector shape: torch.Size([16])
  component shape: torch.Size([1, 1, 1, 16])
  Mean |component| being removed: 11.494886
  Mean |x_t| before ablation: 260.877594
  Mean |x_t| after ablation: 260.624237
USING PRECUED ITEMS - SHOULD NEVER BE DONE IN TRAINING
[denoise_one_step] t_idx=1
  x_t shape: torch.Size([1, 1, 1, 16])
  ablation_vector shape: torch.Size([16])
  component shape: torch.Size([1, 1, 1, 16])
  Mean |component| being removed: 11.233789
  Mean |x_t| before ablation: 268.424805
  Mean |x_t| after ablation: 268.189636
USING PRECUED ITEMS - SHOULD NEVER BE DONE IN TRAINING
[denoise_one_step] t_idx=1
  x_t shape: torch.Size([1, 1, 1, 16])
  ablation_vector shape: torch.Size([16])
  component shape: torch.Size([1, 1, 1, 16])
  Mean |component| being removed: 11.807423
  Mean |x_t| before ablation: 272.821259
  Mean |x_t| after ablation: 272.565613
USING PRECUED ITEMS - SHOULD NEVER BE DONE IN TRAINING
[denoise_one_step] t_idx=1
  x_t shape: torch.Size([1, 1, 1, 16])
  ablation_vector shape: torch.Size([16])
  component shape: torch.Size([1, 1, 1, 16])
  Mean |component| being removed: 11.856028
  Mean |x_t| before ablation: 271.215424
  Mean |x_t| after ablation: 270.956177
USING PRECUED ITEMS - SHOULD NEVER BE DONE IN TRAINING
[denoise_one_step] t_idx=1
  x_t shape: torch.Size([1, 1, 1, 16])
  ablation_vector shape: torch.Size([16])
  component shape: torch.Size([1, 1, 1, 16])
  Mean |component| being removed: 11.584478
  Mean |x_t| before ablation: 268.101532
  Mean |x_t| after ablation: 267.851135
USING PRECUED ITEMS - SHOULD NEVER BE DONE IN TRAINING
[denoise_one_step] t_idx=1
  x_t shape: torch.Size([1, 1, 1, 16])
  ablation_vector shape: torch.Size([16])
  component shape: torch.Size([1, 1, 1, 16])
  Mean |component| being removed: 11.074222
  Mean |x_t| before ablation: 267.262756
  Mean |x_t| after ablation: 267.033234
USING PRECUED ITEMS - SHOULD NEVER BE DONE IN TRAINING
[denoise_one_step] t_idx=1
  x_t shape: torch.Size([1, 1, 1, 16])
  ablation_vector shape: torch.Size([16])
  component shape: torch.Size([1, 1, 1, 16])
  Mean |component| being removed: 12.692684
  Mean |x_t| before ablation: 270.046234
  Mean |x_t| after ablation: 269.747742
USING PRECUED ITEMS - SHOULD NEVER BE DONE IN TRAINING
[denoise_one_step] t_idx=1
  x_t shape: torch.Size([1, 1, 1, 16])
  ablation_vector shape: torch.Size([16])
  component shape: torch.Size([1, 1, 1, 16])
  Mean |component| being removed: 11.096601
  Mean |x_t| before ablation: 262.941284
  Mean |x_t| after ablation: 262.707062
USING PRECUED ITEMS - SHOULD NEVER BE DONE IN TRAINING
[denoise_one_step] t_idx=1
  x_t shape: torch.Size([1, 1, 1, 16])
  ablation_vector shape: torch.Size([16])
  component shape: torch.Size([1, 1, 1, 16])
  Mean |component| being removed: 11.318285
  Mean |x_t| before ablation: 265.332581
  Mean |x_t| after ablation: 265.091064
USING PRECUED ITEMS - SHOULD NEVER BE DONE IN TRAINING
[denoise_one_step] t_idx=1
  x_t shape: torch.Size([1, 1, 1, 16])
  ablation_vector shape: torch.Size([16])
  component shape: torch.Size([1, 1, 1, 16])
  Mean |component| being removed: 11.700729
  Mean |x_t| before ablation: 267.088257
  Mean |x_t| after ablation: 266.831848
USING PRECUED ITEMS - SHOULD NEVER BE DONE IN TRAINING
[denoise_one_step] t_idx=1
  x_t shape: torch.Size([1, 1, 1, 16])
  ablation_vector shape: torch.Size([16])
  component shape: torch.Size([1, 1, 1, 16])
  Mean |component| being removed: 12.007303
  Mean |x_t| before ablation: 269.453552
  Mean |x_t| after ablation: 269.185883
USING PRECUED ITEMS - SHOULD NEVER BE DONE IN TRAINING
[denoise_one_step] t_idx=1
  x_t shape: torch.Size([1, 1, 1, 16])
  ablation_vector shape: torch.Size([16])
  component shape: torch.Size([1, 1, 1, 16])
  Mean |component| being removed: 11.361213
  Mean |x_t| before ablation: 261.202850
  Mean |x_t| after ablation: 260.955658
USING PRECUED ITEMS - SHOULD NEVER BE DONE IN TRAINING
[denoise_one_step] t_idx=1
  x_t shape: torch.Size([1, 1, 1, 16])
  ablation_vector shape: torch.Size([16])
  component shape: torch.Size([1, 1, 1, 16])
  Mean |component| being removed: 8.683671
  Mean |x_t| before ablation: 244.929642
  Mean |x_t| after ablation: 244.775665
USING PRECUED ITEMS - SHOULD NEVER BE DONE IN TRAINING
[denoise_one_step] t_idx=1
  x_t shape: torch.Size([1, 1, 1, 16])
  ablation_vector shape: torch.Size([16])
  component shape: torch.Size([1, 1, 1, 16])
  Mean |component| being removed: 9.067575
  Mean |x_t| before ablation: 251.658432
  Mean |x_t| after ablation: 251.495026
USING PRECUED ITEMS - SHOULD NEVER BE DONE IN TRAINING
[denoise_one_step] t_idx=1
  x_t shape: torch.Size([1, 1, 1, 16])
  ablation_vector shape: torch.Size([16])
  component shape: torch.Size([1, 1, 1, 16])
  Mean |component| being removed: 10.825805
  Mean |x_t| before ablation: 250.033890
  Mean |x_t| after ablation: 249.799423
USING PRECUED ITEMS - SHOULD NEVER BE DONE IN TRAINING
[denoise_one_step] t_idx=1
  x_t shape: torch.Size([1, 1, 1, 16])
  ablation_vector shape: torch.Size([16])
  component shape: torch.Size([1, 1, 1, 16])
  Mean |component| being removed: 9.603965
  Mean |x_t| before ablation: 253.931793
  Mean |x_t| after ablation: 253.750122
USING PRECUED ITEMS - SHOULD NEVER BE DONE IN TRAINING
[denoise_one_step] t_idx=1
  x_t shape: torch.Size([1, 1, 1, 16])
  ablation_vector shape: torch.Size([16])
  component shape: torch.Size([1, 1, 1, 16])
  Mean |component| being removed: 10.717236
  Mean |x_t| before ablation: 252.065048
  Mean |x_t| after ablation: 251.837112
USING PRECUED ITEMS - SHOULD NEVER BE DONE IN TRAINING
[denoise_one_step] t_idx=1
  x_t shape: torch.Size([1, 1, 1, 16])
  ablation_vector shape: torch.Size([16])
  component shape: torch.Size([1, 1, 1, 16])
  Mean |component| being removed: 9.808391
  Mean |x_t| before ablation: 258.019104
  Mean |x_t| after ablation: 257.832611
USING PRECUED ITEMS - SHOULD NEVER BE DONE IN TRAINING
[denoise_one_step] t_idx=1
  x_t shape: torch.Size([1, 1, 1, 16])
  ablation_vector shape: torch.Size([16])
  component shape: torch.Size([1, 1, 1, 16])
  Mean |component| being removed: 9.205242
  Mean |x_t| before ablation: 249.390839
  Mean |x_t| after ablation: 249.220886
USING PRECUED ITEMS - SHOULD NEVER BE DONE IN TRAINING
[denoise_one_step] t_idx=1
  x_t shape: torch.Size([1, 1, 1, 16])
  ablation_vector shape: torch.Size([16])
  component shape: torch.Size([1, 1, 1, 16])
  Mean |component| being removed: 9.610439
  Mean |x_t| before ablation: 249.805084
  Mean |x_t| after ablation: 249.620148
USING PRECUED ITEMS - SHOULD NEVER BE DONE IN TRAINING
[denoise_one_step] t_idx=1
  x_t shape: torch.Size([1, 1, 1, 16])
  ablation_vector shape: torch.Size([16])
  component shape: torch.Size([1, 1, 1, 16])
  Mean |component| being removed: 8.736892
  Mean |x_t| before ablation: 249.709702
  Mean |x_t| after ablation: 249.556808
USING PRECUED ITEMS - SHOULD NEVER BE DONE IN TRAINING
[denoise_one_step] t_idx=1
  x_t shape: torch.Size([1, 1, 1, 16])
  ablation_vector shape: torch.Size([16])
  component shape: torch.Size([1, 1, 1, 16])
  Mean |component| being removed: 9.548564
  Mean |x_t| before ablation: 256.098755
  Mean |x_t| after ablation: 255.920685
USING PRECUED ITEMS - SHOULD NEVER BE DONE IN TRAINING
[denoise_one_step] t_idx=1
  x_t shape: torch.Size([1, 1, 1, 16])
  ablation_vector shape: torch.Size([16])
  component shape: torch.Size([1, 1, 1, 16])
  Mean |component| being removed: 9.262131
  Mean |x_t| before ablation: 248.881790
  Mean |x_t| after ablation: 248.709381
USING PRECUED ITEMS - SHOULD NEVER BE DONE IN TRAINING
[denoise_one_step] t_idx=1
  x_t shape: torch.Size([1, 1, 1, 16])
  ablation_vector shape: torch.Size([16])
  component shape: torch.Size([1, 1, 1, 16])
  Mean |component| being removed: 9.667383
  Mean |x_t| before ablation: 252.606339
  Mean |x_t| after ablation: 252.421295
USING PRECUED ITEMS - SHOULD NEVER BE DONE IN TRAINING
[denoise_one_step] t_idx=1
  x_t shape: torch.Size([1, 1, 1, 16])
  ablation_vector shape: torch.Size([16])
  component shape: torch.Size([1, 1, 1, 16])
  Mean |component| being removed: 7.150541
  Mean |x_t| before ablation: 241.482025
  Mean |x_t| after ablation: 241.376129
USING PRECUED ITEMS - SHOULD NEVER BE DONE IN TRAINING
[denoise_one_step] t_idx=1
  x_t shape: torch.Size([1, 1, 1, 16])
  ablation_vector shape: torch.Size([16])
  component shape: torch.Size([1, 1, 1, 16])
  Mean |component| being removed: 7.032880
  Mean |x_t| before ablation: 235.865952
  Mean |x_t| after ablation: 235.761078
USING PRECUED ITEMS - SHOULD NEVER BE DONE IN TRAINING
[denoise_one_step] t_idx=1
  x_t shape: torch.Size([1, 1, 1, 16])
  ablation_vector shape: torch.Size([16])
  component shape: torch.Size([1, 1, 1, 16])
  Mean |component| being removed: 7.426893
  Mean |x_t| before ablation: 247.493698
  Mean |x_t| after ablation: 247.382248
USING PRECUED ITEMS - SHOULD NEVER BE DONE IN TRAINING
[denoise_one_step] t_idx=1
  x_t shape: torch.Size([1, 1, 1, 16])
  ablation_vector shape: torch.Size([16])
  component shape: torch.Size([1, 1, 1, 16])
  Mean |component| being removed: 7.287851
  Mean |x_t| before ablation: 245.493332
  Mean |x_t| after ablation: 245.385132
USING PRECUED ITEMS - SHOULD NEVER BE DONE IN TRAINING
[denoise_one_step] t_idx=1
  x_t shape: torch.Size([1, 1, 1, 16])
  ablation_vector shape: torch.Size([16])
  component shape: torch.Size([1, 1, 1, 16])
  Mean |component| being removed: 8.821629
  Mean |x_t| before ablation: 242.067093
  Mean |x_t| after ablation: 241.906296
USING PRECUED ITEMS - SHOULD NEVER BE DONE IN TRAINING
[denoise_one_step] t_idx=1
  x_t shape: torch.Size([1, 1, 1, 16])
  ablation_vector shape: torch.Size([16])
  component shape: torch.Size([1, 1, 1, 16])
  Mean |component| being removed: 8.712368
  Mean |x_t| before ablation: 252.324585
  Mean |x_t| after ablation: 252.174149
USING PRECUED ITEMS - SHOULD NEVER BE DONE IN TRAINING
[denoise_one_step] t_idx=1
  x_t shape: torch.Size([1, 1, 1, 16])
  ablation_vector shape: torch.Size([16])
  component shape: torch.Size([1, 1, 1, 16])
  Mean |component| being removed: 7.793468
  Mean |x_t| before ablation: 252.365707
  Mean |x_t| after ablation: 252.245361
USING PRECUED ITEMS - SHOULD NEVER BE DONE IN TRAINING
[denoise_one_step] t_idx=1
  x_t shape: torch.Size([1, 1, 1, 16])
  ablation_vector shape: torch.Size([16])
  component shape: torch.Size([1, 1, 1, 16])
  Mean |component| being removed: 8.241056
  Mean |x_t| before ablation: 246.306427
  Mean |x_t| after ablation: 246.168518
USING PRECUED ITEMS - SHOULD NEVER BE DONE IN TRAINING
[denoise_one_step] t_idx=1
  x_t shape: torch.Size([1, 1, 1, 16])
  ablation_vector shape: torch.Size([16])
  component shape: torch.Size([1, 1, 1, 16])
  Mean |component| being removed: 6.055165
  Mean |x_t| before ablation: 234.887329
  Mean |x_t| after ablation: 234.809265
USING PRECUED ITEMS - SHOULD NEVER BE DONE IN TRAINING
[denoise_one_step] t_idx=1
  x_t shape: torch.Size([1, 1, 1, 16])
  ablation_vector shape: torch.Size([16])
  component shape: torch.Size([1, 1, 1, 16])
  Mean |component| being removed: 6.868080
  Mean |x_t| before ablation: 228.928940
  Mean |x_t| after ablation: 228.825897
USING PRECUED ITEMS - SHOULD NEVER BE DONE IN TRAINING
[denoise_one_step] t_idx=1
  x_t shape: torch.Size([1, 1, 1, 16])
  ablation_vector shape: torch.Size([16])
  component shape: torch.Size([1, 1, 1, 16])
  Mean |component| being removed: 6.710490
  Mean |x_t| before ablation: 245.371124
  Mean |x_t| after ablation: 245.279343
USING PRECUED ITEMS - SHOULD NEVER BE DONE IN TRAINING
[denoise_one_step] t_idx=1
  x_t shape: torch.Size([1, 1, 1, 16])
  ablation_vector shape: torch.Size([16])
  component shape: torch.Size([1, 1, 1, 16])
  Mean |component| being removed: 7.465615
  Mean |x_t| before ablation: 241.762405
  Mean |x_t| after ablation: 241.647110
USING PRECUED ITEMS - SHOULD NEVER BE DONE IN TRAINING
[denoise_one_step] t_idx=1
  x_t shape: torch.Size([1, 1, 1, 16])
  ablation_vector shape: torch.Size([16])
  component shape: torch.Size([1, 1, 1, 16])
  Mean |component| being removed: 4.457526
  Mean |x_t| before ablation: 237.869247
  Mean |x_t| after ablation: 237.827484
USING PRECUED ITEMS - SHOULD NEVER BE DONE IN TRAINING
[denoise_one_step] t_idx=1
  x_t shape: torch.Size([1, 1, 1, 16])
  ablation_vector shape: torch.Size([16])
  component shape: torch.Size([1, 1, 1, 16])
  Mean |component| being removed: 4.593105
  Mean |x_t| before ablation: 229.808929
  Mean |x_t| after ablation: 229.763000
USING PRECUED ITEMS - SHOULD NEVER BE DONE IN TRAINING
[denoise_one_step] t_idx=1
  x_t shape: torch.Size([1, 1, 1, 16])
  ablation_vector shape: torch.Size([16])
  component shape: torch.Size([1, 1, 1, 16])
  Mean |component| being removed: 4.663687
  Mean |x_t| before ablation: 230.759308
  Mean |x_t| after ablation: 230.712189
USING PRECUED ITEMS - SHOULD NEVER BE DONE IN TRAINING
[denoise_one_step] t_idx=1
  x_t shape: torch.Size([1, 1, 1, 16])
  ablation_vector shape: torch.Size([16])
  component shape: torch.Size([1, 1, 1, 16])
  Mean |component| being removed: 4.127996
  Mean |x_t| before ablation: 242.442657
  Mean |x_t| after ablation: 242.407501
USING PRECUED ITEMS - SHOULD NEVER BE DONE IN TRAINING
[denoise_one_step] t_idx=1
  x_t shape: torch.Size([1, 1, 1, 16])
  ablation_vector shape: torch.Size([16])
  component shape: torch.Size([1, 1, 1, 16])
  Mean |component| being removed: 3.700139
  Mean |x_t| before ablation: 238.483643
  Mean |x_t| after ablation: 238.454941
USING PRECUED ITEMS - SHOULD NEVER BE DONE IN TRAINING
[denoise_one_step] t_idx=1
  x_t shape: torch.Size([1, 1, 1, 16])
  ablation_vector shape: torch.Size([16])
  component shape: torch.Size([1, 1, 1, 16])
  Mean |component| being removed: 5.583308
  Mean |x_t| before ablation: 252.528809
  Mean |x_t| after ablation: 252.467072
USING PRECUED ITEMS - SHOULD NEVER BE DONE IN TRAINING
[denoise_one_step] t_idx=1
  x_t shape: torch.Size([1, 1, 1, 16])
  ablation_vector shape: torch.Size([16])
  component shape: torch.Size([1, 1, 1, 16])
  Mean |component| being removed: 5.047158
  Mean |x_t| before ablation: 244.695160
  Mean |x_t| after ablation: 244.643097
USING PRECUED ITEMS - SHOULD NEVER BE DONE IN TRAINING
[denoise_one_step] t_idx=1
  x_t shape: torch.Size([1, 1, 1, 16])
  ablation_vector shape: torch.Size([16])
  component shape: torch.Size([1, 1, 1, 16])
  Mean |component| being removed: 4.841436
  Mean |x_t| before ablation: 241.674469
  Mean |x_t| after ablation: 241.625992
USING PRECUED ITEMS - SHOULD NEVER BE DONE IN TRAINING
[denoise_one_step] t_idx=1
  x_t shape: torch.Size([1, 1, 1, 16])
  ablation_vector shape: torch.Size([16])
  component shape: torch.Size([1, 1, 1, 16])
  Mean |component| being removed: 4.659545
  Mean |x_t| before ablation: 236.603668
  Mean |x_t| after ablation: 236.557785
USING PRECUED ITEMS - SHOULD NEVER BE DONE IN TRAINING
[denoise_one_step] t_idx=1
  x_t shape: torch.Size([1, 1, 1, 16])
  ablation_vector shape: torch.Size([16])
  component shape: torch.Size([1, 1, 1, 16])
  Mean |component| being removed: 3.949053
  Mean |x_t| before ablation: 239.068512
  Mean |x_t| after ablation: 239.035873
USING PRECUED ITEMS - SHOULD NEVER BE DONE IN TRAINING
[denoise_one_step] t_idx=1
  x_t shape: torch.Size([1, 1, 1, 16])
  ablation_vector shape: torch.Size([16])
  component shape: torch.Size([1, 1, 1, 16])
  Mean |component| being removed: 4.466506
  Mean |x_t| before ablation: 240.643570
  Mean |x_t| after ablation: 240.602112
USING PRECUED ITEMS - SHOULD NEVER BE DONE IN TRAINING
[denoise_one_step] t_idx=1
  x_t shape: torch.Size([1, 1, 1, 16])
  ablation_vector shape: torch.Size([16])
  component shape: torch.Size([1, 1, 1, 16])
  Mean |component| being removed: 4.617540
  Mean |x_t| before ablation: 238.001831
  Mean |x_t| after ablation: 237.957031
USING PRECUED ITEMS - SHOULD NEVER BE DONE IN TRAINING
[denoise_one_step] t_idx=1
  x_t shape: torch.Size([1, 1, 1, 16])
  ablation_vector shape: torch.Size([16])
  component shape: torch.Size([1, 1, 1, 16])
  Mean |component| being removed: 2.945695
  Mean |x_t| before ablation: 249.652145
  Mean |x_t| after ablation: 249.634781
USING PRECUED ITEMS - SHOULD NEVER BE DONE IN TRAINING
[denoise_one_step] t_idx=1
  x_t shape: torch.Size([1, 1, 1, 16])
  ablation_vector shape: torch.Size([16])
  component shape: torch.Size([1, 1, 1, 16])
  Mean |component| being removed: 2.771781
  Mean |x_t| before ablation: 240.992142
  Mean |x_t| after ablation: 240.976212
USING PRECUED ITEMS - SHOULD NEVER BE DONE IN TRAINING
[denoise_one_step] t_idx=1
  x_t shape: torch.Size([1, 1, 1, 16])
  ablation_vector shape: torch.Size([16])
  component shape: torch.Size([1, 1, 1, 16])
  Mean |component| being removed: 4.399783
  Mean |x_t| before ablation: 255.464935
  Mean |x_t| after ablation: 255.427048
USING PRECUED ITEMS - SHOULD NEVER BE DONE IN TRAINING
[denoise_one_step] t_idx=1
  x_t shape: torch.Size([1, 1, 1, 16])
  ablation_vector shape: torch.Size([16])
  component shape: torch.Size([1, 1, 1, 16])
  Mean |component| being removed: 4.648827
  Mean |x_t| before ablation: 249.409607
  Mean |x_t| after ablation: 249.366272
USING PRECUED ITEMS - SHOULD NEVER BE DONE IN TRAINING
[denoise_one_step] t_idx=1
  x_t shape: torch.Size([1, 1, 1, 16])
  ablation_vector shape: torch.Size([16])
  component shape: torch.Size([1, 1, 1, 16])
  Mean |component| being removed: 3.689336
  Mean |x_t| before ablation: 241.470367
  Mean |x_t| after ablation: 241.442169
USING PRECUED ITEMS - SHOULD NEVER BE DONE IN TRAINING
[denoise_one_step] t_idx=1
  x_t shape: torch.Size([1, 1, 1, 16])
  ablation_vector shape: torch.Size([16])
  component shape: torch.Size([1, 1, 1, 16])
  Mean |component| being removed: 2.963167
  Mean |x_t| before ablation: 240.697083
  Mean |x_t| after ablation: 240.678833
USING PRECUED ITEMS - SHOULD NEVER BE DONE IN TRAINING
[denoise_one_step] t_idx=1
  x_t shape: torch.Size([1, 1, 1, 16])
  ablation_vector shape: torch.Size([16])
  component shape: torch.Size([1, 1, 1, 16])
  Mean |component| being removed: 3.173626
  Mean |x_t| before ablation: 246.802063
  Mean |x_t| after ablation: 246.781662
USING PRECUED ITEMS - SHOULD NEVER BE DONE IN TRAINING
[denoise_one_step] t_idx=1
  x_t shape: torch.Size([1, 1, 1, 16])
  ablation_vector shape: torch.Size([16])
  component shape: torch.Size([1, 1, 1, 16])
  Mean |component| being removed: 3.551673
  Mean |x_t| before ablation: 231.174637
  Mean |x_t| after ablation: 231.147339
USING PRECUED ITEMS - SHOULD NEVER BE DONE IN TRAINING
[denoise_one_step] t_idx=1
  x_t shape: torch.Size([1, 1, 1, 16])
  ablation_vector shape: torch.Size([16])
  component shape: torch.Size([1, 1, 1, 16])
  Mean |component| being removed: 2.849911
  Mean |x_t| before ablation: 243.489868
  Mean |x_t| after ablation: 243.473190
USING PRECUED ITEMS - SHOULD NEVER BE DONE IN TRAINING
[denoise_one_step] t_idx=1
  x_t shape: torch.Size([1, 1, 1, 16])
  ablation_vector shape: torch.Size([16])
  component shape: torch.Size([1, 1, 1, 16])
  Mean |component| being removed: 2.872693
  Mean |x_t| before ablation: 238.320984
  Mean |x_t| after ablation: 238.303696
USING PRECUED ITEMS - SHOULD NEVER BE DONE IN TRAINING
[denoise_one_step] t_idx=1
  x_t shape: torch.Size([1, 1, 1, 16])
  ablation_vector shape: torch.Size([16])
  component shape: torch.Size([1, 1, 1, 16])
  Mean |component| being removed: 4.564715
  Mean |x_t| before ablation: 257.803131
  Mean |x_t| after ablation: 257.762726
USING PRECUED ITEMS - SHOULD NEVER BE DONE IN TRAINING
[denoise_one_step] t_idx=1
  x_t shape: torch.Size([1, 1, 1, 16])
  ablation_vector shape: torch.Size([16])
  component shape: torch.Size([1, 1, 1, 16])
  Mean |component| being removed: 3.120167
  Mean |x_t| before ablation: 247.352966
  Mean |x_t| after ablation: 247.333298
Binning and averaging each preparatory timestep by cued-color bin...
Global PCA explained variance ratio: [0.90074181 0.03344113 0.03217306]
Global PCA cumulative variance: [0.90074181 0.93418294 0.966356  ]
Binning and averaging each diffusion timestep by cued-color bin...
Diffusion PCA explained variance ratio: [0.52944933 0.32773015 0.12005585]
Diffusion PCA cumulative variance: [0.52944933 0.85717948 0.97723533]
Saved outputs:
  /scratch3/shaiq_home/repos/behaviour_ddpm/ddpm/analysis/new_analysis/results/3D_plots/teacher_individualized_pca_index_cued_first_diffusion_no_swap_1/dir_0/prospective_memory_global_pca_all_prep_steps_3d.png
  /scratch3/shaiq_home/repos/behaviour_ddpm/ddpm/analysis/new_analysis/results/3D_plots/teacher_individualized_pca_index_cued_first_diffusion_no_swap_1/dir_0/prospective_memory_global_pca_prep_spatial_rings_over_time_3d.png
  /scratch3/shaiq_home/repos/behaviour_ddpm/ddpm/analysis/new_analysis/results/3D_plots/teacher_individualized_pca_index_cued_first_diffusion_no_swap_1/dir_0/prospective_memory_global_pca_all_diffusion_steps_3d.png
  /scratch3/shaiq_home/repos/behaviour_ddpm/ddpm/analysis/new_analysis/results/3D_plots/teacher_individualized_pca_index_cued_first_diffusion_no_swap_1/dir_0/prospective_memory_global_pca_diffusion_spatial_rings_over_time_3d.png
  /scratch3/shaiq_home/repos/behaviour_ddpm/ddpm/analysis/new_analysis/results/3D_plots/teacher_individualized_pca_index_cued_first_diffusion_no_swap_1/dir_0/global_pca_trajectory_data.npz
  /scratch3/shaiq_home/repos/behaviour_ddpm/ddpm/analysis/new_analysis/results/3D_plots/teacher_individualized_pca_index_cued_first_diffusion_no_swap_1/dir_0/global_pca_diffusion_data.npz
  /scratch3/shaiq_home/repos/behaviour_ddpm/ddpm/analysis/new_analysis/results/3D_plots/teacher_individualized_pca_index_cued_first_diffusion_no_swap_1/dir_0/global_pca_trajectory_summary.json
