Repo root: /scratch3/shaiq_home/repos/behaviour_ddpm
Run dir: /scratch3/shaiq_home/results_link/index_cued_first_diffusion_no_swap_1
Output dir: /scratch3/shaiq_home/repos/behaviour_ddpm/ddpm/analysis/new_analysis/results/3D_plots/teacher_individualized_pca_index_cued_first_diffusion_no_swap_1/dir_12
Device: cuda
Ablation setup: source=direction_sweep, conditions=[12]
Prep indices: [0, 1, 2, 3]
Generated 288 trials (1 ablation conditions: [12])
Extracting all preparatory timesteps across trials...
USING PRECUED ITEMS - SHOULD NEVER BE DONE IN TRAINING
[denoise_one_step] t_idx=1
  x_t shape: torch.Size([1, 1, 1, 16])
  ablation_vector shape: torch.Size([16])
  component shape: torch.Size([1, 1, 1, 16])
  Mean |component| being removed: 2.072163
  Mean |x_t| before ablation: 124.522095
  Mean |x_t| after ablation: 124.504852
USING PRECUED ITEMS - SHOULD NEVER BE DONE IN TRAINING
[denoise_one_step] t_idx=1
  x_t shape: torch.Size([1, 1, 1, 16])
  ablation_vector shape: torch.Size([16])
  component shape: torch.Size([1, 1, 1, 16])
  Mean |component| being removed: 2.495306
  Mean |x_t| before ablation: 132.356461
  Mean |x_t| after ablation: 132.332932
USING PRECUED ITEMS - SHOULD NEVER BE DONE IN TRAINING
[denoise_one_step] t_idx=1
  x_t shape: torch.Size([1, 1, 1, 16])
  ablation_vector shape: torch.Size([16])
  component shape: torch.Size([1, 1, 1, 16])
  Mean |component| being removed: 1.008369
  Mean |x_t| before ablation: 133.809937
  Mean |x_t| after ablation: 133.806137
USING PRECUED ITEMS - SHOULD NEVER BE DONE IN TRAINING
[denoise_one_step] t_idx=1
  x_t shape: torch.Size([1, 1, 1, 16])
  ablation_vector shape: torch.Size([16])
  component shape: torch.Size([1, 1, 1, 16])
  Mean |component| being removed: 2.497231
  Mean |x_t| before ablation: 135.711945
  Mean |x_t| after ablation: 135.688965
USING PRECUED ITEMS - SHOULD NEVER BE DONE IN TRAINING
[denoise_one_step] t_idx=1
  x_t shape: torch.Size([1, 1, 1, 16])
  ablation_vector shape: torch.Size([16])
  component shape: torch.Size([1, 1, 1, 16])
  Mean |component| being removed: 1.981390
  Mean |x_t| before ablation: 133.163467
  Mean |x_t| after ablation: 133.148727
USING PRECUED ITEMS - SHOULD NEVER BE DONE IN TRAINING
[denoise_one_step] t_idx=1
  x_t shape: torch.Size([1, 1, 1, 16])
  ablation_vector shape: torch.Size([16])
  component shape: torch.Size([1, 1, 1, 16])
  Mean |component| being removed: 0.743006
  Mean |x_t| before ablation: 127.715195
  Mean |x_t| after ablation: 127.713036
USING PRECUED ITEMS - SHOULD NEVER BE DONE IN TRAINING
[denoise_one_step] t_idx=1
  x_t shape: torch.Size([1, 1, 1, 16])
  ablation_vector shape: torch.Size([16])
  component shape: torch.Size([1, 1, 1, 16])
  Mean |component| being removed: 1.097904
  Mean |x_t| before ablation: 123.314919
  Mean |x_t| after ablation: 123.310020
USING PRECUED ITEMS - SHOULD NEVER BE DONE IN TRAINING
[denoise_one_step] t_idx=1
  x_t shape: torch.Size([1, 1, 1, 16])
  ablation_vector shape: torch.Size([16])
  component shape: torch.Size([1, 1, 1, 16])
  Mean |component| being removed: 2.602562
  Mean |x_t| before ablation: 116.600723
  Mean |x_t| after ablation: 116.571678
USING PRECUED ITEMS - SHOULD NEVER BE DONE IN TRAINING
[denoise_one_step] t_idx=1
  x_t shape: torch.Size([1, 1, 1, 16])
  ablation_vector shape: torch.Size([16])
  component shape: torch.Size([1, 1, 1, 16])
  Mean |component| being removed: 0.695501
  Mean |x_t| before ablation: 121.009872
  Mean |x_t| after ablation: 121.007866
USING PRECUED ITEMS - SHOULD NEVER BE DONE IN TRAINING
[denoise_one_step] t_idx=1
  x_t shape: torch.Size([1, 1, 1, 16])
  ablation_vector shape: torch.Size([16])
  component shape: torch.Size([1, 1, 1, 16])
  Mean |component| being removed: 0.611221
  Mean |x_t| before ablation: 112.349503
  Mean |x_t| after ablation: 112.347832
USING PRECUED ITEMS - SHOULD NEVER BE DONE IN TRAINING
[denoise_one_step] t_idx=1
  x_t shape: torch.Size([1, 1, 1, 16])
  ablation_vector shape: torch.Size([16])
  component shape: torch.Size([1, 1, 1, 16])
  Mean |component| being removed: 1.698088
  Mean |x_t| before ablation: 126.153954
  Mean |x_t| after ablation: 126.142525
USING PRECUED ITEMS - SHOULD NEVER BE DONE IN TRAINING
[denoise_one_step] t_idx=1
  x_t shape: torch.Size([1, 1, 1, 16])
  ablation_vector shape: torch.Size([16])
  component shape: torch.Size([1, 1, 1, 16])
  Mean |component| being removed: 1.478382
  Mean |x_t| before ablation: 124.092644
  Mean |x_t| after ablation: 124.083839
USING PRECUED ITEMS - SHOULD NEVER BE DONE IN TRAINING
[denoise_one_step] t_idx=1
  x_t shape: torch.Size([1, 1, 1, 16])
  ablation_vector shape: torch.Size([16])
  component shape: torch.Size([1, 1, 1, 16])
  Mean |component| being removed: 1.560532
  Mean |x_t| before ablation: 137.187103
  Mean |x_t| after ablation: 137.178223
USING PRECUED ITEMS - SHOULD NEVER BE DONE IN TRAINING
[denoise_one_step] t_idx=1
  x_t shape: torch.Size([1, 1, 1, 16])
  ablation_vector shape: torch.Size([16])
  component shape: torch.Size([1, 1, 1, 16])
  Mean |component| being removed: 1.242430
  Mean |x_t| before ablation: 144.566452
  Mean |x_t| after ablation: 144.561127
USING PRECUED ITEMS - SHOULD NEVER BE DONE IN TRAINING
[denoise_one_step] t_idx=1
  x_t shape: torch.Size([1, 1, 1, 16])
  ablation_vector shape: torch.Size([16])
  component shape: torch.Size([1, 1, 1, 16])
  Mean |component| being removed: 1.766276
  Mean |x_t| before ablation: 142.925797
  Mean |x_t| after ablation: 142.914886
USING PRECUED ITEMS - SHOULD NEVER BE DONE IN TRAINING
[denoise_one_step] t_idx=1
  x_t shape: torch.Size([1, 1, 1, 16])
  ablation_vector shape: torch.Size([16])
  component shape: torch.Size([1, 1, 1, 16])
  Mean |component| being removed: 1.935824
  Mean |x_t| before ablation: 138.233261
  Mean |x_t| after ablation: 138.219711
USING PRECUED ITEMS - SHOULD NEVER BE DONE IN TRAINING
[denoise_one_step] t_idx=1
  x_t shape: torch.Size([1, 1, 1, 16])
  ablation_vector shape: torch.Size([16])
  component shape: torch.Size([1, 1, 1, 16])
  Mean |component| being removed: 1.733637
  Mean |x_t| before ablation: 149.249481
  Mean |x_t| after ablation: 149.239410
USING PRECUED ITEMS - SHOULD NEVER BE DONE IN TRAINING
[denoise_one_step] t_idx=1
  x_t shape: torch.Size([1, 1, 1, 16])
  ablation_vector shape: torch.Size([16])
  component shape: torch.Size([1, 1, 1, 16])
  Mean |component| being removed: 2.204201
  Mean |x_t| before ablation: 141.726395
  Mean |x_t| after ablation: 141.709259
USING PRECUED ITEMS - SHOULD NEVER BE DONE IN TRAINING
[denoise_one_step] t_idx=1
  x_t shape: torch.Size([1, 1, 1, 16])
  ablation_vector shape: torch.Size([16])
  component shape: torch.Size([1, 1, 1, 16])
  Mean |component| being removed: 2.948492
  Mean |x_t| before ablation: 132.487289
  Mean |x_t| after ablation: 132.454483
USING PRECUED ITEMS - SHOULD NEVER BE DONE IN TRAINING
[denoise_one_step] t_idx=1
  x_t shape: torch.Size([1, 1, 1, 16])
  ablation_vector shape: torch.Size([16])
  component shape: torch.Size([1, 1, 1, 16])
  Mean |component| being removed: 0.684135
  Mean |x_t| before ablation: 126.269058
  Mean |x_t| after ablation: 126.267204
USING PRECUED ITEMS - SHOULD NEVER BE DONE IN TRAINING
[denoise_one_step] t_idx=1
  x_t shape: torch.Size([1, 1, 1, 16])
  ablation_vector shape: torch.Size([16])
  component shape: torch.Size([1, 1, 1, 16])
  Mean |component| being removed: 1.115028
  Mean |x_t| before ablation: 127.884300
  Mean |x_t| after ablation: 127.879440
USING PRECUED ITEMS - SHOULD NEVER BE DONE IN TRAINING
[denoise_one_step] t_idx=1
  x_t shape: torch.Size([1, 1, 1, 16])
  ablation_vector shape: torch.Size([16])
  component shape: torch.Size([1, 1, 1, 16])
  Mean |component| being removed: 1.319492
  Mean |x_t| before ablation: 125.541733
  Mean |x_t| after ablation: 125.534798
USING PRECUED ITEMS - SHOULD NEVER BE DONE IN TRAINING
[denoise_one_step] t_idx=1
  x_t shape: torch.Size([1, 1, 1, 16])
  ablation_vector shape: torch.Size([16])
  component shape: torch.Size([1, 1, 1, 16])
  Mean |component| being removed: 2.137070
  Mean |x_t| before ablation: 128.103561
  Mean |x_t| after ablation: 128.085739
USING PRECUED ITEMS - SHOULD NEVER BE DONE IN TRAINING
[denoise_one_step] t_idx=1
  x_t shape: torch.Size([1, 1, 1, 16])
  ablation_vector shape: torch.Size([16])
  component shape: torch.Size([1, 1, 1, 16])
  Mean |component| being removed: 1.773298
  Mean |x_t| before ablation: 133.519196
  Mean |x_t| after ablation: 133.507416
USING PRECUED ITEMS - SHOULD NEVER BE DONE IN TRAINING
[denoise_one_step] t_idx=1
  x_t shape: torch.Size([1, 1, 1, 16])
  ablation_vector shape: torch.Size([16])
  component shape: torch.Size([1, 1, 1, 16])
  Mean |component| being removed: 1.578669
  Mean |x_t| before ablation: 158.235321
  Mean |x_t| after ablation: 158.227448
USING PRECUED ITEMS - SHOULD NEVER BE DONE IN TRAINING
[denoise_one_step] t_idx=1
  x_t shape: torch.Size([1, 1, 1, 16])
  ablation_vector shape: torch.Size([16])
  component shape: torch.Size([1, 1, 1, 16])
  Mean |component| being removed: 2.308676
  Mean |x_t| before ablation: 146.395905
  Mean |x_t| after ablation: 146.377701
USING PRECUED ITEMS - SHOULD NEVER BE DONE IN TRAINING
[denoise_one_step] t_idx=1
  x_t shape: torch.Size([1, 1, 1, 16])
  ablation_vector shape: torch.Size([16])
  component shape: torch.Size([1, 1, 1, 16])
  Mean |component| being removed: 1.772633
  Mean |x_t| before ablation: 159.858521
  Mean |x_t| after ablation: 159.848709
USING PRECUED ITEMS - SHOULD NEVER BE DONE IN TRAINING
[denoise_one_step] t_idx=1
  x_t shape: torch.Size([1, 1, 1, 16])
  ablation_vector shape: torch.Size([16])
  component shape: torch.Size([1, 1, 1, 16])
  Mean |component| being removed: 2.158997
  Mean |x_t| before ablation: 154.737289
  Mean |x_t| after ablation: 154.722229
USING PRECUED ITEMS - SHOULD NEVER BE DONE IN TRAINING
[denoise_one_step] t_idx=1
  x_t shape: torch.Size([1, 1, 1, 16])
  ablation_vector shape: torch.Size([16])
  component shape: torch.Size([1, 1, 1, 16])
  Mean |component| being removed: 1.474434
  Mean |x_t| before ablation: 148.608246
  Mean |x_t| after ablation: 148.600937
USING PRECUED ITEMS - SHOULD NEVER BE DONE IN TRAINING
[denoise_one_step] t_idx=1
  x_t shape: torch.Size([1, 1, 1, 16])
  ablation_vector shape: torch.Size([16])
  component shape: torch.Size([1, 1, 1, 16])
  Mean |component| being removed: 2.424505
  Mean |x_t| before ablation: 147.468781
  Mean |x_t| after ablation: 147.448837
USING PRECUED ITEMS - SHOULD NEVER BE DONE IN TRAINING
[denoise_one_step] t_idx=1
  x_t shape: torch.Size([1, 1, 1, 16])
  ablation_vector shape: torch.Size([16])
  component shape: torch.Size([1, 1, 1, 16])
  Mean |component| being removed: 2.817314
  Mean |x_t| before ablation: 148.099854
  Mean |x_t| after ablation: 148.073059
USING PRECUED ITEMS - SHOULD NEVER BE DONE IN TRAINING
[denoise_one_step] t_idx=1
  x_t shape: torch.Size([1, 1, 1, 16])
  ablation_vector shape: torch.Size([16])
  component shape: torch.Size([1, 1, 1, 16])
  Mean |component| being removed: 1.587832
  Mean |x_t| before ablation: 139.736359
  Mean |x_t| after ablation: 139.727341
USING PRECUED ITEMS - SHOULD NEVER BE DONE IN TRAINING
[denoise_one_step] t_idx=1
  x_t shape: torch.Size([1, 1, 1, 16])
  ablation_vector shape: torch.Size([16])
  component shape: torch.Size([1, 1, 1, 16])
  Mean |component| being removed: 2.266748
  Mean |x_t| before ablation: 142.742188
  Mean |x_t| after ablation: 142.724182
USING PRECUED ITEMS - SHOULD NEVER BE DONE IN TRAINING
[denoise_one_step] t_idx=1
  x_t shape: torch.Size([1, 1, 1, 16])
  ablation_vector shape: torch.Size([16])
  component shape: torch.Size([1, 1, 1, 16])
  Mean |component| being removed: 1.139807
  Mean |x_t| before ablation: 139.498306
  Mean |x_t| after ablation: 139.493652
USING PRECUED ITEMS - SHOULD NEVER BE DONE IN TRAINING
[denoise_one_step] t_idx=1
  x_t shape: torch.Size([1, 1, 1, 16])
  ablation_vector shape: torch.Size([16])
  component shape: torch.Size([1, 1, 1, 16])
  Mean |component| being removed: 2.094627
  Mean |x_t| before ablation: 143.089890
  Mean |x_t| after ablation: 143.074554
USING PRECUED ITEMS - SHOULD NEVER BE DONE IN TRAINING
[denoise_one_step] t_idx=1
  x_t shape: torch.Size([1, 1, 1, 16])
  ablation_vector shape: torch.Size([16])
  component shape: torch.Size([1, 1, 1, 16])
  Mean |component| being removed: 2.303396
  Mean |x_t| before ablation: 153.120026
  Mean |x_t| after ablation: 153.102692
USING PRECUED ITEMS - SHOULD NEVER BE DONE IN TRAINING
[denoise_one_step] t_idx=1
  x_t shape: torch.Size([1, 1, 1, 16])
  ablation_vector shape: torch.Size([16])
  component shape: torch.Size([1, 1, 1, 16])
  Mean |component| being removed: 2.342640
  Mean |x_t| before ablation: 169.922012
  Mean |x_t| after ablation: 169.905869
USING PRECUED ITEMS - SHOULD NEVER BE DONE IN TRAINING
[denoise_one_step] t_idx=1
  x_t shape: torch.Size([1, 1, 1, 16])
  ablation_vector shape: torch.Size([16])
  component shape: torch.Size([1, 1, 1, 16])
  Mean |component| being removed: 2.214003
  Mean |x_t| before ablation: 180.981293
  Mean |x_t| after ablation: 180.967743
USING PRECUED ITEMS - SHOULD NEVER BE DONE IN TRAINING
[denoise_one_step] t_idx=1
  x_t shape: torch.Size([1, 1, 1, 16])
  ablation_vector shape: torch.Size([16])
  component shape: torch.Size([1, 1, 1, 16])
  Mean |component| being removed: 2.302368
  Mean |x_t| before ablation: 173.266525
  Mean |x_t| after ablation: 173.251236
USING PRECUED ITEMS - SHOULD NEVER BE DONE IN TRAINING
[denoise_one_step] t_idx=1
  x_t shape: torch.Size([1, 1, 1, 16])
  ablation_vector shape: torch.Size([16])
  component shape: torch.Size([1, 1, 1, 16])
  Mean |component| being removed: 2.295967
  Mean |x_t| before ablation: 164.036804
  Mean |x_t| after ablation: 164.020737
USING PRECUED ITEMS - SHOULD NEVER BE DONE IN TRAINING
[denoise_one_step] t_idx=1
  x_t shape: torch.Size([1, 1, 1, 16])
  ablation_vector shape: torch.Size([16])
  component shape: torch.Size([1, 1, 1, 16])
  Mean |component| being removed: 1.067719
  Mean |x_t| before ablation: 170.108566
  Mean |x_t| after ablation: 170.105209
USING PRECUED ITEMS - SHOULD NEVER BE DONE IN TRAINING
[denoise_one_step] t_idx=1
  x_t shape: torch.Size([1, 1, 1, 16])
  ablation_vector shape: torch.Size([16])
  component shape: torch.Size([1, 1, 1, 16])
  Mean |component| being removed: 1.915524
  Mean |x_t| before ablation: 168.948929
  Mean |x_t| after ablation: 168.938065
USING PRECUED ITEMS - SHOULD NEVER BE DONE IN TRAINING
[denoise_one_step] t_idx=1
  x_t shape: torch.Size([1, 1, 1, 16])
  ablation_vector shape: torch.Size([16])
  component shape: torch.Size([1, 1, 1, 16])
  Mean |component| being removed: 1.942402
  Mean |x_t| before ablation: 168.845795
  Mean |x_t| after ablation: 168.834625
USING PRECUED ITEMS - SHOULD NEVER BE DONE IN TRAINING
[denoise_one_step] t_idx=1
  x_t shape: torch.Size([1, 1, 1, 16])
  ablation_vector shape: torch.Size([16])
  component shape: torch.Size([1, 1, 1, 16])
  Mean |component| being removed: 1.553631
  Mean |x_t| before ablation: 166.808197
  Mean |x_t| after ablation: 166.800964
USING PRECUED ITEMS - SHOULD NEVER BE DONE IN TRAINING
[denoise_one_step] t_idx=1
  x_t shape: torch.Size([1, 1, 1, 16])
  ablation_vector shape: torch.Size([16])
  component shape: torch.Size([1, 1, 1, 16])
  Mean |component| being removed: 1.406935
  Mean |x_t| before ablation: 169.032928
  Mean |x_t| after ablation: 169.027084
USING PRECUED ITEMS - SHOULD NEVER BE DONE IN TRAINING
[denoise_one_step] t_idx=1
  x_t shape: torch.Size([1, 1, 1, 16])
  ablation_vector shape: torch.Size([16])
  component shape: torch.Size([1, 1, 1, 16])
  Mean |component| being removed: 1.216105
  Mean |x_t| before ablation: 161.898865
  Mean |x_t| after ablation: 161.894302
USING PRECUED ITEMS - SHOULD NEVER BE DONE IN TRAINING
[denoise_one_step] t_idx=1
  x_t shape: torch.Size([1, 1, 1, 16])
  ablation_vector shape: torch.Size([16])
  component shape: torch.Size([1, 1, 1, 16])
  Mean |component| being removed: 2.013168
  Mean |x_t| before ablation: 162.371933
  Mean |x_t| after ablation: 162.359451
USING PRECUED ITEMS - SHOULD NEVER BE DONE IN TRAINING
[denoise_one_step] t_idx=1
  x_t shape: torch.Size([1, 1, 1, 16])
  ablation_vector shape: torch.Size([16])
  component shape: torch.Size([1, 1, 1, 16])
  Mean |component| being removed: 2.174541
  Mean |x_t| before ablation: 169.138535
  Mean |x_t| after ablation: 169.124542
USING PRECUED ITEMS - SHOULD NEVER BE DONE IN TRAINING
[denoise_one_step] t_idx=1
  x_t shape: torch.Size([1, 1, 1, 16])
  ablation_vector shape: torch.Size([16])
  component shape: torch.Size([1, 1, 1, 16])
  Mean |component| being removed: 1.344141
  Mean |x_t| before ablation: 167.833817
  Mean |x_t| after ablation: 167.828445
USING PRECUED ITEMS - SHOULD NEVER BE DONE IN TRAINING
[denoise_one_step] t_idx=1
  x_t shape: torch.Size([1, 1, 1, 16])
  ablation_vector shape: torch.Size([16])
  component shape: torch.Size([1, 1, 1, 16])
  Mean |component| being removed: 1.280392
  Mean |x_t| before ablation: 174.748047
  Mean |x_t| after ablation: 174.743362
USING PRECUED ITEMS - SHOULD NEVER BE DONE IN TRAINING
[denoise_one_step] t_idx=1
  x_t shape: torch.Size([1, 1, 1, 16])
  ablation_vector shape: torch.Size([16])
  component shape: torch.Size([1, 1, 1, 16])
  Mean |component| being removed: 2.409372
  Mean |x_t| before ablation: 195.715012
  Mean |x_t| after ablation: 195.700180
USING PRECUED ITEMS - SHOULD NEVER BE DONE IN TRAINING
[denoise_one_step] t_idx=1
  x_t shape: torch.Size([1, 1, 1, 16])
  ablation_vector shape: torch.Size([16])
  component shape: torch.Size([1, 1, 1, 16])
  Mean |component| being removed: 1.948643
  Mean |x_t| before ablation: 187.498627
  Mean |x_t| after ablation: 187.488495
USING PRECUED ITEMS - SHOULD NEVER BE DONE IN TRAINING
[denoise_one_step] t_idx=1
  x_t shape: torch.Size([1, 1, 1, 16])
  ablation_vector shape: torch.Size([16])
  component shape: torch.Size([1, 1, 1, 16])
  Mean |component| being removed: 1.875439
  Mean |x_t| before ablation: 182.531708
  Mean |x_t| after ablation: 182.522064
USING PRECUED ITEMS - SHOULD NEVER BE DONE IN TRAINING
[denoise_one_step] t_idx=1
  x_t shape: torch.Size([1, 1, 1, 16])
  ablation_vector shape: torch.Size([16])
  component shape: torch.Size([1, 1, 1, 16])
  Mean |component| being removed: 1.544430
  Mean |x_t| before ablation: 202.008469
  Mean |x_t| after ablation: 202.002579
USING PRECUED ITEMS - SHOULD NEVER BE DONE IN TRAINING
[denoise_one_step] t_idx=1
  x_t shape: torch.Size([1, 1, 1, 16])
  ablation_vector shape: torch.Size([16])
  component shape: torch.Size([1, 1, 1, 16])
  Mean |component| being removed: 2.034941
  Mean |x_t| before ablation: 189.477127
  Mean |x_t| after ablation: 189.466187
USING PRECUED ITEMS - SHOULD NEVER BE DONE IN TRAINING
[denoise_one_step] t_idx=1
  x_t shape: torch.Size([1, 1, 1, 16])
  ablation_vector shape: torch.Size([16])
  component shape: torch.Size([1, 1, 1, 16])
  Mean |component| being removed: 0.977770
  Mean |x_t| before ablation: 177.162796
  Mean |x_t| after ablation: 177.160095
USING PRECUED ITEMS - SHOULD NEVER BE DONE IN TRAINING
[denoise_one_step] t_idx=1
  x_t shape: torch.Size([1, 1, 1, 16])
  ablation_vector shape: torch.Size([16])
  component shape: torch.Size([1, 1, 1, 16])
  Mean |component| being removed: 0.758005
  Mean |x_t| before ablation: 174.346542
  Mean |x_t| after ablation: 174.344894
USING PRECUED ITEMS - SHOULD NEVER BE DONE IN TRAINING
[denoise_one_step] t_idx=1
  x_t shape: torch.Size([1, 1, 1, 16])
  ablation_vector shape: torch.Size([16])
  component shape: torch.Size([1, 1, 1, 16])
  Mean |component| being removed: 2.469822
  Mean |x_t| before ablation: 188.536667
  Mean |x_t| after ablation: 188.520493
USING PRECUED ITEMS - SHOULD NEVER BE DONE IN TRAINING
[denoise_one_step] t_idx=1
  x_t shape: torch.Size([1, 1, 1, 16])
  ablation_vector shape: torch.Size([16])
  component shape: torch.Size([1, 1, 1, 16])
  Mean |component| being removed: 1.578411
  Mean |x_t| before ablation: 181.677597
  Mean |x_t| after ablation: 181.670746
USING PRECUED ITEMS - SHOULD NEVER BE DONE IN TRAINING
[denoise_one_step] t_idx=1
  x_t shape: torch.Size([1, 1, 1, 16])
  ablation_vector shape: torch.Size([16])
  component shape: torch.Size([1, 1, 1, 16])
  Mean |component| being removed: 0.981035
  Mean |x_t| before ablation: 179.919601
  Mean |x_t| after ablation: 179.916931
USING PRECUED ITEMS - SHOULD NEVER BE DONE IN TRAINING
[denoise_one_step] t_idx=1
  x_t shape: torch.Size([1, 1, 1, 16])
  ablation_vector shape: torch.Size([16])
  component shape: torch.Size([1, 1, 1, 16])
  Mean |component| being removed: 1.324917
  Mean |x_t| before ablation: 193.796005
  Mean |x_t| after ablation: 193.791489
USING PRECUED ITEMS - SHOULD NEVER BE DONE IN TRAINING
[denoise_one_step] t_idx=1
  x_t shape: torch.Size([1, 1, 1, 16])
  ablation_vector shape: torch.Size([16])
  component shape: torch.Size([1, 1, 1, 16])
  Mean |component| being removed: 1.909840
  Mean |x_t| before ablation: 191.303696
  Mean |x_t| after ablation: 191.294159
USING PRECUED ITEMS - SHOULD NEVER BE DONE IN TRAINING
[denoise_one_step] t_idx=1
  x_t shape: torch.Size([1, 1, 1, 16])
  ablation_vector shape: torch.Size([16])
  component shape: torch.Size([1, 1, 1, 16])
  Mean |component| being removed: 0.601133
  Mean |x_t| before ablation: 185.192703
  Mean |x_t| after ablation: 185.191742
USING PRECUED ITEMS - SHOULD NEVER BE DONE IN TRAINING
[denoise_one_step] t_idx=1
  x_t shape: torch.Size([1, 1, 1, 16])
  ablation_vector shape: torch.Size([16])
  component shape: torch.Size([1, 1, 1, 16])
  Mean |component| being removed: 1.634418
  Mean |x_t| before ablation: 193.904694
  Mean |x_t| after ablation: 193.897781
USING PRECUED ITEMS - SHOULD NEVER BE DONE IN TRAINING
[denoise_one_step] t_idx=1
  x_t shape: torch.Size([1, 1, 1, 16])
  ablation_vector shape: torch.Size([16])
  component shape: torch.Size([1, 1, 1, 16])
  Mean |component| being removed: 1.645565
  Mean |x_t| before ablation: 199.552124
  Mean |x_t| after ablation: 199.545349
USING PRECUED ITEMS - SHOULD NEVER BE DONE IN TRAINING
[denoise_one_step] t_idx=1
  x_t shape: torch.Size([1, 1, 1, 16])
  ablation_vector shape: torch.Size([16])
  component shape: torch.Size([1, 1, 1, 16])
  Mean |component| being removed: 2.631748
  Mean |x_t| before ablation: 199.432037
  Mean |x_t| after ablation: 199.414658
USING PRECUED ITEMS - SHOULD NEVER BE DONE IN TRAINING
[denoise_one_step] t_idx=1
  x_t shape: torch.Size([1, 1, 1, 16])
  ablation_vector shape: torch.Size([16])
  component shape: torch.Size([1, 1, 1, 16])
  Mean |component| being removed: 0.908587
  Mean |x_t| before ablation: 197.637421
  Mean |x_t| after ablation: 197.635330
USING PRECUED ITEMS - SHOULD NEVER BE DONE IN TRAINING
[denoise_one_step] t_idx=1
  x_t shape: torch.Size([1, 1, 1, 16])
  ablation_vector shape: torch.Size([16])
  component shape: torch.Size([1, 1, 1, 16])
  Mean |component| being removed: 0.891651
  Mean |x_t| before ablation: 197.367599
  Mean |x_t| after ablation: 197.365585
USING PRECUED ITEMS - SHOULD NEVER BE DONE IN TRAINING
[denoise_one_step] t_idx=1
  x_t shape: torch.Size([1, 1, 1, 16])
  ablation_vector shape: torch.Size([16])
  component shape: torch.Size([1, 1, 1, 16])
  Mean |component| being removed: 1.017042
  Mean |x_t| before ablation: 187.191833
  Mean |x_t| after ablation: 187.189072
USING PRECUED ITEMS - SHOULD NEVER BE DONE IN TRAINING
[denoise_one_step] t_idx=1
  x_t shape: torch.Size([1, 1, 1, 16])
  ablation_vector shape: torch.Size([16])
  component shape: torch.Size([1, 1, 1, 16])
  Mean |component| being removed: 0.542685
  Mean |x_t| before ablation: 186.861053
  Mean |x_t| after ablation: 186.860275
USING PRECUED ITEMS - SHOULD NEVER BE DONE IN TRAINING
[denoise_one_step] t_idx=1
  x_t shape: torch.Size([1, 1, 1, 16])
  ablation_vector shape: torch.Size([16])
  component shape: torch.Size([1, 1, 1, 16])
  Mean |component| being removed: 0.937300
  Mean |x_t| before ablation: 195.612946
  Mean |x_t| after ablation: 195.610687
USING PRECUED ITEMS - SHOULD NEVER BE DONE IN TRAINING
[denoise_one_step] t_idx=1
  x_t shape: torch.Size([1, 1, 1, 16])
  ablation_vector shape: torch.Size([16])
  component shape: torch.Size([1, 1, 1, 16])
  Mean |component| being removed: 0.537916
  Mean |x_t| before ablation: 188.933090
  Mean |x_t| after ablation: 188.932327
USING PRECUED ITEMS - SHOULD NEVER BE DONE IN TRAINING
[denoise_one_step] t_idx=1
  x_t shape: torch.Size([1, 1, 1, 16])
  ablation_vector shape: torch.Size([16])
  component shape: torch.Size([1, 1, 1, 16])
  Mean |component| being removed: 1.406197
  Mean |x_t| before ablation: 182.736816
  Mean |x_t| after ablation: 182.731415
USING PRECUED ITEMS - SHOULD NEVER BE DONE IN TRAINING
[denoise_one_step] t_idx=1
  x_t shape: torch.Size([1, 1, 1, 16])
  ablation_vector shape: torch.Size([16])
  component shape: torch.Size([1, 1, 1, 16])
  Mean |component| being removed: 1.119349
  Mean |x_t| before ablation: 189.374130
  Mean |x_t| after ablation: 189.370834
USING PRECUED ITEMS - SHOULD NEVER BE DONE IN TRAINING
[denoise_one_step] t_idx=1
  x_t shape: torch.Size([1, 1, 1, 16])
  ablation_vector shape: torch.Size([16])
  component shape: torch.Size([1, 1, 1, 16])
  Mean |component| being removed: 0.682148
  Mean |x_t| before ablation: 172.426071
  Mean |x_t| after ablation: 172.424728
USING PRECUED ITEMS - SHOULD NEVER BE DONE IN TRAINING
[denoise_one_step] t_idx=1
  x_t shape: torch.Size([1, 1, 1, 16])
  ablation_vector shape: torch.Size([16])
  component shape: torch.Size([1, 1, 1, 16])
  Mean |component| being removed: 0.997726
  Mean |x_t| before ablation: 176.931152
  Mean |x_t| after ablation: 176.928329
USING PRECUED ITEMS - SHOULD NEVER BE DONE IN TRAINING
[denoise_one_step] t_idx=1
  x_t shape: torch.Size([1, 1, 1, 16])
  ablation_vector shape: torch.Size([16])
  component shape: torch.Size([1, 1, 1, 16])
  Mean |component| being removed: 1.254169
  Mean |x_t| before ablation: 173.215744
  Mean |x_t| after ablation: 173.211212
USING PRECUED ITEMS - SHOULD NEVER BE DONE IN TRAINING
[denoise_one_step] t_idx=1
  x_t shape: torch.Size([1, 1, 1, 16])
  ablation_vector shape: torch.Size([16])
  component shape: torch.Size([1, 1, 1, 16])
  Mean |component| being removed: 0.287420
  Mean |x_t| before ablation: 179.690308
  Mean |x_t| after ablation: 179.690079
USING PRECUED ITEMS - SHOULD NEVER BE DONE IN TRAINING
[denoise_one_step] t_idx=1
  x_t shape: torch.Size([1, 1, 1, 16])
  ablation_vector shape: torch.Size([16])
  component shape: torch.Size([1, 1, 1, 16])
  Mean |component| being removed: 1.320164
  Mean |x_t| before ablation: 179.538437
  Mean |x_t| after ablation: 179.533585
USING PRECUED ITEMS - SHOULD NEVER BE DONE IN TRAINING
[denoise_one_step] t_idx=1
  x_t shape: torch.Size([1, 1, 1, 16])
  ablation_vector shape: torch.Size([16])
  component shape: torch.Size([1, 1, 1, 16])
  Mean |component| being removed: 0.947836
  Mean |x_t| before ablation: 181.874207
  Mean |x_t| after ablation: 181.871735
USING PRECUED ITEMS - SHOULD NEVER BE DONE IN TRAINING
[denoise_one_step] t_idx=1
  x_t shape: torch.Size([1, 1, 1, 16])
  ablation_vector shape: torch.Size([16])
  component shape: torch.Size([1, 1, 1, 16])
  Mean |component| being removed: 1.135952
  Mean |x_t| before ablation: 172.838974
  Mean |x_t| after ablation: 172.835251
USING PRECUED ITEMS - SHOULD NEVER BE DONE IN TRAINING
[denoise_one_step] t_idx=1
  x_t shape: torch.Size([1, 1, 1, 16])
  ablation_vector shape: torch.Size([16])
  component shape: torch.Size([1, 1, 1, 16])
  Mean |component| being removed: 1.413565
  Mean |x_t| before ablation: 174.659195
  Mean |x_t| after ablation: 174.653488
USING PRECUED ITEMS - SHOULD NEVER BE DONE IN TRAINING
[denoise_one_step] t_idx=1
  x_t shape: torch.Size([1, 1, 1, 16])
  ablation_vector shape: torch.Size([16])
  component shape: torch.Size([1, 1, 1, 16])
  Mean |component| being removed: 0.294523
  Mean |x_t| before ablation: 171.824600
  Mean |x_t| after ablation: 171.824341
USING PRECUED ITEMS - SHOULD NEVER BE DONE IN TRAINING
[denoise_one_step] t_idx=1
  x_t shape: torch.Size([1, 1, 1, 16])
  ablation_vector shape: torch.Size([16])
  component shape: torch.Size([1, 1, 1, 16])
  Mean |component| being removed: 0.781292
  Mean |x_t| before ablation: 179.218613
  Mean |x_t| after ablation: 179.216904
USING PRECUED ITEMS - SHOULD NEVER BE DONE IN TRAINING
[denoise_one_step] t_idx=1
  x_t shape: torch.Size([1, 1, 1, 16])
  ablation_vector shape: torch.Size([16])
  component shape: torch.Size([1, 1, 1, 16])
  Mean |component| being removed: 1.559175
  Mean |x_t| before ablation: 161.612152
  Mean |x_t| after ablation: 161.604630
USING PRECUED ITEMS - SHOULD NEVER BE DONE IN TRAINING
[denoise_one_step] t_idx=1
  x_t shape: torch.Size([1, 1, 1, 16])
  ablation_vector shape: torch.Size([16])
  component shape: torch.Size([1, 1, 1, 16])
  Mean |component| being removed: 1.370354
  Mean |x_t| before ablation: 157.447510
  Mean |x_t| after ablation: 157.441544
USING PRECUED ITEMS - SHOULD NEVER BE DONE IN TRAINING
[denoise_one_step] t_idx=1
  x_t shape: torch.Size([1, 1, 1, 16])
  ablation_vector shape: torch.Size([16])
  component shape: torch.Size([1, 1, 1, 16])
  Mean |component| being removed: 0.290657
  Mean |x_t| before ablation: 161.229004
  Mean |x_t| after ablation: 161.228745
USING PRECUED ITEMS - SHOULD NEVER BE DONE IN TRAINING
[denoise_one_step] t_idx=1
  x_t shape: torch.Size([1, 1, 1, 16])
  ablation_vector shape: torch.Size([16])
  component shape: torch.Size([1, 1, 1, 16])
  Mean |component| being removed: 0.793890
  Mean |x_t| before ablation: 165.871994
  Mean |x_t| after ablation: 165.870102
USING PRECUED ITEMS - SHOULD NEVER BE DONE IN TRAINING
[denoise_one_step] t_idx=1
  x_t shape: torch.Size([1, 1, 1, 16])
  ablation_vector shape: torch.Size([16])
  component shape: torch.Size([1, 1, 1, 16])
  Mean |component| being removed: 0.657558
  Mean |x_t| before ablation: 170.729370
  Mean |x_t| after ablation: 170.728104
USING PRECUED ITEMS - SHOULD NEVER BE DONE IN TRAINING
[denoise_one_step] t_idx=1
  x_t shape: torch.Size([1, 1, 1, 16])
  ablation_vector shape: torch.Size([16])
  component shape: torch.Size([1, 1, 1, 16])
  Mean |component| being removed: 0.275082
  Mean |x_t| before ablation: 160.514053
  Mean |x_t| after ablation: 160.513824
USING PRECUED ITEMS - SHOULD NEVER BE DONE IN TRAINING
[denoise_one_step] t_idx=1
  x_t shape: torch.Size([1, 1, 1, 16])
  ablation_vector shape: torch.Size([16])
  component shape: torch.Size([1, 1, 1, 16])
  Mean |component| being removed: 0.631016
  Mean |x_t| before ablation: 165.014221
  Mean |x_t| after ablation: 165.013016
USING PRECUED ITEMS - SHOULD NEVER BE DONE IN TRAINING
[denoise_one_step] t_idx=1
  x_t shape: torch.Size([1, 1, 1, 16])
  ablation_vector shape: torch.Size([16])
  component shape: torch.Size([1, 1, 1, 16])
  Mean |component| being removed: 0.136225
  Mean |x_t| before ablation: 171.493286
  Mean |x_t| after ablation: 171.493240
USING PRECUED ITEMS - SHOULD NEVER BE DONE IN TRAINING
[denoise_one_step] t_idx=1
  x_t shape: torch.Size([1, 1, 1, 16])
  ablation_vector shape: torch.Size([16])
  component shape: torch.Size([1, 1, 1, 16])
  Mean |component| being removed: 0.573509
  Mean |x_t| before ablation: 166.024460
  Mean |x_t| after ablation: 166.023468
USING PRECUED ITEMS - SHOULD NEVER BE DONE IN TRAINING
[denoise_one_step] t_idx=1
  x_t shape: torch.Size([1, 1, 1, 16])
  ablation_vector shape: torch.Size([16])
  component shape: torch.Size([1, 1, 1, 16])
  Mean |component| being removed: 0.221313
  Mean |x_t| before ablation: 169.321640
  Mean |x_t| after ablation: 169.321503
USING PRECUED ITEMS - SHOULD NEVER BE DONE IN TRAINING
[denoise_one_step] t_idx=1
  x_t shape: torch.Size([1, 1, 1, 16])
  ablation_vector shape: torch.Size([16])
  component shape: torch.Size([1, 1, 1, 16])
  Mean |component| being removed: 0.776585
  Mean |x_t| before ablation: 167.065109
  Mean |x_t| after ablation: 167.063309
USING PRECUED ITEMS - SHOULD NEVER BE DONE IN TRAINING
[denoise_one_step] t_idx=1
  x_t shape: torch.Size([1, 1, 1, 16])
  ablation_vector shape: torch.Size([16])
  component shape: torch.Size([1, 1, 1, 16])
  Mean |component| being removed: 0.003315
  Mean |x_t| before ablation: 155.639709
  Mean |x_t| after ablation: 155.639709
USING PRECUED ITEMS - SHOULD NEVER BE DONE IN TRAINING
[denoise_one_step] t_idx=1
  x_t shape: torch.Size([1, 1, 1, 16])
  ablation_vector shape: torch.Size([16])
  component shape: torch.Size([1, 1, 1, 16])
  Mean |component| being removed: 0.162924
  Mean |x_t| before ablation: 141.336060
  Mean |x_t| after ablation: 141.335968
USING PRECUED ITEMS - SHOULD NEVER BE DONE IN TRAINING
[denoise_one_step] t_idx=1
  x_t shape: torch.Size([1, 1, 1, 16])
  ablation_vector shape: torch.Size([16])
  component shape: torch.Size([1, 1, 1, 16])
  Mean |component| being removed: 0.164585
  Mean |x_t| before ablation: 149.365570
  Mean |x_t| after ablation: 149.365479
USING PRECUED ITEMS - SHOULD NEVER BE DONE IN TRAINING
[denoise_one_step] t_idx=1
  x_t shape: torch.Size([1, 1, 1, 16])
  ablation_vector shape: torch.Size([16])
  component shape: torch.Size([1, 1, 1, 16])
  Mean |component| being removed: 0.983599
  Mean |x_t| before ablation: 144.607147
  Mean |x_t| after ablation: 144.603790
USING PRECUED ITEMS - SHOULD NEVER BE DONE IN TRAINING
[denoise_one_step] t_idx=1
  x_t shape: torch.Size([1, 1, 1, 16])
  ablation_vector shape: torch.Size([16])
  component shape: torch.Size([1, 1, 1, 16])
  Mean |component| being removed: 0.009058
  Mean |x_t| before ablation: 146.247757
  Mean |x_t| after ablation: 146.247757
USING PRECUED ITEMS - SHOULD NEVER BE DONE IN TRAINING
[denoise_one_step] t_idx=1
  x_t shape: torch.Size([1, 1, 1, 16])
  ablation_vector shape: torch.Size([16])
  component shape: torch.Size([1, 1, 1, 16])
  Mean |component| being removed: 0.106848
  Mean |x_t| before ablation: 145.547699
  Mean |x_t| after ablation: 145.547668
USING PRECUED ITEMS - SHOULD NEVER BE DONE IN TRAINING
[denoise_one_step] t_idx=1
  x_t shape: torch.Size([1, 1, 1, 16])
  ablation_vector shape: torch.Size([16])
  component shape: torch.Size([1, 1, 1, 16])
  Mean |component| being removed: 1.031397
  Mean |x_t| before ablation: 145.855194
  Mean |x_t| after ablation: 145.851547
USING PRECUED ITEMS - SHOULD NEVER BE DONE IN TRAINING
[denoise_one_step] t_idx=1
  x_t shape: torch.Size([1, 1, 1, 16])
  ablation_vector shape: torch.Size([16])
  component shape: torch.Size([1, 1, 1, 16])
  Mean |component| being removed: 0.300669
  Mean |x_t| before ablation: 147.377365
  Mean |x_t| after ablation: 147.377060
USING PRECUED ITEMS - SHOULD NEVER BE DONE IN TRAINING
[denoise_one_step] t_idx=1
  x_t shape: torch.Size([1, 1, 1, 16])
  ablation_vector shape: torch.Size([16])
  component shape: torch.Size([1, 1, 1, 16])
  Mean |component| being removed: 0.542013
  Mean |x_t| before ablation: 145.488052
  Mean |x_t| after ablation: 145.487045
USING PRECUED ITEMS - SHOULD NEVER BE DONE IN TRAINING
[denoise_one_step] t_idx=1
  x_t shape: torch.Size([1, 1, 1, 16])
  ablation_vector shape: torch.Size([16])
  component shape: torch.Size([1, 1, 1, 16])
  Mean |component| being removed: 1.344051
  Mean |x_t| before ablation: 150.483536
  Mean |x_t| after ablation: 150.477524
USING PRECUED ITEMS - SHOULD NEVER BE DONE IN TRAINING
[denoise_one_step] t_idx=1
  x_t shape: torch.Size([1, 1, 1, 16])
  ablation_vector shape: torch.Size([16])
  component shape: torch.Size([1, 1, 1, 16])
  Mean |component| being removed: 0.148129
  Mean |x_t| before ablation: 153.924683
  Mean |x_t| after ablation: 153.924606
USING PRECUED ITEMS - SHOULD NEVER BE DONE IN TRAINING
[denoise_one_step] t_idx=1
  x_t shape: torch.Size([1, 1, 1, 16])
  ablation_vector shape: torch.Size([16])
  component shape: torch.Size([1, 1, 1, 16])
  Mean |component| being removed: 0.606262
  Mean |x_t| before ablation: 146.140640
  Mean |x_t| after ablation: 146.139374
USING PRECUED ITEMS - SHOULD NEVER BE DONE IN TRAINING
[denoise_one_step] t_idx=1
  x_t shape: torch.Size([1, 1, 1, 16])
  ablation_vector shape: torch.Size([16])
  component shape: torch.Size([1, 1, 1, 16])
  Mean |component| being removed: 0.415913
  Mean |x_t| before ablation: 144.866089
  Mean |x_t| after ablation: 144.865494
USING PRECUED ITEMS - SHOULD NEVER BE DONE IN TRAINING
[denoise_one_step] t_idx=1
  x_t shape: torch.Size([1, 1, 1, 16])
  ablation_vector shape: torch.Size([16])
  component shape: torch.Size([1, 1, 1, 16])
  Mean |component| being removed: 0.311169
  Mean |x_t| before ablation: 128.680023
  Mean |x_t| after ablation: 128.679642
USING PRECUED ITEMS - SHOULD NEVER BE DONE IN TRAINING
[denoise_one_step] t_idx=1
  x_t shape: torch.Size([1, 1, 1, 16])
  ablation_vector shape: torch.Size([16])
  component shape: torch.Size([1, 1, 1, 16])
  Mean |component| being removed: 1.363623
  Mean |x_t| before ablation: 130.580017
  Mean |x_t| after ablation: 130.572891
USING PRECUED ITEMS - SHOULD NEVER BE DONE IN TRAINING
[denoise_one_step] t_idx=1
  x_t shape: torch.Size([1, 1, 1, 16])
  ablation_vector shape: torch.Size([16])
  component shape: torch.Size([1, 1, 1, 16])
  Mean |component| being removed: 0.251040
  Mean |x_t| before ablation: 136.985733
  Mean |x_t| after ablation: 136.985504
USING PRECUED ITEMS - SHOULD NEVER BE DONE IN TRAINING
[denoise_one_step] t_idx=1
  x_t shape: torch.Size([1, 1, 1, 16])
  ablation_vector shape: torch.Size([16])
  component shape: torch.Size([1, 1, 1, 16])
  Mean |component| being removed: 0.459349
  Mean |x_t| before ablation: 134.656067
  Mean |x_t| after ablation: 134.655289
USING PRECUED ITEMS - SHOULD NEVER BE DONE IN TRAINING
[denoise_one_step] t_idx=1
  x_t shape: torch.Size([1, 1, 1, 16])
  ablation_vector shape: torch.Size([16])
  component shape: torch.Size([1, 1, 1, 16])
  Mean |component| being removed: 0.597605
  Mean |x_t| before ablation: 136.895615
  Mean |x_t| after ablation: 136.894318
USING PRECUED ITEMS - SHOULD NEVER BE DONE IN TRAINING
[denoise_one_step] t_idx=1
  x_t shape: torch.Size([1, 1, 1, 16])
  ablation_vector shape: torch.Size([16])
  component shape: torch.Size([1, 1, 1, 16])
  Mean |component| being removed: 0.549156
  Mean |x_t| before ablation: 130.598221
  Mean |x_t| after ablation: 130.597061
USING PRECUED ITEMS - SHOULD NEVER BE DONE IN TRAINING
[denoise_one_step] t_idx=1
  x_t shape: torch.Size([1, 1, 1, 16])
  ablation_vector shape: torch.Size([16])
  component shape: torch.Size([1, 1, 1, 16])
  Mean |component| being removed: 0.556343
  Mean |x_t| before ablation: 142.909637
  Mean |x_t| after ablation: 142.908554
USING PRECUED ITEMS - SHOULD NEVER BE DONE IN TRAINING
[denoise_one_step] t_idx=1
  x_t shape: torch.Size([1, 1, 1, 16])
  ablation_vector shape: torch.Size([16])
  component shape: torch.Size([1, 1, 1, 16])
  Mean |component| being removed: 0.141327
  Mean |x_t| before ablation: 122.973778
  Mean |x_t| after ablation: 122.973709
USING PRECUED ITEMS - SHOULD NEVER BE DONE IN TRAINING
[denoise_one_step] t_idx=1
  x_t shape: torch.Size([1, 1, 1, 16])
  ablation_vector shape: torch.Size([16])
  component shape: torch.Size([1, 1, 1, 16])
  Mean |component| being removed: 0.503851
  Mean |x_t| before ablation: 134.234207
  Mean |x_t| after ablation: 134.233261
USING PRECUED ITEMS - SHOULD NEVER BE DONE IN TRAINING
[denoise_one_step] t_idx=1
  x_t shape: torch.Size([1, 1, 1, 16])
  ablation_vector shape: torch.Size([16])
  component shape: torch.Size([1, 1, 1, 16])
  Mean |component| being removed: 0.629143
  Mean |x_t| before ablation: 132.049408
  Mean |x_t| after ablation: 132.047913
USING PRECUED ITEMS - SHOULD NEVER BE DONE IN TRAINING
[denoise_one_step] t_idx=1
  x_t shape: torch.Size([1, 1, 1, 16])
  ablation_vector shape: torch.Size([16])
  component shape: torch.Size([1, 1, 1, 16])
  Mean |component| being removed: 0.048370
  Mean |x_t| before ablation: 126.195259
  Mean |x_t| after ablation: 126.195251
USING PRECUED ITEMS - SHOULD NEVER BE DONE IN TRAINING
[denoise_one_step] t_idx=1
  x_t shape: torch.Size([1, 1, 1, 16])
  ablation_vector shape: torch.Size([16])
  component shape: torch.Size([1, 1, 1, 16])
  Mean |component| being removed: 1.065228
  Mean |x_t| before ablation: 132.111496
  Mean |x_t| after ablation: 132.107208
USING PRECUED ITEMS - SHOULD NEVER BE DONE IN TRAINING
[denoise_one_step] t_idx=1
  x_t shape: torch.Size([1, 1, 1, 16])
  ablation_vector shape: torch.Size([16])
  component shape: torch.Size([1, 1, 1, 16])
  Mean |component| being removed: 0.255898
  Mean |x_t| before ablation: 121.219772
  Mean |x_t| after ablation: 121.219505
USING PRECUED ITEMS - SHOULD NEVER BE DONE IN TRAINING
[denoise_one_step] t_idx=1
  x_t shape: torch.Size([1, 1, 1, 16])
  ablation_vector shape: torch.Size([16])
  component shape: torch.Size([1, 1, 1, 16])
  Mean |component| being removed: 0.507545
  Mean |x_t| before ablation: 119.398460
  Mean |x_t| after ablation: 119.397377
USING PRECUED ITEMS - SHOULD NEVER BE DONE IN TRAINING
[denoise_one_step] t_idx=1
  x_t shape: torch.Size([1, 1, 1, 16])
  ablation_vector shape: torch.Size([16])
  component shape: torch.Size([1, 1, 1, 16])
  Mean |component| being removed: 0.843298
  Mean |x_t| before ablation: 129.301331
  Mean |x_t| after ablation: 129.298584
USING PRECUED ITEMS - SHOULD NEVER BE DONE IN TRAINING
[denoise_one_step] t_idx=1
  x_t shape: torch.Size([1, 1, 1, 16])
  ablation_vector shape: torch.Size([16])
  component shape: torch.Size([1, 1, 1, 16])
  Mean |component| being removed: 0.547335
  Mean |x_t| before ablation: 125.695992
  Mean |x_t| after ablation: 125.694801
USING PRECUED ITEMS - SHOULD NEVER BE DONE IN TRAINING
[denoise_one_step] t_idx=1
  x_t shape: torch.Size([1, 1, 1, 16])
  ablation_vector shape: torch.Size([16])
  component shape: torch.Size([1, 1, 1, 16])
  Mean |component| being removed: 1.616785
  Mean |x_t| before ablation: 125.728691
  Mean |x_t| after ablation: 125.718292
USING PRECUED ITEMS - SHOULD NEVER BE DONE IN TRAINING
[denoise_one_step] t_idx=1
  x_t shape: torch.Size([1, 1, 1, 16])
  ablation_vector shape: torch.Size([16])
  component shape: torch.Size([1, 1, 1, 16])
  Mean |component| being removed: 0.468031
  Mean |x_t| before ablation: 128.279861
  Mean |x_t| after ablation: 128.279022
USING PRECUED ITEMS - SHOULD NEVER BE DONE IN TRAINING
[denoise_one_step] t_idx=1
  x_t shape: torch.Size([1, 1, 1, 16])
  ablation_vector shape: torch.Size([16])
  component shape: torch.Size([1, 1, 1, 16])
  Mean |component| being removed: 1.341669
  Mean |x_t| before ablation: 124.194473
  Mean |x_t| after ablation: 124.187233
USING PRECUED ITEMS - SHOULD NEVER BE DONE IN TRAINING
[denoise_one_step] t_idx=1
  x_t shape: torch.Size([1, 1, 1, 16])
  ablation_vector shape: torch.Size([16])
  component shape: torch.Size([1, 1, 1, 16])
  Mean |component| being removed: 0.028910
  Mean |x_t| before ablation: 124.291939
  Mean |x_t| after ablation: 124.291939
USING PRECUED ITEMS - SHOULD NEVER BE DONE IN TRAINING
[denoise_one_step] t_idx=1
  x_t shape: torch.Size([1, 1, 1, 16])
  ablation_vector shape: torch.Size([16])
  component shape: torch.Size([1, 1, 1, 16])
  Mean |component| being removed: 0.355835
  Mean |x_t| before ablation: 118.716866
  Mean |x_t| after ablation: 118.716339
USING PRECUED ITEMS - SHOULD NEVER BE DONE IN TRAINING
[denoise_one_step] t_idx=1
  x_t shape: torch.Size([1, 1, 1, 16])
  ablation_vector shape: torch.Size([16])
  component shape: torch.Size([1, 1, 1, 16])
  Mean |component| being removed: 0.975773
  Mean |x_t| before ablation: 119.576248
  Mean |x_t| after ablation: 119.572258
USING PRECUED ITEMS - SHOULD NEVER BE DONE IN TRAINING
[denoise_one_step] t_idx=1
  x_t shape: torch.Size([1, 1, 1, 16])
  ablation_vector shape: torch.Size([16])
  component shape: torch.Size([1, 1, 1, 16])
  Mean |component| being removed: 0.727491
  Mean |x_t| before ablation: 119.432701
  Mean |x_t| after ablation: 119.430481
USING PRECUED ITEMS - SHOULD NEVER BE DONE IN TRAINING
[denoise_one_step] t_idx=1
  x_t shape: torch.Size([1, 1, 1, 16])
  ablation_vector shape: torch.Size([16])
  component shape: torch.Size([1, 1, 1, 16])
  Mean |component| being removed: 0.159275
  Mean |x_t| before ablation: 123.314369
  Mean |x_t| after ablation: 123.314278
USING PRECUED ITEMS - SHOULD NEVER BE DONE IN TRAINING
[denoise_one_step] t_idx=1
  x_t shape: torch.Size([1, 1, 1, 16])
  ablation_vector shape: torch.Size([16])
  component shape: torch.Size([1, 1, 1, 16])
  Mean |component| being removed: 1.316109
  Mean |x_t| before ablation: 127.437981
  Mean |x_t| after ablation: 127.431183
USING PRECUED ITEMS - SHOULD NEVER BE DONE IN TRAINING
[denoise_one_step] t_idx=1
  x_t shape: torch.Size([1, 1, 1, 16])
  ablation_vector shape: torch.Size([16])
  component shape: torch.Size([1, 1, 1, 16])
  Mean |component| being removed: 1.030949
  Mean |x_t| before ablation: 125.546844
  Mean |x_t| after ablation: 125.542610
USING PRECUED ITEMS - SHOULD NEVER BE DONE IN TRAINING
[denoise_one_step] t_idx=1
  x_t shape: torch.Size([1, 1, 1, 16])
  ablation_vector shape: torch.Size([16])
  component shape: torch.Size([1, 1, 1, 16])
  Mean |component| being removed: 1.372707
  Mean |x_t| before ablation: 132.063126
  Mean |x_t| after ablation: 132.055984
USING PRECUED ITEMS - SHOULD NEVER BE DONE IN TRAINING
[denoise_one_step] t_idx=1
  x_t shape: torch.Size([1, 1, 1, 16])
  ablation_vector shape: torch.Size([16])
  component shape: torch.Size([1, 1, 1, 16])
  Mean |component| being removed: 1.564491
  Mean |x_t| before ablation: 131.260437
  Mean |x_t| after ablation: 131.251099
USING PRECUED ITEMS - SHOULD NEVER BE DONE IN TRAINING
[denoise_one_step] t_idx=1
  x_t shape: torch.Size([1, 1, 1, 16])
  ablation_vector shape: torch.Size([16])
  component shape: torch.Size([1, 1, 1, 16])
  Mean |component| being removed: 0.954636
  Mean |x_t| before ablation: 141.143982
  Mean |x_t| after ablation: 141.140747
USING PRECUED ITEMS - SHOULD NEVER BE DONE IN TRAINING
[denoise_one_step] t_idx=1
  x_t shape: torch.Size([1, 1, 1, 16])
  ablation_vector shape: torch.Size([16])
  component shape: torch.Size([1, 1, 1, 16])
  Mean |component| being removed: 1.101028
  Mean |x_t| before ablation: 127.177376
  Mean |x_t| after ablation: 127.172600
USING PRECUED ITEMS - SHOULD NEVER BE DONE IN TRAINING
[denoise_one_step] t_idx=1
  x_t shape: torch.Size([1, 1, 1, 16])
  ablation_vector shape: torch.Size([16])
  component shape: torch.Size([1, 1, 1, 16])
  Mean |component| being removed: 1.880724
  Mean |x_t| before ablation: 121.631226
  Mean |x_t| after ablation: 121.616684
USING PRECUED ITEMS - SHOULD NEVER BE DONE IN TRAINING
[denoise_one_step] t_idx=1
  x_t shape: torch.Size([1, 1, 1, 16])
  ablation_vector shape: torch.Size([16])
  component shape: torch.Size([1, 1, 1, 16])
  Mean |component| being removed: 0.734756
  Mean |x_t| before ablation: 126.558716
  Mean |x_t| after ablation: 126.556580
USING PRECUED ITEMS - SHOULD NEVER BE DONE IN TRAINING
[denoise_one_step] t_idx=1
  x_t shape: torch.Size([1, 1, 1, 16])
  ablation_vector shape: torch.Size([16])
  component shape: torch.Size([1, 1, 1, 16])
  Mean |component| being removed: 1.213791
  Mean |x_t| before ablation: 122.171333
  Mean |x_t| after ablation: 122.165306
USING PRECUED ITEMS - SHOULD NEVER BE DONE IN TRAINING
[denoise_one_step] t_idx=1
  x_t shape: torch.Size([1, 1, 1, 16])
  ablation_vector shape: torch.Size([16])
  component shape: torch.Size([1, 1, 1, 16])
  Mean |component| being removed: 1.195526
  Mean |x_t| before ablation: 118.319450
  Mean |x_t| after ablation: 118.313416
USING PRECUED ITEMS - SHOULD NEVER BE DONE IN TRAINING
[denoise_one_step] t_idx=1
  x_t shape: torch.Size([1, 1, 1, 16])
  ablation_vector shape: torch.Size([16])
  component shape: torch.Size([1, 1, 1, 16])
  Mean |component| being removed: 0.326260
  Mean |x_t| before ablation: 121.491425
  Mean |x_t| after ablation: 121.490982
USING PRECUED ITEMS - SHOULD NEVER BE DONE IN TRAINING
[denoise_one_step] t_idx=1
  x_t shape: torch.Size([1, 1, 1, 16])
  ablation_vector shape: torch.Size([16])
  component shape: torch.Size([1, 1, 1, 16])
  Mean |component| being removed: 0.719807
  Mean |x_t| before ablation: 119.934631
  Mean |x_t| after ablation: 119.932480
USING PRECUED ITEMS - SHOULD NEVER BE DONE IN TRAINING
[denoise_one_step] t_idx=1
  x_t shape: torch.Size([1, 1, 1, 16])
  ablation_vector shape: torch.Size([16])
  component shape: torch.Size([1, 1, 1, 16])
  Mean |component| being removed: 1.537243
  Mean |x_t| before ablation: 137.886749
  Mean |x_t| after ablation: 137.878174
USING PRECUED ITEMS - SHOULD NEVER BE DONE IN TRAINING
[denoise_one_step] t_idx=1
  x_t shape: torch.Size([1, 1, 1, 16])
  ablation_vector shape: torch.Size([16])
  component shape: torch.Size([1, 1, 1, 16])
  Mean |component| being removed: 0.911783
  Mean |x_t| before ablation: 134.453262
  Mean |x_t| after ablation: 134.450165
USING PRECUED ITEMS - SHOULD NEVER BE DONE IN TRAINING
[denoise_one_step] t_idx=1
  x_t shape: torch.Size([1, 1, 1, 16])
  ablation_vector shape: torch.Size([16])
  component shape: torch.Size([1, 1, 1, 16])
  Mean |component| being removed: 1.497659
  Mean |x_t| before ablation: 129.910034
  Mean |x_t| after ablation: 129.901398
USING PRECUED ITEMS - SHOULD NEVER BE DONE IN TRAINING
[denoise_one_step] t_idx=1
  x_t shape: torch.Size([1, 1, 1, 16])
  ablation_vector shape: torch.Size([16])
  component shape: torch.Size([1, 1, 1, 16])
  Mean |component| being removed: 2.013388
  Mean |x_t| before ablation: 141.411423
  Mean |x_t| after ablation: 141.397095
USING PRECUED ITEMS - SHOULD NEVER BE DONE IN TRAINING
[denoise_one_step] t_idx=1
  x_t shape: torch.Size([1, 1, 1, 16])
  ablation_vector shape: torch.Size([16])
  component shape: torch.Size([1, 1, 1, 16])
  Mean |component| being removed: 0.896036
  Mean |x_t| before ablation: 133.070755
  Mean |x_t| after ablation: 133.067734
USING PRECUED ITEMS - SHOULD NEVER BE DONE IN TRAINING
[denoise_one_step] t_idx=1
  x_t shape: torch.Size([1, 1, 1, 16])
  ablation_vector shape: torch.Size([16])
  component shape: torch.Size([1, 1, 1, 16])
  Mean |component| being removed: 1.323778
  Mean |x_t| before ablation: 122.565948
  Mean |x_t| after ablation: 122.558800
USING PRECUED ITEMS - SHOULD NEVER BE DONE IN TRAINING
[denoise_one_step] t_idx=1
  x_t shape: torch.Size([1, 1, 1, 16])
  ablation_vector shape: torch.Size([16])
  component shape: torch.Size([1, 1, 1, 16])
  Mean |component| being removed: 2.733324
  Mean |x_t| before ablation: 120.804466
  Mean |x_t| after ablation: 120.773537
USING PRECUED ITEMS - SHOULD NEVER BE DONE IN TRAINING
[denoise_one_step] t_idx=1
  x_t shape: torch.Size([1, 1, 1, 16])
  ablation_vector shape: torch.Size([16])
  component shape: torch.Size([1, 1, 1, 16])
  Mean |component| being removed: 1.363062
  Mean |x_t| before ablation: 117.219490
  Mean |x_t| after ablation: 117.211563
USING PRECUED ITEMS - SHOULD NEVER BE DONE IN TRAINING
[denoise_one_step] t_idx=1
  x_t shape: torch.Size([1, 1, 1, 16])
  ablation_vector shape: torch.Size([16])
  component shape: torch.Size([1, 1, 1, 16])
  Mean |component| being removed: 0.367559
  Mean |x_t| before ablation: 109.653885
  Mean |x_t| after ablation: 109.653275
USING PRECUED ITEMS - SHOULD NEVER BE DONE IN TRAINING
[denoise_one_step] t_idx=1
  x_t shape: torch.Size([1, 1, 1, 16])
  ablation_vector shape: torch.Size([16])
  component shape: torch.Size([1, 1, 1, 16])
  Mean |component| being removed: 3.055145
  Mean |x_t| before ablation: 121.594566
  Mean |x_t| after ablation: 121.556183
USING PRECUED ITEMS - SHOULD NEVER BE DONE IN TRAINING
[denoise_one_step] t_idx=1
  x_t shape: torch.Size([1, 1, 1, 16])
  ablation_vector shape: torch.Size([16])
  component shape: torch.Size([1, 1, 1, 16])
  Mean |component| being removed: 2.947182
  Mean |x_t| before ablation: 131.597015
  Mean |x_t| after ablation: 131.564011
USING PRECUED ITEMS - SHOULD NEVER BE DONE IN TRAINING
[denoise_one_step] t_idx=1
  x_t shape: torch.Size([1, 1, 1, 16])
  ablation_vector shape: torch.Size([16])
  component shape: torch.Size([1, 1, 1, 16])
  Mean |component| being removed: 1.895363
  Mean |x_t| before ablation: 129.791748
  Mean |x_t| after ablation: 129.777908
USING PRECUED ITEMS - SHOULD NEVER BE DONE IN TRAINING
[denoise_one_step] t_idx=1
  x_t shape: torch.Size([1, 1, 1, 16])
  ablation_vector shape: torch.Size([16])
  component shape: torch.Size([1, 1, 1, 16])
  Mean |component| being removed: 1.563471
  Mean |x_t| before ablation: 149.212112
  Mean |x_t| after ablation: 149.203934
USING PRECUED ITEMS - SHOULD NEVER BE DONE IN TRAINING
[denoise_one_step] t_idx=1
  x_t shape: torch.Size([1, 1, 1, 16])
  ablation_vector shape: torch.Size([16])
  component shape: torch.Size([1, 1, 1, 16])
  Mean |component| being removed: 1.913799
  Mean |x_t| before ablation: 150.231232
  Mean |x_t| after ablation: 150.219040
USING PRECUED ITEMS - SHOULD NEVER BE DONE IN TRAINING
[denoise_one_step] t_idx=1
  x_t shape: torch.Size([1, 1, 1, 16])
  ablation_vector shape: torch.Size([16])
  component shape: torch.Size([1, 1, 1, 16])
  Mean |component| being removed: 2.722930
  Mean |x_t| before ablation: 148.641769
  Mean |x_t| after ablation: 148.616821
USING PRECUED ITEMS - SHOULD NEVER BE DONE IN TRAINING
[denoise_one_step] t_idx=1
  x_t shape: torch.Size([1, 1, 1, 16])
  ablation_vector shape: torch.Size([16])
  component shape: torch.Size([1, 1, 1, 16])
  Mean |component| being removed: 2.701907
  Mean |x_t| before ablation: 145.641586
  Mean |x_t| after ablation: 145.616516
USING PRECUED ITEMS - SHOULD NEVER BE DONE IN TRAINING
[denoise_one_step] t_idx=1
  x_t shape: torch.Size([1, 1, 1, 16])
  ablation_vector shape: torch.Size([16])
  component shape: torch.Size([1, 1, 1, 16])
  Mean |component| being removed: 2.429635
  Mean |x_t| before ablation: 147.645599
  Mean |x_t| after ablation: 147.625610
USING PRECUED ITEMS - SHOULD NEVER BE DONE IN TRAINING
[denoise_one_step] t_idx=1
  x_t shape: torch.Size([1, 1, 1, 16])
  ablation_vector shape: torch.Size([16])
  component shape: torch.Size([1, 1, 1, 16])
  Mean |component| being removed: 2.093018
  Mean |x_t| before ablation: 128.911041
  Mean |x_t| after ablation: 128.894043
USING PRECUED ITEMS - SHOULD NEVER BE DONE IN TRAINING
[denoise_one_step] t_idx=1
  x_t shape: torch.Size([1, 1, 1, 16])
  ablation_vector shape: torch.Size([16])
  component shape: torch.Size([1, 1, 1, 16])
  Mean |component| being removed: 1.376235
  Mean |x_t| before ablation: 131.339081
  Mean |x_t| after ablation: 131.331863
USING PRECUED ITEMS - SHOULD NEVER BE DONE IN TRAINING
[denoise_one_step] t_idx=1
  x_t shape: torch.Size([1, 1, 1, 16])
  ablation_vector shape: torch.Size([16])
  component shape: torch.Size([1, 1, 1, 16])
  Mean |component| being removed: 1.015528
  Mean |x_t| before ablation: 120.235558
  Mean |x_t| after ablation: 120.231270
USING PRECUED ITEMS - SHOULD NEVER BE DONE IN TRAINING
[denoise_one_step] t_idx=1
  x_t shape: torch.Size([1, 1, 1, 16])
  ablation_vector shape: torch.Size([16])
  component shape: torch.Size([1, 1, 1, 16])
  Mean |component| being removed: 2.097260
  Mean |x_t| before ablation: 135.632797
  Mean |x_t| after ablation: 135.616577
USING PRECUED ITEMS - SHOULD NEVER BE DONE IN TRAINING
[denoise_one_step] t_idx=1
  x_t shape: torch.Size([1, 1, 1, 16])
  ablation_vector shape: torch.Size([16])
  component shape: torch.Size([1, 1, 1, 16])
  Mean |component| being removed: 2.182327
  Mean |x_t| before ablation: 132.214401
  Mean |x_t| after ablation: 132.196381
USING PRECUED ITEMS - SHOULD NEVER BE DONE IN TRAINING
[denoise_one_step] t_idx=1
  x_t shape: torch.Size([1, 1, 1, 16])
  ablation_vector shape: torch.Size([16])
  component shape: torch.Size([1, 1, 1, 16])
  Mean |component| being removed: 1.972679
  Mean |x_t| before ablation: 121.432358
  Mean |x_t| after ablation: 121.416336
USING PRECUED ITEMS - SHOULD NEVER BE DONE IN TRAINING
[denoise_one_step] t_idx=1
  x_t shape: torch.Size([1, 1, 1, 16])
  ablation_vector shape: torch.Size([16])
  component shape: torch.Size([1, 1, 1, 16])
  Mean |component| being removed: 1.531338
  Mean |x_t| before ablation: 134.648758
  Mean |x_t| after ablation: 134.640045
USING PRECUED ITEMS - SHOULD NEVER BE DONE IN TRAINING
[denoise_one_step] t_idx=1
  x_t shape: torch.Size([1, 1, 1, 16])
  ablation_vector shape: torch.Size([16])
  component shape: torch.Size([1, 1, 1, 16])
  Mean |component| being removed: 2.287034
  Mean |x_t| before ablation: 166.773712
  Mean |x_t| after ablation: 166.758026
USING PRECUED ITEMS - SHOULD NEVER BE DONE IN TRAINING
[denoise_one_step] t_idx=1
  x_t shape: torch.Size([1, 1, 1, 16])
  ablation_vector shape: torch.Size([16])
  component shape: torch.Size([1, 1, 1, 16])
  Mean |component| being removed: 1.820909
  Mean |x_t| before ablation: 175.041138
  Mean |x_t| after ablation: 175.031662
USING PRECUED ITEMS - SHOULD NEVER BE DONE IN TRAINING
[denoise_one_step] t_idx=1
  x_t shape: torch.Size([1, 1, 1, 16])
  ablation_vector shape: torch.Size([16])
  component shape: torch.Size([1, 1, 1, 16])
  Mean |component| being removed: 1.502226
  Mean |x_t| before ablation: 170.862610
  Mean |x_t| after ablation: 170.856003
USING PRECUED ITEMS - SHOULD NEVER BE DONE IN TRAINING
[denoise_one_step] t_idx=1
  x_t shape: torch.Size([1, 1, 1, 16])
  ablation_vector shape: torch.Size([16])
  component shape: torch.Size([1, 1, 1, 16])
  Mean |component| being removed: 1.617062
  Mean |x_t| before ablation: 160.596603
  Mean |x_t| after ablation: 160.588455
USING PRECUED ITEMS - SHOULD NEVER BE DONE IN TRAINING
[denoise_one_step] t_idx=1
  x_t shape: torch.Size([1, 1, 1, 16])
  ablation_vector shape: torch.Size([16])
  component shape: torch.Size([1, 1, 1, 16])
  Mean |component| being removed: 2.076200
  Mean |x_t| before ablation: 167.976685
  Mean |x_t| after ablation: 167.963837
USING PRECUED ITEMS - SHOULD NEVER BE DONE IN TRAINING
[denoise_one_step] t_idx=1
  x_t shape: torch.Size([1, 1, 1, 16])
  ablation_vector shape: torch.Size([16])
  component shape: torch.Size([1, 1, 1, 16])
  Mean |component| being removed: 1.790375
  Mean |x_t| before ablation: 161.297867
  Mean |x_t| after ablation: 161.287933
USING PRECUED ITEMS - SHOULD NEVER BE DONE IN TRAINING
[denoise_one_step] t_idx=1
  x_t shape: torch.Size([1, 1, 1, 16])
  ablation_vector shape: torch.Size([16])
  component shape: torch.Size([1, 1, 1, 16])
  Mean |component| being removed: 1.338941
  Mean |x_t| before ablation: 159.436432
  Mean |x_t| after ablation: 159.430817
USING PRECUED ITEMS - SHOULD NEVER BE DONE IN TRAINING
[denoise_one_step] t_idx=1
  x_t shape: torch.Size([1, 1, 1, 16])
  ablation_vector shape: torch.Size([16])
  component shape: torch.Size([1, 1, 1, 16])
  Mean |component| being removed: 1.940964
  Mean |x_t| before ablation: 156.229782
  Mean |x_t| after ablation: 156.217728
USING PRECUED ITEMS - SHOULD NEVER BE DONE IN TRAINING
[denoise_one_step] t_idx=1
  x_t shape: torch.Size([1, 1, 1, 16])
  ablation_vector shape: torch.Size([16])
  component shape: torch.Size([1, 1, 1, 16])
  Mean |component| being removed: 1.522402
  Mean |x_t| before ablation: 145.576172
  Mean |x_t| after ablation: 145.568207
USING PRECUED ITEMS - SHOULD NEVER BE DONE IN TRAINING
[denoise_one_step] t_idx=1
  x_t shape: torch.Size([1, 1, 1, 16])
  ablation_vector shape: torch.Size([16])
  component shape: torch.Size([1, 1, 1, 16])
  Mean |component| being removed: 1.924862
  Mean |x_t| before ablation: 152.475403
  Mean |x_t| after ablation: 152.463257
USING PRECUED ITEMS - SHOULD NEVER BE DONE IN TRAINING
[denoise_one_step] t_idx=1
  x_t shape: torch.Size([1, 1, 1, 16])
  ablation_vector shape: torch.Size([16])
  component shape: torch.Size([1, 1, 1, 16])
  Mean |component| being removed: 2.154416
  Mean |x_t| before ablation: 147.368927
  Mean |x_t| after ablation: 147.353180
USING PRECUED ITEMS - SHOULD NEVER BE DONE IN TRAINING
[denoise_one_step] t_idx=1
  x_t shape: torch.Size([1, 1, 1, 16])
  ablation_vector shape: torch.Size([16])
  component shape: torch.Size([1, 1, 1, 16])
  Mean |component| being removed: 1.972668
  Mean |x_t| before ablation: 163.239639
  Mean |x_t| after ablation: 163.227722
USING PRECUED ITEMS - SHOULD NEVER BE DONE IN TRAINING
[denoise_one_step] t_idx=1
  x_t shape: torch.Size([1, 1, 1, 16])
  ablation_vector shape: torch.Size([16])
  component shape: torch.Size([1, 1, 1, 16])
  Mean |component| being removed: 1.449528
  Mean |x_t| before ablation: 183.838654
  Mean |x_t| after ablation: 183.832932
USING PRECUED ITEMS - SHOULD NEVER BE DONE IN TRAINING
[denoise_one_step] t_idx=1
  x_t shape: torch.Size([1, 1, 1, 16])
  ablation_vector shape: torch.Size([16])
  component shape: torch.Size([1, 1, 1, 16])
  Mean |component| being removed: 1.839785
  Mean |x_t| before ablation: 187.566422
  Mean |x_t| after ablation: 187.557419
USING PRECUED ITEMS - SHOULD NEVER BE DONE IN TRAINING
[denoise_one_step] t_idx=1
  x_t shape: torch.Size([1, 1, 1, 16])
  ablation_vector shape: torch.Size([16])
  component shape: torch.Size([1, 1, 1, 16])
  Mean |component| being removed: 1.965782
  Mean |x_t| before ablation: 187.322128
  Mean |x_t| after ablation: 187.311829
USING PRECUED ITEMS - SHOULD NEVER BE DONE IN TRAINING
[denoise_one_step] t_idx=1
  x_t shape: torch.Size([1, 1, 1, 16])
  ablation_vector shape: torch.Size([16])
  component shape: torch.Size([1, 1, 1, 16])
  Mean |component| being removed: 1.650017
  Mean |x_t| before ablation: 190.775024
  Mean |x_t| after ablation: 190.767883
USING PRECUED ITEMS - SHOULD NEVER BE DONE IN TRAINING
[denoise_one_step] t_idx=1
  x_t shape: torch.Size([1, 1, 1, 16])
  ablation_vector shape: torch.Size([16])
  component shape: torch.Size([1, 1, 1, 16])
  Mean |component| being removed: 1.809570
  Mean |x_t| before ablation: 193.115036
  Mean |x_t| after ablation: 193.106552
USING PRECUED ITEMS - SHOULD NEVER BE DONE IN TRAINING
[denoise_one_step] t_idx=1
  x_t shape: torch.Size([1, 1, 1, 16])
  ablation_vector shape: torch.Size([16])
  component shape: torch.Size([1, 1, 1, 16])
  Mean |component| being removed: 2.067488
  Mean |x_t| before ablation: 193.365540
  Mean |x_t| after ablation: 193.354492
USING PRECUED ITEMS - SHOULD NEVER BE DONE IN TRAINING
[denoise_one_step] t_idx=1
  x_t shape: torch.Size([1, 1, 1, 16])
  ablation_vector shape: torch.Size([16])
  component shape: torch.Size([1, 1, 1, 16])
  Mean |component| being removed: 2.131224
  Mean |x_t| before ablation: 186.269287
  Mean |x_t| after ablation: 186.257095
USING PRECUED ITEMS - SHOULD NEVER BE DONE IN TRAINING
[denoise_one_step] t_idx=1
  x_t shape: torch.Size([1, 1, 1, 16])
  ablation_vector shape: torch.Size([16])
  component shape: torch.Size([1, 1, 1, 16])
  Mean |component| being removed: 1.870167
  Mean |x_t| before ablation: 175.199722
  Mean |x_t| after ablation: 175.189758
USING PRECUED ITEMS - SHOULD NEVER BE DONE IN TRAINING
[denoise_one_step] t_idx=1
  x_t shape: torch.Size([1, 1, 1, 16])
  ablation_vector shape: torch.Size([16])
  component shape: torch.Size([1, 1, 1, 16])
  Mean |component| being removed: 1.442879
  Mean |x_t| before ablation: 189.781830
  Mean |x_t| after ablation: 189.776352
USING PRECUED ITEMS - SHOULD NEVER BE DONE IN TRAINING
[denoise_one_step] t_idx=1
  x_t shape: torch.Size([1, 1, 1, 16])
  ablation_vector shape: torch.Size([16])
  component shape: torch.Size([1, 1, 1, 16])
  Mean |component| being removed: 2.170567
  Mean |x_t| before ablation: 178.720535
  Mean |x_t| after ablation: 178.707352
USING PRECUED ITEMS - SHOULD NEVER BE DONE IN TRAINING
[denoise_one_step] t_idx=1
  x_t shape: torch.Size([1, 1, 1, 16])
  ablation_vector shape: torch.Size([16])
  component shape: torch.Size([1, 1, 1, 16])
  Mean |component| being removed: 1.499731
  Mean |x_t| before ablation: 179.514801
  Mean |x_t| after ablation: 179.508545
USING PRECUED ITEMS - SHOULD NEVER BE DONE IN TRAINING
[denoise_one_step] t_idx=1
  x_t shape: torch.Size([1, 1, 1, 16])
  ablation_vector shape: torch.Size([16])
  component shape: torch.Size([1, 1, 1, 16])
  Mean |component| being removed: 1.224350
  Mean |x_t| before ablation: 177.340256
  Mean |x_t| after ablation: 177.336044
USING PRECUED ITEMS - SHOULD NEVER BE DONE IN TRAINING
[denoise_one_step] t_idx=1
  x_t shape: torch.Size([1, 1, 1, 16])
  ablation_vector shape: torch.Size([16])
  component shape: torch.Size([1, 1, 1, 16])
  Mean |component| being removed: 1.623232
  Mean |x_t| before ablation: 197.888641
  Mean |x_t| after ablation: 197.881989
USING PRECUED ITEMS - SHOULD NEVER BE DONE IN TRAINING
[denoise_one_step] t_idx=1
  x_t shape: torch.Size([1, 1, 1, 16])
  ablation_vector shape: torch.Size([16])
  component shape: torch.Size([1, 1, 1, 16])
  Mean |component| being removed: 1.572067
  Mean |x_t| before ablation: 203.811249
  Mean |x_t| after ablation: 203.805176
USING PRECUED ITEMS - SHOULD NEVER BE DONE IN TRAINING
[denoise_one_step] t_idx=1
  x_t shape: torch.Size([1, 1, 1, 16])
  ablation_vector shape: torch.Size([16])
  component shape: torch.Size([1, 1, 1, 16])
  Mean |component| being removed: 1.981865
  Mean |x_t| before ablation: 205.619980
  Mean |x_t| after ablation: 205.610413
USING PRECUED ITEMS - SHOULD NEVER BE DONE IN TRAINING
[denoise_one_step] t_idx=1
  x_t shape: torch.Size([1, 1, 1, 16])
  ablation_vector shape: torch.Size([16])
  component shape: torch.Size([1, 1, 1, 16])
  Mean |component| being removed: 1.092259
  Mean |x_t| before ablation: 217.040649
  Mean |x_t| after ablation: 217.037903
USING PRECUED ITEMS - SHOULD NEVER BE DONE IN TRAINING
[denoise_one_step] t_idx=1
  x_t shape: torch.Size([1, 1, 1, 16])
  ablation_vector shape: torch.Size([16])
  component shape: torch.Size([1, 1, 1, 16])
  Mean |component| being removed: 2.129513
  Mean |x_t| before ablation: 215.272202
  Mean |x_t| after ablation: 215.261673
USING PRECUED ITEMS - SHOULD NEVER BE DONE IN TRAINING
[denoise_one_step] t_idx=1
  x_t shape: torch.Size([1, 1, 1, 16])
  ablation_vector shape: torch.Size([16])
  component shape: torch.Size([1, 1, 1, 16])
  Mean |component| being removed: 1.555956
  Mean |x_t| before ablation: 220.686478
  Mean |x_t| after ablation: 220.680984
USING PRECUED ITEMS - SHOULD NEVER BE DONE IN TRAINING
[denoise_one_step] t_idx=1
  x_t shape: torch.Size([1, 1, 1, 16])
  ablation_vector shape: torch.Size([16])
  component shape: torch.Size([1, 1, 1, 16])
  Mean |component| being removed: 1.091775
  Mean |x_t| before ablation: 205.899002
  Mean |x_t| after ablation: 205.896103
USING PRECUED ITEMS - SHOULD NEVER BE DONE IN TRAINING
[denoise_one_step] t_idx=1
  x_t shape: torch.Size([1, 1, 1, 16])
  ablation_vector shape: torch.Size([16])
  component shape: torch.Size([1, 1, 1, 16])
  Mean |component| being removed: 1.697306
  Mean |x_t| before ablation: 203.862335
  Mean |x_t| after ablation: 203.855255
  trial progress: 200/288
USING PRECUED ITEMS - SHOULD NEVER BE DONE IN TRAINING
[denoise_one_step] t_idx=1
  x_t shape: torch.Size([1, 1, 1, 16])
  ablation_vector shape: torch.Size([16])
  component shape: torch.Size([1, 1, 1, 16])
  Mean |component| being removed: 1.403820
  Mean |x_t| before ablation: 200.791794
  Mean |x_t| after ablation: 200.786880
USING PRECUED ITEMS - SHOULD NEVER BE DONE IN TRAINING
[denoise_one_step] t_idx=1
  x_t shape: torch.Size([1, 1, 1, 16])
  ablation_vector shape: torch.Size([16])
  component shape: torch.Size([1, 1, 1, 16])
  Mean |component| being removed: 1.072035
  Mean |x_t| before ablation: 204.554688
  Mean |x_t| after ablation: 204.551895
USING PRECUED ITEMS - SHOULD NEVER BE DONE IN TRAINING
[denoise_one_step] t_idx=1
  x_t shape: torch.Size([1, 1, 1, 16])
  ablation_vector shape: torch.Size([16])
  component shape: torch.Size([1, 1, 1, 16])
  Mean |component| being removed: 1.436657
  Mean |x_t| before ablation: 194.226059
  Mean |x_t| after ablation: 194.220749
USING PRECUED ITEMS - SHOULD NEVER BE DONE IN TRAINING
[denoise_one_step] t_idx=1
  x_t shape: torch.Size([1, 1, 1, 16])
  ablation_vector shape: torch.Size([16])
  component shape: torch.Size([1, 1, 1, 16])
  Mean |component| being removed: 1.814911
  Mean |x_t| before ablation: 204.802490
  Mean |x_t| after ablation: 204.794464
USING PRECUED ITEMS - SHOULD NEVER BE DONE IN TRAINING
[denoise_one_step] t_idx=1
  x_t shape: torch.Size([1, 1, 1, 16])
  ablation_vector shape: torch.Size([16])
  component shape: torch.Size([1, 1, 1, 16])
  Mean |component| being removed: 1.300251
  Mean |x_t| before ablation: 194.683578
  Mean |x_t| after ablation: 194.679230
USING PRECUED ITEMS - SHOULD NEVER BE DONE IN TRAINING
[denoise_one_step] t_idx=1
  x_t shape: torch.Size([1, 1, 1, 16])
  ablation_vector shape: torch.Size([16])
  component shape: torch.Size([1, 1, 1, 16])
  Mean |component| being removed: 2.550156
  Mean |x_t| before ablation: 205.111465
  Mean |x_t| after ablation: 205.095612
USING PRECUED ITEMS - SHOULD NEVER BE DONE IN TRAINING
[denoise_one_step] t_idx=1
  x_t shape: torch.Size([1, 1, 1, 16])
  ablation_vector shape: torch.Size([16])
  component shape: torch.Size([1, 1, 1, 16])
  Mean |component| being removed: 0.221848
  Mean |x_t| before ablation: 210.658203
  Mean |x_t| after ablation: 210.658081
USING PRECUED ITEMS - SHOULD NEVER BE DONE IN TRAINING
[denoise_one_step] t_idx=1
  x_t shape: torch.Size([1, 1, 1, 16])
  ablation_vector shape: torch.Size([16])
  component shape: torch.Size([1, 1, 1, 16])
  Mean |component| being removed: 1.879362
  Mean |x_t| before ablation: 206.736877
  Mean |x_t| after ablation: 206.728333
USING PRECUED ITEMS - SHOULD NEVER BE DONE IN TRAINING
[denoise_one_step] t_idx=1
  x_t shape: torch.Size([1, 1, 1, 16])
  ablation_vector shape: torch.Size([16])
  component shape: torch.Size([1, 1, 1, 16])
  Mean |component| being removed: 1.911057
  Mean |x_t| before ablation: 207.979858
  Mean |x_t| after ablation: 207.971069
USING PRECUED ITEMS - SHOULD NEVER BE DONE IN TRAINING
[denoise_one_step] t_idx=1
  x_t shape: torch.Size([1, 1, 1, 16])
  ablation_vector shape: torch.Size([16])
  component shape: torch.Size([1, 1, 1, 16])
  Mean |component| being removed: 1.074301
  Mean |x_t| before ablation: 214.997925
  Mean |x_t| after ablation: 214.995255
USING PRECUED ITEMS - SHOULD NEVER BE DONE IN TRAINING
[denoise_one_step] t_idx=1
  x_t shape: torch.Size([1, 1, 1, 16])
  ablation_vector shape: torch.Size([16])
  component shape: torch.Size([1, 1, 1, 16])
  Mean |component| being removed: 1.747515
  Mean |x_t| before ablation: 213.811844
  Mean |x_t| after ablation: 213.804703
USING PRECUED ITEMS - SHOULD NEVER BE DONE IN TRAINING
[denoise_one_step] t_idx=1
  x_t shape: torch.Size([1, 1, 1, 16])
  ablation_vector shape: torch.Size([16])
  component shape: torch.Size([1, 1, 1, 16])
  Mean |component| being removed: 0.638458
  Mean |x_t| before ablation: 208.682373
  Mean |x_t| after ablation: 208.681412
USING PRECUED ITEMS - SHOULD NEVER BE DONE IN TRAINING
[denoise_one_step] t_idx=1
  x_t shape: torch.Size([1, 1, 1, 16])
  ablation_vector shape: torch.Size([16])
  component shape: torch.Size([1, 1, 1, 16])
  Mean |component| being removed: 1.186008
  Mean |x_t| before ablation: 211.481720
  Mean |x_t| after ablation: 211.478409
USING PRECUED ITEMS - SHOULD NEVER BE DONE IN TRAINING
[denoise_one_step] t_idx=1
  x_t shape: torch.Size([1, 1, 1, 16])
  ablation_vector shape: torch.Size([16])
  component shape: torch.Size([1, 1, 1, 16])
  Mean |component| being removed: 0.849360
  Mean |x_t| before ablation: 208.502884
  Mean |x_t| after ablation: 208.501160
USING PRECUED ITEMS - SHOULD NEVER BE DONE IN TRAINING
[denoise_one_step] t_idx=1
  x_t shape: torch.Size([1, 1, 1, 16])
  ablation_vector shape: torch.Size([16])
  component shape: torch.Size([1, 1, 1, 16])
  Mean |component| being removed: 1.223246
  Mean |x_t| before ablation: 203.878311
  Mean |x_t| after ablation: 203.874634
USING PRECUED ITEMS - SHOULD NEVER BE DONE IN TRAINING
[denoise_one_step] t_idx=1
  x_t shape: torch.Size([1, 1, 1, 16])
  ablation_vector shape: torch.Size([16])
  component shape: torch.Size([1, 1, 1, 16])
  Mean |component| being removed: 1.654530
  Mean |x_t| before ablation: 209.975540
  Mean |x_t| after ablation: 209.969025
USING PRECUED ITEMS - SHOULD NEVER BE DONE IN TRAINING
[denoise_one_step] t_idx=1
  x_t shape: torch.Size([1, 1, 1, 16])
  ablation_vector shape: torch.Size([16])
  component shape: torch.Size([1, 1, 1, 16])
  Mean |component| being removed: 0.764910
  Mean |x_t| before ablation: 199.495331
  Mean |x_t| after ablation: 199.493866
USING PRECUED ITEMS - SHOULD NEVER BE DONE IN TRAINING
[denoise_one_step] t_idx=1
  x_t shape: torch.Size([1, 1, 1, 16])
  ablation_vector shape: torch.Size([16])
  component shape: torch.Size([1, 1, 1, 16])
  Mean |component| being removed: 0.751581
  Mean |x_t| before ablation: 190.284134
  Mean |x_t| after ablation: 190.282639
USING PRECUED ITEMS - SHOULD NEVER BE DONE IN TRAINING
[denoise_one_step] t_idx=1
  x_t shape: torch.Size([1, 1, 1, 16])
  ablation_vector shape: torch.Size([16])
  component shape: torch.Size([1, 1, 1, 16])
  Mean |component| being removed: 1.601454
  Mean |x_t| before ablation: 199.035522
  Mean |x_t| after ablation: 199.029083
USING PRECUED ITEMS - SHOULD NEVER BE DONE IN TRAINING
[denoise_one_step] t_idx=1
  x_t shape: torch.Size([1, 1, 1, 16])
  ablation_vector shape: torch.Size([16])
  component shape: torch.Size([1, 1, 1, 16])
  Mean |component| being removed: 0.789682
  Mean |x_t| before ablation: 205.371307
  Mean |x_t| after ablation: 205.369781
USING PRECUED ITEMS - SHOULD NEVER BE DONE IN TRAINING
[denoise_one_step] t_idx=1
  x_t shape: torch.Size([1, 1, 1, 16])
  ablation_vector shape: torch.Size([16])
  component shape: torch.Size([1, 1, 1, 16])
  Mean |component| being removed: 2.329922
  Mean |x_t| before ablation: 203.844330
  Mean |x_t| after ablation: 203.830994
USING PRECUED ITEMS - SHOULD NEVER BE DONE IN TRAINING
[denoise_one_step] t_idx=1
  x_t shape: torch.Size([1, 1, 1, 16])
  ablation_vector shape: torch.Size([16])
  component shape: torch.Size([1, 1, 1, 16])
  Mean |component| being removed: 0.751503
  Mean |x_t| before ablation: 193.924561
  Mean |x_t| after ablation: 193.923096
USING PRECUED ITEMS - SHOULD NEVER BE DONE IN TRAINING
[denoise_one_step] t_idx=1
  x_t shape: torch.Size([1, 1, 1, 16])
  ablation_vector shape: torch.Size([16])
  component shape: torch.Size([1, 1, 1, 16])
  Mean |component| being removed: 1.407318
  Mean |x_t| before ablation: 195.449463
  Mean |x_t| after ablation: 195.444397
USING PRECUED ITEMS - SHOULD NEVER BE DONE IN TRAINING
[denoise_one_step] t_idx=1
  x_t shape: torch.Size([1, 1, 1, 16])
  ablation_vector shape: torch.Size([16])
  component shape: torch.Size([1, 1, 1, 16])
  Mean |component| being removed: 0.995585
  Mean |x_t| before ablation: 192.165436
  Mean |x_t| after ablation: 192.162857
USING PRECUED ITEMS - SHOULD NEVER BE DONE IN TRAINING
[denoise_one_step] t_idx=1
  x_t shape: torch.Size([1, 1, 1, 16])
  ablation_vector shape: torch.Size([16])
  component shape: torch.Size([1, 1, 1, 16])
  Mean |component| being removed: 0.209213
  Mean |x_t| before ablation: 192.338486
  Mean |x_t| after ablation: 192.338379
USING PRECUED ITEMS - SHOULD NEVER BE DONE IN TRAINING
[denoise_one_step] t_idx=1
  x_t shape: torch.Size([1, 1, 1, 16])
  ablation_vector shape: torch.Size([16])
  component shape: torch.Size([1, 1, 1, 16])
  Mean |component| being removed: 0.290047
  Mean |x_t| before ablation: 187.888153
  Mean |x_t| after ablation: 187.887939
USING PRECUED ITEMS - SHOULD NEVER BE DONE IN TRAINING
[denoise_one_step] t_idx=1
  x_t shape: torch.Size([1, 1, 1, 16])
  ablation_vector shape: torch.Size([16])
  component shape: torch.Size([1, 1, 1, 16])
  Mean |component| being removed: 1.031933
  Mean |x_t| before ablation: 185.551956
  Mean |x_t| after ablation: 185.549072
USING PRECUED ITEMS - SHOULD NEVER BE DONE IN TRAINING
[denoise_one_step] t_idx=1
  x_t shape: torch.Size([1, 1, 1, 16])
  ablation_vector shape: torch.Size([16])
  component shape: torch.Size([1, 1, 1, 16])
  Mean |component| being removed: 0.910461
  Mean |x_t| before ablation: 179.250977
  Mean |x_t| after ablation: 179.248672
USING PRECUED ITEMS - SHOULD NEVER BE DONE IN TRAINING
[denoise_one_step] t_idx=1
  x_t shape: torch.Size([1, 1, 1, 16])
  ablation_vector shape: torch.Size([16])
  component shape: torch.Size([1, 1, 1, 16])
  Mean |component| being removed: 0.774174
  Mean |x_t| before ablation: 156.411758
  Mean |x_t| after ablation: 156.409836
USING PRECUED ITEMS - SHOULD NEVER BE DONE IN TRAINING
[denoise_one_step] t_idx=1
  x_t shape: torch.Size([1, 1, 1, 16])
  ablation_vector shape: torch.Size([16])
  component shape: torch.Size([1, 1, 1, 16])
  Mean |component| being removed: 0.445528
  Mean |x_t| before ablation: 156.853622
  Mean |x_t| after ablation: 156.852982
USING PRECUED ITEMS - SHOULD NEVER BE DONE IN TRAINING
[denoise_one_step] t_idx=1
  x_t shape: torch.Size([1, 1, 1, 16])
  ablation_vector shape: torch.Size([16])
  component shape: torch.Size([1, 1, 1, 16])
  Mean |component| being removed: 0.719418
  Mean |x_t| before ablation: 169.140579
  Mean |x_t| after ablation: 169.139053
USING PRECUED ITEMS - SHOULD NEVER BE DONE IN TRAINING
[denoise_one_step] t_idx=1
  x_t shape: torch.Size([1, 1, 1, 16])
  ablation_vector shape: torch.Size([16])
  component shape: torch.Size([1, 1, 1, 16])
  Mean |component| being removed: 0.404579
  Mean |x_t| before ablation: 164.312149
  Mean |x_t| after ablation: 164.311646
USING PRECUED ITEMS - SHOULD NEVER BE DONE IN TRAINING
[denoise_one_step] t_idx=1
  x_t shape: torch.Size([1, 1, 1, 16])
  ablation_vector shape: torch.Size([16])
  component shape: torch.Size([1, 1, 1, 16])
  Mean |component| being removed: 0.258932
  Mean |x_t| before ablation: 159.400299
  Mean |x_t| after ablation: 159.400101
USING PRECUED ITEMS - SHOULD NEVER BE DONE IN TRAINING
[denoise_one_step] t_idx=1
  x_t shape: torch.Size([1, 1, 1, 16])
  ablation_vector shape: torch.Size([16])
  component shape: torch.Size([1, 1, 1, 16])
  Mean |component| being removed: 0.636349
  Mean |x_t| before ablation: 168.237244
  Mean |x_t| after ablation: 168.236038
USING PRECUED ITEMS - SHOULD NEVER BE DONE IN TRAINING
[denoise_one_step] t_idx=1
  x_t shape: torch.Size([1, 1, 1, 16])
  ablation_vector shape: torch.Size([16])
  component shape: torch.Size([1, 1, 1, 16])
  Mean |component| being removed: 0.857412
  Mean |x_t| before ablation: 181.512573
  Mean |x_t| after ablation: 181.510529
USING PRECUED ITEMS - SHOULD NEVER BE DONE IN TRAINING
[denoise_one_step] t_idx=1
  x_t shape: torch.Size([1, 1, 1, 16])
  ablation_vector shape: torch.Size([16])
  component shape: torch.Size([1, 1, 1, 16])
  Mean |component| being removed: 0.551064
  Mean |x_t| before ablation: 171.567368
  Mean |x_t| after ablation: 171.566467
USING PRECUED ITEMS - SHOULD NEVER BE DONE IN TRAINING
[denoise_one_step] t_idx=1
  x_t shape: torch.Size([1, 1, 1, 16])
  ablation_vector shape: torch.Size([16])
  component shape: torch.Size([1, 1, 1, 16])
  Mean |component| being removed: 0.725285
  Mean |x_t| before ablation: 171.845078
  Mean |x_t| after ablation: 171.843536
USING PRECUED ITEMS - SHOULD NEVER BE DONE IN TRAINING
[denoise_one_step] t_idx=1
  x_t shape: torch.Size([1, 1, 1, 16])
  ablation_vector shape: torch.Size([16])
  component shape: torch.Size([1, 1, 1, 16])
  Mean |component| being removed: 1.405458
  Mean |x_t| before ablation: 166.433990
  Mean |x_t| after ablation: 166.428055
USING PRECUED ITEMS - SHOULD NEVER BE DONE IN TRAINING
[denoise_one_step] t_idx=1
  x_t shape: torch.Size([1, 1, 1, 16])
  ablation_vector shape: torch.Size([16])
  component shape: torch.Size([1, 1, 1, 16])
  Mean |component| being removed: 1.119036
  Mean |x_t| before ablation: 175.237076
  Mean |x_t| after ablation: 175.233490
USING PRECUED ITEMS - SHOULD NEVER BE DONE IN TRAINING
[denoise_one_step] t_idx=1
  x_t shape: torch.Size([1, 1, 1, 16])
  ablation_vector shape: torch.Size([16])
  component shape: torch.Size([1, 1, 1, 16])
  Mean |component| being removed: 0.640388
  Mean |x_t| before ablation: 171.742325
  Mean |x_t| after ablation: 171.741135
USING PRECUED ITEMS - SHOULD NEVER BE DONE IN TRAINING
[denoise_one_step] t_idx=1
  x_t shape: torch.Size([1, 1, 1, 16])
  ablation_vector shape: torch.Size([16])
  component shape: torch.Size([1, 1, 1, 16])
  Mean |component| being removed: 0.098549
  Mean |x_t| before ablation: 145.483154
  Mean |x_t| after ablation: 145.483124
USING PRECUED ITEMS - SHOULD NEVER BE DONE IN TRAINING
[denoise_one_step] t_idx=1
  x_t shape: torch.Size([1, 1, 1, 16])
  ablation_vector shape: torch.Size([16])
  component shape: torch.Size([1, 1, 1, 16])
  Mean |component| being removed: 0.170132
  Mean |x_t| before ablation: 146.833344
  Mean |x_t| after ablation: 146.833237
USING PRECUED ITEMS - SHOULD NEVER BE DONE IN TRAINING
[denoise_one_step] t_idx=1
  x_t shape: torch.Size([1, 1, 1, 16])
  ablation_vector shape: torch.Size([16])
  component shape: torch.Size([1, 1, 1, 16])
  Mean |component| being removed: 1.245491
  Mean |x_t| before ablation: 146.328079
  Mean |x_t| after ablation: 146.322784
USING PRECUED ITEMS - SHOULD NEVER BE DONE IN TRAINING
[denoise_one_step] t_idx=1
  x_t shape: torch.Size([1, 1, 1, 16])
  ablation_vector shape: torch.Size([16])
  component shape: torch.Size([1, 1, 1, 16])
  Mean |component| being removed: 0.100964
  Mean |x_t| before ablation: 147.427094
  Mean |x_t| after ablation: 147.427048
USING PRECUED ITEMS - SHOULD NEVER BE DONE IN TRAINING
[denoise_one_step] t_idx=1
  x_t shape: torch.Size([1, 1, 1, 16])
  ablation_vector shape: torch.Size([16])
  component shape: torch.Size([1, 1, 1, 16])
  Mean |component| being removed: 0.382839
  Mean |x_t| before ablation: 166.838226
  Mean |x_t| after ablation: 166.837784
USING PRECUED ITEMS - SHOULD NEVER BE DONE IN TRAINING
[denoise_one_step] t_idx=1
  x_t shape: torch.Size([1, 1, 1, 16])
  ablation_vector shape: torch.Size([16])
  component shape: torch.Size([1, 1, 1, 16])
  Mean |component| being removed: 1.011827
  Mean |x_t| before ablation: 159.680008
  Mean |x_t| after ablation: 159.676804
USING PRECUED ITEMS - SHOULD NEVER BE DONE IN TRAINING
[denoise_one_step] t_idx=1
  x_t shape: torch.Size([1, 1, 1, 16])
  ablation_vector shape: torch.Size([16])
  component shape: torch.Size([1, 1, 1, 16])
  Mean |component| being removed: 0.822689
  Mean |x_t| before ablation: 149.676804
  Mean |x_t| after ablation: 149.674545
USING PRECUED ITEMS - SHOULD NEVER BE DONE IN TRAINING
[denoise_one_step] t_idx=1
  x_t shape: torch.Size([1, 1, 1, 16])
  ablation_vector shape: torch.Size([16])
  component shape: torch.Size([1, 1, 1, 16])
  Mean |component| being removed: 0.273529
  Mean |x_t| before ablation: 165.250992
  Mean |x_t| after ablation: 165.250763
USING PRECUED ITEMS - SHOULD NEVER BE DONE IN TRAINING
[denoise_one_step] t_idx=1
  x_t shape: torch.Size([1, 1, 1, 16])
  ablation_vector shape: torch.Size([16])
  component shape: torch.Size([1, 1, 1, 16])
  Mean |component| being removed: 0.410999
  Mean |x_t| before ablation: 160.856628
  Mean |x_t| after ablation: 160.856110
USING PRECUED ITEMS - SHOULD NEVER BE DONE IN TRAINING
[denoise_one_step] t_idx=1
  x_t shape: torch.Size([1, 1, 1, 16])
  ablation_vector shape: torch.Size([16])
  component shape: torch.Size([1, 1, 1, 16])
  Mean |component| being removed: 0.039455
  Mean |x_t| before ablation: 144.839432
  Mean |x_t| after ablation: 144.839432
USING PRECUED ITEMS - SHOULD NEVER BE DONE IN TRAINING
[denoise_one_step] t_idx=1
  x_t shape: torch.Size([1, 1, 1, 16])
  ablation_vector shape: torch.Size([16])
  component shape: torch.Size([1, 1, 1, 16])
  Mean |component| being removed: 0.036789
  Mean |x_t| before ablation: 153.139496
  Mean |x_t| after ablation: 153.139481
USING PRECUED ITEMS - SHOULD NEVER BE DONE IN TRAINING
[denoise_one_step] t_idx=1
  x_t shape: torch.Size([1, 1, 1, 16])
  ablation_vector shape: torch.Size([16])
  component shape: torch.Size([1, 1, 1, 16])
  Mean |component| being removed: 1.014624
  Mean |x_t| before ablation: 136.951202
  Mean |x_t| after ablation: 136.947449
USING PRECUED ITEMS - SHOULD NEVER BE DONE IN TRAINING
[denoise_one_step] t_idx=1
  x_t shape: torch.Size([1, 1, 1, 16])
  ablation_vector shape: torch.Size([16])
  component shape: torch.Size([1, 1, 1, 16])
  Mean |component| being removed: 0.268688
  Mean |x_t| before ablation: 133.207962
  Mean |x_t| after ablation: 133.207687
USING PRECUED ITEMS - SHOULD NEVER BE DONE IN TRAINING
[denoise_one_step] t_idx=1
  x_t shape: torch.Size([1, 1, 1, 16])
  ablation_vector shape: torch.Size([16])
  component shape: torch.Size([1, 1, 1, 16])
  Mean |component| being removed: 1.983919
  Mean |x_t| before ablation: 138.380798
  Mean |x_t| after ablation: 138.366577
USING PRECUED ITEMS - SHOULD NEVER BE DONE IN TRAINING
[denoise_one_step] t_idx=1
  x_t shape: torch.Size([1, 1, 1, 16])
  ablation_vector shape: torch.Size([16])
  component shape: torch.Size([1, 1, 1, 16])
  Mean |component| being removed: 0.111546
  Mean |x_t| before ablation: 131.983871
  Mean |x_t| after ablation: 131.983826
USING PRECUED ITEMS - SHOULD NEVER BE DONE IN TRAINING
[denoise_one_step] t_idx=1
  x_t shape: torch.Size([1, 1, 1, 16])
  ablation_vector shape: torch.Size([16])
  component shape: torch.Size([1, 1, 1, 16])
  Mean |component| being removed: 0.294512
  Mean |x_t| before ablation: 137.132523
  Mean |x_t| after ablation: 137.132187
USING PRECUED ITEMS - SHOULD NEVER BE DONE IN TRAINING
[denoise_one_step] t_idx=1
  x_t shape: torch.Size([1, 1, 1, 16])
  ablation_vector shape: torch.Size([16])
  component shape: torch.Size([1, 1, 1, 16])
  Mean |component| being removed: 0.436594
  Mean |x_t| before ablation: 129.541290
  Mean |x_t| after ablation: 129.540558
USING PRECUED ITEMS - SHOULD NEVER BE DONE IN TRAINING
[denoise_one_step] t_idx=1
  x_t shape: torch.Size([1, 1, 1, 16])
  ablation_vector shape: torch.Size([16])
  component shape: torch.Size([1, 1, 1, 16])
  Mean |component| being removed: 0.572548
  Mean |x_t| before ablation: 134.293747
  Mean |x_t| after ablation: 134.292526
USING PRECUED ITEMS - SHOULD NEVER BE DONE IN TRAINING
[denoise_one_step] t_idx=1
  x_t shape: torch.Size([1, 1, 1, 16])
  ablation_vector shape: torch.Size([16])
  component shape: torch.Size([1, 1, 1, 16])
  Mean |component| being removed: 0.894331
  Mean |x_t| before ablation: 143.953323
  Mean |x_t| after ablation: 143.950546
USING PRECUED ITEMS - SHOULD NEVER BE DONE IN TRAINING
[denoise_one_step] t_idx=1
  x_t shape: torch.Size([1, 1, 1, 16])
  ablation_vector shape: torch.Size([16])
  component shape: torch.Size([1, 1, 1, 16])
  Mean |component| being removed: 0.198446
  Mean |x_t| before ablation: 131.825500
  Mean |x_t| after ablation: 131.825348
USING PRECUED ITEMS - SHOULD NEVER BE DONE IN TRAINING
[denoise_one_step] t_idx=1
  x_t shape: torch.Size([1, 1, 1, 16])
  ablation_vector shape: torch.Size([16])
  component shape: torch.Size([1, 1, 1, 16])
  Mean |component| being removed: 1.641594
  Mean |x_t| before ablation: 144.600693
  Mean |x_t| after ablation: 144.591385
USING PRECUED ITEMS - SHOULD NEVER BE DONE IN TRAINING
[denoise_one_step] t_idx=1
  x_t shape: torch.Size([1, 1, 1, 16])
  ablation_vector shape: torch.Size([16])
  component shape: torch.Size([1, 1, 1, 16])
  Mean |component| being removed: 0.274881
  Mean |x_t| before ablation: 133.913193
  Mean |x_t| after ablation: 133.912918
USING PRECUED ITEMS - SHOULD NEVER BE DONE IN TRAINING
[denoise_one_step] t_idx=1
  x_t shape: torch.Size([1, 1, 1, 16])
  ablation_vector shape: torch.Size([16])
  component shape: torch.Size([1, 1, 1, 16])
  Mean |component| being removed: 0.921318
  Mean |x_t| before ablation: 134.484772
  Mean |x_t| after ablation: 134.481628
USING PRECUED ITEMS - SHOULD NEVER BE DONE IN TRAINING
[denoise_one_step] t_idx=1
  x_t shape: torch.Size([1, 1, 1, 16])
  ablation_vector shape: torch.Size([16])
  component shape: torch.Size([1, 1, 1, 16])
  Mean |component| being removed: 0.208952
  Mean |x_t| before ablation: 128.846710
  Mean |x_t| after ablation: 128.846558
USING PRECUED ITEMS - SHOULD NEVER BE DONE IN TRAINING
[denoise_one_step] t_idx=1
  x_t shape: torch.Size([1, 1, 1, 16])
  ablation_vector shape: torch.Size([16])
  component shape: torch.Size([1, 1, 1, 16])
  Mean |component| being removed: 0.519445
  Mean |x_t| before ablation: 126.204865
  Mean |x_t| after ablation: 126.203789
USING PRECUED ITEMS - SHOULD NEVER BE DONE IN TRAINING
[denoise_one_step] t_idx=1
  x_t shape: torch.Size([1, 1, 1, 16])
  ablation_vector shape: torch.Size([16])
  component shape: torch.Size([1, 1, 1, 16])
  Mean |component| being removed: 0.637920
  Mean |x_t| before ablation: 119.110619
  Mean |x_t| after ablation: 119.108910
USING PRECUED ITEMS - SHOULD NEVER BE DONE IN TRAINING
[denoise_one_step] t_idx=1
  x_t shape: torch.Size([1, 1, 1, 16])
  ablation_vector shape: torch.Size([16])
  component shape: torch.Size([1, 1, 1, 16])
  Mean |component| being removed: 1.202238
  Mean |x_t| before ablation: 125.150169
  Mean |x_t| after ablation: 125.144402
USING PRECUED ITEMS - SHOULD NEVER BE DONE IN TRAINING
[denoise_one_step] t_idx=1
  x_t shape: torch.Size([1, 1, 1, 16])
  ablation_vector shape: torch.Size([16])
  component shape: torch.Size([1, 1, 1, 16])
  Mean |component| being removed: 1.020798
  Mean |x_t| before ablation: 129.854553
  Mean |x_t| after ablation: 129.850525
USING PRECUED ITEMS - SHOULD NEVER BE DONE IN TRAINING
[denoise_one_step] t_idx=1
  x_t shape: torch.Size([1, 1, 1, 16])
  ablation_vector shape: torch.Size([16])
  component shape: torch.Size([1, 1, 1, 16])
  Mean |component| being removed: 1.250065
  Mean |x_t| before ablation: 132.399261
  Mean |x_t| after ablation: 132.393356
USING PRECUED ITEMS - SHOULD NEVER BE DONE IN TRAINING
[denoise_one_step] t_idx=1
  x_t shape: torch.Size([1, 1, 1, 16])
  ablation_vector shape: torch.Size([16])
  component shape: torch.Size([1, 1, 1, 16])
  Mean |component| being removed: 0.436533
  Mean |x_t| before ablation: 123.506775
  Mean |x_t| after ablation: 123.506004
USING PRECUED ITEMS - SHOULD NEVER BE DONE IN TRAINING
[denoise_one_step] t_idx=1
  x_t shape: torch.Size([1, 1, 1, 16])
  ablation_vector shape: torch.Size([16])
  component shape: torch.Size([1, 1, 1, 16])
  Mean |component| being removed: 0.456234
  Mean |x_t| before ablation: 131.058838
  Mean |x_t| after ablation: 131.058029
USING PRECUED ITEMS - SHOULD NEVER BE DONE IN TRAINING
[denoise_one_step] t_idx=1
  x_t shape: torch.Size([1, 1, 1, 16])
  ablation_vector shape: torch.Size([16])
  component shape: torch.Size([1, 1, 1, 16])
  Mean |component| being removed: 1.762827
  Mean |x_t| before ablation: 124.625290
  Mean |x_t| after ablation: 124.612816
USING PRECUED ITEMS - SHOULD NEVER BE DONE IN TRAINING
[denoise_one_step] t_idx=1
  x_t shape: torch.Size([1, 1, 1, 16])
  ablation_vector shape: torch.Size([16])
  component shape: torch.Size([1, 1, 1, 16])
  Mean |component| being removed: 0.853882
  Mean |x_t| before ablation: 131.945862
  Mean |x_t| after ablation: 131.943085
USING PRECUED ITEMS - SHOULD NEVER BE DONE IN TRAINING
[denoise_one_step] t_idx=1
  x_t shape: torch.Size([1, 1, 1, 16])
  ablation_vector shape: torch.Size([16])
  component shape: torch.Size([1, 1, 1, 16])
  Mean |component| being removed: 0.497988
  Mean |x_t| before ablation: 132.487549
  Mean |x_t| after ablation: 132.486618
USING PRECUED ITEMS - SHOULD NEVER BE DONE IN TRAINING
[denoise_one_step] t_idx=1
  x_t shape: torch.Size([1, 1, 1, 16])
  ablation_vector shape: torch.Size([16])
  component shape: torch.Size([1, 1, 1, 16])
  Mean |component| being removed: 0.892258
  Mean |x_t| before ablation: 129.223724
  Mean |x_t| after ablation: 129.220642
USING PRECUED ITEMS - SHOULD NEVER BE DONE IN TRAINING
[denoise_one_step] t_idx=1
  x_t shape: torch.Size([1, 1, 1, 16])
  ablation_vector shape: torch.Size([16])
  component shape: torch.Size([1, 1, 1, 16])
  Mean |component| being removed: 0.219185
  Mean |x_t| before ablation: 123.911537
  Mean |x_t| after ablation: 123.911339
USING PRECUED ITEMS - SHOULD NEVER BE DONE IN TRAINING
[denoise_one_step] t_idx=1
  x_t shape: torch.Size([1, 1, 1, 16])
  ablation_vector shape: torch.Size([16])
  component shape: torch.Size([1, 1, 1, 16])
  Mean |component| being removed: 1.461281
  Mean |x_t| before ablation: 112.560287
  Mean |x_t| after ablation: 112.550797
USING PRECUED ITEMS - SHOULD NEVER BE DONE IN TRAINING
[denoise_one_step] t_idx=1
  x_t shape: torch.Size([1, 1, 1, 16])
  ablation_vector shape: torch.Size([16])
  component shape: torch.Size([1, 1, 1, 16])
  Mean |component| being removed: 1.620584
  Mean |x_t| before ablation: 125.592834
  Mean |x_t| after ablation: 125.582382
USING PRECUED ITEMS - SHOULD NEVER BE DONE IN TRAINING
[denoise_one_step] t_idx=1
  x_t shape: torch.Size([1, 1, 1, 16])
  ablation_vector shape: torch.Size([16])
  component shape: torch.Size([1, 1, 1, 16])
  Mean |component| being removed: 0.721689
  Mean |x_t| before ablation: 123.919708
  Mean |x_t| after ablation: 123.917610
USING PRECUED ITEMS - SHOULD NEVER BE DONE IN TRAINING
[denoise_one_step] t_idx=1
  x_t shape: torch.Size([1, 1, 1, 16])
  ablation_vector shape: torch.Size([16])
  component shape: torch.Size([1, 1, 1, 16])
  Mean |component| being removed: 0.948032
  Mean |x_t| before ablation: 140.130371
  Mean |x_t| after ablation: 140.127167
USING PRECUED ITEMS - SHOULD NEVER BE DONE IN TRAINING
[denoise_one_step] t_idx=1
  x_t shape: torch.Size([1, 1, 1, 16])
  ablation_vector shape: torch.Size([16])
  component shape: torch.Size([1, 1, 1, 16])
  Mean |component| being removed: 1.325792
  Mean |x_t| before ablation: 128.695419
  Mean |x_t| after ablation: 128.688583
USING PRECUED ITEMS - SHOULD NEVER BE DONE IN TRAINING
[denoise_one_step] t_idx=1
  x_t shape: torch.Size([1, 1, 1, 16])
  ablation_vector shape: torch.Size([16])
  component shape: torch.Size([1, 1, 1, 16])
  Mean |component| being removed: 1.147118
  Mean |x_t| before ablation: 133.012436
  Mean |x_t| after ablation: 133.007477
USING PRECUED ITEMS - SHOULD NEVER BE DONE IN TRAINING
[denoise_one_step] t_idx=1
  x_t shape: torch.Size([1, 1, 1, 16])
  ablation_vector shape: torch.Size([16])
  component shape: torch.Size([1, 1, 1, 16])
  Mean |component| being removed: 1.357409
  Mean |x_t| before ablation: 128.996964
  Mean |x_t| after ablation: 128.989822
USING PRECUED ITEMS - SHOULD NEVER BE DONE IN TRAINING
[denoise_one_step] t_idx=1
  x_t shape: torch.Size([1, 1, 1, 16])
  ablation_vector shape: torch.Size([16])
  component shape: torch.Size([1, 1, 1, 16])
  Mean |component| being removed: 0.538700
  Mean |x_t| before ablation: 125.708176
  Mean |x_t| after ablation: 125.707016
USING PRECUED ITEMS - SHOULD NEVER BE DONE IN TRAINING
[denoise_one_step] t_idx=1
  x_t shape: torch.Size([1, 1, 1, 16])
  ablation_vector shape: torch.Size([16])
  component shape: torch.Size([1, 1, 1, 16])
  Mean |component| being removed: 0.102228
  Mean |x_t| before ablation: 113.402588
  Mean |x_t| after ablation: 113.402542
USING PRECUED ITEMS - SHOULD NEVER BE DONE IN TRAINING
[denoise_one_step] t_idx=1
  x_t shape: torch.Size([1, 1, 1, 16])
  ablation_vector shape: torch.Size([16])
  component shape: torch.Size([1, 1, 1, 16])
  Mean |component| being removed: 1.480659
  Mean |x_t| before ablation: 124.584709
  Mean |x_t| after ablation: 124.575905
USING PRECUED ITEMS - SHOULD NEVER BE DONE IN TRAINING
[denoise_one_step] t_idx=1
  x_t shape: torch.Size([1, 1, 1, 16])
  ablation_vector shape: torch.Size([16])
  component shape: torch.Size([1, 1, 1, 16])
  Mean |component| being removed: 1.180935
  Mean |x_t| before ablation: 125.433372
  Mean |x_t| after ablation: 125.427818
USING PRECUED ITEMS - SHOULD NEVER BE DONE IN TRAINING
[denoise_one_step] t_idx=1
  x_t shape: torch.Size([1, 1, 1, 16])
  ablation_vector shape: torch.Size([16])
  component shape: torch.Size([1, 1, 1, 16])
  Mean |component| being removed: 1.164080
  Mean |x_t| before ablation: 131.649292
  Mean |x_t| after ablation: 131.644150
Binning and averaging each preparatory timestep by cued-color bin...
Global PCA explained variance ratio: [0.81478886 0.0767797  0.04682531]
Global PCA cumulative variance: [0.81478886 0.89156856 0.93839387]
Binning and averaging each diffusion timestep by cued-color bin...
Diffusion PCA explained variance ratio: [0.61563232 0.24851379 0.11646866]
Diffusion PCA cumulative variance: [0.61563232 0.86414611 0.98061478]
Saved outputs:
  /scratch3/shaiq_home/repos/behaviour_ddpm/ddpm/analysis/new_analysis/results/3D_plots/teacher_individualized_pca_index_cued_first_diffusion_no_swap_1/dir_12/prospective_memory_global_pca_all_prep_steps_3d.png
  /scratch3/shaiq_home/repos/behaviour_ddpm/ddpm/analysis/new_analysis/results/3D_plots/teacher_individualized_pca_index_cued_first_diffusion_no_swap_1/dir_12/prospective_memory_global_pca_prep_spatial_rings_over_time_3d.png
  /scratch3/shaiq_home/repos/behaviour_ddpm/ddpm/analysis/new_analysis/results/3D_plots/teacher_individualized_pca_index_cued_first_diffusion_no_swap_1/dir_12/prospective_memory_global_pca_all_diffusion_steps_3d.png
  /scratch3/shaiq_home/repos/behaviour_ddpm/ddpm/analysis/new_analysis/results/3D_plots/teacher_individualized_pca_index_cued_first_diffusion_no_swap_1/dir_12/prospective_memory_global_pca_diffusion_spatial_rings_over_time_3d.png
  /scratch3/shaiq_home/repos/behaviour_ddpm/ddpm/analysis/new_analysis/results/3D_plots/teacher_individualized_pca_index_cued_first_diffusion_no_swap_1/dir_12/global_pca_trajectory_data.npz
  /scratch3/shaiq_home/repos/behaviour_ddpm/ddpm/analysis/new_analysis/results/3D_plots/teacher_individualized_pca_index_cued_first_diffusion_no_swap_1/dir_12/global_pca_diffusion_data.npz
  /scratch3/shaiq_home/repos/behaviour_ddpm/ddpm/analysis/new_analysis/results/3D_plots/teacher_individualized_pca_index_cued_first_diffusion_no_swap_1/dir_12/global_pca_trajectory_summary.json
