Repo root: /scratch3/shaiq_home/repos/behaviour_ddpm
Run dir: /scratch3/shaiq_home/results_link/index_cued_first_diffusion_no_swap_1
Output dir: /scratch3/shaiq_home/repos/behaviour_ddpm/ddpm/analysis/new_analysis/results/3D_plots/teacher_individualized_pca_index_cued_first_diffusion_no_swap_1/dir_4
Device: cuda
Ablation setup: source=direction_sweep, conditions=[4]
Prep indices: [0, 1, 2, 3]
Generated 288 trials (1 ablation conditions: [4])
Extracting all preparatory timesteps across trials...
USING PRECUED ITEMS - SHOULD NEVER BE DONE IN TRAINING
[denoise_one_step] t_idx=1
  x_t shape: torch.Size([1, 1, 1, 16])
  ablation_vector shape: torch.Size([16])
  component shape: torch.Size([1, 1, 1, 16])
  Mean |component| being removed: 3.582247
  Mean |x_t| before ablation: 197.589188
  Mean |x_t| after ablation: 197.556717
USING PRECUED ITEMS - SHOULD NEVER BE DONE IN TRAINING
[denoise_one_step] t_idx=1
  x_t shape: torch.Size([1, 1, 1, 16])
  ablation_vector shape: torch.Size([16])
  component shape: torch.Size([1, 1, 1, 16])
  Mean |component| being removed: 3.866454
  Mean |x_t| before ablation: 194.501846
  Mean |x_t| after ablation: 194.463409
USING PRECUED ITEMS - SHOULD NEVER BE DONE IN TRAINING
[denoise_one_step] t_idx=1
  x_t shape: torch.Size([1, 1, 1, 16])
  ablation_vector shape: torch.Size([16])
  component shape: torch.Size([1, 1, 1, 16])
  Mean |component| being removed: 3.876292
  Mean |x_t| before ablation: 197.054703
  Mean |x_t| after ablation: 197.016571
USING PRECUED ITEMS - SHOULD NEVER BE DONE IN TRAINING
[denoise_one_step] t_idx=1
  x_t shape: torch.Size([1, 1, 1, 16])
  ablation_vector shape: torch.Size([16])
  component shape: torch.Size([1, 1, 1, 16])
  Mean |component| being removed: 3.654969
  Mean |x_t| before ablation: 196.536896
  Mean |x_t| after ablation: 196.502914
USING PRECUED ITEMS - SHOULD NEVER BE DONE IN TRAINING
[denoise_one_step] t_idx=1
  x_t shape: torch.Size([1, 1, 1, 16])
  ablation_vector shape: torch.Size([16])
  component shape: torch.Size([1, 1, 1, 16])
  Mean |component| being removed: 4.342333
  Mean |x_t| before ablation: 193.173874
  Mean |x_t| after ablation: 193.125061
USING PRECUED ITEMS - SHOULD NEVER BE DONE IN TRAINING
[denoise_one_step] t_idx=1
  x_t shape: torch.Size([1, 1, 1, 16])
  ablation_vector shape: torch.Size([16])
  component shape: torch.Size([1, 1, 1, 16])
  Mean |component| being removed: 4.070113
  Mean |x_t| before ablation: 186.402573
  Mean |x_t| after ablation: 186.358139
USING PRECUED ITEMS - SHOULD NEVER BE DONE IN TRAINING
[denoise_one_step] t_idx=1
  x_t shape: torch.Size([1, 1, 1, 16])
  ablation_vector shape: torch.Size([16])
  component shape: torch.Size([1, 1, 1, 16])
  Mean |component| being removed: 3.583260
  Mean |x_t| before ablation: 193.911407
  Mean |x_t| after ablation: 193.878281
USING PRECUED ITEMS - SHOULD NEVER BE DONE IN TRAINING
[denoise_one_step] t_idx=1
  x_t shape: torch.Size([1, 1, 1, 16])
  ablation_vector shape: torch.Size([16])
  component shape: torch.Size([1, 1, 1, 16])
  Mean |component| being removed: 3.710742
  Mean |x_t| before ablation: 188.337799
  Mean |x_t| after ablation: 188.301239
USING PRECUED ITEMS - SHOULD NEVER BE DONE IN TRAINING
[denoise_one_step] t_idx=1
  x_t shape: torch.Size([1, 1, 1, 16])
  ablation_vector shape: torch.Size([16])
  component shape: torch.Size([1, 1, 1, 16])
  Mean |component| being removed: 4.365418
  Mean |x_t| before ablation: 195.266129
  Mean |x_t| after ablation: 195.217331
USING PRECUED ITEMS - SHOULD NEVER BE DONE IN TRAINING
[denoise_one_step] t_idx=1
  x_t shape: torch.Size([1, 1, 1, 16])
  ablation_vector shape: torch.Size([16])
  component shape: torch.Size([1, 1, 1, 16])
  Mean |component| being removed: 3.821190
  Mean |x_t| before ablation: 188.702499
  Mean |x_t| after ablation: 188.663803
USING PRECUED ITEMS - SHOULD NEVER BE DONE IN TRAINING
[denoise_one_step] t_idx=1
  x_t shape: torch.Size([1, 1, 1, 16])
  ablation_vector shape: torch.Size([16])
  component shape: torch.Size([1, 1, 1, 16])
  Mean |component| being removed: 4.846322
  Mean |x_t| before ablation: 196.284836
  Mean |x_t| after ablation: 196.225006
USING PRECUED ITEMS - SHOULD NEVER BE DONE IN TRAINING
[denoise_one_step] t_idx=1
  x_t shape: torch.Size([1, 1, 1, 16])
  ablation_vector shape: torch.Size([16])
  component shape: torch.Size([1, 1, 1, 16])
  Mean |component| being removed: 4.237544
  Mean |x_t| before ablation: 191.650787
  Mean |x_t| after ablation: 191.603943
USING PRECUED ITEMS - SHOULD NEVER BE DONE IN TRAINING
[denoise_one_step] t_idx=1
  x_t shape: torch.Size([1, 1, 1, 16])
  ablation_vector shape: torch.Size([16])
  component shape: torch.Size([1, 1, 1, 16])
  Mean |component| being removed: 5.750271
  Mean |x_t| before ablation: 207.078201
  Mean |x_t| after ablation: 206.998337
USING PRECUED ITEMS - SHOULD NEVER BE DONE IN TRAINING
[denoise_one_step] t_idx=1
  x_t shape: torch.Size([1, 1, 1, 16])
  ablation_vector shape: torch.Size([16])
  component shape: torch.Size([1, 1, 1, 16])
  Mean |component| being removed: 4.337718
  Mean |x_t| before ablation: 206.985825
  Mean |x_t| after ablation: 206.940353
USING PRECUED ITEMS - SHOULD NEVER BE DONE IN TRAINING
[denoise_one_step] t_idx=1
  x_t shape: torch.Size([1, 1, 1, 16])
  ablation_vector shape: torch.Size([16])
  component shape: torch.Size([1, 1, 1, 16])
  Mean |component| being removed: 4.248934
  Mean |x_t| before ablation: 198.961258
  Mean |x_t| after ablation: 198.915894
USING PRECUED ITEMS - SHOULD NEVER BE DONE IN TRAINING
[denoise_one_step] t_idx=1
  x_t shape: torch.Size([1, 1, 1, 16])
  ablation_vector shape: torch.Size([16])
  component shape: torch.Size([1, 1, 1, 16])
  Mean |component| being removed: 5.217886
  Mean |x_t| before ablation: 202.962204
  Mean |x_t| after ablation: 202.895126
USING PRECUED ITEMS - SHOULD NEVER BE DONE IN TRAINING
[denoise_one_step] t_idx=1
  x_t shape: torch.Size([1, 1, 1, 16])
  ablation_vector shape: torch.Size([16])
  component shape: torch.Size([1, 1, 1, 16])
  Mean |component| being removed: 4.136225
  Mean |x_t| before ablation: 198.863525
  Mean |x_t| after ablation: 198.820511
USING PRECUED ITEMS - SHOULD NEVER BE DONE IN TRAINING
[denoise_one_step] t_idx=1
  x_t shape: torch.Size([1, 1, 1, 16])
  ablation_vector shape: torch.Size([16])
  component shape: torch.Size([1, 1, 1, 16])
  Mean |component| being removed: 5.310324
  Mean |x_t| before ablation: 199.242065
  Mean |x_t| after ablation: 199.171280
USING PRECUED ITEMS - SHOULD NEVER BE DONE IN TRAINING
[denoise_one_step] t_idx=1
  x_t shape: torch.Size([1, 1, 1, 16])
  ablation_vector shape: torch.Size([16])
  component shape: torch.Size([1, 1, 1, 16])
  Mean |component| being removed: 5.942650
  Mean |x_t| before ablation: 203.548294
  Mean |x_t| after ablation: 203.461533
USING PRECUED ITEMS - SHOULD NEVER BE DONE IN TRAINING
[denoise_one_step] t_idx=1
  x_t shape: torch.Size([1, 1, 1, 16])
  ablation_vector shape: torch.Size([16])
  component shape: torch.Size([1, 1, 1, 16])
  Mean |component| being removed: 6.047701
  Mean |x_t| before ablation: 204.692856
  Mean |x_t| after ablation: 204.603470
USING PRECUED ITEMS - SHOULD NEVER BE DONE IN TRAINING
[denoise_one_step] t_idx=1
  x_t shape: torch.Size([1, 1, 1, 16])
  ablation_vector shape: torch.Size([16])
  component shape: torch.Size([1, 1, 1, 16])
  Mean |component| being removed: 5.230900
  Mean |x_t| before ablation: 204.236511
  Mean |x_t| after ablation: 204.169510
USING PRECUED ITEMS - SHOULD NEVER BE DONE IN TRAINING
[denoise_one_step] t_idx=1
  x_t shape: torch.Size([1, 1, 1, 16])
  ablation_vector shape: torch.Size([16])
  component shape: torch.Size([1, 1, 1, 16])
  Mean |component| being removed: 4.924059
  Mean |x_t| before ablation: 203.445145
  Mean |x_t| after ablation: 203.385544
USING PRECUED ITEMS - SHOULD NEVER BE DONE IN TRAINING
[denoise_one_step] t_idx=1
  x_t shape: torch.Size([1, 1, 1, 16])
  ablation_vector shape: torch.Size([16])
  component shape: torch.Size([1, 1, 1, 16])
  Mean |component| being removed: 5.538107
  Mean |x_t| before ablation: 202.513458
  Mean |x_t| after ablation: 202.437698
USING PRECUED ITEMS - SHOULD NEVER BE DONE IN TRAINING
[denoise_one_step] t_idx=1
  x_t shape: torch.Size([1, 1, 1, 16])
  ablation_vector shape: torch.Size([16])
  component shape: torch.Size([1, 1, 1, 16])
  Mean |component| being removed: 4.360453
  Mean |x_t| before ablation: 205.683990
  Mean |x_t| after ablation: 205.637772
USING PRECUED ITEMS - SHOULD NEVER BE DONE IN TRAINING
[denoise_one_step] t_idx=1
  x_t shape: torch.Size([1, 1, 1, 16])
  ablation_vector shape: torch.Size([16])
  component shape: torch.Size([1, 1, 1, 16])
  Mean |component| being removed: 7.162468
  Mean |x_t| before ablation: 230.528900
  Mean |x_t| after ablation: 230.417603
USING PRECUED ITEMS - SHOULD NEVER BE DONE IN TRAINING
[denoise_one_step] t_idx=1
  x_t shape: torch.Size([1, 1, 1, 16])
  ablation_vector shape: torch.Size([16])
  component shape: torch.Size([1, 1, 1, 16])
  Mean |component| being removed: 7.109675
  Mean |x_t| before ablation: 225.630646
  Mean |x_t| after ablation: 225.518616
USING PRECUED ITEMS - SHOULD NEVER BE DONE IN TRAINING
[denoise_one_step] t_idx=1
  x_t shape: torch.Size([1, 1, 1, 16])
  ablation_vector shape: torch.Size([16])
  component shape: torch.Size([1, 1, 1, 16])
  Mean |component| being removed: 6.137325
  Mean |x_t| before ablation: 216.369888
  Mean |x_t| after ablation: 216.282822
USING PRECUED ITEMS - SHOULD NEVER BE DONE IN TRAINING
[denoise_one_step] t_idx=1
  x_t shape: torch.Size([1, 1, 1, 16])
  ablation_vector shape: torch.Size([16])
  component shape: torch.Size([1, 1, 1, 16])
  Mean |component| being removed: 8.467639
  Mean |x_t| before ablation: 222.408707
  Mean |x_t| after ablation: 222.247452
USING PRECUED ITEMS - SHOULD NEVER BE DONE IN TRAINING
[denoise_one_step] t_idx=1
  x_t shape: torch.Size([1, 1, 1, 16])
  ablation_vector shape: torch.Size([16])
  component shape: torch.Size([1, 1, 1, 16])
  Mean |component| being removed: 7.128066
  Mean |x_t| before ablation: 223.822128
  Mean |x_t| after ablation: 223.708603
USING PRECUED ITEMS - SHOULD NEVER BE DONE IN TRAINING
[denoise_one_step] t_idx=1
  x_t shape: torch.Size([1, 1, 1, 16])
  ablation_vector shape: torch.Size([16])
  component shape: torch.Size([1, 1, 1, 16])
  Mean |component| being removed: 7.653658
  Mean |x_t| before ablation: 222.337509
  Mean |x_t| after ablation: 222.205719
USING PRECUED ITEMS - SHOULD NEVER BE DONE IN TRAINING
[denoise_one_step] t_idx=1
  x_t shape: torch.Size([1, 1, 1, 16])
  ablation_vector shape: torch.Size([16])
  component shape: torch.Size([1, 1, 1, 16])
  Mean |component| being removed: 6.546433
  Mean |x_t| before ablation: 225.271744
  Mean |x_t| after ablation: 225.176590
USING PRECUED ITEMS - SHOULD NEVER BE DONE IN TRAINING
[denoise_one_step] t_idx=1
  x_t shape: torch.Size([1, 1, 1, 16])
  ablation_vector shape: torch.Size([16])
  component shape: torch.Size([1, 1, 1, 16])
  Mean |component| being removed: 7.394028
  Mean |x_t| before ablation: 218.752426
  Mean |x_t| after ablation: 218.627426
USING PRECUED ITEMS - SHOULD NEVER BE DONE IN TRAINING
[denoise_one_step] t_idx=1
  x_t shape: torch.Size([1, 1, 1, 16])
  ablation_vector shape: torch.Size([16])
  component shape: torch.Size([1, 1, 1, 16])
  Mean |component| being removed: 6.570561
  Mean |x_t| before ablation: 225.137573
  Mean |x_t| after ablation: 225.041672
USING PRECUED ITEMS - SHOULD NEVER BE DONE IN TRAINING
[denoise_one_step] t_idx=1
  x_t shape: torch.Size([1, 1, 1, 16])
  ablation_vector shape: torch.Size([16])
  component shape: torch.Size([1, 1, 1, 16])
  Mean |component| being removed: 6.594576
  Mean |x_t| before ablation: 222.519409
  Mean |x_t| after ablation: 222.421661
USING PRECUED ITEMS - SHOULD NEVER BE DONE IN TRAINING
[denoise_one_step] t_idx=1
  x_t shape: torch.Size([1, 1, 1, 16])
  ablation_vector shape: torch.Size([16])
  component shape: torch.Size([1, 1, 1, 16])
  Mean |component| being removed: 7.563630
  Mean |x_t| before ablation: 220.567719
  Mean |x_t| after ablation: 220.438004
USING PRECUED ITEMS - SHOULD NEVER BE DONE IN TRAINING
[denoise_one_step] t_idx=1
  x_t shape: torch.Size([1, 1, 1, 16])
  ablation_vector shape: torch.Size([16])
  component shape: torch.Size([1, 1, 1, 16])
  Mean |component| being removed: 6.843989
  Mean |x_t| before ablation: 219.513306
  Mean |x_t| after ablation: 219.406601
USING PRECUED ITEMS - SHOULD NEVER BE DONE IN TRAINING
[denoise_one_step] t_idx=1
  x_t shape: torch.Size([1, 1, 1, 16])
  ablation_vector shape: torch.Size([16])
  component shape: torch.Size([1, 1, 1, 16])
  Mean |component| being removed: 8.798892
  Mean |x_t| before ablation: 232.825592
  Mean |x_t| after ablation: 232.659271
USING PRECUED ITEMS - SHOULD NEVER BE DONE IN TRAINING
[denoise_one_step] t_idx=1
  x_t shape: torch.Size([1, 1, 1, 16])
  ablation_vector shape: torch.Size([16])
  component shape: torch.Size([1, 1, 1, 16])
  Mean |component| being removed: 9.702949
  Mean |x_t| before ablation: 238.751663
  Mean |x_t| after ablation: 238.554413
USING PRECUED ITEMS - SHOULD NEVER BE DONE IN TRAINING
[denoise_one_step] t_idx=1
  x_t shape: torch.Size([1, 1, 1, 16])
  ablation_vector shape: torch.Size([16])
  component shape: torch.Size([1, 1, 1, 16])
  Mean |component| being removed: 8.965051
  Mean |x_t| before ablation: 227.643890
  Mean |x_t| after ablation: 227.467285
USING PRECUED ITEMS - SHOULD NEVER BE DONE IN TRAINING
[denoise_one_step] t_idx=1
  x_t shape: torch.Size([1, 1, 1, 16])
  ablation_vector shape: torch.Size([16])
  component shape: torch.Size([1, 1, 1, 16])
  Mean |component| being removed: 9.209435
  Mean |x_t| before ablation: 239.227493
  Mean |x_t| after ablation: 239.050156
USING PRECUED ITEMS - SHOULD NEVER BE DONE IN TRAINING
[denoise_one_step] t_idx=1
  x_t shape: torch.Size([1, 1, 1, 16])
  ablation_vector shape: torch.Size([16])
  component shape: torch.Size([1, 1, 1, 16])
  Mean |component| being removed: 10.247054
  Mean |x_t| before ablation: 237.163467
  Mean |x_t| after ablation: 236.941971
USING PRECUED ITEMS - SHOULD NEVER BE DONE IN TRAINING
[denoise_one_step] t_idx=1
  x_t shape: torch.Size([1, 1, 1, 16])
  ablation_vector shape: torch.Size([16])
  component shape: torch.Size([1, 1, 1, 16])
  Mean |component| being removed: 9.717832
  Mean |x_t| before ablation: 234.943115
  Mean |x_t| after ablation: 234.742035
USING PRECUED ITEMS - SHOULD NEVER BE DONE IN TRAINING
[denoise_one_step] t_idx=1
  x_t shape: torch.Size([1, 1, 1, 16])
  ablation_vector shape: torch.Size([16])
  component shape: torch.Size([1, 1, 1, 16])
  Mean |component| being removed: 9.486907
  Mean |x_t| before ablation: 230.153473
  Mean |x_t| after ablation: 229.957855
USING PRECUED ITEMS - SHOULD NEVER BE DONE IN TRAINING
[denoise_one_step] t_idx=1
  x_t shape: torch.Size([1, 1, 1, 16])
  ablation_vector shape: torch.Size([16])
  component shape: torch.Size([1, 1, 1, 16])
  Mean |component| being removed: 9.176261
  Mean |x_t| before ablation: 234.516251
  Mean |x_t| after ablation: 234.336639
USING PRECUED ITEMS - SHOULD NEVER BE DONE IN TRAINING
[denoise_one_step] t_idx=1
  x_t shape: torch.Size([1, 1, 1, 16])
  ablation_vector shape: torch.Size([16])
  component shape: torch.Size([1, 1, 1, 16])
  Mean |component| being removed: 9.388259
  Mean |x_t| before ablation: 234.532959
  Mean |x_t| after ablation: 234.344986
USING PRECUED ITEMS - SHOULD NEVER BE DONE IN TRAINING
[denoise_one_step] t_idx=1
  x_t shape: torch.Size([1, 1, 1, 16])
  ablation_vector shape: torch.Size([16])
  component shape: torch.Size([1, 1, 1, 16])
  Mean |component| being removed: 9.010167
  Mean |x_t| before ablation: 235.335495
  Mean |x_t| after ablation: 235.162949
USING PRECUED ITEMS - SHOULD NEVER BE DONE IN TRAINING
[denoise_one_step] t_idx=1
  x_t shape: torch.Size([1, 1, 1, 16])
  ablation_vector shape: torch.Size([16])
  component shape: torch.Size([1, 1, 1, 16])
  Mean |component| being removed: 9.914393
  Mean |x_t| before ablation: 232.743347
  Mean |x_t| after ablation: 232.532089
USING PRECUED ITEMS - SHOULD NEVER BE DONE IN TRAINING
[denoise_one_step] t_idx=1
  x_t shape: torch.Size([1, 1, 1, 16])
  ablation_vector shape: torch.Size([16])
  component shape: torch.Size([1, 1, 1, 16])
  Mean |component| being removed: 9.489162
  Mean |x_t| before ablation: 229.375900
  Mean |x_t| after ablation: 229.179535
USING PRECUED ITEMS - SHOULD NEVER BE DONE IN TRAINING
[denoise_one_step] t_idx=1
  x_t shape: torch.Size([1, 1, 1, 16])
  ablation_vector shape: torch.Size([16])
  component shape: torch.Size([1, 1, 1, 16])
  Mean |component| being removed: 10.260747
  Mean |x_t| before ablation: 234.385544
  Mean |x_t| after ablation: 234.160843
USING PRECUED ITEMS - SHOULD NEVER BE DONE IN TRAINING
[denoise_one_step] t_idx=1
  x_t shape: torch.Size([1, 1, 1, 16])
  ablation_vector shape: torch.Size([16])
  component shape: torch.Size([1, 1, 1, 16])
  Mean |component| being removed: 11.285527
  Mean |x_t| before ablation: 241.261490
  Mean |x_t| after ablation: 240.997391
USING PRECUED ITEMS - SHOULD NEVER BE DONE IN TRAINING
[denoise_one_step] t_idx=1
  x_t shape: torch.Size([1, 1, 1, 16])
  ablation_vector shape: torch.Size([16])
  component shape: torch.Size([1, 1, 1, 16])
  Mean |component| being removed: 11.633851
  Mean |x_t| before ablation: 247.460739
  Mean |x_t| after ablation: 247.187134
USING PRECUED ITEMS - SHOULD NEVER BE DONE IN TRAINING
[denoise_one_step] t_idx=1
  x_t shape: torch.Size([1, 1, 1, 16])
  ablation_vector shape: torch.Size([16])
  component shape: torch.Size([1, 1, 1, 16])
  Mean |component| being removed: 10.967862
  Mean |x_t| before ablation: 235.545547
  Mean |x_t| after ablation: 235.290070
USING PRECUED ITEMS - SHOULD NEVER BE DONE IN TRAINING
[denoise_one_step] t_idx=1
  x_t shape: torch.Size([1, 1, 1, 16])
  ablation_vector shape: torch.Size([16])
  component shape: torch.Size([1, 1, 1, 16])
  Mean |component| being removed: 10.305554
  Mean |x_t| before ablation: 247.311356
  Mean |x_t| after ablation: 247.096527
USING PRECUED ITEMS - SHOULD NEVER BE DONE IN TRAINING
[denoise_one_step] t_idx=1
  x_t shape: torch.Size([1, 1, 1, 16])
  ablation_vector shape: torch.Size([16])
  component shape: torch.Size([1, 1, 1, 16])
  Mean |component| being removed: 9.835277
  Mean |x_t| before ablation: 237.761063
  Mean |x_t| after ablation: 237.557556
USING PRECUED ITEMS - SHOULD NEVER BE DONE IN TRAINING
[denoise_one_step] t_idx=1
  x_t shape: torch.Size([1, 1, 1, 16])
  ablation_vector shape: torch.Size([16])
  component shape: torch.Size([1, 1, 1, 16])
  Mean |component| being removed: 10.856538
  Mean |x_t| before ablation: 242.067383
  Mean |x_t| after ablation: 241.823822
USING PRECUED ITEMS - SHOULD NEVER BE DONE IN TRAINING
[denoise_one_step] t_idx=1
  x_t shape: torch.Size([1, 1, 1, 16])
  ablation_vector shape: torch.Size([16])
  component shape: torch.Size([1, 1, 1, 16])
  Mean |component| being removed: 10.734159
  Mean |x_t| before ablation: 240.182404
  Mean |x_t| after ablation: 239.942413
USING PRECUED ITEMS - SHOULD NEVER BE DONE IN TRAINING
[denoise_one_step] t_idx=1
  x_t shape: torch.Size([1, 1, 1, 16])
  ablation_vector shape: torch.Size([16])
  component shape: torch.Size([1, 1, 1, 16])
  Mean |component| being removed: 11.270183
  Mean |x_t| before ablation: 245.594223
  Mean |x_t| after ablation: 245.335480
USING PRECUED ITEMS - SHOULD NEVER BE DONE IN TRAINING
[denoise_one_step] t_idx=1
  x_t shape: torch.Size([1, 1, 1, 16])
  ablation_vector shape: torch.Size([16])
  component shape: torch.Size([1, 1, 1, 16])
  Mean |component| being removed: 10.617990
  Mean |x_t| before ablation: 238.174576
  Mean |x_t| after ablation: 237.937775
USING PRECUED ITEMS - SHOULD NEVER BE DONE IN TRAINING
[denoise_one_step] t_idx=1
  x_t shape: torch.Size([1, 1, 1, 16])
  ablation_vector shape: torch.Size([16])
  component shape: torch.Size([1, 1, 1, 16])
  Mean |component| being removed: 11.243127
  Mean |x_t| before ablation: 235.919693
  Mean |x_t| after ablation: 235.651642
USING PRECUED ITEMS - SHOULD NEVER BE DONE IN TRAINING
[denoise_one_step] t_idx=1
  x_t shape: torch.Size([1, 1, 1, 16])
  ablation_vector shape: torch.Size([16])
  component shape: torch.Size([1, 1, 1, 16])
  Mean |component| being removed: 11.444583
  Mean |x_t| before ablation: 235.551086
  Mean |x_t| after ablation: 235.272903
USING PRECUED ITEMS - SHOULD NEVER BE DONE IN TRAINING
[denoise_one_step] t_idx=1
  x_t shape: torch.Size([1, 1, 1, 16])
  ablation_vector shape: torch.Size([16])
  component shape: torch.Size([1, 1, 1, 16])
  Mean |component| being removed: 11.611203
  Mean |x_t| before ablation: 238.154892
  Mean |x_t| after ablation: 237.871674
USING PRECUED ITEMS - SHOULD NEVER BE DONE IN TRAINING
[denoise_one_step] t_idx=1
  x_t shape: torch.Size([1, 1, 1, 16])
  ablation_vector shape: torch.Size([16])
  component shape: torch.Size([1, 1, 1, 16])
  Mean |component| being removed: 10.745320
  Mean |x_t| before ablation: 240.896683
  Mean |x_t| after ablation: 240.656937
USING PRECUED ITEMS - SHOULD NEVER BE DONE IN TRAINING
[denoise_one_step] t_idx=1
  x_t shape: torch.Size([1, 1, 1, 16])
  ablation_vector shape: torch.Size([16])
  component shape: torch.Size([1, 1, 1, 16])
  Mean |component| being removed: 11.645276
  Mean |x_t| before ablation: 251.505508
  Mean |x_t| after ablation: 251.235779
USING PRECUED ITEMS - SHOULD NEVER BE DONE IN TRAINING
[denoise_one_step] t_idx=1
  x_t shape: torch.Size([1, 1, 1, 16])
  ablation_vector shape: torch.Size([16])
  component shape: torch.Size([1, 1, 1, 16])
  Mean |component| being removed: 11.809430
  Mean |x_t| before ablation: 252.790634
  Mean |x_t| after ablation: 252.514633
USING PRECUED ITEMS - SHOULD NEVER BE DONE IN TRAINING
[denoise_one_step] t_idx=1
  x_t shape: torch.Size([1, 1, 1, 16])
  ablation_vector shape: torch.Size([16])
  component shape: torch.Size([1, 1, 1, 16])
  Mean |component| being removed: 11.469354
  Mean |x_t| before ablation: 238.640884
  Mean |x_t| after ablation: 238.365097
USING PRECUED ITEMS - SHOULD NEVER BE DONE IN TRAINING
[denoise_one_step] t_idx=1
  x_t shape: torch.Size([1, 1, 1, 16])
  ablation_vector shape: torch.Size([16])
  component shape: torch.Size([1, 1, 1, 16])
  Mean |component| being removed: 11.735927
  Mean |x_t| before ablation: 245.114777
  Mean |x_t| after ablation: 244.833633
USING PRECUED ITEMS - SHOULD NEVER BE DONE IN TRAINING
[denoise_one_step] t_idx=1
  x_t shape: torch.Size([1, 1, 1, 16])
  ablation_vector shape: torch.Size([16])
  component shape: torch.Size([1, 1, 1, 16])
  Mean |component| being removed: 10.735060
  Mean |x_t| before ablation: 246.532547
  Mean |x_t| after ablation: 246.298721
USING PRECUED ITEMS - SHOULD NEVER BE DONE IN TRAINING
[denoise_one_step] t_idx=1
  x_t shape: torch.Size([1, 1, 1, 16])
  ablation_vector shape: torch.Size([16])
  component shape: torch.Size([1, 1, 1, 16])
  Mean |component| being removed: 11.084653
  Mean |x_t| before ablation: 238.313278
  Mean |x_t| after ablation: 238.055359
USING PRECUED ITEMS - SHOULD NEVER BE DONE IN TRAINING
[denoise_one_step] t_idx=1
  x_t shape: torch.Size([1, 1, 1, 16])
  ablation_vector shape: torch.Size([16])
  component shape: torch.Size([1, 1, 1, 16])
  Mean |component| being removed: 11.987311
  Mean |x_t| before ablation: 246.424911
  Mean |x_t| after ablation: 246.133163
USING PRECUED ITEMS - SHOULD NEVER BE DONE IN TRAINING
[denoise_one_step] t_idx=1
  x_t shape: torch.Size([1, 1, 1, 16])
  ablation_vector shape: torch.Size([16])
  component shape: torch.Size([1, 1, 1, 16])
  Mean |component| being removed: 11.105371
  Mean |x_t| before ablation: 235.258209
  Mean |x_t| after ablation: 234.995941
USING PRECUED ITEMS - SHOULD NEVER BE DONE IN TRAINING
[denoise_one_step] t_idx=1
  x_t shape: torch.Size([1, 1, 1, 16])
  ablation_vector shape: torch.Size([16])
  component shape: torch.Size([1, 1, 1, 16])
  Mean |component| being removed: 11.449319
  Mean |x_t| before ablation: 239.214874
  Mean |x_t| after ablation: 238.940720
USING PRECUED ITEMS - SHOULD NEVER BE DONE IN TRAINING
[denoise_one_step] t_idx=1
  x_t shape: torch.Size([1, 1, 1, 16])
  ablation_vector shape: torch.Size([16])
  component shape: torch.Size([1, 1, 1, 16])
  Mean |component| being removed: 11.107894
  Mean |x_t| before ablation: 242.828522
  Mean |x_t| after ablation: 242.574326
USING PRECUED ITEMS - SHOULD NEVER BE DONE IN TRAINING
[denoise_one_step] t_idx=1
  x_t shape: torch.Size([1, 1, 1, 16])
  ablation_vector shape: torch.Size([16])
  component shape: torch.Size([1, 1, 1, 16])
  Mean |component| being removed: 10.248502
  Mean |x_t| before ablation: 217.277573
  Mean |x_t| after ablation: 217.035751
USING PRECUED ITEMS - SHOULD NEVER BE DONE IN TRAINING
[denoise_one_step] t_idx=1
  x_t shape: torch.Size([1, 1, 1, 16])
  ablation_vector shape: torch.Size([16])
  component shape: torch.Size([1, 1, 1, 16])
  Mean |component| being removed: 10.301536
  Mean |x_t| before ablation: 233.747147
  Mean |x_t| after ablation: 233.520035
USING PRECUED ITEMS - SHOULD NEVER BE DONE IN TRAINING
[denoise_one_step] t_idx=1
  x_t shape: torch.Size([1, 1, 1, 16])
  ablation_vector shape: torch.Size([16])
  component shape: torch.Size([1, 1, 1, 16])
  Mean |component| being removed: 10.350723
  Mean |x_t| before ablation: 231.798203
  Mean |x_t| after ablation: 231.567001
USING PRECUED ITEMS - SHOULD NEVER BE DONE IN TRAINING
[denoise_one_step] t_idx=1
  x_t shape: torch.Size([1, 1, 1, 16])
  ablation_vector shape: torch.Size([16])
  component shape: torch.Size([1, 1, 1, 16])
  Mean |component| being removed: 10.257449
  Mean |x_t| before ablation: 226.396729
  Mean |x_t| after ablation: 226.164230
USING PRECUED ITEMS - SHOULD NEVER BE DONE IN TRAINING
[denoise_one_step] t_idx=1
  x_t shape: torch.Size([1, 1, 1, 16])
  ablation_vector shape: torch.Size([16])
  component shape: torch.Size([1, 1, 1, 16])
  Mean |component| being removed: 9.630975
  Mean |x_t| before ablation: 236.337708
  Mean |x_t| after ablation: 236.141373
USING PRECUED ITEMS - SHOULD NEVER BE DONE IN TRAINING
[denoise_one_step] t_idx=1
  x_t shape: torch.Size([1, 1, 1, 16])
  ablation_vector shape: torch.Size([16])
  component shape: torch.Size([1, 1, 1, 16])
  Mean |component| being removed: 10.103250
  Mean |x_t| before ablation: 233.621490
  Mean |x_t| after ablation: 233.402924
USING PRECUED ITEMS - SHOULD NEVER BE DONE IN TRAINING
[denoise_one_step] t_idx=1
  x_t shape: torch.Size([1, 1, 1, 16])
  ablation_vector shape: torch.Size([16])
  component shape: torch.Size([1, 1, 1, 16])
  Mean |component| being removed: 10.556727
  Mean |x_t| before ablation: 226.824814
  Mean |x_t| after ablation: 226.579025
USING PRECUED ITEMS - SHOULD NEVER BE DONE IN TRAINING
[denoise_one_step] t_idx=1
  x_t shape: torch.Size([1, 1, 1, 16])
  ablation_vector shape: torch.Size([16])
  component shape: torch.Size([1, 1, 1, 16])
  Mean |component| being removed: 9.837005
  Mean |x_t| before ablation: 231.293930
  Mean |x_t| after ablation: 231.084641
USING PRECUED ITEMS - SHOULD NEVER BE DONE IN TRAINING
[denoise_one_step] t_idx=1
  x_t shape: torch.Size([1, 1, 1, 16])
  ablation_vector shape: torch.Size([16])
  component shape: torch.Size([1, 1, 1, 16])
  Mean |component| being removed: 9.672680
  Mean |x_t| before ablation: 234.254929
  Mean |x_t| after ablation: 234.055145
USING PRECUED ITEMS - SHOULD NEVER BE DONE IN TRAINING
[denoise_one_step] t_idx=1
  x_t shape: torch.Size([1, 1, 1, 16])
  ablation_vector shape: torch.Size([16])
  component shape: torch.Size([1, 1, 1, 16])
  Mean |component| being removed: 10.163424
  Mean |x_t| before ablation: 226.200775
  Mean |x_t| after ablation: 225.972336
USING PRECUED ITEMS - SHOULD NEVER BE DONE IN TRAINING
[denoise_one_step] t_idx=1
  x_t shape: torch.Size([1, 1, 1, 16])
  ablation_vector shape: torch.Size([16])
  component shape: torch.Size([1, 1, 1, 16])
  Mean |component| being removed: 10.117131
  Mean |x_t| before ablation: 235.346954
  Mean |x_t| after ablation: 235.129379
USING PRECUED ITEMS - SHOULD NEVER BE DONE IN TRAINING
[denoise_one_step] t_idx=1
  x_t shape: torch.Size([1, 1, 1, 16])
  ablation_vector shape: torch.Size([16])
  component shape: torch.Size([1, 1, 1, 16])
  Mean |component| being removed: 10.172431
  Mean |x_t| before ablation: 230.782745
  Mean |x_t| after ablation: 230.558456
USING PRECUED ITEMS - SHOULD NEVER BE DONE IN TRAINING
[denoise_one_step] t_idx=1
  x_t shape: torch.Size([1, 1, 1, 16])
  ablation_vector shape: torch.Size([16])
  component shape: torch.Size([1, 1, 1, 16])
  Mean |component| being removed: 8.085997
  Mean |x_t| before ablation: 210.609344
  Mean |x_t| after ablation: 210.454056
USING PRECUED ITEMS - SHOULD NEVER BE DONE IN TRAINING
[denoise_one_step] t_idx=1
  x_t shape: torch.Size([1, 1, 1, 16])
  ablation_vector shape: torch.Size([16])
  component shape: torch.Size([1, 1, 1, 16])
  Mean |component| being removed: 9.079755
  Mean |x_t| before ablation: 207.691345
  Mean |x_t| after ablation: 207.492767
USING PRECUED ITEMS - SHOULD NEVER BE DONE IN TRAINING
[denoise_one_step] t_idx=1
  x_t shape: torch.Size([1, 1, 1, 16])
  ablation_vector shape: torch.Size([16])
  component shape: torch.Size([1, 1, 1, 16])
  Mean |component| being removed: 8.351402
  Mean |x_t| before ablation: 216.887192
  Mean |x_t| after ablation: 216.726334
USING PRECUED ITEMS - SHOULD NEVER BE DONE IN TRAINING
[denoise_one_step] t_idx=1
  x_t shape: torch.Size([1, 1, 1, 16])
  ablation_vector shape: torch.Size([16])
  component shape: torch.Size([1, 1, 1, 16])
  Mean |component| being removed: 8.709774
  Mean |x_t| before ablation: 221.050461
  Mean |x_t| after ablation: 220.878799
USING PRECUED ITEMS - SHOULD NEVER BE DONE IN TRAINING
[denoise_one_step] t_idx=1
  x_t shape: torch.Size([1, 1, 1, 16])
  ablation_vector shape: torch.Size([16])
  component shape: torch.Size([1, 1, 1, 16])
  Mean |component| being removed: 8.409322
  Mean |x_t| before ablation: 210.034302
  Mean |x_t| after ablation: 209.865875
USING PRECUED ITEMS - SHOULD NEVER BE DONE IN TRAINING
[denoise_one_step] t_idx=1
  x_t shape: torch.Size([1, 1, 1, 16])
  ablation_vector shape: torch.Size([16])
  component shape: torch.Size([1, 1, 1, 16])
  Mean |component| being removed: 8.782747
  Mean |x_t| before ablation: 213.250259
  Mean |x_t| after ablation: 213.069336
USING PRECUED ITEMS - SHOULD NEVER BE DONE IN TRAINING
[denoise_one_step] t_idx=1
  x_t shape: torch.Size([1, 1, 1, 16])
  ablation_vector shape: torch.Size([16])
  component shape: torch.Size([1, 1, 1, 16])
  Mean |component| being removed: 7.744488
  Mean |x_t| before ablation: 220.010056
  Mean |x_t| after ablation: 219.873718
USING PRECUED ITEMS - SHOULD NEVER BE DONE IN TRAINING
[denoise_one_step] t_idx=1
  x_t shape: torch.Size([1, 1, 1, 16])
  ablation_vector shape: torch.Size([16])
  component shape: torch.Size([1, 1, 1, 16])
  Mean |component| being removed: 8.389492
  Mean |x_t| before ablation: 207.475174
  Mean |x_t| after ablation: 207.305481
USING PRECUED ITEMS - SHOULD NEVER BE DONE IN TRAINING
[denoise_one_step] t_idx=1
  x_t shape: torch.Size([1, 1, 1, 16])
  ablation_vector shape: torch.Size([16])
  component shape: torch.Size([1, 1, 1, 16])
  Mean |component| being removed: 9.157594
  Mean |x_t| before ablation: 210.593460
  Mean |x_t| after ablation: 210.394257
USING PRECUED ITEMS - SHOULD NEVER BE DONE IN TRAINING
[denoise_one_step] t_idx=1
  x_t shape: torch.Size([1, 1, 1, 16])
  ablation_vector shape: torch.Size([16])
  component shape: torch.Size([1, 1, 1, 16])
  Mean |component| being removed: 8.161840
  Mean |x_t| before ablation: 212.259750
  Mean |x_t| after ablation: 212.102783
USING PRECUED ITEMS - SHOULD NEVER BE DONE IN TRAINING
[denoise_one_step] t_idx=1
  x_t shape: torch.Size([1, 1, 1, 16])
  ablation_vector shape: torch.Size([16])
  component shape: torch.Size([1, 1, 1, 16])
  Mean |component| being removed: 7.689944
  Mean |x_t| before ablation: 205.747299
  Mean |x_t| after ablation: 205.603531
USING PRECUED ITEMS - SHOULD NEVER BE DONE IN TRAINING
[denoise_one_step] t_idx=1
  x_t shape: torch.Size([1, 1, 1, 16])
  ablation_vector shape: torch.Size([16])
  component shape: torch.Size([1, 1, 1, 16])
  Mean |component| being removed: 7.801766
  Mean |x_t| before ablation: 218.144669
  Mean |x_t| after ablation: 218.005112
USING PRECUED ITEMS - SHOULD NEVER BE DONE IN TRAINING
[denoise_one_step] t_idx=1
  x_t shape: torch.Size([1, 1, 1, 16])
  ablation_vector shape: torch.Size([16])
  component shape: torch.Size([1, 1, 1, 16])
  Mean |component| being removed: 4.910352
  Mean |x_t| before ablation: 192.714386
  Mean |x_t| after ablation: 192.651825
USING PRECUED ITEMS - SHOULD NEVER BE DONE IN TRAINING
[denoise_one_step] t_idx=1
  x_t shape: torch.Size([1, 1, 1, 16])
  ablation_vector shape: torch.Size([16])
  component shape: torch.Size([1, 1, 1, 16])
  Mean |component| being removed: 5.594386
  Mean |x_t| before ablation: 180.918320
  Mean |x_t| after ablation: 180.831802
USING PRECUED ITEMS - SHOULD NEVER BE DONE IN TRAINING
[denoise_one_step] t_idx=1
  x_t shape: torch.Size([1, 1, 1, 16])
  ablation_vector shape: torch.Size([16])
  component shape: torch.Size([1, 1, 1, 16])
  Mean |component| being removed: 7.181604
  Mean |x_t| before ablation: 186.285980
  Mean |x_t| after ablation: 186.147491
USING PRECUED ITEMS - SHOULD NEVER BE DONE IN TRAINING
[denoise_one_step] t_idx=1
  x_t shape: torch.Size([1, 1, 1, 16])
  ablation_vector shape: torch.Size([16])
  component shape: torch.Size([1, 1, 1, 16])
  Mean |component| being removed: 5.699871
  Mean |x_t| before ablation: 192.550430
  Mean |x_t| after ablation: 192.466049
USING PRECUED ITEMS - SHOULD NEVER BE DONE IN TRAINING
[denoise_one_step] t_idx=1
  x_t shape: torch.Size([1, 1, 1, 16])
  ablation_vector shape: torch.Size([16])
  component shape: torch.Size([1, 1, 1, 16])
  Mean |component| being removed: 7.361105
  Mean |x_t| before ablation: 184.709137
  Mean |x_t| after ablation: 184.562408
USING PRECUED ITEMS - SHOULD NEVER BE DONE IN TRAINING
[denoise_one_step] t_idx=1
  x_t shape: torch.Size([1, 1, 1, 16])
  ablation_vector shape: torch.Size([16])
  component shape: torch.Size([1, 1, 1, 16])
  Mean |component| being removed: 6.127048
  Mean |x_t| before ablation: 194.631271
  Mean |x_t| after ablation: 194.534805
USING PRECUED ITEMS - SHOULD NEVER BE DONE IN TRAINING
[denoise_one_step] t_idx=1
  x_t shape: torch.Size([1, 1, 1, 16])
  ablation_vector shape: torch.Size([16])
  component shape: torch.Size([1, 1, 1, 16])
  Mean |component| being removed: 6.638253
  Mean |x_t| before ablation: 199.137985
  Mean |x_t| after ablation: 199.027328
USING PRECUED ITEMS - SHOULD NEVER BE DONE IN TRAINING
[denoise_one_step] t_idx=1
  x_t shape: torch.Size([1, 1, 1, 16])
  ablation_vector shape: torch.Size([16])
  component shape: torch.Size([1, 1, 1, 16])
  Mean |component| being removed: 5.810248
  Mean |x_t| before ablation: 189.733963
  Mean |x_t| after ablation: 189.644974
USING PRECUED ITEMS - SHOULD NEVER BE DONE IN TRAINING
[denoise_one_step] t_idx=1
  x_t shape: torch.Size([1, 1, 1, 16])
  ablation_vector shape: torch.Size([16])
  component shape: torch.Size([1, 1, 1, 16])
  Mean |component| being removed: 5.956172
  Mean |x_t| before ablation: 193.469681
  Mean |x_t| after ablation: 193.377975
USING PRECUED ITEMS - SHOULD NEVER BE DONE IN TRAINING
[denoise_one_step] t_idx=1
  x_t shape: torch.Size([1, 1, 1, 16])
  ablation_vector shape: torch.Size([16])
  component shape: torch.Size([1, 1, 1, 16])
  Mean |component| being removed: 5.700486
  Mean |x_t| before ablation: 202.256165
  Mean |x_t| after ablation: 202.175827
USING PRECUED ITEMS - SHOULD NEVER BE DONE IN TRAINING
[denoise_one_step] t_idx=1
  x_t shape: torch.Size([1, 1, 1, 16])
  ablation_vector shape: torch.Size([16])
  component shape: torch.Size([1, 1, 1, 16])
  Mean |component| being removed: 6.497300
  Mean |x_t| before ablation: 192.742355
  Mean |x_t| after ablation: 192.632828
USING PRECUED ITEMS - SHOULD NEVER BE DONE IN TRAINING
[denoise_one_step] t_idx=1
  x_t shape: torch.Size([1, 1, 1, 16])
  ablation_vector shape: torch.Size([16])
  component shape: torch.Size([1, 1, 1, 16])
  Mean |component| being removed: 5.593859
  Mean |x_t| before ablation: 191.519867
  Mean |x_t| after ablation: 191.438156
USING PRECUED ITEMS - SHOULD NEVER BE DONE IN TRAINING
[denoise_one_step] t_idx=1
  x_t shape: torch.Size([1, 1, 1, 16])
  ablation_vector shape: torch.Size([16])
  component shape: torch.Size([1, 1, 1, 16])
  Mean |component| being removed: 2.321597
  Mean |x_t| before ablation: 160.529083
  Mean |x_t| after ablation: 160.512299
USING PRECUED ITEMS - SHOULD NEVER BE DONE IN TRAINING
[denoise_one_step] t_idx=1
  x_t shape: torch.Size([1, 1, 1, 16])
  ablation_vector shape: torch.Size([16])
  component shape: torch.Size([1, 1, 1, 16])
  Mean |component| being removed: 2.501436
  Mean |x_t| before ablation: 166.735413
  Mean |x_t| after ablation: 166.716644
USING PRECUED ITEMS - SHOULD NEVER BE DONE IN TRAINING
[denoise_one_step] t_idx=1
  x_t shape: torch.Size([1, 1, 1, 16])
  ablation_vector shape: torch.Size([16])
  component shape: torch.Size([1, 1, 1, 16])
  Mean |component| being removed: 2.958143
  Mean |x_t| before ablation: 171.410858
  Mean |x_t| after ablation: 171.385330
USING PRECUED ITEMS - SHOULD NEVER BE DONE IN TRAINING
[denoise_one_step] t_idx=1
  x_t shape: torch.Size([1, 1, 1, 16])
  ablation_vector shape: torch.Size([16])
  component shape: torch.Size([1, 1, 1, 16])
  Mean |component| being removed: 3.697819
  Mean |x_t| before ablation: 172.075745
  Mean |x_t| after ablation: 172.036026
USING PRECUED ITEMS - SHOULD NEVER BE DONE IN TRAINING
[denoise_one_step] t_idx=1
  x_t shape: torch.Size([1, 1, 1, 16])
  ablation_vector shape: torch.Size([16])
  component shape: torch.Size([1, 1, 1, 16])
  Mean |component| being removed: 3.159806
  Mean |x_t| before ablation: 167.459000
  Mean |x_t| after ablation: 167.429184
USING PRECUED ITEMS - SHOULD NEVER BE DONE IN TRAINING
[denoise_one_step] t_idx=1
  x_t shape: torch.Size([1, 1, 1, 16])
  ablation_vector shape: torch.Size([16])
  component shape: torch.Size([1, 1, 1, 16])
  Mean |component| being removed: 3.355321
  Mean |x_t| before ablation: 171.187790
  Mean |x_t| after ablation: 171.154907
USING PRECUED ITEMS - SHOULD NEVER BE DONE IN TRAINING
[denoise_one_step] t_idx=1
  x_t shape: torch.Size([1, 1, 1, 16])
  ablation_vector shape: torch.Size([16])
  component shape: torch.Size([1, 1, 1, 16])
  Mean |component| being removed: 3.215058
  Mean |x_t| before ablation: 168.749359
  Mean |x_t| after ablation: 168.718719
USING PRECUED ITEMS - SHOULD NEVER BE DONE IN TRAINING
[denoise_one_step] t_idx=1
  x_t shape: torch.Size([1, 1, 1, 16])
  ablation_vector shape: torch.Size([16])
  component shape: torch.Size([1, 1, 1, 16])
  Mean |component| being removed: 2.634115
  Mean |x_t| before ablation: 172.013672
  Mean |x_t| after ablation: 171.993500
USING PRECUED ITEMS - SHOULD NEVER BE DONE IN TRAINING
[denoise_one_step] t_idx=1
  x_t shape: torch.Size([1, 1, 1, 16])
  ablation_vector shape: torch.Size([16])
  component shape: torch.Size([1, 1, 1, 16])
  Mean |component| being removed: 3.897980
  Mean |x_t| before ablation: 183.041901
  Mean |x_t| after ablation: 183.000381
USING PRECUED ITEMS - SHOULD NEVER BE DONE IN TRAINING
[denoise_one_step] t_idx=1
  x_t shape: torch.Size([1, 1, 1, 16])
  ablation_vector shape: torch.Size([16])
  component shape: torch.Size([1, 1, 1, 16])
  Mean |component| being removed: 3.898900
  Mean |x_t| before ablation: 180.962402
  Mean |x_t| after ablation: 180.920395
USING PRECUED ITEMS - SHOULD NEVER BE DONE IN TRAINING
[denoise_one_step] t_idx=1
  x_t shape: torch.Size([1, 1, 1, 16])
  ablation_vector shape: torch.Size([16])
  component shape: torch.Size([1, 1, 1, 16])
  Mean |component| being removed: 2.519737
  Mean |x_t| before ablation: 170.213669
  Mean |x_t| after ablation: 170.195023
USING PRECUED ITEMS - SHOULD NEVER BE DONE IN TRAINING
[denoise_one_step] t_idx=1
  x_t shape: torch.Size([1, 1, 1, 16])
  ablation_vector shape: torch.Size([16])
  component shape: torch.Size([1, 1, 1, 16])
  Mean |component| being removed: 2.017042
  Mean |x_t| before ablation: 173.948425
  Mean |x_t| after ablation: 173.936722
USING PRECUED ITEMS - SHOULD NEVER BE DONE IN TRAINING
[denoise_one_step] t_idx=1
  x_t shape: torch.Size([1, 1, 1, 16])
  ablation_vector shape: torch.Size([16])
  component shape: torch.Size([1, 1, 1, 16])
  Mean |component| being removed: 2.640272
  Mean |x_t| before ablation: 175.754730
  Mean |x_t| after ablation: 175.734894
USING PRECUED ITEMS - SHOULD NEVER BE DONE IN TRAINING
[denoise_one_step] t_idx=1
  x_t shape: torch.Size([1, 1, 1, 16])
  ablation_vector shape: torch.Size([16])
  component shape: torch.Size([1, 1, 1, 16])
  Mean |component| being removed: 2.310301
  Mean |x_t| before ablation: 167.219406
  Mean |x_t| after ablation: 167.203461
USING PRECUED ITEMS - SHOULD NEVER BE DONE IN TRAINING
[denoise_one_step] t_idx=1
  x_t shape: torch.Size([1, 1, 1, 16])
  ablation_vector shape: torch.Size([16])
  component shape: torch.Size([1, 1, 1, 16])
  Mean |component| being removed: 2.523987
  Mean |x_t| before ablation: 167.985428
  Mean |x_t| after ablation: 167.966461
USING PRECUED ITEMS - SHOULD NEVER BE DONE IN TRAINING
[denoise_one_step] t_idx=1
  x_t shape: torch.Size([1, 1, 1, 16])
  ablation_vector shape: torch.Size([16])
  component shape: torch.Size([1, 1, 1, 16])
  Mean |component| being removed: 3.266215
  Mean |x_t| before ablation: 166.454117
  Mean |x_t| after ablation: 166.422058
USING PRECUED ITEMS - SHOULD NEVER BE DONE IN TRAINING
[denoise_one_step] t_idx=1
  x_t shape: torch.Size([1, 1, 1, 16])
  ablation_vector shape: torch.Size([16])
  component shape: torch.Size([1, 1, 1, 16])
  Mean |component| being removed: 2.772602
  Mean |x_t| before ablation: 168.044891
  Mean |x_t| after ablation: 168.022018
USING PRECUED ITEMS - SHOULD NEVER BE DONE IN TRAINING
[denoise_one_step] t_idx=1
  x_t shape: torch.Size([1, 1, 1, 16])
  ablation_vector shape: torch.Size([16])
  component shape: torch.Size([1, 1, 1, 16])
  Mean |component| being removed: 1.841501
  Mean |x_t| before ablation: 170.964203
  Mean |x_t| after ablation: 170.954285
USING PRECUED ITEMS - SHOULD NEVER BE DONE IN TRAINING
[denoise_one_step] t_idx=1
  x_t shape: torch.Size([1, 1, 1, 16])
  ablation_vector shape: torch.Size([16])
  component shape: torch.Size([1, 1, 1, 16])
  Mean |component| being removed: 1.496279
  Mean |x_t| before ablation: 166.093048
  Mean |x_t| after ablation: 166.086304
USING PRECUED ITEMS - SHOULD NEVER BE DONE IN TRAINING
[denoise_one_step] t_idx=1
  x_t shape: torch.Size([1, 1, 1, 16])
  ablation_vector shape: torch.Size([16])
  component shape: torch.Size([1, 1, 1, 16])
  Mean |component| being removed: 3.545494
  Mean |x_t| before ablation: 170.571793
  Mean |x_t| after ablation: 170.534943
USING PRECUED ITEMS - SHOULD NEVER BE DONE IN TRAINING
[denoise_one_step] t_idx=1
  x_t shape: torch.Size([1, 1, 1, 16])
  ablation_vector shape: torch.Size([16])
  component shape: torch.Size([1, 1, 1, 16])
  Mean |component| being removed: 1.825812
  Mean |x_t| before ablation: 169.883835
  Mean |x_t| after ablation: 169.874023
USING PRECUED ITEMS - SHOULD NEVER BE DONE IN TRAINING
[denoise_one_step] t_idx=1
  x_t shape: torch.Size([1, 1, 1, 16])
  ablation_vector shape: torch.Size([16])
  component shape: torch.Size([1, 1, 1, 16])
  Mean |component| being removed: 3.398300
  Mean |x_t| before ablation: 169.913376
  Mean |x_t| after ablation: 169.879395
USING PRECUED ITEMS - SHOULD NEVER BE DONE IN TRAINING
[denoise_one_step] t_idx=1
  x_t shape: torch.Size([1, 1, 1, 16])
  ablation_vector shape: torch.Size([16])
  component shape: torch.Size([1, 1, 1, 16])
  Mean |component| being removed: 2.328433
  Mean |x_t| before ablation: 176.546707
  Mean |x_t| after ablation: 176.531357
USING PRECUED ITEMS - SHOULD NEVER BE DONE IN TRAINING
[denoise_one_step] t_idx=1
  x_t shape: torch.Size([1, 1, 1, 16])
  ablation_vector shape: torch.Size([16])
  component shape: torch.Size([1, 1, 1, 16])
  Mean |component| being removed: 2.330218
  Mean |x_t| before ablation: 171.615402
  Mean |x_t| after ablation: 171.599579
USING PRECUED ITEMS - SHOULD NEVER BE DONE IN TRAINING
[denoise_one_step] t_idx=1
  x_t shape: torch.Size([1, 1, 1, 16])
  ablation_vector shape: torch.Size([16])
  component shape: torch.Size([1, 1, 1, 16])
  Mean |component| being removed: 2.914702
  Mean |x_t| before ablation: 184.992737
  Mean |x_t| after ablation: 184.969757
USING PRECUED ITEMS - SHOULD NEVER BE DONE IN TRAINING
[denoise_one_step] t_idx=1
  x_t shape: torch.Size([1, 1, 1, 16])
  ablation_vector shape: torch.Size([16])
  component shape: torch.Size([1, 1, 1, 16])
  Mean |component| being removed: 4.423731
  Mean |x_t| before ablation: 183.738510
  Mean |x_t| after ablation: 183.685242
USING PRECUED ITEMS - SHOULD NEVER BE DONE IN TRAINING
[denoise_one_step] t_idx=1
  x_t shape: torch.Size([1, 1, 1, 16])
  ablation_vector shape: torch.Size([16])
  component shape: torch.Size([1, 1, 1, 16])
  Mean |component| being removed: 3.328533
  Mean |x_t| before ablation: 183.220062
  Mean |x_t| after ablation: 183.189819
USING PRECUED ITEMS - SHOULD NEVER BE DONE IN TRAINING
[denoise_one_step] t_idx=1
  x_t shape: torch.Size([1, 1, 1, 16])
  ablation_vector shape: torch.Size([16])
  component shape: torch.Size([1, 1, 1, 16])
  Mean |component| being removed: 3.654072
  Mean |x_t| before ablation: 182.480255
  Mean |x_t| after ablation: 182.443649
USING PRECUED ITEMS - SHOULD NEVER BE DONE IN TRAINING
[denoise_one_step] t_idx=1
  x_t shape: torch.Size([1, 1, 1, 16])
  ablation_vector shape: torch.Size([16])
  component shape: torch.Size([1, 1, 1, 16])
  Mean |component| being removed: 2.585585
  Mean |x_t| before ablation: 179.063599
  Mean |x_t| after ablation: 179.044937
USING PRECUED ITEMS - SHOULD NEVER BE DONE IN TRAINING
[denoise_one_step] t_idx=1
  x_t shape: torch.Size([1, 1, 1, 16])
  ablation_vector shape: torch.Size([16])
  component shape: torch.Size([1, 1, 1, 16])
  Mean |component| being removed: 4.485014
  Mean |x_t| before ablation: 192.471054
  Mean |x_t| after ablation: 192.418793
USING PRECUED ITEMS - SHOULD NEVER BE DONE IN TRAINING
[denoise_one_step] t_idx=1
  x_t shape: torch.Size([1, 1, 1, 16])
  ablation_vector shape: torch.Size([16])
  component shape: torch.Size([1, 1, 1, 16])
  Mean |component| being removed: 2.673882
  Mean |x_t| before ablation: 179.422958
  Mean |x_t| after ablation: 179.403030
USING PRECUED ITEMS - SHOULD NEVER BE DONE IN TRAINING
[denoise_one_step] t_idx=1
  x_t shape: torch.Size([1, 1, 1, 16])
  ablation_vector shape: torch.Size([16])
  component shape: torch.Size([1, 1, 1, 16])
  Mean |component| being removed: 4.002854
  Mean |x_t| before ablation: 180.175995
  Mean |x_t| after ablation: 180.131531
USING PRECUED ITEMS - SHOULD NEVER BE DONE IN TRAINING
[denoise_one_step] t_idx=1
  x_t shape: torch.Size([1, 1, 1, 16])
  ablation_vector shape: torch.Size([16])
  component shape: torch.Size([1, 1, 1, 16])
  Mean |component| being removed: 2.617522
  Mean |x_t| before ablation: 173.131897
  Mean |x_t| after ablation: 173.112122
USING PRECUED ITEMS - SHOULD NEVER BE DONE IN TRAINING
[denoise_one_step] t_idx=1
  x_t shape: torch.Size([1, 1, 1, 16])
  ablation_vector shape: torch.Size([16])
  component shape: torch.Size([1, 1, 1, 16])
  Mean |component| being removed: 1.999977
  Mean |x_t| before ablation: 190.704681
  Mean |x_t| after ablation: 190.694183
USING PRECUED ITEMS - SHOULD NEVER BE DONE IN TRAINING
[denoise_one_step] t_idx=1
  x_t shape: torch.Size([1, 1, 1, 16])
  ablation_vector shape: torch.Size([16])
  component shape: torch.Size([1, 1, 1, 16])
  Mean |component| being removed: 3.271340
  Mean |x_t| before ablation: 184.629608
  Mean |x_t| after ablation: 184.600632
USING PRECUED ITEMS - SHOULD NEVER BE DONE IN TRAINING
[denoise_one_step] t_idx=1
  x_t shape: torch.Size([1, 1, 1, 16])
  ablation_vector shape: torch.Size([16])
  component shape: torch.Size([1, 1, 1, 16])
  Mean |component| being removed: 3.447554
  Mean |x_t| before ablation: 183.816849
  Mean |x_t| after ablation: 183.784515
USING PRECUED ITEMS - SHOULD NEVER BE DONE IN TRAINING
[denoise_one_step] t_idx=1
  x_t shape: torch.Size([1, 1, 1, 16])
  ablation_vector shape: torch.Size([16])
  component shape: torch.Size([1, 1, 1, 16])
  Mean |component| being removed: 4.445527
  Mean |x_t| before ablation: 188.700974
  Mean |x_t| after ablation: 188.648590
USING PRECUED ITEMS - SHOULD NEVER BE DONE IN TRAINING
[denoise_one_step] t_idx=1
  x_t shape: torch.Size([1, 1, 1, 16])
  ablation_vector shape: torch.Size([16])
  component shape: torch.Size([1, 1, 1, 16])
  Mean |component| being removed: 5.578215
  Mean |x_t| before ablation: 211.526459
  Mean |x_t| after ablation: 211.452896
USING PRECUED ITEMS - SHOULD NEVER BE DONE IN TRAINING
[denoise_one_step] t_idx=1
  x_t shape: torch.Size([1, 1, 1, 16])
  ablation_vector shape: torch.Size([16])
  component shape: torch.Size([1, 1, 1, 16])
  Mean |component| being removed: 5.818734
  Mean |x_t| before ablation: 214.644150
  Mean |x_t| after ablation: 214.565262
USING PRECUED ITEMS - SHOULD NEVER BE DONE IN TRAINING
[denoise_one_step] t_idx=1
  x_t shape: torch.Size([1, 1, 1, 16])
  ablation_vector shape: torch.Size([16])
  component shape: torch.Size([1, 1, 1, 16])
  Mean |component| being removed: 8.424534
  Mean |x_t| before ablation: 220.125992
  Mean |x_t| after ablation: 219.964722
USING PRECUED ITEMS - SHOULD NEVER BE DONE IN TRAINING
[denoise_one_step] t_idx=1
  x_t shape: torch.Size([1, 1, 1, 16])
  ablation_vector shape: torch.Size([16])
  component shape: torch.Size([1, 1, 1, 16])
  Mean |component| being removed: 8.334268
  Mean |x_t| before ablation: 224.929916
  Mean |x_t| after ablation: 224.775467
USING PRECUED ITEMS - SHOULD NEVER BE DONE IN TRAINING
[denoise_one_step] t_idx=1
  x_t shape: torch.Size([1, 1, 1, 16])
  ablation_vector shape: torch.Size([16])
  component shape: torch.Size([1, 1, 1, 16])
  Mean |component| being removed: 9.024333
  Mean |x_t| before ablation: 226.169647
  Mean |x_t| after ablation: 225.989548
USING PRECUED ITEMS - SHOULD NEVER BE DONE IN TRAINING
[denoise_one_step] t_idx=1
  x_t shape: torch.Size([1, 1, 1, 16])
  ablation_vector shape: torch.Size([16])
  component shape: torch.Size([1, 1, 1, 16])
  Mean |component| being removed: 7.949603
  Mean |x_t| before ablation: 216.045044
  Mean |x_t| after ablation: 215.898743
USING PRECUED ITEMS - SHOULD NEVER BE DONE IN TRAINING
[denoise_one_step] t_idx=1
  x_t shape: torch.Size([1, 1, 1, 16])
  ablation_vector shape: torch.Size([16])
  component shape: torch.Size([1, 1, 1, 16])
  Mean |component| being removed: 8.052069
  Mean |x_t| before ablation: 231.122284
  Mean |x_t| after ablation: 230.981979
USING PRECUED ITEMS - SHOULD NEVER BE DONE IN TRAINING
[denoise_one_step] t_idx=1
  x_t shape: torch.Size([1, 1, 1, 16])
  ablation_vector shape: torch.Size([16])
  component shape: torch.Size([1, 1, 1, 16])
  Mean |component| being removed: 5.225926
  Mean |x_t| before ablation: 210.666168
  Mean |x_t| after ablation: 210.601334
USING PRECUED ITEMS - SHOULD NEVER BE DONE IN TRAINING
[denoise_one_step] t_idx=1
  x_t shape: torch.Size([1, 1, 1, 16])
  ablation_vector shape: torch.Size([16])
  component shape: torch.Size([1, 1, 1, 16])
  Mean |component| being removed: 3.066984
  Mean |x_t| before ablation: 201.720779
  Mean |x_t| after ablation: 201.697464
USING PRECUED ITEMS - SHOULD NEVER BE DONE IN TRAINING
[denoise_one_step] t_idx=1
  x_t shape: torch.Size([1, 1, 1, 16])
  ablation_vector shape: torch.Size([16])
  component shape: torch.Size([1, 1, 1, 16])
  Mean |component| being removed: 2.136504
  Mean |x_t| before ablation: 182.809372
  Mean |x_t| after ablation: 182.796875
USING PRECUED ITEMS - SHOULD NEVER BE DONE IN TRAINING
[denoise_one_step] t_idx=1
  x_t shape: torch.Size([1, 1, 1, 16])
  ablation_vector shape: torch.Size([16])
  component shape: torch.Size([1, 1, 1, 16])
  Mean |component| being removed: 2.839253
  Mean |x_t| before ablation: 189.432816
  Mean |x_t| after ablation: 189.411545
USING PRECUED ITEMS - SHOULD NEVER BE DONE IN TRAINING
[denoise_one_step] t_idx=1
  x_t shape: torch.Size([1, 1, 1, 16])
  ablation_vector shape: torch.Size([16])
  component shape: torch.Size([1, 1, 1, 16])
  Mean |component| being removed: 4.342179
  Mean |x_t| before ablation: 193.117447
  Mean |x_t| after ablation: 193.068619
USING PRECUED ITEMS - SHOULD NEVER BE DONE IN TRAINING
[denoise_one_step] t_idx=1
  x_t shape: torch.Size([1, 1, 1, 16])
  ablation_vector shape: torch.Size([16])
  component shape: torch.Size([1, 1, 1, 16])
  Mean |component| being removed: 5.557738
  Mean |x_t| before ablation: 216.092422
  Mean |x_t| after ablation: 216.020935
USING PRECUED ITEMS - SHOULD NEVER BE DONE IN TRAINING
[denoise_one_step] t_idx=1
  x_t shape: torch.Size([1, 1, 1, 16])
  ablation_vector shape: torch.Size([16])
  component shape: torch.Size([1, 1, 1, 16])
  Mean |component| being removed: 6.372864
  Mean |x_t| before ablation: 218.416229
  Mean |x_t| after ablation: 218.323242
USING PRECUED ITEMS - SHOULD NEVER BE DONE IN TRAINING
[denoise_one_step] t_idx=1
  x_t shape: torch.Size([1, 1, 1, 16])
  ablation_vector shape: torch.Size([16])
  component shape: torch.Size([1, 1, 1, 16])
  Mean |component| being removed: 7.660729
  Mean |x_t| before ablation: 227.021347
  Mean |x_t| after ablation: 226.892075
USING PRECUED ITEMS - SHOULD NEVER BE DONE IN TRAINING
[denoise_one_step] t_idx=1
  x_t shape: torch.Size([1, 1, 1, 16])
  ablation_vector shape: torch.Size([16])
  component shape: torch.Size([1, 1, 1, 16])
  Mean |component| being removed: 7.520562
  Mean |x_t| before ablation: 224.162552
  Mean |x_t| after ablation: 224.036362
USING PRECUED ITEMS - SHOULD NEVER BE DONE IN TRAINING
[denoise_one_step] t_idx=1
  x_t shape: torch.Size([1, 1, 1, 16])
  ablation_vector shape: torch.Size([16])
  component shape: torch.Size([1, 1, 1, 16])
  Mean |component| being removed: 8.774536
  Mean |x_t| before ablation: 220.711975
  Mean |x_t| after ablation: 220.537476
USING PRECUED ITEMS - SHOULD NEVER BE DONE IN TRAINING
[denoise_one_step] t_idx=1
  x_t shape: torch.Size([1, 1, 1, 16])
  ablation_vector shape: torch.Size([16])
  component shape: torch.Size([1, 1, 1, 16])
  Mean |component| being removed: 9.007569
  Mean |x_t| before ablation: 224.365265
  Mean |x_t| after ablation: 224.184372
USING PRECUED ITEMS - SHOULD NEVER BE DONE IN TRAINING
[denoise_one_step] t_idx=1
  x_t shape: torch.Size([1, 1, 1, 16])
  ablation_vector shape: torch.Size([16])
  component shape: torch.Size([1, 1, 1, 16])
  Mean |component| being removed: 7.839837
  Mean |x_t| before ablation: 225.060333
  Mean |x_t| after ablation: 224.923737
USING PRECUED ITEMS - SHOULD NEVER BE DONE IN TRAINING
[denoise_one_step] t_idx=1
  x_t shape: torch.Size([1, 1, 1, 16])
  ablation_vector shape: torch.Size([16])
  component shape: torch.Size([1, 1, 1, 16])
  Mean |component| being removed: 4.811202
  Mean |x_t| before ablation: 225.803421
  Mean |x_t| after ablation: 225.752167
USING PRECUED ITEMS - SHOULD NEVER BE DONE IN TRAINING
[denoise_one_step] t_idx=1
  x_t shape: torch.Size([1, 1, 1, 16])
  ablation_vector shape: torch.Size([16])
  component shape: torch.Size([1, 1, 1, 16])
  Mean |component| being removed: 3.290059
  Mean |x_t| before ablation: 191.720627
  Mean |x_t| after ablation: 191.692398
USING PRECUED ITEMS - SHOULD NEVER BE DONE IN TRAINING
[denoise_one_step] t_idx=1
  x_t shape: torch.Size([1, 1, 1, 16])
  ablation_vector shape: torch.Size([16])
  component shape: torch.Size([1, 1, 1, 16])
  Mean |component| being removed: 2.089036
  Mean |x_t| before ablation: 186.364395
  Mean |x_t| after ablation: 186.352692
USING PRECUED ITEMS - SHOULD NEVER BE DONE IN TRAINING
[denoise_one_step] t_idx=1
  x_t shape: torch.Size([1, 1, 1, 16])
  ablation_vector shape: torch.Size([16])
  component shape: torch.Size([1, 1, 1, 16])
  Mean |component| being removed: 3.192526
  Mean |x_t| before ablation: 180.858719
  Mean |x_t| after ablation: 180.830521
USING PRECUED ITEMS - SHOULD NEVER BE DONE IN TRAINING
[denoise_one_step] t_idx=1
  x_t shape: torch.Size([1, 1, 1, 16])
  ablation_vector shape: torch.Size([16])
  component shape: torch.Size([1, 1, 1, 16])
  Mean |component| being removed: 5.063651
  Mean |x_t| before ablation: 193.029953
  Mean |x_t| after ablation: 192.963516
USING PRECUED ITEMS - SHOULD NEVER BE DONE IN TRAINING
[denoise_one_step] t_idx=1
  x_t shape: torch.Size([1, 1, 1, 16])
  ablation_vector shape: torch.Size([16])
  component shape: torch.Size([1, 1, 1, 16])
  Mean |component| being removed: 5.881520
  Mean |x_t| before ablation: 216.123169
  Mean |x_t| after ablation: 216.043121
USING PRECUED ITEMS - SHOULD NEVER BE DONE IN TRAINING
[denoise_one_step] t_idx=1
  x_t shape: torch.Size([1, 1, 1, 16])
  ablation_vector shape: torch.Size([16])
  component shape: torch.Size([1, 1, 1, 16])
  Mean |component| being removed: 5.724823
  Mean |x_t| before ablation: 225.280777
  Mean |x_t| after ablation: 225.208023
USING PRECUED ITEMS - SHOULD NEVER BE DONE IN TRAINING
[denoise_one_step] t_idx=1
  x_t shape: torch.Size([1, 1, 1, 16])
  ablation_vector shape: torch.Size([16])
  component shape: torch.Size([1, 1, 1, 16])
  Mean |component| being removed: 6.895196
  Mean |x_t| before ablation: 225.535309
  Mean |x_t| after ablation: 225.429886
USING PRECUED ITEMS - SHOULD NEVER BE DONE IN TRAINING
[denoise_one_step] t_idx=1
  x_t shape: torch.Size([1, 1, 1, 16])
  ablation_vector shape: torch.Size([16])
  component shape: torch.Size([1, 1, 1, 16])
  Mean |component| being removed: 8.875773
  Mean |x_t| before ablation: 232.158737
  Mean |x_t| after ablation: 231.988998
USING PRECUED ITEMS - SHOULD NEVER BE DONE IN TRAINING
[denoise_one_step] t_idx=1
  x_t shape: torch.Size([1, 1, 1, 16])
  ablation_vector shape: torch.Size([16])
  component shape: torch.Size([1, 1, 1, 16])
  Mean |component| being removed: 8.287601
  Mean |x_t| before ablation: 225.394012
  Mean |x_t| after ablation: 225.241592
USING PRECUED ITEMS - SHOULD NEVER BE DONE IN TRAINING
[denoise_one_step] t_idx=1
  x_t shape: torch.Size([1, 1, 1, 16])
  ablation_vector shape: torch.Size([16])
  component shape: torch.Size([1, 1, 1, 16])
  Mean |component| being removed: 8.707051
  Mean |x_t| before ablation: 225.253647
  Mean |x_t| after ablation: 225.085281
USING PRECUED ITEMS - SHOULD NEVER BE DONE IN TRAINING
[denoise_one_step] t_idx=1
  x_t shape: torch.Size([1, 1, 1, 16])
  ablation_vector shape: torch.Size([16])
  component shape: torch.Size([1, 1, 1, 16])
  Mean |component| being removed: 7.369101
  Mean |x_t| before ablation: 225.389328
  Mean |x_t| after ablation: 225.268814
USING PRECUED ITEMS - SHOULD NEVER BE DONE IN TRAINING
[denoise_one_step] t_idx=1
  x_t shape: torch.Size([1, 1, 1, 16])
  ablation_vector shape: torch.Size([16])
  component shape: torch.Size([1, 1, 1, 16])
  Mean |component| being removed: 5.269505
  Mean |x_t| before ablation: 221.838135
  Mean |x_t| after ablation: 221.775528
USING PRECUED ITEMS - SHOULD NEVER BE DONE IN TRAINING
[denoise_one_step] t_idx=1
  x_t shape: torch.Size([1, 1, 1, 16])
  ablation_vector shape: torch.Size([16])
  component shape: torch.Size([1, 1, 1, 16])
  Mean |component| being removed: 2.873226
  Mean |x_t| before ablation: 197.125717
  Mean |x_t| after ablation: 197.104767
USING PRECUED ITEMS - SHOULD NEVER BE DONE IN TRAINING
[denoise_one_step] t_idx=1
  x_t shape: torch.Size([1, 1, 1, 16])
  ablation_vector shape: torch.Size([16])
  component shape: torch.Size([1, 1, 1, 16])
  Mean |component| being removed: 2.138716
  Mean |x_t| before ablation: 186.207886
  Mean |x_t| after ablation: 186.195602
USING PRECUED ITEMS - SHOULD NEVER BE DONE IN TRAINING
[denoise_one_step] t_idx=1
  x_t shape: torch.Size([1, 1, 1, 16])
  ablation_vector shape: torch.Size([16])
  component shape: torch.Size([1, 1, 1, 16])
  Mean |component| being removed: 3.033865
  Mean |x_t| before ablation: 190.630188
  Mean |x_t| after ablation: 190.606064
USING PRECUED ITEMS - SHOULD NEVER BE DONE IN TRAINING
[denoise_one_step] t_idx=1
  x_t shape: torch.Size([1, 1, 1, 16])
  ablation_vector shape: torch.Size([16])
  component shape: torch.Size([1, 1, 1, 16])
  Mean |component| being removed: 4.845880
  Mean |x_t| before ablation: 198.222870
  Mean |x_t| after ablation: 198.163620
USING PRECUED ITEMS - SHOULD NEVER BE DONE IN TRAINING
[denoise_one_step] t_idx=1
  x_t shape: torch.Size([1, 1, 1, 16])
  ablation_vector shape: torch.Size([16])
  component shape: torch.Size([1, 1, 1, 16])
  Mean |component| being removed: 5.177319
  Mean |x_t| before ablation: 208.364120
  Mean |x_t| after ablation: 208.299789
USING PRECUED ITEMS - SHOULD NEVER BE DONE IN TRAINING
[denoise_one_step] t_idx=1
  x_t shape: torch.Size([1, 1, 1, 16])
  ablation_vector shape: torch.Size([16])
  component shape: torch.Size([1, 1, 1, 16])
  Mean |component| being removed: 6.230586
  Mean |x_t| before ablation: 222.803650
  Mean |x_t| after ablation: 222.716522
USING PRECUED ITEMS - SHOULD NEVER BE DONE IN TRAINING
[denoise_one_step] t_idx=1
  x_t shape: torch.Size([1, 1, 1, 16])
  ablation_vector shape: torch.Size([16])
  component shape: torch.Size([1, 1, 1, 16])
  Mean |component| being removed: 8.061297
  Mean |x_t| before ablation: 228.777420
  Mean |x_t| after ablation: 228.635361
USING PRECUED ITEMS - SHOULD NEVER BE DONE IN TRAINING
[denoise_one_step] t_idx=1
  x_t shape: torch.Size([1, 1, 1, 16])
  ablation_vector shape: torch.Size([16])
  component shape: torch.Size([1, 1, 1, 16])
  Mean |component| being removed: 8.877990
  Mean |x_t| before ablation: 224.351852
  Mean |x_t| after ablation: 224.176132
USING PRECUED ITEMS - SHOULD NEVER BE DONE IN TRAINING
[denoise_one_step] t_idx=1
  x_t shape: torch.Size([1, 1, 1, 16])
  ablation_vector shape: torch.Size([16])
  component shape: torch.Size([1, 1, 1, 16])
  Mean |component| being removed: 7.432009
  Mean |x_t| before ablation: 221.003677
  Mean |x_t| after ablation: 220.878662
USING PRECUED ITEMS - SHOULD NEVER BE DONE IN TRAINING
[denoise_one_step] t_idx=1
  x_t shape: torch.Size([1, 1, 1, 16])
  ablation_vector shape: torch.Size([16])
  component shape: torch.Size([1, 1, 1, 16])
  Mean |component| being removed: 9.719680
  Mean |x_t| before ablation: 228.669357
  Mean |x_t| after ablation: 228.462692
USING PRECUED ITEMS - SHOULD NEVER BE DONE IN TRAINING
[denoise_one_step] t_idx=1
  x_t shape: torch.Size([1, 1, 1, 16])
  ablation_vector shape: torch.Size([16])
  component shape: torch.Size([1, 1, 1, 16])
  Mean |component| being removed: 7.852007
  Mean |x_t| before ablation: 229.146500
  Mean |x_t| after ablation: 229.011917
USING PRECUED ITEMS - SHOULD NEVER BE DONE IN TRAINING
[denoise_one_step] t_idx=1
  x_t shape: torch.Size([1, 1, 1, 16])
  ablation_vector shape: torch.Size([16])
  component shape: torch.Size([1, 1, 1, 16])
  Mean |component| being removed: 5.508971
  Mean |x_t| before ablation: 218.854309
  Mean |x_t| after ablation: 218.784943
USING PRECUED ITEMS - SHOULD NEVER BE DONE IN TRAINING
[denoise_one_step] t_idx=1
  x_t shape: torch.Size([1, 1, 1, 16])
  ablation_vector shape: torch.Size([16])
  component shape: torch.Size([1, 1, 1, 16])
  Mean |component| being removed: 3.709992
  Mean |x_t| before ablation: 193.956619
  Mean |x_t| after ablation: 193.921127
USING PRECUED ITEMS - SHOULD NEVER BE DONE IN TRAINING
[denoise_one_step] t_idx=1
  x_t shape: torch.Size([1, 1, 1, 16])
  ablation_vector shape: torch.Size([16])
  component shape: torch.Size([1, 1, 1, 16])
  Mean |component| being removed: 1.977336
  Mean |x_t| before ablation: 178.013275
  Mean |x_t| after ablation: 178.002289
USING PRECUED ITEMS - SHOULD NEVER BE DONE IN TRAINING
[denoise_one_step] t_idx=1
  x_t shape: torch.Size([1, 1, 1, 16])
  ablation_vector shape: torch.Size([16])
  component shape: torch.Size([1, 1, 1, 16])
  Mean |component| being removed: 3.951449
  Mean |x_t| before ablation: 186.669373
  Mean |x_t| after ablation: 186.627548
USING PRECUED ITEMS - SHOULD NEVER BE DONE IN TRAINING
[denoise_one_step] t_idx=1
  x_t shape: torch.Size([1, 1, 1, 16])
  ablation_vector shape: torch.Size([16])
  component shape: torch.Size([1, 1, 1, 16])
  Mean |component| being removed: 4.621130
  Mean |x_t| before ablation: 194.004486
  Mean |x_t| after ablation: 193.949432
USING PRECUED ITEMS - SHOULD NEVER BE DONE IN TRAINING
[denoise_one_step] t_idx=1
  x_t shape: torch.Size([1, 1, 1, 16])
  ablation_vector shape: torch.Size([16])
  component shape: torch.Size([1, 1, 1, 16])
  Mean |component| being removed: 5.696007
  Mean |x_t| before ablation: 201.254730
  Mean |x_t| after ablation: 201.174118
USING PRECUED ITEMS - SHOULD NEVER BE DONE IN TRAINING
[denoise_one_step] t_idx=1
  x_t shape: torch.Size([1, 1, 1, 16])
  ablation_vector shape: torch.Size([16])
  component shape: torch.Size([1, 1, 1, 16])
  Mean |component| being removed: 5.206240
  Mean |x_t| before ablation: 217.013260
  Mean |x_t| after ablation: 216.950806
USING PRECUED ITEMS - SHOULD NEVER BE DONE IN TRAINING
[denoise_one_step] t_idx=1
  x_t shape: torch.Size([1, 1, 1, 16])
  ablation_vector shape: torch.Size([16])
  component shape: torch.Size([1, 1, 1, 16])
  Mean |component| being removed: 7.144780
  Mean |x_t| before ablation: 221.751175
  Mean |x_t| after ablation: 221.636032
USING PRECUED ITEMS - SHOULD NEVER BE DONE IN TRAINING
[denoise_one_step] t_idx=1
  x_t shape: torch.Size([1, 1, 1, 16])
  ablation_vector shape: torch.Size([16])
  component shape: torch.Size([1, 1, 1, 16])
  Mean |component| being removed: 8.149407
  Mean |x_t| before ablation: 224.209320
  Mean |x_t| after ablation: 224.061172
USING PRECUED ITEMS - SHOULD NEVER BE DONE IN TRAINING
[denoise_one_step] t_idx=1
  x_t shape: torch.Size([1, 1, 1, 16])
  ablation_vector shape: torch.Size([16])
  component shape: torch.Size([1, 1, 1, 16])
  Mean |component| being removed: 9.087623
  Mean |x_t| before ablation: 229.749435
  Mean |x_t| after ablation: 229.569641
USING PRECUED ITEMS - SHOULD NEVER BE DONE IN TRAINING
[denoise_one_step] t_idx=1
  x_t shape: torch.Size([1, 1, 1, 16])
  ablation_vector shape: torch.Size([16])
  component shape: torch.Size([1, 1, 1, 16])
  Mean |component| being removed: 9.081830
  Mean |x_t| before ablation: 230.836502
  Mean |x_t| after ablation: 230.657776
USING PRECUED ITEMS - SHOULD NEVER BE DONE IN TRAINING
[denoise_one_step] t_idx=1
  x_t shape: torch.Size([1, 1, 1, 16])
  ablation_vector shape: torch.Size([16])
  component shape: torch.Size([1, 1, 1, 16])
  Mean |component| being removed: 8.258906
  Mean |x_t| before ablation: 229.876709
  Mean |x_t| after ablation: 229.728287
  trial progress: 200/288
USING PRECUED ITEMS - SHOULD NEVER BE DONE IN TRAINING
[denoise_one_step] t_idx=1
  x_t shape: torch.Size([1, 1, 1, 16])
  ablation_vector shape: torch.Size([16])
  component shape: torch.Size([1, 1, 1, 16])
  Mean |component| being removed: 6.100255
  Mean |x_t| before ablation: 222.596420
  Mean |x_t| after ablation: 222.512802
USING PRECUED ITEMS - SHOULD NEVER BE DONE IN TRAINING
[denoise_one_step] t_idx=1
  x_t shape: torch.Size([1, 1, 1, 16])
  ablation_vector shape: torch.Size([16])
  component shape: torch.Size([1, 1, 1, 16])
  Mean |component| being removed: 2.245340
  Mean |x_t| before ablation: 193.962799
  Mean |x_t| after ablation: 193.949814
USING PRECUED ITEMS - SHOULD NEVER BE DONE IN TRAINING
[denoise_one_step] t_idx=1
  x_t shape: torch.Size([1, 1, 1, 16])
  ablation_vector shape: torch.Size([16])
  component shape: torch.Size([1, 1, 1, 16])
  Mean |component| being removed: 2.650708
  Mean |x_t| before ablation: 180.552856
  Mean |x_t| after ablation: 180.533371
USING PRECUED ITEMS - SHOULD NEVER BE DONE IN TRAINING
[denoise_one_step] t_idx=1
  x_t shape: torch.Size([1, 1, 1, 16])
  ablation_vector shape: torch.Size([16])
  component shape: torch.Size([1, 1, 1, 16])
  Mean |component| being removed: 3.559980
  Mean |x_t| before ablation: 181.303116
  Mean |x_t| after ablation: 181.268173
USING PRECUED ITEMS - SHOULD NEVER BE DONE IN TRAINING
[denoise_one_step] t_idx=1
  x_t shape: torch.Size([1, 1, 1, 16])
  ablation_vector shape: torch.Size([16])
  component shape: torch.Size([1, 1, 1, 16])
  Mean |component| being removed: 4.424181
  Mean |x_t| before ablation: 182.281433
  Mean |x_t| after ablation: 182.227722
USING PRECUED ITEMS - SHOULD NEVER BE DONE IN TRAINING
[denoise_one_step] t_idx=1
  x_t shape: torch.Size([1, 1, 1, 16])
  ablation_vector shape: torch.Size([16])
  component shape: torch.Size([1, 1, 1, 16])
  Mean |component| being removed: 5.150063
  Mean |x_t| before ablation: 204.821426
  Mean |x_t| after ablation: 204.756668
USING PRECUED ITEMS - SHOULD NEVER BE DONE IN TRAINING
[denoise_one_step] t_idx=1
  x_t shape: torch.Size([1, 1, 1, 16])
  ablation_vector shape: torch.Size([16])
  component shape: torch.Size([1, 1, 1, 16])
  Mean |component| being removed: 6.305880
  Mean |x_t| before ablation: 208.565811
  Mean |x_t| after ablation: 208.470459
USING PRECUED ITEMS - SHOULD NEVER BE DONE IN TRAINING
[denoise_one_step] t_idx=1
  x_t shape: torch.Size([1, 1, 1, 16])
  ablation_vector shape: torch.Size([16])
  component shape: torch.Size([1, 1, 1, 16])
  Mean |component| being removed: 9.366653
  Mean |x_t| before ablation: 223.448334
  Mean |x_t| after ablation: 223.251938
USING PRECUED ITEMS - SHOULD NEVER BE DONE IN TRAINING
[denoise_one_step] t_idx=1
  x_t shape: torch.Size([1, 1, 1, 16])
  ablation_vector shape: torch.Size([16])
  component shape: torch.Size([1, 1, 1, 16])
  Mean |component| being removed: 8.244367
  Mean |x_t| before ablation: 227.571136
  Mean |x_t| after ablation: 227.421738
USING PRECUED ITEMS - SHOULD NEVER BE DONE IN TRAINING
[denoise_one_step] t_idx=1
  x_t shape: torch.Size([1, 1, 1, 16])
  ablation_vector shape: torch.Size([16])
  component shape: torch.Size([1, 1, 1, 16])
  Mean |component| being removed: 9.331166
  Mean |x_t| before ablation: 234.578903
  Mean |x_t| after ablation: 234.393234
USING PRECUED ITEMS - SHOULD NEVER BE DONE IN TRAINING
[denoise_one_step] t_idx=1
  x_t shape: torch.Size([1, 1, 1, 16])
  ablation_vector shape: torch.Size([16])
  component shape: torch.Size([1, 1, 1, 16])
  Mean |component| being removed: 9.383668
  Mean |x_t| before ablation: 228.007904
  Mean |x_t| after ablation: 227.814728
USING PRECUED ITEMS - SHOULD NEVER BE DONE IN TRAINING
[denoise_one_step] t_idx=1
  x_t shape: torch.Size([1, 1, 1, 16])
  ablation_vector shape: torch.Size([16])
  component shape: torch.Size([1, 1, 1, 16])
  Mean |component| being removed: 8.111751
  Mean |x_t| before ablation: 228.676193
  Mean |x_t| after ablation: 228.532272
USING PRECUED ITEMS - SHOULD NEVER BE DONE IN TRAINING
[denoise_one_step] t_idx=1
  x_t shape: torch.Size([1, 1, 1, 16])
  ablation_vector shape: torch.Size([16])
  component shape: torch.Size([1, 1, 1, 16])
  Mean |component| being removed: 5.012146
  Mean |x_t| before ablation: 218.363312
  Mean |x_t| after ablation: 218.305756
USING PRECUED ITEMS - SHOULD NEVER BE DONE IN TRAINING
[denoise_one_step] t_idx=1
  x_t shape: torch.Size([1, 1, 1, 16])
  ablation_vector shape: torch.Size([16])
  component shape: torch.Size([1, 1, 1, 16])
  Mean |component| being removed: 2.989825
  Mean |x_t| before ablation: 194.391754
  Mean |x_t| after ablation: 194.368759
USING PRECUED ITEMS - SHOULD NEVER BE DONE IN TRAINING
[denoise_one_step] t_idx=1
  x_t shape: torch.Size([1, 1, 1, 16])
  ablation_vector shape: torch.Size([16])
  component shape: torch.Size([1, 1, 1, 16])
  Mean |component| being removed: 1.633885
  Mean |x_t| before ablation: 178.420380
  Mean |x_t| after ablation: 178.412888
USING PRECUED ITEMS - SHOULD NEVER BE DONE IN TRAINING
[denoise_one_step] t_idx=1
  x_t shape: torch.Size([1, 1, 1, 16])
  ablation_vector shape: torch.Size([16])
  component shape: torch.Size([1, 1, 1, 16])
  Mean |component| being removed: 3.862529
  Mean |x_t| before ablation: 179.607529
  Mean |x_t| after ablation: 179.565994
USING PRECUED ITEMS - SHOULD NEVER BE DONE IN TRAINING
[denoise_one_step] t_idx=1
  x_t shape: torch.Size([1, 1, 1, 16])
  ablation_vector shape: torch.Size([16])
  component shape: torch.Size([1, 1, 1, 16])
  Mean |component| being removed: 4.433989
  Mean |x_t| before ablation: 186.390427
  Mean |x_t| after ablation: 186.337662
USING PRECUED ITEMS - SHOULD NEVER BE DONE IN TRAINING
[denoise_one_step] t_idx=1
  x_t shape: torch.Size([1, 1, 1, 16])
  ablation_vector shape: torch.Size([16])
  component shape: torch.Size([1, 1, 1, 16])
  Mean |component| being removed: 4.602873
  Mean |x_t| before ablation: 194.389450
  Mean |x_t| after ablation: 194.334961
USING PRECUED ITEMS - SHOULD NEVER BE DONE IN TRAINING
[denoise_one_step] t_idx=1
  x_t shape: torch.Size([1, 1, 1, 16])
  ablation_vector shape: torch.Size([16])
  component shape: torch.Size([1, 1, 1, 16])
  Mean |component| being removed: 5.980834
  Mean |x_t| before ablation: 209.138947
  Mean |x_t| after ablation: 209.053406
USING PRECUED ITEMS - SHOULD NEVER BE DONE IN TRAINING
[denoise_one_step] t_idx=1
  x_t shape: torch.Size([1, 1, 1, 16])
  ablation_vector shape: torch.Size([16])
  component shape: torch.Size([1, 1, 1, 16])
  Mean |component| being removed: 7.840695
  Mean |x_t| before ablation: 217.678665
  Mean |x_t| after ablation: 217.537430
USING PRECUED ITEMS - SHOULD NEVER BE DONE IN TRAINING
[denoise_one_step] t_idx=1
  x_t shape: torch.Size([1, 1, 1, 16])
  ablation_vector shape: torch.Size([16])
  component shape: torch.Size([1, 1, 1, 16])
  Mean |component| being removed: 7.779105
  Mean |x_t| before ablation: 224.996918
  Mean |x_t| after ablation: 224.862396
USING PRECUED ITEMS - SHOULD NEVER BE DONE IN TRAINING
[denoise_one_step] t_idx=1
  x_t shape: torch.Size([1, 1, 1, 16])
  ablation_vector shape: torch.Size([16])
  component shape: torch.Size([1, 1, 1, 16])
  Mean |component| being removed: 9.627894
  Mean |x_t| before ablation: 232.516815
  Mean |x_t| after ablation: 232.317398
USING PRECUED ITEMS - SHOULD NEVER BE DONE IN TRAINING
[denoise_one_step] t_idx=1
  x_t shape: torch.Size([1, 1, 1, 16])
  ablation_vector shape: torch.Size([16])
  component shape: torch.Size([1, 1, 1, 16])
  Mean |component| being removed: 10.636075
  Mean |x_t| before ablation: 230.220612
  Mean |x_t| after ablation: 229.974792
USING PRECUED ITEMS - SHOULD NEVER BE DONE IN TRAINING
[denoise_one_step] t_idx=1
  x_t shape: torch.Size([1, 1, 1, 16])
  ablation_vector shape: torch.Size([16])
  component shape: torch.Size([1, 1, 1, 16])
  Mean |component| being removed: 7.757145
  Mean |x_t| before ablation: 227.633179
  Mean |x_t| after ablation: 227.500977
USING PRECUED ITEMS - SHOULD NEVER BE DONE IN TRAINING
[denoise_one_step] t_idx=1
  x_t shape: torch.Size([1, 1, 1, 16])
  ablation_vector shape: torch.Size([16])
  component shape: torch.Size([1, 1, 1, 16])
  Mean |component| being removed: 4.827787
  Mean |x_t| before ablation: 217.407516
  Mean |x_t| after ablation: 217.353897
USING PRECUED ITEMS - SHOULD NEVER BE DONE IN TRAINING
[denoise_one_step] t_idx=1
  x_t shape: torch.Size([1, 1, 1, 16])
  ablation_vector shape: torch.Size([16])
  component shape: torch.Size([1, 1, 1, 16])
  Mean |component| being removed: 1.745601
  Mean |x_t| before ablation: 188.437973
  Mean |x_t| after ablation: 188.429886
USING PRECUED ITEMS - SHOULD NEVER BE DONE IN TRAINING
[denoise_one_step] t_idx=1
  x_t shape: torch.Size([1, 1, 1, 16])
  ablation_vector shape: torch.Size([16])
  component shape: torch.Size([1, 1, 1, 16])
  Mean |component| being removed: 2.444283
  Mean |x_t| before ablation: 175.335007
  Mean |x_t| after ablation: 175.317963
USING PRECUED ITEMS - SHOULD NEVER BE DONE IN TRAINING
[denoise_one_step] t_idx=1
  x_t shape: torch.Size([1, 1, 1, 16])
  ablation_vector shape: torch.Size([16])
  component shape: torch.Size([1, 1, 1, 16])
  Mean |component| being removed: 2.515739
  Mean |x_t| before ablation: 177.666107
  Mean |x_t| after ablation: 177.648300
USING PRECUED ITEMS - SHOULD NEVER BE DONE IN TRAINING
[denoise_one_step] t_idx=1
  x_t shape: torch.Size([1, 1, 1, 16])
  ablation_vector shape: torch.Size([16])
  component shape: torch.Size([1, 1, 1, 16])
  Mean |component| being removed: 4.090725
  Mean |x_t| before ablation: 181.714890
  Mean |x_t| after ablation: 181.668854
USING PRECUED ITEMS - SHOULD NEVER BE DONE IN TRAINING
[denoise_one_step] t_idx=1
  x_t shape: torch.Size([1, 1, 1, 16])
  ablation_vector shape: torch.Size([16])
  component shape: torch.Size([1, 1, 1, 16])
  Mean |component| being removed: 4.609189
  Mean |x_t| before ablation: 191.732346
  Mean |x_t| after ablation: 191.676941
USING PRECUED ITEMS - SHOULD NEVER BE DONE IN TRAINING
[denoise_one_step] t_idx=1
  x_t shape: torch.Size([1, 1, 1, 16])
  ablation_vector shape: torch.Size([16])
  component shape: torch.Size([1, 1, 1, 16])
  Mean |component| being removed: 4.881794
  Mean |x_t| before ablation: 205.116653
  Mean |x_t| after ablation: 205.058563
USING PRECUED ITEMS - SHOULD NEVER BE DONE IN TRAINING
[denoise_one_step] t_idx=1
  x_t shape: torch.Size([1, 1, 1, 16])
  ablation_vector shape: torch.Size([16])
  component shape: torch.Size([1, 1, 1, 16])
  Mean |component| being removed: 7.036108
  Mean |x_t| before ablation: 206.556244
  Mean |x_t| after ablation: 206.436386
USING PRECUED ITEMS - SHOULD NEVER BE DONE IN TRAINING
[denoise_one_step] t_idx=1
  x_t shape: torch.Size([1, 1, 1, 16])
  ablation_vector shape: torch.Size([16])
  component shape: torch.Size([1, 1, 1, 16])
  Mean |component| being removed: 9.008639
  Mean |x_t| before ablation: 222.519211
  Mean |x_t| after ablation: 222.336777
USING PRECUED ITEMS - SHOULD NEVER BE DONE IN TRAINING
[denoise_one_step] t_idx=1
  x_t shape: torch.Size([1, 1, 1, 16])
  ablation_vector shape: torch.Size([16])
  component shape: torch.Size([1, 1, 1, 16])
  Mean |component| being removed: 8.692149
  Mean |x_t| before ablation: 220.862473
  Mean |x_t| after ablation: 220.691360
USING PRECUED ITEMS - SHOULD NEVER BE DONE IN TRAINING
[denoise_one_step] t_idx=1
  x_t shape: torch.Size([1, 1, 1, 16])
  ablation_vector shape: torch.Size([16])
  component shape: torch.Size([1, 1, 1, 16])
  Mean |component| being removed: 10.384400
  Mean |x_t| before ablation: 228.176422
  Mean |x_t| after ablation: 227.939987
USING PRECUED ITEMS - SHOULD NEVER BE DONE IN TRAINING
[denoise_one_step] t_idx=1
  x_t shape: torch.Size([1, 1, 1, 16])
  ablation_vector shape: torch.Size([16])
  component shape: torch.Size([1, 1, 1, 16])
  Mean |component| being removed: 8.092383
  Mean |x_t| before ablation: 229.918472
  Mean |x_t| after ablation: 229.776001
USING PRECUED ITEMS - SHOULD NEVER BE DONE IN TRAINING
[denoise_one_step] t_idx=1
  x_t shape: torch.Size([1, 1, 1, 16])
  ablation_vector shape: torch.Size([16])
  component shape: torch.Size([1, 1, 1, 16])
  Mean |component| being removed: 6.071892
  Mean |x_t| before ablation: 222.367386
  Mean |x_t| after ablation: 222.284470
USING PRECUED ITEMS - SHOULD NEVER BE DONE IN TRAINING
[denoise_one_step] t_idx=1
  x_t shape: torch.Size([1, 1, 1, 16])
  ablation_vector shape: torch.Size([16])
  component shape: torch.Size([1, 1, 1, 16])
  Mean |component| being removed: 3.306277
  Mean |x_t| before ablation: 196.319244
  Mean |x_t| after ablation: 196.291397
USING PRECUED ITEMS - SHOULD NEVER BE DONE IN TRAINING
[denoise_one_step] t_idx=1
  x_t shape: torch.Size([1, 1, 1, 16])
  ablation_vector shape: torch.Size([16])
  component shape: torch.Size([1, 1, 1, 16])
  Mean |component| being removed: 3.493161
  Mean |x_t| before ablation: 179.925110
  Mean |x_t| after ablation: 179.891205
USING PRECUED ITEMS - SHOULD NEVER BE DONE IN TRAINING
[denoise_one_step] t_idx=1
  x_t shape: torch.Size([1, 1, 1, 16])
  ablation_vector shape: torch.Size([16])
  component shape: torch.Size([1, 1, 1, 16])
  Mean |component| being removed: 3.847868
  Mean |x_t| before ablation: 175.911804
  Mean |x_t| after ablation: 175.869720
USING PRECUED ITEMS - SHOULD NEVER BE DONE IN TRAINING
[denoise_one_step] t_idx=1
  x_t shape: torch.Size([1, 1, 1, 16])
  ablation_vector shape: torch.Size([16])
  component shape: torch.Size([1, 1, 1, 16])
  Mean |component| being removed: 4.615745
  Mean |x_t| before ablation: 182.208740
  Mean |x_t| after ablation: 182.150253
USING PRECUED ITEMS - SHOULD NEVER BE DONE IN TRAINING
[denoise_one_step] t_idx=1
  x_t shape: torch.Size([1, 1, 1, 16])
  ablation_vector shape: torch.Size([16])
  component shape: torch.Size([1, 1, 1, 16])
  Mean |component| being removed: 4.912078
  Mean |x_t| before ablation: 193.429459
  Mean |x_t| after ablation: 193.367065
USING PRECUED ITEMS - SHOULD NEVER BE DONE IN TRAINING
[denoise_one_step] t_idx=1
  x_t shape: torch.Size([1, 1, 1, 16])
  ablation_vector shape: torch.Size([16])
  component shape: torch.Size([1, 1, 1, 16])
  Mean |component| being removed: 5.190173
  Mean |x_t| before ablation: 199.615738
  Mean |x_t| after ablation: 199.548248
USING PRECUED ITEMS - SHOULD NEVER BE DONE IN TRAINING
[denoise_one_step] t_idx=1
  x_t shape: torch.Size([1, 1, 1, 16])
  ablation_vector shape: torch.Size([16])
  component shape: torch.Size([1, 1, 1, 16])
  Mean |component| being removed: 7.842633
  Mean |x_t| before ablation: 209.706253
  Mean |x_t| after ablation: 209.559555
USING PRECUED ITEMS - SHOULD NEVER BE DONE IN TRAINING
[denoise_one_step] t_idx=1
  x_t shape: torch.Size([1, 1, 1, 16])
  ablation_vector shape: torch.Size([16])
  component shape: torch.Size([1, 1, 1, 16])
  Mean |component| being removed: 7.650872
  Mean |x_t| before ablation: 220.301407
  Mean |x_t| after ablation: 220.168518
USING PRECUED ITEMS - SHOULD NEVER BE DONE IN TRAINING
[denoise_one_step] t_idx=1
  x_t shape: torch.Size([1, 1, 1, 16])
  ablation_vector shape: torch.Size([16])
  component shape: torch.Size([1, 1, 1, 16])
  Mean |component| being removed: 8.990739
  Mean |x_t| before ablation: 229.627869
  Mean |x_t| after ablation: 229.451782
USING PRECUED ITEMS - SHOULD NEVER BE DONE IN TRAINING
[denoise_one_step] t_idx=1
  x_t shape: torch.Size([1, 1, 1, 16])
  ablation_vector shape: torch.Size([16])
  component shape: torch.Size([1, 1, 1, 16])
  Mean |component| being removed: 8.371894
  Mean |x_t| before ablation: 224.184631
  Mean |x_t| after ablation: 224.028259
USING PRECUED ITEMS - SHOULD NEVER BE DONE IN TRAINING
[denoise_one_step] t_idx=1
  x_t shape: torch.Size([1, 1, 1, 16])
  ablation_vector shape: torch.Size([16])
  component shape: torch.Size([1, 1, 1, 16])
  Mean |component| being removed: 7.891627
  Mean |x_t| before ablation: 232.294846
  Mean |x_t| after ablation: 232.160751
USING PRECUED ITEMS - SHOULD NEVER BE DONE IN TRAINING
[denoise_one_step] t_idx=1
  x_t shape: torch.Size([1, 1, 1, 16])
  ablation_vector shape: torch.Size([16])
  component shape: torch.Size([1, 1, 1, 16])
  Mean |component| being removed: 6.285637
  Mean |x_t| before ablation: 213.878494
  Mean |x_t| after ablation: 213.786102
USING PRECUED ITEMS - SHOULD NEVER BE DONE IN TRAINING
[denoise_one_step] t_idx=1
  x_t shape: torch.Size([1, 1, 1, 16])
  ablation_vector shape: torch.Size([16])
  component shape: torch.Size([1, 1, 1, 16])
  Mean |component| being removed: 2.049566
  Mean |x_t| before ablation: 195.461517
  Mean |x_t| after ablation: 195.450775
USING PRECUED ITEMS - SHOULD NEVER BE DONE IN TRAINING
[denoise_one_step] t_idx=1
  x_t shape: torch.Size([1, 1, 1, 16])
  ablation_vector shape: torch.Size([16])
  component shape: torch.Size([1, 1, 1, 16])
  Mean |component| being removed: 2.184570
  Mean |x_t| before ablation: 185.747879
  Mean |x_t| after ablation: 185.735031
USING PRECUED ITEMS - SHOULD NEVER BE DONE IN TRAINING
[denoise_one_step] t_idx=1
  x_t shape: torch.Size([1, 1, 1, 16])
  ablation_vector shape: torch.Size([16])
  component shape: torch.Size([1, 1, 1, 16])
  Mean |component| being removed: 3.622560
  Mean |x_t| before ablation: 181.266968
  Mean |x_t| after ablation: 181.230759
USING PRECUED ITEMS - SHOULD NEVER BE DONE IN TRAINING
[denoise_one_step] t_idx=1
  x_t shape: torch.Size([1, 1, 1, 16])
  ablation_vector shape: torch.Size([16])
  component shape: torch.Size([1, 1, 1, 16])
  Mean |component| being removed: 5.235243
  Mean |x_t| before ablation: 183.088394
  Mean |x_t| after ablation: 183.013519
USING PRECUED ITEMS - SHOULD NEVER BE DONE IN TRAINING
[denoise_one_step] t_idx=1
  x_t shape: torch.Size([1, 1, 1, 16])
  ablation_vector shape: torch.Size([16])
  component shape: torch.Size([1, 1, 1, 16])
  Mean |component| being removed: 5.702221
  Mean |x_t| before ablation: 196.625153
  Mean |x_t| after ablation: 196.542450
USING PRECUED ITEMS - SHOULD NEVER BE DONE IN TRAINING
[denoise_one_step] t_idx=1
  x_t shape: torch.Size([1, 1, 1, 16])
  ablation_vector shape: torch.Size([16])
  component shape: torch.Size([1, 1, 1, 16])
  Mean |component| being removed: 5.938048
  Mean |x_t| before ablation: 210.319931
  Mean |x_t| after ablation: 210.236099
USING PRECUED ITEMS - SHOULD NEVER BE DONE IN TRAINING
[denoise_one_step] t_idx=1
  x_t shape: torch.Size([1, 1, 1, 16])
  ablation_vector shape: torch.Size([16])
  component shape: torch.Size([1, 1, 1, 16])
  Mean |component| being removed: 8.239335
  Mean |x_t| before ablation: 210.789276
  Mean |x_t| after ablation: 210.628174
USING PRECUED ITEMS - SHOULD NEVER BE DONE IN TRAINING
[denoise_one_step] t_idx=1
  x_t shape: torch.Size([1, 1, 1, 16])
  ablation_vector shape: torch.Size([16])
  component shape: torch.Size([1, 1, 1, 16])
  Mean |component| being removed: 10.048608
  Mean |x_t| before ablation: 222.023590
  Mean |x_t| after ablation: 221.796082
USING PRECUED ITEMS - SHOULD NEVER BE DONE IN TRAINING
[denoise_one_step] t_idx=1
  x_t shape: torch.Size([1, 1, 1, 16])
  ablation_vector shape: torch.Size([16])
  component shape: torch.Size([1, 1, 1, 16])
  Mean |component| being removed: 7.836833
  Mean |x_t| before ablation: 217.316666
  Mean |x_t| after ablation: 217.175308
USING PRECUED ITEMS - SHOULD NEVER BE DONE IN TRAINING
[denoise_one_step] t_idx=1
  x_t shape: torch.Size([1, 1, 1, 16])
  ablation_vector shape: torch.Size([16])
  component shape: torch.Size([1, 1, 1, 16])
  Mean |component| being removed: 8.998899
  Mean |x_t| before ablation: 230.984695
  Mean |x_t| after ablation: 230.809341
USING PRECUED ITEMS - SHOULD NEVER BE DONE IN TRAINING
[denoise_one_step] t_idx=1
  x_t shape: torch.Size([1, 1, 1, 16])
  ablation_vector shape: torch.Size([16])
  component shape: torch.Size([1, 1, 1, 16])
  Mean |component| being removed: 8.766528
  Mean |x_t| before ablation: 233.259750
  Mean |x_t| after ablation: 233.094940
USING PRECUED ITEMS - SHOULD NEVER BE DONE IN TRAINING
[denoise_one_step] t_idx=1
  x_t shape: torch.Size([1, 1, 1, 16])
  ablation_vector shape: torch.Size([16])
  component shape: torch.Size([1, 1, 1, 16])
  Mean |component| being removed: 6.962967
  Mean |x_t| before ablation: 218.556641
  Mean |x_t| after ablation: 218.445709
USING PRECUED ITEMS - SHOULD NEVER BE DONE IN TRAINING
[denoise_one_step] t_idx=1
  x_t shape: torch.Size([1, 1, 1, 16])
  ablation_vector shape: torch.Size([16])
  component shape: torch.Size([1, 1, 1, 16])
  Mean |component| being removed: 3.426291
  Mean |x_t| before ablation: 193.001617
  Mean |x_t| after ablation: 192.971222
USING PRECUED ITEMS - SHOULD NEVER BE DONE IN TRAINING
[denoise_one_step] t_idx=1
  x_t shape: torch.Size([1, 1, 1, 16])
  ablation_vector shape: torch.Size([16])
  component shape: torch.Size([1, 1, 1, 16])
  Mean |component| being removed: 1.044384
  Mean |x_t| before ablation: 183.918381
  Mean |x_t| after ablation: 183.915405
USING PRECUED ITEMS - SHOULD NEVER BE DONE IN TRAINING
[denoise_one_step] t_idx=1
  x_t shape: torch.Size([1, 1, 1, 16])
  ablation_vector shape: torch.Size([16])
  component shape: torch.Size([1, 1, 1, 16])
  Mean |component| being removed: 2.983569
  Mean |x_t| before ablation: 180.957657
  Mean |x_t| after ablation: 180.933075
USING PRECUED ITEMS - SHOULD NEVER BE DONE IN TRAINING
[denoise_one_step] t_idx=1
  x_t shape: torch.Size([1, 1, 1, 16])
  ablation_vector shape: torch.Size([16])
  component shape: torch.Size([1, 1, 1, 16])
  Mean |component| being removed: 4.525333
  Mean |x_t| before ablation: 184.203568
  Mean |x_t| after ablation: 184.147980
USING PRECUED ITEMS - SHOULD NEVER BE DONE IN TRAINING
[denoise_one_step] t_idx=1
  x_t shape: torch.Size([1, 1, 1, 16])
  ablation_vector shape: torch.Size([16])
  component shape: torch.Size([1, 1, 1, 16])
  Mean |component| being removed: 5.280281
  Mean |x_t| before ablation: 188.971024
  Mean |x_t| after ablation: 188.897232
USING PRECUED ITEMS - SHOULD NEVER BE DONE IN TRAINING
[denoise_one_step] t_idx=1
  x_t shape: torch.Size([1, 1, 1, 16])
  ablation_vector shape: torch.Size([16])
  component shape: torch.Size([1, 1, 1, 16])
  Mean |component| being removed: 5.993536
  Mean |x_t| before ablation: 209.640198
  Mean |x_t| after ablation: 209.554520
USING PRECUED ITEMS - SHOULD NEVER BE DONE IN TRAINING
[denoise_one_step] t_idx=1
  x_t shape: torch.Size([1, 1, 1, 16])
  ablation_vector shape: torch.Size([16])
  component shape: torch.Size([1, 1, 1, 16])
  Mean |component| being removed: 7.828794
  Mean |x_t| before ablation: 221.376724
  Mean |x_t| after ablation: 221.238266
USING PRECUED ITEMS - SHOULD NEVER BE DONE IN TRAINING
[denoise_one_step] t_idx=1
  x_t shape: torch.Size([1, 1, 1, 16])
  ablation_vector shape: torch.Size([16])
  component shape: torch.Size([1, 1, 1, 16])
  Mean |component| being removed: 9.404237
  Mean |x_t| before ablation: 228.135956
  Mean |x_t| after ablation: 227.942047
USING PRECUED ITEMS - SHOULD NEVER BE DONE IN TRAINING
[denoise_one_step] t_idx=1
  x_t shape: torch.Size([1, 1, 1, 16])
  ablation_vector shape: torch.Size([16])
  component shape: torch.Size([1, 1, 1, 16])
  Mean |component| being removed: 9.127605
  Mean |x_t| before ablation: 220.504501
  Mean |x_t| after ablation: 220.315506
USING PRECUED ITEMS - SHOULD NEVER BE DONE IN TRAINING
[denoise_one_step] t_idx=1
  x_t shape: torch.Size([1, 1, 1, 16])
  ablation_vector shape: torch.Size([16])
  component shape: torch.Size([1, 1, 1, 16])
  Mean |component| being removed: 9.430715
  Mean |x_t| before ablation: 224.259369
  Mean |x_t| after ablation: 224.060989
USING PRECUED ITEMS - SHOULD NEVER BE DONE IN TRAINING
[denoise_one_step] t_idx=1
  x_t shape: torch.Size([1, 1, 1, 16])
  ablation_vector shape: torch.Size([16])
  component shape: torch.Size([1, 1, 1, 16])
  Mean |component| being removed: 7.274107
  Mean |x_t| before ablation: 231.835709
  Mean |x_t| after ablation: 231.721542
USING PRECUED ITEMS - SHOULD NEVER BE DONE IN TRAINING
[denoise_one_step] t_idx=1
  x_t shape: torch.Size([1, 1, 1, 16])
  ablation_vector shape: torch.Size([16])
  component shape: torch.Size([1, 1, 1, 16])
  Mean |component| being removed: 6.570736
  Mean |x_t| before ablation: 218.114822
  Mean |x_t| after ablation: 218.015839
USING PRECUED ITEMS - SHOULD NEVER BE DONE IN TRAINING
[denoise_one_step] t_idx=1
  x_t shape: torch.Size([1, 1, 1, 16])
  ablation_vector shape: torch.Size([16])
  component shape: torch.Size([1, 1, 1, 16])
  Mean |component| being removed: 3.992144
  Mean |x_t| before ablation: 200.905991
  Mean |x_t| after ablation: 200.866318
USING PRECUED ITEMS - SHOULD NEVER BE DONE IN TRAINING
[denoise_one_step] t_idx=1
  x_t shape: torch.Size([1, 1, 1, 16])
  ablation_vector shape: torch.Size([16])
  component shape: torch.Size([1, 1, 1, 16])
  Mean |component| being removed: 2.777575
  Mean |x_t| before ablation: 181.804718
  Mean |x_t| after ablation: 181.783478
USING PRECUED ITEMS - SHOULD NEVER BE DONE IN TRAINING
[denoise_one_step] t_idx=1
  x_t shape: torch.Size([1, 1, 1, 16])
  ablation_vector shape: torch.Size([16])
  component shape: torch.Size([1, 1, 1, 16])
  Mean |component| being removed: 2.270583
  Mean |x_t| before ablation: 183.016708
  Mean |x_t| after ablation: 183.002625
USING PRECUED ITEMS - SHOULD NEVER BE DONE IN TRAINING
[denoise_one_step] t_idx=1
  x_t shape: torch.Size([1, 1, 1, 16])
  ablation_vector shape: torch.Size([16])
  component shape: torch.Size([1, 1, 1, 16])
  Mean |component| being removed: 4.338500
  Mean |x_t| before ablation: 191.979263
  Mean |x_t| after ablation: 191.930252
USING PRECUED ITEMS - SHOULD NEVER BE DONE IN TRAINING
[denoise_one_step] t_idx=1
  x_t shape: torch.Size([1, 1, 1, 16])
  ablation_vector shape: torch.Size([16])
  component shape: torch.Size([1, 1, 1, 16])
  Mean |component| being removed: 6.060488
  Mean |x_t| before ablation: 204.360687
  Mean |x_t| after ablation: 204.270813
USING PRECUED ITEMS - SHOULD NEVER BE DONE IN TRAINING
[denoise_one_step] t_idx=1
  x_t shape: torch.Size([1, 1, 1, 16])
  ablation_vector shape: torch.Size([16])
  component shape: torch.Size([1, 1, 1, 16])
  Mean |component| being removed: 6.475724
  Mean |x_t| before ablation: 215.870544
  Mean |x_t| after ablation: 215.773407
USING PRECUED ITEMS - SHOULD NEVER BE DONE IN TRAINING
[denoise_one_step] t_idx=1
  x_t shape: torch.Size([1, 1, 1, 16])
  ablation_vector shape: torch.Size([16])
  component shape: torch.Size([1, 1, 1, 16])
  Mean |component| being removed: 7.838170
  Mean |x_t| before ablation: 222.083130
  Mean |x_t| after ablation: 221.944763
USING PRECUED ITEMS - SHOULD NEVER BE DONE IN TRAINING
[denoise_one_step] t_idx=1
  x_t shape: torch.Size([1, 1, 1, 16])
  ablation_vector shape: torch.Size([16])
  component shape: torch.Size([1, 1, 1, 16])
  Mean |component| being removed: 7.812470
  Mean |x_t| before ablation: 214.213409
  Mean |x_t| after ablation: 214.070892
USING PRECUED ITEMS - SHOULD NEVER BE DONE IN TRAINING
[denoise_one_step] t_idx=1
  x_t shape: torch.Size([1, 1, 1, 16])
  ablation_vector shape: torch.Size([16])
  component shape: torch.Size([1, 1, 1, 16])
  Mean |component| being removed: 9.475308
  Mean |x_t| before ablation: 228.234436
  Mean |x_t| after ablation: 228.037674
USING PRECUED ITEMS - SHOULD NEVER BE DONE IN TRAINING
[denoise_one_step] t_idx=1
  x_t shape: torch.Size([1, 1, 1, 16])
  ablation_vector shape: torch.Size([16])
  component shape: torch.Size([1, 1, 1, 16])
  Mean |component| being removed: 7.756030
  Mean |x_t| before ablation: 221.257950
  Mean |x_t| after ablation: 221.121948
USING PRECUED ITEMS - SHOULD NEVER BE DONE IN TRAINING
[denoise_one_step] t_idx=1
  x_t shape: torch.Size([1, 1, 1, 16])
  ablation_vector shape: torch.Size([16])
  component shape: torch.Size([1, 1, 1, 16])
  Mean |component| being removed: 9.404476
  Mean |x_t| before ablation: 227.165970
  Mean |x_t| after ablation: 226.971222
USING PRECUED ITEMS - SHOULD NEVER BE DONE IN TRAINING
[denoise_one_step] t_idx=1
  x_t shape: torch.Size([1, 1, 1, 16])
  ablation_vector shape: torch.Size([16])
  component shape: torch.Size([1, 1, 1, 16])
  Mean |component| being removed: 6.366240
  Mean |x_t| before ablation: 222.208466
  Mean |x_t| after ablation: 222.117249
USING PRECUED ITEMS - SHOULD NEVER BE DONE IN TRAINING
[denoise_one_step] t_idx=1
  x_t shape: torch.Size([1, 1, 1, 16])
  ablation_vector shape: torch.Size([16])
  component shape: torch.Size([1, 1, 1, 16])
  Mean |component| being removed: 4.418859
  Mean |x_t| before ablation: 202.534225
  Mean |x_t| after ablation: 202.486008
USING PRECUED ITEMS - SHOULD NEVER BE DONE IN TRAINING
[denoise_one_step] t_idx=1
  x_t shape: torch.Size([1, 1, 1, 16])
  ablation_vector shape: torch.Size([16])
  component shape: torch.Size([1, 1, 1, 16])
  Mean |component| being removed: 3.599815
  Mean |x_t| before ablation: 182.518585
  Mean |x_t| after ablation: 182.483078
USING PRECUED ITEMS - SHOULD NEVER BE DONE IN TRAINING
[denoise_one_step] t_idx=1
  x_t shape: torch.Size([1, 1, 1, 16])
  ablation_vector shape: torch.Size([16])
  component shape: torch.Size([1, 1, 1, 16])
  Mean |component| being removed: 3.026866
  Mean |x_t| before ablation: 180.867188
  Mean |x_t| after ablation: 180.841873
Binning and averaging each preparatory timestep by cued-color bin...
Global PCA explained variance ratio: [0.55232809 0.30677075 0.07290697]
Global PCA cumulative variance: [0.55232809 0.85909885 0.93200581]
Binning and averaging each diffusion timestep by cued-color bin...
Diffusion PCA explained variance ratio: [0.3986966  0.33203299 0.20123382]
Diffusion PCA cumulative variance: [0.3986966  0.73072959 0.93196341]
Saved outputs:
  /scratch3/shaiq_home/repos/behaviour_ddpm/ddpm/analysis/new_analysis/results/3D_plots/teacher_individualized_pca_index_cued_first_diffusion_no_swap_1/dir_4/prospective_memory_global_pca_all_prep_steps_3d.png
  /scratch3/shaiq_home/repos/behaviour_ddpm/ddpm/analysis/new_analysis/results/3D_plots/teacher_individualized_pca_index_cued_first_diffusion_no_swap_1/dir_4/prospective_memory_global_pca_prep_spatial_rings_over_time_3d.png
  /scratch3/shaiq_home/repos/behaviour_ddpm/ddpm/analysis/new_analysis/results/3D_plots/teacher_individualized_pca_index_cued_first_diffusion_no_swap_1/dir_4/prospective_memory_global_pca_all_diffusion_steps_3d.png
  /scratch3/shaiq_home/repos/behaviour_ddpm/ddpm/analysis/new_analysis/results/3D_plots/teacher_individualized_pca_index_cued_first_diffusion_no_swap_1/dir_4/prospective_memory_global_pca_diffusion_spatial_rings_over_time_3d.png
  /scratch3/shaiq_home/repos/behaviour_ddpm/ddpm/analysis/new_analysis/results/3D_plots/teacher_individualized_pca_index_cued_first_diffusion_no_swap_1/dir_4/global_pca_trajectory_data.npz
  /scratch3/shaiq_home/repos/behaviour_ddpm/ddpm/analysis/new_analysis/results/3D_plots/teacher_individualized_pca_index_cued_first_diffusion_no_swap_1/dir_4/global_pca_diffusion_data.npz
  /scratch3/shaiq_home/repos/behaviour_ddpm/ddpm/analysis/new_analysis/results/3D_plots/teacher_individualized_pca_index_cued_first_diffusion_no_swap_1/dir_4/global_pca_trajectory_summary.json
