Repo root: /scratch3/shaiq_home/repos/behaviour_ddpm
Run dir: /scratch3/shaiq_home/results_link/index_cued_first_diffusion_0.3_swap_recovery_8
Output dir: /scratch3/shaiq_home/repos/behaviour_ddpm/ddpm/analysis/new_analysis/results/3D_plots/student_healthy_swap_recovery_batch/index_cued_first_diffusion_0.3_swap_recovery_8
Device: cuda
Ablation setup: source=healthy_only, conditions=[-1]
Prep indices: [0, 1, 2, 3]
Generated 288 trials (1 ablation conditions: [-1])
Extracting all preparatory timesteps across trials...
USING PRECUED ITEMS - SHOULD NEVER BE DONE IN TRAINING
USING PRECUED ITEMS - SHOULD NEVER BE DONE IN TRAINING
USING PRECUED ITEMS - SHOULD NEVER BE DONE IN TRAINING
USING PRECUED ITEMS - SHOULD NEVER BE DONE IN TRAINING
USING PRECUED ITEMS - SHOULD NEVER BE DONE IN TRAINING
USING PRECUED ITEMS - SHOULD NEVER BE DONE IN TRAINING
USING PRECUED ITEMS - SHOULD NEVER BE DONE IN TRAINING
USING PRECUED ITEMS - SHOULD NEVER BE DONE IN TRAINING
USING PRECUED ITEMS - SHOULD NEVER BE DONE IN TRAINING
USING PRECUED ITEMS - SHOULD NEVER BE DONE IN TRAINING
USING PRECUED ITEMS - SHOULD NEVER BE DONE IN TRAINING
USING PRECUED ITEMS - SHOULD NEVER BE DONE IN TRAINING
USING PRECUED ITEMS - SHOULD NEVER BE DONE IN TRAINING
USING PRECUED ITEMS - SHOULD NEVER BE DONE IN TRAINING
USING PRECUED ITEMS - SHOULD NEVER BE DONE IN TRAINING
USING PRECUED ITEMS - SHOULD NEVER BE DONE IN TRAINING
USING PRECUED ITEMS - SHOULD NEVER BE DONE IN TRAINING
USING PRECUED ITEMS - SHOULD NEVER BE DONE IN TRAINING
USING PRECUED ITEMS - SHOULD NEVER BE DONE IN TRAINING
USING PRECUED ITEMS - SHOULD NEVER BE DONE IN TRAINING
USING PRECUED ITEMS - SHOULD NEVER BE DONE IN TRAINING
USING PRECUED ITEMS - SHOULD NEVER BE DONE IN TRAINING
USING PRECUED ITEMS - SHOULD NEVER BE DONE IN TRAINING
USING PRECUED ITEMS - SHOULD NEVER BE DONE IN TRAINING
USING PRECUED ITEMS - SHOULD NEVER BE DONE IN TRAINING
USING PRECUED ITEMS - SHOULD NEVER BE DONE IN TRAINING
USING PRECUED ITEMS - SHOULD NEVER BE DONE IN TRAINING
USING PRECUED ITEMS - SHOULD NEVER BE DONE IN TRAINING
USING PRECUED ITEMS - SHOULD NEVER BE DONE IN TRAINING
USING PRECUED ITEMS - SHOULD NEVER BE DONE IN TRAINING
USING PRECUED ITEMS - SHOULD NEVER BE DONE IN TRAINING
USING PRECUED ITEMS - SHOULD NEVER BE DONE IN TRAINING
USING PRECUED ITEMS - SHOULD NEVER BE DONE IN TRAINING
USING PRECUED ITEMS - SHOULD NEVER BE DONE IN TRAINING
USING PRECUED ITEMS - SHOULD NEVER BE DONE IN TRAINING
USING PRECUED ITEMS - SHOULD NEVER BE DONE IN TRAINING
USING PRECUED ITEMS - SHOULD NEVER BE DONE IN TRAINING
USING PRECUED ITEMS - SHOULD NEVER BE DONE IN TRAINING
USING PRECUED ITEMS - SHOULD NEVER BE DONE IN TRAINING
USING PRECUED ITEMS - SHOULD NEVER BE DONE IN TRAINING
USING PRECUED ITEMS - SHOULD NEVER BE DONE IN TRAINING
USING PRECUED ITEMS - SHOULD NEVER BE DONE IN TRAINING
USING PRECUED ITEMS - SHOULD NEVER BE DONE IN TRAINING
USING PRECUED ITEMS - SHOULD NEVER BE DONE IN TRAINING
USING PRECUED ITEMS - SHOULD NEVER BE DONE IN TRAINING
USING PRECUED ITEMS - SHOULD NEVER BE DONE IN TRAINING
USING PRECUED ITEMS - SHOULD NEVER BE DONE IN TRAINING
USING PRECUED ITEMS - SHOULD NEVER BE DONE IN TRAINING
USING PRECUED ITEMS - SHOULD NEVER BE DONE IN TRAINING
USING PRECUED ITEMS - SHOULD NEVER BE DONE IN TRAINING
USING PRECUED ITEMS - SHOULD NEVER BE DONE IN TRAINING
USING PRECUED ITEMS - SHOULD NEVER BE DONE IN TRAINING
USING PRECUED ITEMS - SHOULD NEVER BE DONE IN TRAINING
USING PRECUED ITEMS - SHOULD NEVER BE DONE IN TRAINING
USING PRECUED ITEMS - SHOULD NEVER BE DONE IN TRAINING
USING PRECUED ITEMS - SHOULD NEVER BE DONE IN TRAINING
USING PRECUED ITEMS - SHOULD NEVER BE DONE IN TRAINING
USING PRECUED ITEMS - SHOULD NEVER BE DONE IN TRAINING
USING PRECUED ITEMS - SHOULD NEVER BE DONE IN TRAINING
USING PRECUED ITEMS - SHOULD NEVER BE DONE IN TRAINING
USING PRECUED ITEMS - SHOULD NEVER BE DONE IN TRAINING
USING PRECUED ITEMS - SHOULD NEVER BE DONE IN TRAINING
USING PRECUED ITEMS - SHOULD NEVER BE DONE IN TRAINING
USING PRECUED ITEMS - SHOULD NEVER BE DONE IN TRAINING
USING PRECUED ITEMS - SHOULD NEVER BE DONE IN TRAINING
USING PRECUED ITEMS - SHOULD NEVER BE DONE IN TRAINING
USING PRECUED ITEMS - SHOULD NEVER BE DONE IN TRAINING
USING PRECUED ITEMS - SHOULD NEVER BE DONE IN TRAINING
USING PRECUED ITEMS - SHOULD NEVER BE DONE IN TRAINING
USING PRECUED ITEMS - SHOULD NEVER BE DONE IN TRAINING
USING PRECUED ITEMS - SHOULD NEVER BE DONE IN TRAINING
USING PRECUED ITEMS - SHOULD NEVER BE DONE IN TRAINING
USING PRECUED ITEMS - SHOULD NEVER BE DONE IN TRAINING
USING PRECUED ITEMS - SHOULD NEVER BE DONE IN TRAINING
USING PRECUED ITEMS - SHOULD NEVER BE DONE IN TRAINING
USING PRECUED ITEMS - SHOULD NEVER BE DONE IN TRAINING
USING PRECUED ITEMS - SHOULD NEVER BE DONE IN TRAINING
USING PRECUED ITEMS - SHOULD NEVER BE DONE IN TRAINING
USING PRECUED ITEMS - SHOULD NEVER BE DONE IN TRAINING
USING PRECUED ITEMS - SHOULD NEVER BE DONE IN TRAINING
USING PRECUED ITEMS - SHOULD NEVER BE DONE IN TRAINING
USING PRECUED ITEMS - SHOULD NEVER BE DONE IN TRAINING
USING PRECUED ITEMS - SHOULD NEVER BE DONE IN TRAINING
USING PRECUED ITEMS - SHOULD NEVER BE DONE IN TRAINING
USING PRECUED ITEMS - SHOULD NEVER BE DONE IN TRAINING
USING PRECUED ITEMS - SHOULD NEVER BE DONE IN TRAINING
USING PRECUED ITEMS - SHOULD NEVER BE DONE IN TRAINING
USING PRECUED ITEMS - SHOULD NEVER BE DONE IN TRAINING
USING PRECUED ITEMS - SHOULD NEVER BE DONE IN TRAINING
USING PRECUED ITEMS - SHOULD NEVER BE DONE IN TRAINING
USING PRECUED ITEMS - SHOULD NEVER BE DONE IN TRAINING
USING PRECUED ITEMS - SHOULD NEVER BE DONE IN TRAINING
USING PRECUED ITEMS - SHOULD NEVER BE DONE IN TRAINING
USING PRECUED ITEMS - SHOULD NEVER BE DONE IN TRAINING
USING PRECUED ITEMS - SHOULD NEVER BE DONE IN TRAINING
USING PRECUED ITEMS - SHOULD NEVER BE DONE IN TRAINING
USING PRECUED ITEMS - SHOULD NEVER BE DONE IN TRAINING
USING PRECUED ITEMS - SHOULD NEVER BE DONE IN TRAINING
USING PRECUED ITEMS - SHOULD NEVER BE DONE IN TRAINING
USING PRECUED ITEMS - SHOULD NEVER BE DONE IN TRAINING
USING PRECUED ITEMS - SHOULD NEVER BE DONE IN TRAINING
USING PRECUED ITEMS - SHOULD NEVER BE DONE IN TRAINING
USING PRECUED ITEMS - SHOULD NEVER BE DONE IN TRAINING
USING PRECUED ITEMS - SHOULD NEVER BE DONE IN TRAINING
USING PRECUED ITEMS - SHOULD NEVER BE DONE IN TRAINING
USING PRECUED ITEMS - SHOULD NEVER BE DONE IN TRAINING
USING PRECUED ITEMS - SHOULD NEVER BE DONE IN TRAINING
USING PRECUED ITEMS - SHOULD NEVER BE DONE IN TRAINING
USING PRECUED ITEMS - SHOULD NEVER BE DONE IN TRAINING
USING PRECUED ITEMS - SHOULD NEVER BE DONE IN TRAINING
USING PRECUED ITEMS - SHOULD NEVER BE DONE IN TRAINING
USING PRECUED ITEMS - SHOULD NEVER BE DONE IN TRAINING
USING PRECUED ITEMS - SHOULD NEVER BE DONE IN TRAINING
USING PRECUED ITEMS - SHOULD NEVER BE DONE IN TRAINING
USING PRECUED ITEMS - SHOULD NEVER BE DONE IN TRAINING
USING PRECUED ITEMS - SHOULD NEVER BE DONE IN TRAINING
USING PRECUED ITEMS - SHOULD NEVER BE DONE IN TRAINING
USING PRECUED ITEMS - SHOULD NEVER BE DONE IN TRAINING
USING PRECUED ITEMS - SHOULD NEVER BE DONE IN TRAINING
USING PRECUED ITEMS - SHOULD NEVER BE DONE IN TRAINING
USING PRECUED ITEMS - SHOULD NEVER BE DONE IN TRAINING
USING PRECUED ITEMS - SHOULD NEVER BE DONE IN TRAINING
USING PRECUED ITEMS - SHOULD NEVER BE DONE IN TRAINING
USING PRECUED ITEMS - SHOULD NEVER BE DONE IN TRAINING
USING PRECUED ITEMS - SHOULD NEVER BE DONE IN TRAINING
USING PRECUED ITEMS - SHOULD NEVER BE DONE IN TRAINING
USING PRECUED ITEMS - SHOULD NEVER BE DONE IN TRAINING
USING PRECUED ITEMS - SHOULD NEVER BE DONE IN TRAINING
USING PRECUED ITEMS - SHOULD NEVER BE DONE IN TRAINING
USING PRECUED ITEMS - SHOULD NEVER BE DONE IN TRAINING
USING PRECUED ITEMS - SHOULD NEVER BE DONE IN TRAINING
USING PRECUED ITEMS - SHOULD NEVER BE DONE IN TRAINING
USING PRECUED ITEMS - SHOULD NEVER BE DONE IN TRAINING
USING PRECUED ITEMS - SHOULD NEVER BE DONE IN TRAINING
USING PRECUED ITEMS - SHOULD NEVER BE DONE IN TRAINING
USING PRECUED ITEMS - SHOULD NEVER BE DONE IN TRAINING
USING PRECUED ITEMS - SHOULD NEVER BE DONE IN TRAINING
USING PRECUED ITEMS - SHOULD NEVER BE DONE IN TRAINING
USING PRECUED ITEMS - SHOULD NEVER BE DONE IN TRAINING
USING PRECUED ITEMS - SHOULD NEVER BE DONE IN TRAINING
USING PRECUED ITEMS - SHOULD NEVER BE DONE IN TRAINING
USING PRECUED ITEMS - SHOULD NEVER BE DONE IN TRAINING
USING PRECUED ITEMS - SHOULD NEVER BE DONE IN TRAINING
USING PRECUED ITEMS - SHOULD NEVER BE DONE IN TRAINING
USING PRECUED ITEMS - SHOULD NEVER BE DONE IN TRAINING
USING PRECUED ITEMS - SHOULD NEVER BE DONE IN TRAINING
USING PRECUED ITEMS - SHOULD NEVER BE DONE IN TRAINING
USING PRECUED ITEMS - SHOULD NEVER BE DONE IN TRAINING
USING PRECUED ITEMS - SHOULD NEVER BE DONE IN TRAINING
USING PRECUED ITEMS - SHOULD NEVER BE DONE IN TRAINING
USING PRECUED ITEMS - SHOULD NEVER BE DONE IN TRAINING
USING PRECUED ITEMS - SHOULD NEVER BE DONE IN TRAINING
USING PRECUED ITEMS - SHOULD NEVER BE DONE IN TRAINING
USING PRECUED ITEMS - SHOULD NEVER BE DONE IN TRAINING
USING PRECUED ITEMS - SHOULD NEVER BE DONE IN TRAINING
USING PRECUED ITEMS - SHOULD NEVER BE DONE IN TRAINING
USING PRECUED ITEMS - SHOULD NEVER BE DONE IN TRAINING
USING PRECUED ITEMS - SHOULD NEVER BE DONE IN TRAINING
USING PRECUED ITEMS - SHOULD NEVER BE DONE IN TRAINING
USING PRECUED ITEMS - SHOULD NEVER BE DONE IN TRAINING
USING PRECUED ITEMS - SHOULD NEVER BE DONE IN TRAINING
USING PRECUED ITEMS - SHOULD NEVER BE DONE IN TRAINING
USING PRECUED ITEMS - SHOULD NEVER BE DONE IN TRAINING
USING PRECUED ITEMS - SHOULD NEVER BE DONE IN TRAINING
USING PRECUED ITEMS - SHOULD NEVER BE DONE IN TRAINING
USING PRECUED ITEMS - SHOULD NEVER BE DONE IN TRAINING
USING PRECUED ITEMS - SHOULD NEVER BE DONE IN TRAINING
USING PRECUED ITEMS - SHOULD NEVER BE DONE IN TRAINING
USING PRECUED ITEMS - SHOULD NEVER BE DONE IN TRAINING
USING PRECUED ITEMS - SHOULD NEVER BE DONE IN TRAINING
USING PRECUED ITEMS - SHOULD NEVER BE DONE IN TRAINING
USING PRECUED ITEMS - SHOULD NEVER BE DONE IN TRAINING
USING PRECUED ITEMS - SHOULD NEVER BE DONE IN TRAINING
USING PRECUED ITEMS - SHOULD NEVER BE DONE IN TRAINING
USING PRECUED ITEMS - SHOULD NEVER BE DONE IN TRAINING
USING PRECUED ITEMS - SHOULD NEVER BE DONE IN TRAINING
USING PRECUED ITEMS - SHOULD NEVER BE DONE IN TRAINING
USING PRECUED ITEMS - SHOULD NEVER BE DONE IN TRAINING
USING PRECUED ITEMS - SHOULD NEVER BE DONE IN TRAINING
USING PRECUED ITEMS - SHOULD NEVER BE DONE IN TRAINING
USING PRECUED ITEMS - SHOULD NEVER BE DONE IN TRAINING
USING PRECUED ITEMS - SHOULD NEVER BE DONE IN TRAINING
USING PRECUED ITEMS - SHOULD NEVER BE DONE IN TRAINING
USING PRECUED ITEMS - SHOULD NEVER BE DONE IN TRAINING
USING PRECUED ITEMS - SHOULD NEVER BE DONE IN TRAINING
USING PRECUED ITEMS - SHOULD NEVER BE DONE IN TRAINING
USING PRECUED ITEMS - SHOULD NEVER BE DONE IN TRAINING
USING PRECUED ITEMS - SHOULD NEVER BE DONE IN TRAINING
USING PRECUED ITEMS - SHOULD NEVER BE DONE IN TRAINING
USING PRECUED ITEMS - SHOULD NEVER BE DONE IN TRAINING
USING PRECUED ITEMS - SHOULD NEVER BE DONE IN TRAINING
USING PRECUED ITEMS - SHOULD NEVER BE DONE IN TRAINING
USING PRECUED ITEMS - SHOULD NEVER BE DONE IN TRAINING
USING PRECUED ITEMS - SHOULD NEVER BE DONE IN TRAINING
USING PRECUED ITEMS - SHOULD NEVER BE DONE IN TRAINING
USING PRECUED ITEMS - SHOULD NEVER BE DONE IN TRAINING
USING PRECUED ITEMS - SHOULD NEVER BE DONE IN TRAINING
USING PRECUED ITEMS - SHOULD NEVER BE DONE IN TRAINING
USING PRECUED ITEMS - SHOULD NEVER BE DONE IN TRAINING
USING PRECUED ITEMS - SHOULD NEVER BE DONE IN TRAINING
  trial progress: 200/288
USING PRECUED ITEMS - SHOULD NEVER BE DONE IN TRAINING
USING PRECUED ITEMS - SHOULD NEVER BE DONE IN TRAINING
USING PRECUED ITEMS - SHOULD NEVER BE DONE IN TRAINING
USING PRECUED ITEMS - SHOULD NEVER BE DONE IN TRAINING
USING PRECUED ITEMS - SHOULD NEVER BE DONE IN TRAINING
USING PRECUED ITEMS - SHOULD NEVER BE DONE IN TRAINING
USING PRECUED ITEMS - SHOULD NEVER BE DONE IN TRAINING
USING PRECUED ITEMS - SHOULD NEVER BE DONE IN TRAINING
USING PRECUED ITEMS - SHOULD NEVER BE DONE IN TRAINING
USING PRECUED ITEMS - SHOULD NEVER BE DONE IN TRAINING
USING PRECUED ITEMS - SHOULD NEVER BE DONE IN TRAINING
USING PRECUED ITEMS - SHOULD NEVER BE DONE IN TRAINING
USING PRECUED ITEMS - SHOULD NEVER BE DONE IN TRAINING
USING PRECUED ITEMS - SHOULD NEVER BE DONE IN TRAINING
USING PRECUED ITEMS - SHOULD NEVER BE DONE IN TRAINING
USING PRECUED ITEMS - SHOULD NEVER BE DONE IN TRAINING
USING PRECUED ITEMS - SHOULD NEVER BE DONE IN TRAINING
USING PRECUED ITEMS - SHOULD NEVER BE DONE IN TRAINING
USING PRECUED ITEMS - SHOULD NEVER BE DONE IN TRAINING
USING PRECUED ITEMS - SHOULD NEVER BE DONE IN TRAINING
USING PRECUED ITEMS - SHOULD NEVER BE DONE IN TRAINING
USING PRECUED ITEMS - SHOULD NEVER BE DONE IN TRAINING
USING PRECUED ITEMS - SHOULD NEVER BE DONE IN TRAINING
USING PRECUED ITEMS - SHOULD NEVER BE DONE IN TRAINING
USING PRECUED ITEMS - SHOULD NEVER BE DONE IN TRAINING
USING PRECUED ITEMS - SHOULD NEVER BE DONE IN TRAINING
USING PRECUED ITEMS - SHOULD NEVER BE DONE IN TRAINING
USING PRECUED ITEMS - SHOULD NEVER BE DONE IN TRAINING
USING PRECUED ITEMS - SHOULD NEVER BE DONE IN TRAINING
USING PRECUED ITEMS - SHOULD NEVER BE DONE IN TRAINING
USING PRECUED ITEMS - SHOULD NEVER BE DONE IN TRAINING
USING PRECUED ITEMS - SHOULD NEVER BE DONE IN TRAINING
USING PRECUED ITEMS - SHOULD NEVER BE DONE IN TRAINING
USING PRECUED ITEMS - SHOULD NEVER BE DONE IN TRAINING
USING PRECUED ITEMS - SHOULD NEVER BE DONE IN TRAINING
USING PRECUED ITEMS - SHOULD NEVER BE DONE IN TRAINING
USING PRECUED ITEMS - SHOULD NEVER BE DONE IN TRAINING
USING PRECUED ITEMS - SHOULD NEVER BE DONE IN TRAINING
USING PRECUED ITEMS - SHOULD NEVER BE DONE IN TRAINING
USING PRECUED ITEMS - SHOULD NEVER BE DONE IN TRAINING
USING PRECUED ITEMS - SHOULD NEVER BE DONE IN TRAINING
USING PRECUED ITEMS - SHOULD NEVER BE DONE IN TRAINING
USING PRECUED ITEMS - SHOULD NEVER BE DONE IN TRAINING
USING PRECUED ITEMS - SHOULD NEVER BE DONE IN TRAINING
USING PRECUED ITEMS - SHOULD NEVER BE DONE IN TRAINING
USING PRECUED ITEMS - SHOULD NEVER BE DONE IN TRAINING
USING PRECUED ITEMS - SHOULD NEVER BE DONE IN TRAINING
USING PRECUED ITEMS - SHOULD NEVER BE DONE IN TRAINING
USING PRECUED ITEMS - SHOULD NEVER BE DONE IN TRAINING
USING PRECUED ITEMS - SHOULD NEVER BE DONE IN TRAINING
USING PRECUED ITEMS - SHOULD NEVER BE DONE IN TRAINING
USING PRECUED ITEMS - SHOULD NEVER BE DONE IN TRAINING
USING PRECUED ITEMS - SHOULD NEVER BE DONE IN TRAINING
USING PRECUED ITEMS - SHOULD NEVER BE DONE IN TRAINING
USING PRECUED ITEMS - SHOULD NEVER BE DONE IN TRAINING
USING PRECUED ITEMS - SHOULD NEVER BE DONE IN TRAINING
USING PRECUED ITEMS - SHOULD NEVER BE DONE IN TRAINING
USING PRECUED ITEMS - SHOULD NEVER BE DONE IN TRAINING
USING PRECUED ITEMS - SHOULD NEVER BE DONE IN TRAINING
USING PRECUED ITEMS - SHOULD NEVER BE DONE IN TRAINING
USING PRECUED ITEMS - SHOULD NEVER BE DONE IN TRAINING
USING PRECUED ITEMS - SHOULD NEVER BE DONE IN TRAINING
USING PRECUED ITEMS - SHOULD NEVER BE DONE IN TRAINING
USING PRECUED ITEMS - SHOULD NEVER BE DONE IN TRAINING
USING PRECUED ITEMS - SHOULD NEVER BE DONE IN TRAINING
USING PRECUED ITEMS - SHOULD NEVER BE DONE IN TRAINING
USING PRECUED ITEMS - SHOULD NEVER BE DONE IN TRAINING
USING PRECUED ITEMS - SHOULD NEVER BE DONE IN TRAINING
USING PRECUED ITEMS - SHOULD NEVER BE DONE IN TRAINING
USING PRECUED ITEMS - SHOULD NEVER BE DONE IN TRAINING
USING PRECUED ITEMS - SHOULD NEVER BE DONE IN TRAINING
USING PRECUED ITEMS - SHOULD NEVER BE DONE IN TRAINING
USING PRECUED ITEMS - SHOULD NEVER BE DONE IN TRAINING
USING PRECUED ITEMS - SHOULD NEVER BE DONE IN TRAINING
USING PRECUED ITEMS - SHOULD NEVER BE DONE IN TRAINING
USING PRECUED ITEMS - SHOULD NEVER BE DONE IN TRAINING
USING PRECUED ITEMS - SHOULD NEVER BE DONE IN TRAINING
USING PRECUED ITEMS - SHOULD NEVER BE DONE IN TRAINING
USING PRECUED ITEMS - SHOULD NEVER BE DONE IN TRAINING
USING PRECUED ITEMS - SHOULD NEVER BE DONE IN TRAINING
USING PRECUED ITEMS - SHOULD NEVER BE DONE IN TRAINING
USING PRECUED ITEMS - SHOULD NEVER BE DONE IN TRAINING
USING PRECUED ITEMS - SHOULD NEVER BE DONE IN TRAINING
USING PRECUED ITEMS - SHOULD NEVER BE DONE IN TRAINING
USING PRECUED ITEMS - SHOULD NEVER BE DONE IN TRAINING
USING PRECUED ITEMS - SHOULD NEVER BE DONE IN TRAINING
USING PRECUED ITEMS - SHOULD NEVER BE DONE IN TRAINING
USING PRECUED ITEMS - SHOULD NEVER BE DONE IN TRAINING
Binning and averaging each preparatory timestep by cued-color bin...
Global PCA explained variance ratio: [0.63934817 0.12975657 0.09239325]
Global PCA cumulative variance: [0.63934817 0.76910474 0.86149799]
Binning and averaging each diffusion timestep by cued-color bin...
Diffusion PCA explained variance ratio: [0.54800923 0.30456423 0.08877308]
Diffusion PCA cumulative variance: [0.54800923 0.85257346 0.94134654]
Saved outputs:
  /scratch3/shaiq_home/repos/behaviour_ddpm/ddpm/analysis/new_analysis/results/3D_plots/student_healthy_swap_recovery_batch/index_cued_first_diffusion_0.3_swap_recovery_8/prospective_memory_global_pca_all_prep_steps_3d.png
  /scratch3/shaiq_home/repos/behaviour_ddpm/ddpm/analysis/new_analysis/results/3D_plots/student_healthy_swap_recovery_batch/index_cued_first_diffusion_0.3_swap_recovery_8/prospective_memory_global_pca_prep_spatial_rings_over_time_3d.png
  /scratch3/shaiq_home/repos/behaviour_ddpm/ddpm/analysis/new_analysis/results/3D_plots/student_healthy_swap_recovery_batch/index_cued_first_diffusion_0.3_swap_recovery_8/prospective_memory_global_pca_all_diffusion_steps_3d.png
  /scratch3/shaiq_home/repos/behaviour_ddpm/ddpm/analysis/new_analysis/results/3D_plots/student_healthy_swap_recovery_batch/index_cued_first_diffusion_0.3_swap_recovery_8/prospective_memory_global_pca_diffusion_spatial_rings_over_time_3d.png
  /scratch3/shaiq_home/repos/behaviour_ddpm/ddpm/analysis/new_analysis/results/3D_plots/student_healthy_swap_recovery_batch/index_cued_first_diffusion_0.3_swap_recovery_8/global_pca_trajectory_data.npz
  /scratch3/shaiq_home/repos/behaviour_ddpm/ddpm/analysis/new_analysis/results/3D_plots/student_healthy_swap_recovery_batch/index_cued_first_diffusion_0.3_swap_recovery_8/global_pca_diffusion_data.npz
  /scratch3/shaiq_home/repos/behaviour_ddpm/ddpm/analysis/new_analysis/results/3D_plots/student_healthy_swap_recovery_batch/index_cued_first_diffusion_0.3_swap_recovery_8/global_pca_trajectory_summary.json
