Loading models...
  [0] Ablated_11  (index_cued_first_diffusion_0.3_swap_7)
  [1] Student_0  (index_cued_first_diffusion_0.3_swap_recovery_ablation_11_0)
  [2] Student_1  (index_cued_first_diffusion_0.3_swap_recovery_ablation_11_1)
  [0] Ablated_11: ablating nullspace direction 11
Sweep: 288 trials (24 with same color, per 12^2 × 2 cues)
Reference model: [0] Ablated_11
Student models: ['Student_0', 'Student_1']
  [1/288] cue=1 c1=0° c2=0°USING PRECUED ITEMS - SHOULD NEVER BE DONE IN TRAINING
  Student_0:289190.935  Student_1:290148.117  Student_1:3044.540  [self:51774.819]
  [2/288] cue=1 c1=0° c2=30°USING PRECUED ITEMS - SHOULD NEVER BE DONE IN TRAINING
  Student_0:181380.347  Student_1:183293.252  Student_1:2934.425  [self:49123.321]
  [3/288] cue=1 c1=0° c2=60°USING PRECUED ITEMS - SHOULD NEVER BE DONE IN TRAINING
  Student_0:154762.964  Student_1:156237.692  Student_1:2862.093  [self:28003.419]
  [4/288] cue=1 c1=0° c2=90°USING PRECUED ITEMS - SHOULD NEVER BE DONE IN TRAINING
  Student_0:84848.682  Student_1:86552.082  Student_1:3110.562  [self:9165.202]
  [5/288] cue=1 c1=0° c2=120°USING PRECUED ITEMS - SHOULD NEVER BE DONE IN TRAINING
  Student_0:20385.210  Student_1:23147.758  Student_1:3119.618  [self:23845.449]
  [6/288] cue=1 c1=0° c2=150°USING PRECUED ITEMS - SHOULD NEVER BE DONE IN TRAINING
  Student_0:33510.392  Student_1:36281.752  Student_1:2996.190  [self:23822.838]
  [7/288] cue=1 c1=0° c2=180°USING PRECUED ITEMS - SHOULD NEVER BE DONE IN TRAINING
  Student_0:103637.982  Student_1:106515.788  Student_1:3159.123  [self:69542.090]
  [8/288] cue=1 c1=0° c2=210°USING PRECUED ITEMS - SHOULD NEVER BE DONE IN TRAINING
  Student_0:243175.668  Student_1:245497.475  Student_1:2896.351  [self:75978.629]
  [9/288] cue=1 c1=0° c2=240°USING PRECUED ITEMS - SHOULD NEVER BE DONE IN TRAINING
  Student_0:271024.222  Student_1:273437.600  Student_1:3211.136  [self:55482.288]
  [10/288] cue=1 c1=0° c2=270°USING PRECUED ITEMS - SHOULD NEVER BE DONE IN TRAINING
  Student_0:279267.572  Student_1:281670.528  Student_1:3080.387  [self:226937.866]
  [11/288] cue=1 c1=0° c2=300°USING PRECUED ITEMS - SHOULD NEVER BE DONE IN TRAINING
  Student_0:443042.970  Student_1:444824.745  Student_1:2806.234  [self:156164.409]
  [12/288] cue=1 c1=0° c2=330°USING PRECUED ITEMS - SHOULD NEVER BE DONE IN TRAINING
  Student_0:250924.939  Student_1:252837.152  Student_1:2710.429  [self:63007.235]
  [13/288] cue=1 c1=30° c2=0°USING PRECUED ITEMS - SHOULD NEVER BE DONE IN TRAINING
  Student_0:83404.757  Student_1:85507.004  Student_1:2918.233  [self:37503.864]
  [14/288] cue=1 c1=30° c2=30°USING PRECUED ITEMS - SHOULD NEVER BE DONE IN TRAINING
  Student_0:92356.675  Student_1:94260.762  Student_1:2902.639  [self:28144.938]
  [15/288] cue=1 c1=30° c2=60°USING PRECUED ITEMS - SHOULD NEVER BE DONE IN TRAINING
  Student_0:144181.406  Student_1:145000.957  Student_1:2907.498  [self:18840.108]
  [16/288] cue=1 c1=30° c2=90°USING PRECUED ITEMS - SHOULD NEVER BE DONE IN TRAINING
  Student_0:97989.728  Student_1:99616.234  Student_1:3057.492  [self:37787.207]
  [17/288] cue=1 c1=30° c2=120°USING PRECUED ITEMS - SHOULD NEVER BE DONE IN TRAINING
  Student_0:1043.180  Student_1:4025.512  Student_1:3074.219  [self:716.267]
  [18/288] cue=1 c1=30° c2=150°USING PRECUED ITEMS - SHOULD NEVER BE DONE IN TRAINING
  Student_0:1035.760  Student_1:4063.718  Student_1:3093.882  [self:624.966]
  [19/288] cue=1 c1=30° c2=180°USING PRECUED ITEMS - SHOULD NEVER BE DONE IN TRAINING
  Student_0:9440.075  Student_1:12295.092  Student_1:3046.278  [self:8446.941]
  [20/288] cue=1 c1=30° c2=210°USING PRECUED ITEMS - SHOULD NEVER BE DONE IN TRAINING
  Student_0:16042.305  Student_1:19008.653  Student_1:3032.374  [self:8399.937]
  [21/288] cue=1 c1=30° c2=240°USING PRECUED ITEMS - SHOULD NEVER BE DONE IN TRAINING
  Student_0:22802.795  Student_1:25605.608  Student_1:2939.612  [self:28477.026]
  [22/288] cue=1 c1=30° c2=270°USING PRECUED ITEMS - SHOULD NEVER BE DONE IN TRAINING
  Student_0:53465.361  Student_1:55993.098  Student_1:2840.947  [self:10929.859]
  [23/288] cue=1 c1=30° c2=300°USING PRECUED ITEMS - SHOULD NEVER BE DONE IN TRAINING
  Student_0:86374.915  Student_1:88793.829  Student_1:2795.301  [self:72182.359]
  [24/288] cue=1 c1=30° c2=330°USING PRECUED ITEMS - SHOULD NEVER BE DONE IN TRAINING
  Student_0:131367.897  Student_1:133524.132  Student_1:2841.238  [self:21579.799]
  [25/288] cue=1 c1=60° c2=0°USING PRECUED ITEMS - SHOULD NEVER BE DONE IN TRAINING
  Student_0:123053.611  Student_1:124439.625  Student_1:3081.362  [self:28776.188]
  [26/288] cue=1 c1=60° c2=30°USING PRECUED ITEMS - SHOULD NEVER BE DONE IN TRAINING
  Student_0:211560.990  Student_1:212470.149  Student_1:3123.162  [self:9358.803]
Saved plot: /scratch3/shaiq_home/repos/behaviour_ddpm/results/all_teacher_student_sweeps/ablation_11/sweep_plots/trial0025_cue1_c160_c230.png
  [27/288] cue=1 c1=60° c2=60°USING PRECUED ITEMS - SHOULD NEVER BE DONE IN TRAINING
  Student_0:366100.916  Student_1:365573.828  Student_1:3160.771  [self:13215.647]
  [28/288] cue=1 c1=60° c2=90°USING PRECUED ITEMS - SHOULD NEVER BE DONE IN TRAINING
  Student_0:201502.260  Student_1:201608.749  Student_1:2851.293  [self:16322.660]
  [29/288] cue=1 c1=60° c2=120°USING PRECUED ITEMS - SHOULD NEVER BE DONE IN TRAINING
  Student_0:6068.786  Student_1:7683.517  Student_1:2979.249  [self:2112.286]
  [30/288] cue=1 c1=60° c2=150°USING PRECUED ITEMS - SHOULD NEVER BE DONE IN TRAINING
  Student_0:774.419  Student_1:3233.688  Student_1:2937.524  [self:2781.508]
  [31/288] cue=1 c1=60° c2=180°USING PRECUED ITEMS - SHOULD NEVER BE DONE IN TRAINING
  Student_0:4512.765  Student_1:7406.828  Student_1:3165.212  [self:886.251]
  [32/288] cue=1 c1=60° c2=210°USING PRECUED ITEMS - SHOULD NEVER BE DONE IN TRAINING
  Student_0:2826.882  Student_1:5490.946  Student_1:2815.307  [self:6464.551]
  [33/288] cue=1 c1=60° c2=240°USING PRECUED ITEMS - SHOULD NEVER BE DONE IN TRAINING
  Student_0:6624.446  Student_1:9567.800  Student_1:3063.447  [self:785.004]
  [34/288] cue=1 c1=60° c2=270°USING PRECUED ITEMS - SHOULD NEVER BE DONE IN TRAINING
  Student_0:1519.159  Student_1:4338.627  Student_1:2898.455  [self:37347.702]
  [35/288] cue=1 c1=60° c2=300°USING PRECUED ITEMS - SHOULD NEVER BE DONE IN TRAINING
  Student_0:28276.086  Student_1:30917.758  Student_1:2991.634  [self:20266.035]
  [36/288] cue=1 c1=60° c2=330°USING PRECUED ITEMS - SHOULD NEVER BE DONE IN TRAINING
  Student_0:88883.214  Student_1:90400.894  Student_1:2883.569  [self:11277.997]
  [37/288] cue=1 c1=90° c2=0°USING PRECUED ITEMS - SHOULD NEVER BE DONE IN TRAINING
  Student_0:149092.168  Student_1:150385.113  Student_1:2804.193  [self:31191.886]
  [38/288] cue=1 c1=90° c2=30°USING PRECUED ITEMS - SHOULD NEVER BE DONE IN TRAINING
  Student_0:266509.081  Student_1:266844.887  Student_1:2762.869  [self:25680.076]
  [39/288] cue=1 c1=90° c2=60°USING PRECUED ITEMS - SHOULD NEVER BE DONE IN TRAINING
  Student_0:401857.183  Student_1:401540.327  Student_1:3015.142  [self:28082.066]
  [40/288] cue=1 c1=90° c2=90°USING PRECUED ITEMS - SHOULD NEVER BE DONE IN TRAINING
  Student_0:368998.327  Student_1:368305.277  Student_1:2995.278  [self:23339.556]
  [41/288] cue=1 c1=90° c2=120°USING PRECUED ITEMS - SHOULD NEVER BE DONE IN TRAINING
  Student_0:42543.476  Student_1:41993.268  Student_1:2942.562  [self:2686.117]
  [42/288] cue=1 c1=90° c2=150°USING PRECUED ITEMS - SHOULD NEVER BE DONE IN TRAINING
  Student_0:11634.880  Student_1:12985.768  Student_1:2908.216  [self:3250.427]
  [43/288] cue=1 c1=90° c2=180°USING PRECUED ITEMS - SHOULD NEVER BE DONE IN TRAINING
  Student_0:7655.542  Student_1:9754.742  Student_1:3075.416  [self:1634.214]
  [44/288] cue=1 c1=90° c2=210°USING PRECUED ITEMS - SHOULD NEVER BE DONE IN TRAINING
  Student_0:7575.575  Student_1:10016.436  Student_1:3014.352  [self:1939.441]
  [45/288] cue=1 c1=90° c2=240°USING PRECUED ITEMS - SHOULD NEVER BE DONE IN TRAINING
  Student_0:3901.427  Student_1:6338.520  Student_1:2814.882  [self:6173.512]
  [46/288] cue=1 c1=90° c2=270°USING PRECUED ITEMS - SHOULD NEVER BE DONE IN TRAINING
  Student_0:23558.589  Student_1:26213.930  Student_1:3025.783  [self:17914.922]
  [47/288] cue=1 c1=90° c2=300°USING PRECUED ITEMS - SHOULD NEVER BE DONE IN TRAINING
  Student_0:41755.108  Student_1:44118.563  Student_1:3178.857  [self:11895.951]
  [48/288] cue=1 c1=90° c2=330°USING PRECUED ITEMS - SHOULD NEVER BE DONE IN TRAINING
  Student_0:184973.206  Student_1:185955.028  Student_1:2947.481  [self:45938.474]
  [49/288] cue=1 c1=120° c2=0°USING PRECUED ITEMS - SHOULD NEVER BE DONE IN TRAINING
  Student_0:154285.683  Student_1:156014.691  Student_1:2959.497  [self:52823.415]
  [50/288] cue=1 c1=120° c2=30°USING PRECUED ITEMS - SHOULD NEVER BE DONE IN TRAINING
  Student_0:106161.060  Student_1:107810.609  Student_1:2906.662  [self:11454.380]
  [51/288] cue=1 c1=120° c2=60°USING PRECUED ITEMS - SHOULD NEVER BE DONE IN TRAINING
  Student_0:216160.485  Student_1:217050.441  Student_1:2913.886  [self:52480.679]
  [52/288] cue=1 c1=120° c2=90°USING PRECUED ITEMS - SHOULD NEVER BE DONE IN TRAINING
  Student_0:236258.808  Student_1:235569.391  Student_1:3081.128  [self:22349.047]
  [53/288] cue=1 c1=120° c2=120°USING PRECUED ITEMS - SHOULD NEVER BE DONE IN TRAINING
  Student_0:83863.497  Student_1:82318.425  Student_1:3048.340  [self:2680.955]
  [54/288] cue=1 c1=120° c2=150°USING PRECUED ITEMS - SHOULD NEVER BE DONE IN TRAINING
  Student_0:32414.233  Student_1:32486.635  Student_1:3309.082  [self:2208.826]
  [55/288] cue=1 c1=120° c2=180°USING PRECUED ITEMS - SHOULD NEVER BE DONE IN TRAINING
  Student_0:23619.687  Student_1:24685.286  Student_1:2994.405  [self:2659.127]
  [56/288] cue=1 c1=120° c2=210°USING PRECUED ITEMS - SHOULD NEVER BE DONE IN TRAINING
  Student_0:30199.285  Student_1:31229.919  Student_1:3125.179  [self:2407.755]
  [57/288] cue=1 c1=120° c2=240°USING PRECUED ITEMS - SHOULD NEVER BE DONE IN TRAINING
  Student_0:62015.660  Student_1:63189.181  Student_1:2947.566  [self:44675.357]
  [58/288] cue=1 c1=120° c2=270°USING PRECUED ITEMS - SHOULD NEVER BE DONE IN TRAINING
  Student_0:35366.459  Student_1:37403.463  Student_1:3072.226  [self:12060.316]
  [59/288] cue=1 c1=120° c2=300°USING PRECUED ITEMS - SHOULD NEVER BE DONE IN TRAINING
  Student_0:244238.594  Student_1:245260.262  Student_1:2785.678  [self:23239.852]
  [60/288] cue=1 c1=120° c2=330°USING PRECUED ITEMS - SHOULD NEVER BE DONE IN TRAINING
  Student_0:270624.276  Student_1:271876.022  Student_1:2957.784  [self:42116.524]
  [61/288] cue=1 c1=150° c2=0°USING PRECUED ITEMS - SHOULD NEVER BE DONE IN TRAINING
  Student_0:236298.199  Student_1:238174.931  Student_1:2914.294  [self:24071.170]
  [62/288] cue=1 c1=150° c2=30°USING PRECUED ITEMS - SHOULD NEVER BE DONE IN TRAINING
  Student_0:76505.758  Student_1:78645.277  Student_1:2812.966  [self:23973.712]
  [63/288] cue=1 c1=150° c2=60°USING PRECUED ITEMS - SHOULD NEVER BE DONE IN TRAINING
  Student_0:37570.192  Student_1:39111.095  Student_1:3201.641  [self:3878.662]
  [64/288] cue=1 c1=150° c2=90°USING PRECUED ITEMS - SHOULD NEVER BE DONE IN TRAINING
  Student_0:32701.677  Student_1:33527.173  Student_1:2767.297  [self:6963.287]
  [65/288] cue=1 c1=150° c2=120°USING PRECUED ITEMS - SHOULD NEVER BE DONE IN TRAINING
  Student_0:55088.205  Student_1:54283.659  Student_1:3016.872  [self:4222.143]
  [66/288] cue=1 c1=150° c2=150°USING PRECUED ITEMS - SHOULD NEVER BE DONE IN TRAINING
  Student_0:45771.306  Student_1:45385.561  Student_1:3099.958  [self:2870.421]
  [67/288] cue=1 c1=150° c2=180°USING PRECUED ITEMS - SHOULD NEVER BE DONE IN TRAINING
  Student_0:54125.935  Student_1:54143.858  Student_1:3088.462  [self:8459.194]
  [68/288] cue=1 c1=150° c2=210°USING PRECUED ITEMS - SHOULD NEVER BE DONE IN TRAINING
  Student_0:66131.900  Student_1:65617.189  Student_1:3323.577  [self:5072.309]
  [69/288] cue=1 c1=150° c2=240°USING PRECUED ITEMS - SHOULD NEVER BE DONE IN TRAINING
  Student_0:82501.313  Student_1:82433.169  Student_1:3018.556  [self:38014.730]
  [70/288] cue=1 c1=150° c2=270°USING PRECUED ITEMS - SHOULD NEVER BE DONE IN TRAINING
  Student_0:443757.938  Student_1:443650.786  Student_1:2746.003  [self:51721.855]
  [71/288] cue=1 c1=150° c2=300°USING PRECUED ITEMS - SHOULD NEVER BE DONE IN TRAINING
  Student_0:744837.602  Student_1:744474.119  Student_1:2764.793  [self:61936.702]
  [72/288] cue=1 c1=150° c2=330°USING PRECUED ITEMS - SHOULD NEVER BE DONE IN TRAINING
  Student_0:464039.511  Student_1:465026.204  Student_1:2845.248  [self:44380.784]
  [73/288] cue=1 c1=180° c2=0°USING PRECUED ITEMS - SHOULD NEVER BE DONE IN TRAINING
  Student_0:584218.210  Student_1:585354.685  Student_1:3107.847  [self:67902.039]
  [74/288] cue=1 c1=180° c2=30°USING PRECUED ITEMS - SHOULD NEVER BE DONE IN TRAINING
  Student_0:240500.742  Student_1:242191.617  Student_1:3113.123  [self:28809.186]
  [75/288] cue=1 c1=180° c2=60°USING PRECUED ITEMS - SHOULD NEVER BE DONE IN TRAINING
  Student_0:95528.006  Student_1:97268.265  Student_1:2914.412  [self:25265.175]
  [76/288] cue=1 c1=180° c2=90°USING PRECUED ITEMS - SHOULD NEVER BE DONE IN TRAINING
  Student_0:48215.162  Student_1:49855.027  Student_1:2975.821  [self:31340.070]
  [77/288] cue=1 c1=180° c2=120°USING PRECUED ITEMS - SHOULD NEVER BE DONE IN TRAINING
  Student_0:31816.742  Student_1:32786.042  Student_1:3212.056  [self:2919.870]
  [78/288] cue=1 c1=180° c2=150°USING PRECUED ITEMS - SHOULD NEVER BE DONE IN TRAINING
  Student_0:46711.643  Student_1:46622.003  Student_1:2923.295  [self:4519.437]
  [79/288] cue=1 c1=180° c2=180°USING PRECUED ITEMS - SHOULD NEVER BE DONE IN TRAINING
  Student_0:73636.113  Student_1:72882.151  Student_1:2955.172  [self:12397.814]
  [80/288] cue=1 c1=180° c2=210°USING PRECUED ITEMS - SHOULD NEVER BE DONE IN TRAINING
  Student_0:66601.717  Student_1:66579.157  Student_1:2826.679  [self:9936.239]
  [81/288] cue=1 c1=180° c2=240°USING PRECUED ITEMS - SHOULD NEVER BE DONE IN TRAINING
  Student_0:307939.182  Student_1:308567.578  Student_1:3141.869  [self:46096.393]
  [82/288] cue=1 c1=180° c2=270°USING PRECUED ITEMS - SHOULD NEVER BE DONE IN TRAINING
  Student_0:1378663.669  Student_1:1377182.060  Student_1:3007.732  [self:166681.107]
  [83/288] cue=1 c1=180° c2=300°USING PRECUED ITEMS - SHOULD NEVER BE DONE IN TRAINING
  Student_0:1630011.488  Student_1:1628386.112  Student_1:2967.441  [self:171599.485]
  [84/288] cue=1 c1=180° c2=330°USING PRECUED ITEMS - SHOULD NEVER BE DONE IN TRAINING
  Student_0:1100960.959  Student_1:1100830.026  Student_1:3030.026  [self:79705.813]
  [85/288] cue=1 c1=210° c2=0°USING PRECUED ITEMS - SHOULD NEVER BE DONE IN TRAINING
  Student_0:1318008.754  Student_1:1317781.938  Student_1:3115.636  [self:137814.461]
  [86/288] cue=1 c1=210° c2=30°USING PRECUED ITEMS - SHOULD NEVER BE DONE IN TRAINING
  Student_0:691325.328  Student_1:691837.918  Student_1:2874.811  [self:90251.105]
  [87/288] cue=1 c1=210° c2=60°USING PRECUED ITEMS - SHOULD NEVER BE DONE IN TRAINING
  Student_0:274319.369  Student_1:275928.601  Student_1:3119.038  [self:58789.121]
  [88/288] cue=1 c1=210° c2=90°USING PRECUED ITEMS - SHOULD NEVER BE DONE IN TRAINING
  Student_0:143469.492  Student_1:145314.527  Student_1:3124.964  [self:28039.852]
  [89/288] cue=1 c1=210° c2=120°USING PRECUED ITEMS - SHOULD NEVER BE DONE IN TRAINING
  Student_0:57401.955  Student_1:59471.347  Student_1:2890.650  [self:11897.681]
  [90/288] cue=1 c1=210° c2=150°USING PRECUED ITEMS - SHOULD NEVER BE DONE IN TRAINING
  Student_0:121067.974  Student_1:122319.212  Student_1:3109.198  [self:39984.015]
  [91/288] cue=1 c1=210° c2=180°USING PRECUED ITEMS - SHOULD NEVER BE DONE IN TRAINING
  Student_0:198023.844  Student_1:198980.726  Student_1:2838.021  [self:23026.567]
  [92/288] cue=1 c1=210° c2=210°USING PRECUED ITEMS - SHOULD NEVER BE DONE IN TRAINING
  Student_0:629144.631  Student_1:628828.847  Student_1:3024.190  [self:221007.664]
  [93/288] cue=1 c1=210° c2=240°USING PRECUED ITEMS - SHOULD NEVER BE DONE IN TRAINING
  Student_0:1870911.679  Student_1:1868712.623  Student_1:3216.912  [self:132869.769]
  [94/288] cue=1 c1=210° c2=270°USING PRECUED ITEMS - SHOULD NEVER BE DONE IN TRAINING
  Student_0:2090497.929  Student_1:2088114.040  Student_1:2701.270  [self:181468.104]
  [95/288] cue=1 c1=210° c2=300°USING PRECUED ITEMS - SHOULD NEVER BE DONE IN TRAINING
  Student_0:2751873.013  Student_1:2748906.111  Student_1:3151.046  [self:111870.105]
  [96/288] cue=1 c1=210° c2=330°USING PRECUED ITEMS - SHOULD NEVER BE DONE IN TRAINING
  Student_0:2074311.867  Student_1:2072537.611  Student_1:3051.618  [self:65085.658]
  [97/288] cue=1 c1=240° c2=0°USING PRECUED ITEMS - SHOULD NEVER BE DONE IN TRAINING
  Student_0:1633892.801  Student_1:1632704.531  Student_1:2778.653  [self:141714.549]
  [98/288] cue=1 c1=240° c2=30°USING PRECUED ITEMS - SHOULD NEVER BE DONE IN TRAINING
  Student_0:1297757.010  Student_1:1297524.719  Student_1:3031.477  [self:125004.862]
  [99/288] cue=1 c1=240° c2=60°USING PRECUED ITEMS - SHOULD NEVER BE DONE IN TRAINING
  Student_0:672647.294  Student_1:673384.820  Student_1:3040.967  [self:105313.634]
  [100/288] cue=1 c1=240° c2=90°USING PRECUED ITEMS - SHOULD NEVER BE DONE IN TRAINING
  Student_0:395852.090  Student_1:397291.481  Student_1:2978.777  [self:68697.716]
  [101/288] cue=1 c1=240° c2=120°USING PRECUED ITEMS - SHOULD NEVER BE DONE IN TRAINING
  Student_0:372310.849  Student_1:373684.663  Student_1:3049.120  [self:54736.656]
  [102/288] cue=1 c1=240° c2=150°USING PRECUED ITEMS - SHOULD NEVER BE DONE IN TRAINING
  Student_0:643291.774  Student_1:644214.599  Student_1:2798.239  [self:72657.079]
  [103/288] cue=1 c1=240° c2=180°USING PRECUED ITEMS - SHOULD NEVER BE DONE IN TRAINING
  Student_0:1292719.627  Student_1:1291705.926  Student_1:2916.953  [self:191596.181]
  [104/288] cue=1 c1=240° c2=210°USING PRECUED ITEMS - SHOULD NEVER BE DONE IN TRAINING
  Student_0:1744381.353  Student_1:1741879.383  Student_1:2871.651  [self:196487.622]
  [105/288] cue=1 c1=240° c2=240°USING PRECUED ITEMS - SHOULD NEVER BE DONE IN TRAINING
  Student_0:2358002.313  Student_1:2355373.486  Student_1:3121.848  [self:88512.892]
  [106/288] cue=1 c1=240° c2=270°USING PRECUED ITEMS - SHOULD NEVER BE DONE IN TRAINING
  Student_0:2507815.188  Student_1:2505153.532  Student_1:3137.893  [self:97741.218]
  [107/288] cue=1 c1=240° c2=300°USING PRECUED ITEMS - SHOULD NEVER BE DONE IN TRAINING
  Student_0:2984242.034  Student_1:2981230.126  Student_1:3253.993  [self:158136.860]
  [108/288] cue=1 c1=240° c2=330°USING PRECUED ITEMS - SHOULD NEVER BE DONE IN TRAINING
  Student_0:2651345.748  Student_1:2648880.329  Student_1:2980.378  [self:179235.607]
  [109/288] cue=1 c1=270° c2=0°USING PRECUED ITEMS - SHOULD NEVER BE DONE IN TRAINING
  Student_0:1441359.114  Student_1:1441252.066  Student_1:3137.097  [self:109218.860]
  [110/288] cue=1 c1=270° c2=30°USING PRECUED ITEMS - SHOULD NEVER BE DONE IN TRAINING
  Student_0:1102605.580  Student_1:1102740.833  Student_1:3063.217  [self:160847.226]
  [111/288] cue=1 c1=270° c2=60°USING PRECUED ITEMS - SHOULD NEVER BE DONE IN TRAINING
  Student_0:896186.309  Student_1:896395.815  Student_1:3110.596  [self:87391.742]
  [112/288] cue=1 c1=270° c2=90°USING PRECUED ITEMS - SHOULD NEVER BE DONE IN TRAINING
  Student_0:636940.416  Student_1:637779.306  Student_1:3195.308  [self:61889.065]
  [113/288] cue=1 c1=270° c2=120°USING PRECUED ITEMS - SHOULD NEVER BE DONE IN TRAINING
  Student_0:774642.223  Student_1:775452.411  Student_1:3080.442  [self:180093.775]
  [114/288] cue=1 c1=270° c2=150°USING PRECUED ITEMS - SHOULD NEVER BE DONE IN TRAINING
  Student_0:1180305.188  Student_1:1179981.231  Student_1:3139.224  [self:117174.660]
  [115/288] cue=1 c1=270° c2=180°USING PRECUED ITEMS - SHOULD NEVER BE DONE IN TRAINING
  Student_0:1637995.017  Student_1:1636059.395  Student_1:2964.996  [self:223343.029]
  [116/288] cue=1 c1=270° c2=210°USING PRECUED ITEMS - SHOULD NEVER BE DONE IN TRAINING
  Student_0:2143613.982  Student_1:2141338.327  Student_1:2960.877  [self:142982.690]
  [117/288] cue=1 c1=270° c2=240°USING PRECUED ITEMS - SHOULD NEVER BE DONE IN TRAINING
  Student_0:2184196.365  Student_1:2182008.264  Student_1:3004.817  [self:139707.724]
  [118/288] cue=1 c1=270° c2=270°USING PRECUED ITEMS - SHOULD NEVER BE DONE IN TRAINING
  Student_0:2209041.235  Student_1:2206972.382  Student_1:3217.176  [self:403901.284]
  [119/288] cue=1 c1=270° c2=300°USING PRECUED ITEMS - SHOULD NEVER BE DONE IN TRAINING
  Student_0:2619507.311  Student_1:2617064.523  Student_1:3071.461  [self:243701.995]
  [120/288] cue=1 c1=270° c2=330°USING PRECUED ITEMS - SHOULD NEVER BE DONE IN TRAINING
  Student_0:1822031.392  Student_1:1820642.087  Student_1:2813.903  [self:175006.019]
  [121/288] cue=1 c1=300° c2=0°USING PRECUED ITEMS - SHOULD NEVER BE DONE IN TRAINING
  Student_0:804665.024  Student_1:805801.905  Student_1:2976.986  [self:90903.127]
  [122/288] cue=1 c1=300° c2=30°USING PRECUED ITEMS - SHOULD NEVER BE DONE IN TRAINING
  Student_0:595594.740  Student_1:597062.219  Student_1:3075.960  [self:166581.404]
  [123/288] cue=1 c1=300° c2=60°USING PRECUED ITEMS - SHOULD NEVER BE DONE IN TRAINING
  Student_0:834803.821  Student_1:835511.451  Student_1:3009.518  [self:177587.892]
  [124/288] cue=1 c1=300° c2=90°USING PRECUED ITEMS - SHOULD NEVER BE DONE IN TRAINING
  Student_0:651229.044  Student_1:652232.814  Student_1:3163.716  [self:74905.172]
  [125/288] cue=1 c1=300° c2=120°USING PRECUED ITEMS - SHOULD NEVER BE DONE IN TRAINING
  Student_0:598421.525  Student_1:599643.695  Student_1:3126.898  [self:99935.124]
Saved plot: /scratch3/shaiq_home/repos/behaviour_ddpm/results/all_teacher_student_sweeps/ablation_11/sweep_plots/trial0124_cue1_c1300_c2120.png
  [126/288] cue=1 c1=300° c2=150°USING PRECUED ITEMS - SHOULD NEVER BE DONE IN TRAINING
  Student_0:938095.485  Student_1:938085.288  Student_1:2928.985  [self:68540.852]
Saved plot: /scratch3/shaiq_home/repos/behaviour_ddpm/results/all_teacher_student_sweeps/ablation_11/sweep_plots/trial0125_cue1_c1300_c2150.png
  [127/288] cue=1 c1=300° c2=180°USING PRECUED ITEMS - SHOULD NEVER BE DONE IN TRAINING
  Student_0:1317425.187  Student_1:1316722.406  Student_1:2970.865  [self:172331.100]
  [128/288] cue=1 c1=300° c2=210°USING PRECUED ITEMS - SHOULD NEVER BE DONE IN TRAINING
  Student_0:1876252.685  Student_1:1874918.195  Student_1:3168.301  [self:86649.635]
  [129/288] cue=1 c1=300° c2=240°USING PRECUED ITEMS - SHOULD NEVER BE DONE IN TRAINING
  Student_0:1785260.976  Student_1:1784181.248  Student_1:2889.408  [self:148200.286]
  [130/288] cue=1 c1=300° c2=270°USING PRECUED ITEMS - SHOULD NEVER BE DONE IN TRAINING
  Student_0:1777246.347  Student_1:1776520.624  Student_1:2959.619  [self:126715.384]
  [131/288] cue=1 c1=300° c2=300°USING PRECUED ITEMS - SHOULD NEVER BE DONE IN TRAINING
  Student_0:1587546.999  Student_1:1587237.501  Student_1:3036.594  [self:200960.030]
  [132/288] cue=1 c1=300° c2=330°USING PRECUED ITEMS - SHOULD NEVER BE DONE IN TRAINING
  Student_0:1172803.627  Student_1:1173496.057  Student_1:3030.882  [self:237638.284]
  [133/288] cue=1 c1=330° c2=0°USING PRECUED ITEMS - SHOULD NEVER BE DONE IN TRAINING
  Student_0:391337.847  Student_1:393024.319  Student_1:2716.590  [self:87526.339]
  [134/288] cue=1 c1=330° c2=30°USING PRECUED ITEMS - SHOULD NEVER BE DONE IN TRAINING
  Student_0:515203.250  Student_1:516766.962  Student_1:3120.897  [self:142499.004]
  [135/288] cue=1 c1=330° c2=60°USING PRECUED ITEMS - SHOULD NEVER BE DONE IN TRAINING
  Student_0:454273.060  Student_1:455782.185  Student_1:3237.755  [self:58843.704]
  [136/288] cue=1 c1=330° c2=90°USING PRECUED ITEMS - SHOULD NEVER BE DONE IN TRAINING
  Student_0:241269.833  Student_1:242830.269  Student_1:2971.192  [self:38702.330]
  [137/288] cue=1 c1=330° c2=120°USING PRECUED ITEMS - SHOULD NEVER BE DONE IN TRAINING
  Student_0:221117.339  Student_1:223125.561  Student_1:2851.240  [self:70837.003]
  [138/288] cue=1 c1=330° c2=150°USING PRECUED ITEMS - SHOULD NEVER BE DONE IN TRAINING
  Student_0:307944.490  Student_1:309874.913  Student_1:2857.485  [self:78836.561]
  [139/288] cue=1 c1=330° c2=180°USING PRECUED ITEMS - SHOULD NEVER BE DONE IN TRAINING
  Student_0:574043.709  Student_1:575636.836  Student_1:3001.041  [self:44472.690]
  [140/288] cue=1 c1=330° c2=210°USING PRECUED ITEMS - SHOULD NEVER BE DONE IN TRAINING
  Student_0:806959.812  Student_1:808021.324  Student_1:3136.386  [self:152583.781]
  [141/288] cue=1 c1=330° c2=240°USING PRECUED ITEMS - SHOULD NEVER BE DONE IN TRAINING
  Student_0:994418.395  Student_1:995379.307  Student_1:2871.760  [self:171975.392]
  [142/288] cue=1 c1=330° c2=270°USING PRECUED ITEMS - SHOULD NEVER BE DONE IN TRAINING
  Student_0:813929.856  Student_1:815407.212  Student_1:3076.794  [self:101854.533]
  [143/288] cue=1 c1=330° c2=300°USING PRECUED ITEMS - SHOULD NEVER BE DONE IN TRAINING
  Student_0:844719.760  Student_1:846412.191  Student_1:3225.465  [self:48971.202]
  [144/288] cue=1 c1=330° c2=330°USING PRECUED ITEMS - SHOULD NEVER BE DONE IN TRAINING
  Student_0:571791.906  Student_1:573086.008  Student_1:2777.390  [self:91604.877]
  [145/288] cue=2 c1=0° c2=0°USING PRECUED ITEMS - SHOULD NEVER BE DONE IN TRAINING
  Student_0:15.205  Student_1:3027.504  Student_1:3012.667  [self:0.031]
  [146/288] cue=2 c1=0° c2=30°USING PRECUED ITEMS - SHOULD NEVER BE DONE IN TRAINING
  Student_0:10.990  Student_1:2963.588  Student_1:2952.912  [self:0.025]
  [147/288] cue=2 c1=0° c2=60°USING PRECUED ITEMS - SHOULD NEVER BE DONE IN TRAINING
  Student_0:19.256  Student_1:2975.211  Student_1:2956.498  [self:0.027]
  [148/288] cue=2 c1=0° c2=90°USING PRECUED ITEMS - SHOULD NEVER BE DONE IN TRAINING
  Student_0:22.685  Student_1:2783.347  Student_1:2761.475  [self:0.036]
  [149/288] cue=2 c1=0° c2=120°USING PRECUED ITEMS - SHOULD NEVER BE DONE IN TRAINING
  Student_0:25.148  Student_1:2927.343  Student_1:2903.086  [self:0.015]
  [150/288] cue=2 c1=0° c2=150°USING PRECUED ITEMS - SHOULD NEVER BE DONE IN TRAINING
  Student_0:28.189  Student_1:3165.707  Student_1:3138.455  [self:0.019]
  [151/288] cue=2 c1=0° c2=180°USING PRECUED ITEMS - SHOULD NEVER BE DONE IN TRAINING
  Student_0:22.562  Student_1:2811.101  Student_1:2789.251  [self:0.103]
  [152/288] cue=2 c1=0° c2=210°USING PRECUED ITEMS - SHOULD NEVER BE DONE IN TRAINING
  Student_0:21.893  Student_1:2939.255  Student_1:2918.886  [self:0.076]
  [153/288] cue=2 c1=0° c2=240°USING PRECUED ITEMS - SHOULD NEVER BE DONE IN TRAINING
  Student_0:17.716  Student_1:2996.966  Student_1:2980.098  [self:0.048]
  [154/288] cue=2 c1=0° c2=270°USING PRECUED ITEMS - SHOULD NEVER BE DONE IN TRAINING
  Student_0:14.679  Student_1:3144.176  Student_1:3130.092  [self:0.062]
  [155/288] cue=2 c1=0° c2=300°USING PRECUED ITEMS - SHOULD NEVER BE DONE IN TRAINING
  Student_0:11.045  Student_1:3127.422  Student_1:3116.822  [self:0.025]
  [156/288] cue=2 c1=0° c2=330°USING PRECUED ITEMS - SHOULD NEVER BE DONE IN TRAINING
  Student_0:9.964  Student_1:2857.475  Student_1:2848.041  [self:0.014]
  [157/288] cue=2 c1=30° c2=0°USING PRECUED ITEMS - SHOULD NEVER BE DONE IN TRAINING
  Student_0:20.397  Student_1:3241.961  Student_1:3221.920  [self:0.053]
  [158/288] cue=2 c1=30° c2=30°USING PRECUED ITEMS - SHOULD NEVER BE DONE IN TRAINING
  Student_0:18.142  Student_1:2812.934  Student_1:2795.269  [self:0.044]
  [159/288] cue=2 c1=30° c2=60°USING PRECUED ITEMS - SHOULD NEVER BE DONE IN TRAINING
  Student_0:21.974  Student_1:2923.269  Student_1:2901.862  [self:0.026]
  [160/288] cue=2 c1=30° c2=90°USING PRECUED ITEMS - SHOULD NEVER BE DONE IN TRAINING
  Student_0:23.506  Student_1:2705.574  Student_1:2683.219  [self:0.019]
  [161/288] cue=2 c1=30° c2=120°USING PRECUED ITEMS - SHOULD NEVER BE DONE IN TRAINING
  Student_0:25.821  Student_1:2897.319  Student_1:2872.598  [self:0.010]
  [162/288] cue=2 c1=30° c2=150°USING PRECUED ITEMS - SHOULD NEVER BE DONE IN TRAINING
  Student_0:28.509  Student_1:3201.811  Student_1:3173.978  [self:0.031]
  [163/288] cue=2 c1=30° c2=180°USING PRECUED ITEMS - SHOULD NEVER BE DONE IN TRAINING
  Student_0:33.439  Student_1:2796.401  Student_1:2764.647  [self:0.033]
  [164/288] cue=2 c1=30° c2=210°USING PRECUED ITEMS - SHOULD NEVER BE DONE IN TRAINING
  Student_0:30.432  Student_1:2941.605  Student_1:2912.247  [self:0.131]
  [165/288] cue=2 c1=30° c2=240°USING PRECUED ITEMS - SHOULD NEVER BE DONE IN TRAINING
  Student_0:30.569  Student_1:3003.978  Student_1:2974.312  [self:0.046]
  [166/288] cue=2 c1=30° c2=270°USING PRECUED ITEMS - SHOULD NEVER BE DONE IN TRAINING
  Student_0:19.368  Student_1:3064.404  Student_1:3045.773  [self:0.036]
  [167/288] cue=2 c1=30° c2=300°USING PRECUED ITEMS - SHOULD NEVER BE DONE IN TRAINING
  Student_0:12.950  Student_1:2934.223  Student_1:2921.744  [self:0.034]
  [168/288] cue=2 c1=30° c2=330°USING PRECUED ITEMS - SHOULD NEVER BE DONE IN TRAINING
  Student_0:17.988  Student_1:3148.384  Student_1:3130.647  [self:0.030]
  [169/288] cue=2 c1=60° c2=0°USING PRECUED ITEMS - SHOULD NEVER BE DONE IN TRAINING
  Student_0:22.490  Student_1:2973.051  Student_1:2951.139  [self:0.044]
  [170/288] cue=2 c1=60° c2=30°USING PRECUED ITEMS - SHOULD NEVER BE DONE IN TRAINING
  Student_0:25.764  Student_1:3096.079  Student_1:3070.978  [self:0.030]
  [171/288] cue=2 c1=60° c2=60°USING PRECUED ITEMS - SHOULD NEVER BE DONE IN TRAINING
  Student_0:29.291  Student_1:2829.852  Student_1:2801.614  [self:0.029]
  [172/288] cue=2 c1=60° c2=90°USING PRECUED ITEMS - SHOULD NEVER BE DONE IN TRAINING
  Student_0:34.578  Student_1:3034.017  Student_1:3000.593  [self:0.030]
  [173/288] cue=2 c1=60° c2=120°USING PRECUED ITEMS - SHOULD NEVER BE DONE IN TRAINING
  Student_0:37.940  Student_1:2838.429  Student_1:2802.003  [self:0.017]
  [174/288] cue=2 c1=60° c2=150°USING PRECUED ITEMS - SHOULD NEVER BE DONE IN TRAINING
  Student_0:36.267  Student_1:2994.546  Student_1:2959.392  [self:0.050]
  [175/288] cue=2 c1=60° c2=180°USING PRECUED ITEMS - SHOULD NEVER BE DONE IN TRAINING
  Student_0:33.640  Student_1:3306.341  Student_1:3273.415  [self:0.048]
  [176/288] cue=2 c1=60° c2=210°USING PRECUED ITEMS - SHOULD NEVER BE DONE IN TRAINING
  Student_0:30.518  Student_1:3178.692  Student_1:3148.963  [self:0.038]
  [177/288] cue=2 c1=60° c2=240°USING PRECUED ITEMS - SHOULD NEVER BE DONE IN TRAINING
  Student_0:27.989  Student_1:2664.014  Student_1:2637.518  [self:0.025]
  [178/288] cue=2 c1=60° c2=270°USING PRECUED ITEMS - SHOULD NEVER BE DONE IN TRAINING
  Student_0:27.335  Student_1:3005.417  Student_1:2979.289  [self:0.031]
  [179/288] cue=2 c1=60° c2=300°USING PRECUED ITEMS - SHOULD NEVER BE DONE IN TRAINING
  Student_0:22.959  Student_1:2891.091  Student_1:2869.088  [self:0.014]
  [180/288] cue=2 c1=60° c2=330°USING PRECUED ITEMS - SHOULD NEVER BE DONE IN TRAINING
  Student_0:17.437  Student_1:2872.752  Student_1:2856.145  [self:0.028]
  [181/288] cue=2 c1=90° c2=0°USING PRECUED ITEMS - SHOULD NEVER BE DONE IN TRAINING
  Student_0:23.960  Student_1:2897.946  Student_1:2874.801  [self:0.078]
  [182/288] cue=2 c1=90° c2=30°USING PRECUED ITEMS - SHOULD NEVER BE DONE IN TRAINING
  Student_0:27.913  Student_1:2894.199  Student_1:2867.082  [self:0.036]
  [183/288] cue=2 c1=90° c2=60°USING PRECUED ITEMS - SHOULD NEVER BE DONE IN TRAINING
  Student_0:36.879  Student_1:2847.079  Student_1:2810.964  [self:0.028]
  [184/288] cue=2 c1=90° c2=90°USING PRECUED ITEMS - SHOULD NEVER BE DONE IN TRAINING
  Student_0:41.744  Student_1:2937.835  Student_1:2897.235  [self:0.018]
  [185/288] cue=2 c1=90° c2=120°USING PRECUED ITEMS - SHOULD NEVER BE DONE IN TRAINING
  Student_0:50.905  Student_1:3011.736  Student_1:2962.019  [self:0.020]
  [186/288] cue=2 c1=90° c2=150°USING PRECUED ITEMS - SHOULD NEVER BE DONE IN TRAINING
  Student_0:44.917  Student_1:3105.497  Student_1:3062.164  [self:0.039]
  [187/288] cue=2 c1=90° c2=180°USING PRECUED ITEMS - SHOULD NEVER BE DONE IN TRAINING
  Student_0:41.894  Student_1:3231.806  Student_1:3191.000  [self:0.041]
Saved plot: /scratch3/shaiq_home/repos/behaviour_ddpm/results/all_teacher_student_sweeps/ablation_11/sweep_plots/trial0186_cue2_c190_c2180.png
  [188/288] cue=2 c1=90° c2=210°USING PRECUED ITEMS - SHOULD NEVER BE DONE IN TRAINING
  Student_0:31.557  Student_1:2894.663  Student_1:2864.508  [self:0.032]
  [189/288] cue=2 c1=90° c2=240°USING PRECUED ITEMS - SHOULD NEVER BE DONE IN TRAINING
  Student_0:28.748  Student_1:2635.432  Student_1:2608.946  [self:0.023]
  [190/288] cue=2 c1=90° c2=270°USING PRECUED ITEMS - SHOULD NEVER BE DONE IN TRAINING
  Student_0:26.858  Student_1:2978.392  Student_1:2952.907  [self:0.009]
  [191/288] cue=2 c1=90° c2=300°USING PRECUED ITEMS - SHOULD NEVER BE DONE IN TRAINING
  Student_0:29.324  Student_1:3014.648  Student_1:2986.402  [self:0.030]
  [192/288] cue=2 c1=90° c2=330°USING PRECUED ITEMS - SHOULD NEVER BE DONE IN TRAINING
  Student_0:20.065  Student_1:2969.532  Student_1:2950.379  [self:0.028]
  [193/288] cue=2 c1=120° c2=0°USING PRECUED ITEMS - SHOULD NEVER BE DONE IN TRAINING
  Student_0:29.154  Student_1:3030.038  Student_1:3001.607  [self:0.017]
  [194/288] cue=2 c1=120° c2=30°USING PRECUED ITEMS - SHOULD NEVER BE DONE IN TRAINING
  Student_0:34.819  Student_1:2987.917  Student_1:2953.942  [self:0.011]
  [195/288] cue=2 c1=120° c2=60°USING PRECUED ITEMS - SHOULD NEVER BE DONE IN TRAINING
  Student_0:43.537  Student_1:2984.413  Student_1:2942.245  [self:0.031]
  [196/288] cue=2 c1=120° c2=90°USING PRECUED ITEMS - SHOULD NEVER BE DONE IN TRAINING
  Student_0:48.039  Student_1:3011.323  Student_1:2964.710  [self:0.027]
  [197/288] cue=2 c1=120° c2=120°USING PRECUED ITEMS - SHOULD NEVER BE DONE IN TRAINING
  Student_0:48.436  Student_1:3108.880  Student_1:3061.657  [self:0.026]
  [198/288] cue=2 c1=120° c2=150°USING PRECUED ITEMS - SHOULD NEVER BE DONE IN TRAINING
  Student_0:53.979  Student_1:2952.451  Student_1:2900.837  [self:0.019]
  [199/288] cue=2 c1=120° c2=180°USING PRECUED ITEMS - SHOULD NEVER BE DONE IN TRAINING
  Student_0:39.454  Student_1:2959.504  Student_1:2921.601  [self:0.016]
  [200/288] cue=2 c1=120° c2=210°USING PRECUED ITEMS - SHOULD NEVER BE DONE IN TRAINING
  Student_0:34.859  Student_1:3009.758  Student_1:2976.955  [self:0.021]
  [201/288] cue=2 c1=120° c2=240°USING PRECUED ITEMS - SHOULD NEVER BE DONE IN TRAINING
  Student_0:34.144  Student_1:2970.483  Student_1:2938.116  [self:0.026]
  [202/288] cue=2 c1=120° c2=270°USING PRECUED ITEMS - SHOULD NEVER BE DONE IN TRAINING
  Student_0:35.672  Student_1:2934.862  Student_1:2901.006  [self:0.020]
  [203/288] cue=2 c1=120° c2=300°USING PRECUED ITEMS - SHOULD NEVER BE DONE IN TRAINING
  Student_0:27.460  Student_1:2979.202  Student_1:2952.747  [self:0.039]
  [204/288] cue=2 c1=120° c2=330°USING PRECUED ITEMS - SHOULD NEVER BE DONE IN TRAINING
  Student_0:24.071  Student_1:3057.328  Student_1:3034.211  [self:0.025]
  [205/288] cue=2 c1=150° c2=0°USING PRECUED ITEMS - SHOULD NEVER BE DONE IN TRAINING
  Student_0:22.232  Student_1:3073.737  Student_1:3052.416  [self:0.016]
  [206/288] cue=2 c1=150° c2=30°USING PRECUED ITEMS - SHOULD NEVER BE DONE IN TRAINING
  Student_0:34.492  Student_1:3098.300  Student_1:3064.888  [self:0.009]
  [207/288] cue=2 c1=150° c2=60°USING PRECUED ITEMS - SHOULD NEVER BE DONE IN TRAINING
  Student_0:51.933  Student_1:3046.280  Student_1:2995.730  [self:0.015]
  [208/288] cue=2 c1=150° c2=90°USING PRECUED ITEMS - SHOULD NEVER BE DONE IN TRAINING
  Student_0:57.092  Student_1:2941.784  Student_1:2886.656  [self:0.030]
  [209/288] cue=2 c1=150° c2=120°USING PRECUED ITEMS - SHOULD NEVER BE DONE IN TRAINING
  Student_0:56.904  Student_1:3105.025  Student_1:3049.866  [self:0.026]
  [210/288] cue=2 c1=150° c2=150°USING PRECUED ITEMS - SHOULD NEVER BE DONE IN TRAINING
  Student_0:51.524  Student_1:3208.233  Student_1:3158.522  [self:0.048]
  [211/288] cue=2 c1=150° c2=180°USING PRECUED ITEMS - SHOULD NEVER BE DONE IN TRAINING
  Student_0:48.679  Student_1:2759.509  Student_1:2712.465  [self:0.012]
  [212/288] cue=2 c1=150° c2=210°USING PRECUED ITEMS - SHOULD NEVER BE DONE IN TRAINING
  Student_0:39.811  Student_1:2845.431  Student_1:2808.505  [self:0.008]
  [213/288] cue=2 c1=150° c2=240°USING PRECUED ITEMS - SHOULD NEVER BE DONE IN TRAINING
  Student_0:39.497  Student_1:2904.200  Student_1:2867.164  [self:0.010]
  [214/288] cue=2 c1=150° c2=270°USING PRECUED ITEMS - SHOULD NEVER BE DONE IN TRAINING
  Student_0:31.337  Student_1:2931.013  Student_1:2901.603  [self:0.032]
  [215/288] cue=2 c1=150° c2=300°USING PRECUED ITEMS - SHOULD NEVER BE DONE IN TRAINING
  Student_0:28.308  Student_1:3245.454  Student_1:3218.066  [self:0.026]
  [216/288] cue=2 c1=150° c2=330°USING PRECUED ITEMS - SHOULD NEVER BE DONE IN TRAINING
  Student_0:22.896  Student_1:3036.943  Student_1:3014.760  [self:0.023]
  [217/288] cue=2 c1=180° c2=0°USING PRECUED ITEMS - SHOULD NEVER BE DONE IN TRAINING
  Student_0:19.114  Student_1:3057.983  Student_1:3039.398  [self:0.058]
  [218/288] cue=2 c1=180° c2=30°USING PRECUED ITEMS - SHOULD NEVER BE DONE IN TRAINING
  Student_0:23.850  Student_1:3098.546  Student_1:3075.580  [self:0.010]
  [219/288] cue=2 c1=180° c2=60°USING PRECUED ITEMS - SHOULD NEVER BE DONE IN TRAINING
  Student_0:37.681  Student_1:2869.241  Student_1:2832.630  [self:0.013]
  [220/288] cue=2 c1=180° c2=90°USING PRECUED ITEMS - SHOULD NEVER BE DONE IN TRAINING
  Student_0:56.220  Student_1:2855.032  Student_1:2801.318  [self:0.033]
Saved plot: /scratch3/shaiq_home/repos/behaviour_ddpm/results/all_teacher_student_sweeps/ablation_11/sweep_plots/trial0219_cue2_c1180_c290.png
  [221/288] cue=2 c1=180° c2=120°USING PRECUED ITEMS - SHOULD NEVER BE DONE IN TRAINING
  Student_0:52.833  Student_1:2872.491  Student_1:2821.676  [self:0.075]
  [222/288] cue=2 c1=180° c2=150°USING PRECUED ITEMS - SHOULD NEVER BE DONE IN TRAINING
  Student_0:49.371  Student_1:3096.191  Student_1:3048.765  [self:0.016]
  [223/288] cue=2 c1=180° c2=180°USING PRECUED ITEMS - SHOULD NEVER BE DONE IN TRAINING
  Student_0:48.179  Student_1:2923.754  Student_1:2877.901  [self:0.015]
  [224/288] cue=2 c1=180° c2=210°USING PRECUED ITEMS - SHOULD NEVER BE DONE IN TRAINING
  Student_0:45.831  Student_1:3111.921  Student_1:3068.702  [self:0.018]
  [225/288] cue=2 c1=180° c2=240°USING PRECUED ITEMS - SHOULD NEVER BE DONE IN TRAINING
  Student_0:45.091  Student_1:3245.935  Student_1:3202.398  [self:0.033]
  [226/288] cue=2 c1=180° c2=270°USING PRECUED ITEMS - SHOULD NEVER BE DONE IN TRAINING
  Student_0:29.653  Student_1:2794.910  Student_1:2767.337  [self:0.021]
  [227/288] cue=2 c1=180° c2=300°USING PRECUED ITEMS - SHOULD NEVER BE DONE IN TRAINING
  Student_0:26.175  Student_1:3344.571  Student_1:3319.362  [self:0.014]
  [228/288] cue=2 c1=180° c2=330°USING PRECUED ITEMS - SHOULD NEVER BE DONE IN TRAINING
  Student_0:25.130  Student_1:2989.210  Student_1:2965.294  [self:0.034]
  [229/288] cue=2 c1=210° c2=0°USING PRECUED ITEMS - SHOULD NEVER BE DONE IN TRAINING
  Student_0:14.255  Student_1:2679.800  Student_1:2666.251  [self:0.055]
  [230/288] cue=2 c1=210° c2=30°USING PRECUED ITEMS - SHOULD NEVER BE DONE IN TRAINING
  Student_0:22.538  Student_1:2886.692  Student_1:2865.184  [self:0.017]
  [231/288] cue=2 c1=210° c2=60°USING PRECUED ITEMS - SHOULD NEVER BE DONE IN TRAINING
  Student_0:25.429  Student_1:3193.362  Student_1:3168.736  [self:0.009]
  [232/288] cue=2 c1=210° c2=90°USING PRECUED ITEMS - SHOULD NEVER BE DONE IN TRAINING
  Student_0:33.282  Student_1:2995.862  Student_1:2963.649  [self:0.045]
  [233/288] cue=2 c1=210° c2=120°USING PRECUED ITEMS - SHOULD NEVER BE DONE IN TRAINING
  Student_0:51.344  Student_1:3004.969  Student_1:2955.485  [self:0.034]
  [234/288] cue=2 c1=210° c2=150°USING PRECUED ITEMS - SHOULD NEVER BE DONE IN TRAINING
  Student_0:48.715  Student_1:3150.036  Student_1:3102.817  [self:0.027]
  [235/288] cue=2 c1=210° c2=180°USING PRECUED ITEMS - SHOULD NEVER BE DONE IN TRAINING
  Student_0:44.309  Student_1:2985.255  Student_1:2943.886  [self:0.025]
  [236/288] cue=2 c1=210° c2=210°USING PRECUED ITEMS - SHOULD NEVER BE DONE IN TRAINING
  Student_0:30.804  Student_1:3016.706  Student_1:2988.125  [self:0.023]
  [237/288] cue=2 c1=210° c2=240°USING PRECUED ITEMS - SHOULD NEVER BE DONE IN TRAINING
  Student_0:32.826  Student_1:2969.882  Student_1:2938.679  [self:0.022]
  [238/288] cue=2 c1=210° c2=270°USING PRECUED ITEMS - SHOULD NEVER BE DONE IN TRAINING
  Student_0:21.309  Student_1:2814.442  Student_1:2794.722  [self:0.024]
  [239/288] cue=2 c1=210° c2=300°USING PRECUED ITEMS - SHOULD NEVER BE DONE IN TRAINING
  Student_0:17.926  Student_1:2880.523  Student_1:2863.595  [self:0.011]
  [240/288] cue=2 c1=210° c2=330°USING PRECUED ITEMS - SHOULD NEVER BE DONE IN TRAINING
  Student_0:14.396  Student_1:2851.605  Student_1:2838.180  [self:0.029]
  [241/288] cue=2 c1=240° c2=0°USING PRECUED ITEMS - SHOULD NEVER BE DONE IN TRAINING
  Student_0:13.253  Student_1:2904.580  Student_1:2891.867  [self:0.039]
  [242/288] cue=2 c1=240° c2=30°USING PRECUED ITEMS - SHOULD NEVER BE DONE IN TRAINING
  Student_0:13.158  Student_1:3040.992  Student_1:3028.360  [self:0.022]
  [243/288] cue=2 c1=240° c2=60°USING PRECUED ITEMS - SHOULD NEVER BE DONE IN TRAINING
  Student_0:16.236  Student_1:2640.451  Student_1:2625.220  [self:0.011]
  [244/288] cue=2 c1=240° c2=90°USING PRECUED ITEMS - SHOULD NEVER BE DONE IN TRAINING
  Student_0:29.248  Student_1:2888.574  Student_1:2860.444  [self:0.023]
  [245/288] cue=2 c1=240° c2=120°USING PRECUED ITEMS - SHOULD NEVER BE DONE IN TRAINING
  Student_0:28.931  Student_1:3092.706  Student_1:3064.955  [self:0.068]
  [246/288] cue=2 c1=240° c2=150°USING PRECUED ITEMS - SHOULD NEVER BE DONE IN TRAINING
  Student_0:39.655  Student_1:3066.053  Student_1:3028.243  [self:0.034]
  [247/288] cue=2 c1=240° c2=180°USING PRECUED ITEMS - SHOULD NEVER BE DONE IN TRAINING
  Student_0:38.593  Student_1:2794.316  Student_1:2757.416  [self:0.024]
  [248/288] cue=2 c1=240° c2=210°USING PRECUED ITEMS - SHOULD NEVER BE DONE IN TRAINING
  Student_0:28.334  Student_1:2969.065  Student_1:2942.225  [self:0.016]
Saved plot: /scratch3/shaiq_home/repos/behaviour_ddpm/results/all_teacher_student_sweeps/ablation_11/sweep_plots/trial0247_cue2_c1240_c2210.png
  [249/288] cue=2 c1=240° c2=240°USING PRECUED ITEMS - SHOULD NEVER BE DONE IN TRAINING
  Student_0:23.514  Student_1:3039.536  Student_1:3017.183  [self:0.017]
  [250/288] cue=2 c1=240° c2=270°USING PRECUED ITEMS - SHOULD NEVER BE DONE IN TRAINING
  Student_0:19.066  Student_1:3025.032  Student_1:3007.398  [self:0.028]
  [251/288] cue=2 c1=240° c2=300°USING PRECUED ITEMS - SHOULD NEVER BE DONE IN TRAINING
  Student_0:11.819  Student_1:2944.674  Student_1:2933.860  [self:0.012]
  [252/288] cue=2 c1=240° c2=330°USING PRECUED ITEMS - SHOULD NEVER BE DONE IN TRAINING
  Student_0:12.219  Student_1:2976.459  Student_1:2964.617  [self:0.037]
  [253/288] cue=2 c1=270° c2=0°USING PRECUED ITEMS - SHOULD NEVER BE DONE IN TRAINING
  Student_0:8.270  Student_1:2843.082  Student_1:2835.341  [self:0.023]
  [254/288] cue=2 c1=270° c2=30°USING PRECUED ITEMS - SHOULD NEVER BE DONE IN TRAINING
  Student_0:13.801  Student_1:3003.057  Student_1:2989.728  [self:0.011]
  [255/288] cue=2 c1=270° c2=60°USING PRECUED ITEMS - SHOULD NEVER BE DONE IN TRAINING
  Student_0:14.154  Student_1:2848.909  Student_1:2835.375  [self:0.021]
  [256/288] cue=2 c1=270° c2=90°USING PRECUED ITEMS - SHOULD NEVER BE DONE IN TRAINING
  Student_0:24.303  Student_1:2937.645  Student_1:2914.268  [self:0.034]
  [257/288] cue=2 c1=270° c2=120°USING PRECUED ITEMS - SHOULD NEVER BE DONE IN TRAINING
  Student_0:23.521  Student_1:2734.497  Student_1:2712.044  [self:0.042]
  [258/288] cue=2 c1=270° c2=150°USING PRECUED ITEMS - SHOULD NEVER BE DONE IN TRAINING
  Student_0:22.490  Student_1:3029.973  Student_1:3009.036  [self:0.033]
  [259/288] cue=2 c1=270° c2=180°USING PRECUED ITEMS - SHOULD NEVER BE DONE IN TRAINING
  Student_0:25.288  Student_1:2912.079  Student_1:2889.502  [self:0.022]
  [260/288] cue=2 c1=270° c2=210°USING PRECUED ITEMS - SHOULD NEVER BE DONE IN TRAINING
  Student_0:22.341  Student_1:2988.524  Student_1:2967.898  [self:0.026]
  [261/288] cue=2 c1=270° c2=240°USING PRECUED ITEMS - SHOULD NEVER BE DONE IN TRAINING
  Student_0:23.244  Student_1:3130.092  Student_1:3108.211  [self:0.013]
  [262/288] cue=2 c1=270° c2=270°USING PRECUED ITEMS - SHOULD NEVER BE DONE IN TRAINING
  Student_0:17.198  Student_1:2920.743  Student_1:2904.641  [self:0.017]
  [263/288] cue=2 c1=270° c2=300°USING PRECUED ITEMS - SHOULD NEVER BE DONE IN TRAINING
  Student_0:7.455  Student_1:2927.763  Student_1:2920.972  [self:0.048]
  [264/288] cue=2 c1=270° c2=330°USING PRECUED ITEMS - SHOULD NEVER BE DONE IN TRAINING
  Student_0:6.527  Student_1:2970.327  Student_1:2964.302  [self:0.028]
  [265/288] cue=2 c1=300° c2=0°USING PRECUED ITEMS - SHOULD NEVER BE DONE IN TRAINING
  Student_0:6.860  Student_1:3007.045  Student_1:3000.654  [self:0.010]
  [266/288] cue=2 c1=300° c2=30°USING PRECUED ITEMS - SHOULD NEVER BE DONE IN TRAINING
  Student_0:12.605  Student_1:2805.144  Student_1:2793.264  [self:0.011]
  [267/288] cue=2 c1=300° c2=60°USING PRECUED ITEMS - SHOULD NEVER BE DONE IN TRAINING
  Student_0:12.545  Student_1:2919.652  Student_1:2907.727  [self:0.049]
  [268/288] cue=2 c1=300° c2=90°USING PRECUED ITEMS - SHOULD NEVER BE DONE IN TRAINING
  Student_0:18.469  Student_1:3127.253  Student_1:3109.336  [self:0.033]
  [269/288] cue=2 c1=300° c2=120°USING PRECUED ITEMS - SHOULD NEVER BE DONE IN TRAINING
  Student_0:18.210  Student_1:2815.360  Student_1:2798.019  [self:0.014]
  [270/288] cue=2 c1=300° c2=150°USING PRECUED ITEMS - SHOULD NEVER BE DONE IN TRAINING
  Student_0:26.207  Student_1:3145.300  Student_1:3119.831  [self:0.024]
  [271/288] cue=2 c1=300° c2=180°USING PRECUED ITEMS - SHOULD NEVER BE DONE IN TRAINING
  Student_0:18.301  Student_1:3053.330  Student_1:3036.560  [self:0.027]
  [272/288] cue=2 c1=300° c2=210°USING PRECUED ITEMS - SHOULD NEVER BE DONE IN TRAINING
  Student_0:28.506  Student_1:3167.095  Student_1:3139.723  [self:0.013]
  [273/288] cue=2 c1=300° c2=240°USING PRECUED ITEMS - SHOULD NEVER BE DONE IN TRAINING
  Student_0:22.082  Student_1:3156.563  Student_1:3135.654  [self:0.024]
  [274/288] cue=2 c1=300° c2=270°USING PRECUED ITEMS - SHOULD NEVER BE DONE IN TRAINING
  Student_0:12.631  Student_1:3060.785  Student_1:3049.255  [self:0.031]
  [275/288] cue=2 c1=300° c2=300°USING PRECUED ITEMS - SHOULD NEVER BE DONE IN TRAINING
  Student_0:7.031  Student_1:2584.518  Student_1:2578.162  [self:0.076]
  [276/288] cue=2 c1=300° c2=330°USING PRECUED ITEMS - SHOULD NEVER BE DONE IN TRAINING
  Student_0:9.050  Student_1:2833.395  Student_1:2824.904  [self:0.017]
  [277/288] cue=2 c1=330° c2=0°USING PRECUED ITEMS - SHOULD NEVER BE DONE IN TRAINING
  Student_0:13.893  Student_1:2988.730  Student_1:2975.289  [self:0.011]
  [278/288] cue=2 c1=330° c2=30°USING PRECUED ITEMS - SHOULD NEVER BE DONE IN TRAINING
  Student_0:12.976  Student_1:2871.561  Student_1:2859.140  [self:0.012]
  [279/288] cue=2 c1=330° c2=60°USING PRECUED ITEMS - SHOULD NEVER BE DONE IN TRAINING
  Student_0:15.278  Student_1:2801.960  Student_1:2787.100  [self:0.032]
  [280/288] cue=2 c1=330° c2=90°USING PRECUED ITEMS - SHOULD NEVER BE DONE IN TRAINING
  Student_0:19.948  Student_1:3091.467  Student_1:3071.950  [self:0.046]
  [281/288] cue=2 c1=330° c2=120°USING PRECUED ITEMS - SHOULD NEVER BE DONE IN TRAINING
  Student_0:25.001  Student_1:3254.558  Student_1:3230.272  [self:0.027]
  [282/288] cue=2 c1=330° c2=150°USING PRECUED ITEMS - SHOULD NEVER BE DONE IN TRAINING
  Student_0:29.401  Student_1:3025.839  Student_1:2997.684  [self:0.013]
  [283/288] cue=2 c1=330° c2=180°USING PRECUED ITEMS - SHOULD NEVER BE DONE IN TRAINING
  Student_0:22.813  Student_1:2838.505  Student_1:2816.569  [self:0.064]
  [284/288] cue=2 c1=330° c2=210°USING PRECUED ITEMS - SHOULD NEVER BE DONE IN TRAINING
  Student_0:24.706  Student_1:2895.380  Student_1:2872.209  [self:0.026]
  [285/288] cue=2 c1=330° c2=240°USING PRECUED ITEMS - SHOULD NEVER BE DONE IN TRAINING
  Student_0:19.053  Student_1:2949.337  Student_1:2931.493  [self:0.038]
  [286/288] cue=2 c1=330° c2=270°USING PRECUED ITEMS - SHOULD NEVER BE DONE IN TRAINING
  Student_0:12.072  Student_1:2856.049  Student_1:2844.507  [self:0.070]
  [287/288] cue=2 c1=330° c2=300°USING PRECUED ITEMS - SHOULD NEVER BE DONE IN TRAINING
  Student_0:10.411  Student_1:3128.790  Student_1:3118.745  [self:0.026]
  [288/288] cue=2 c1=330° c2=330°USING PRECUED ITEMS - SHOULD NEVER BE DONE IN TRAINING
  Student_0:8.278  Student_1:3061.658  Student_1:3053.838  [self:0.024]

Saved sweep SW scores: /scratch3/shaiq_home/repos/behaviour_ddpm/results/all_teacher_student_sweeps/ablation_11/sw_sweep.csv

Mean sliced-Wasserstein per pair (overall / same-color / different-color):
  sw_Ablated_11_vs_Student_0: 295795.296614  same=361491.008283  diff=289822.959189
  sw_Ablated_11_vs_Student_1: 297632.765621  same=362743.520829  diff=291713.606056
  sw_Student_0_vs_Student_1: 2973.998310  same=2980.446158  diff=2973.412142
  sw_self_reference: 34779.697883  same=47517.135991  diff=33621.748964

Reference self-SW (noise floor) — overall: 34779.697883  same: 47517.135991  diff: 33621.748964

Normalised SW (ratio to self-SW baseline):
  sw_Ablated_11_vs_Student_0: 615.185×  same=614.787×  diff=615.221×
  sw_Ablated_11_vs_Student_1: 66862.016×  same=60410.122×  diff=67448.552×
  sw_Student_0_vs_Student_1: 66273.361×  same=59821.438×  diff=66859.900×
  sw_self_reference: 1.000×  same=1.000×  diff=1.000×

Teacher-vs-students aggregate (mean over student SW per trial):
  overall mean: 296714.031117
  same-color:   362117.264556
  diff-color:   290768.282623
