Loading models...
  [0] Healthy  (results_link_sampler/index_cued_first_diffusion_0.3_swap_7)
  [1] Ablated_1  (results_link_sampler/index_cued_first_diffusion_0.3_swap_7)
  [2] Student_0  (results_link_sampler/index_cued_first_diffusion_0.3_swap_recovery_ablation_1_0)
  [3] Student_1  (results_link_sampler/index_cued_first_diffusion_0.3_swap_recovery_ablation_1_1)
  [1] Ablated_1: ablating nullspace direction 1
Sweep: 288 trials (24 with same color, per 12^2 × 2 cues)
Reference model: [0] Healthy
Student models: ['Ablated_1', 'Student_0', 'Student_1']
  [1/288] cue=1 c1=0° c2=0°USING PRECUED ITEMS - SHOULD NEVER BE DONE IN TRAINING
  Ablated_1:1.360  Student_0:0.794  Student_1:1.296  Student_0:0.658  Student_1:0.145  Student_1:0.636
  [2/288] cue=1 c1=0° c2=30°USING PRECUED ITEMS - SHOULD NEVER BE DONE IN TRAINING
  Ablated_1:1.315  Student_0:0.795  Student_1:1.228  Student_0:0.601  Student_1:0.094  Student_1:0.518
  [3/288] cue=1 c1=0° c2=60°USING PRECUED ITEMS - SHOULD NEVER BE DONE IN TRAINING
  Ablated_1:1.101  Student_0:0.753  Student_1:1.112  Student_0:0.432  Student_1:0.078  Student_1:0.414
  [4/288] cue=1 c1=0° c2=90°USING PRECUED ITEMS - SHOULD NEVER BE DONE IN TRAINING
  Ablated_1:1.253  Student_0:1.120  Student_1:1.272  Student_0:0.492  Student_1:0.038  Student_1:0.497
  [5/288] cue=1 c1=0° c2=120°USING PRECUED ITEMS - SHOULD NEVER BE DONE IN TRAINING
  Ablated_1:1.406  Student_0:0.982  Student_1:1.399  Student_0:0.935  Student_1:0.041  Student_1:0.940
  [6/288] cue=1 c1=0° c2=150°USING PRECUED ITEMS - SHOULD NEVER BE DONE IN TRAINING
  Ablated_1:1.322  Student_0:0.480  Student_1:1.301  Student_0:1.164  Student_1:0.067  Student_1:1.151
  [7/288] cue=1 c1=0° c2=180°USING PRECUED ITEMS - SHOULD NEVER BE DONE IN TRAINING
  Ablated_1:1.235  Student_0:0.278  Student_1:1.260  Student_0:1.260  Student_1:0.061  Student_1:1.290
  [8/288] cue=1 c1=0° c2=210°USING PRECUED ITEMS - SHOULD NEVER BE DONE IN TRAINING
  Ablated_1:1.287  Student_0:0.111  Student_1:1.321  Student_0:1.341  Student_1:0.067  Student_1:1.373
  [9/288] cue=1 c1=0° c2=240°USING PRECUED ITEMS - SHOULD NEVER BE DONE IN TRAINING
  Ablated_1:1.182  Student_0:0.291  Student_1:1.153  Student_0:1.142  Student_1:0.061  Student_1:1.113
  [10/288] cue=1 c1=0° c2=270°USING PRECUED ITEMS - SHOULD NEVER BE DONE IN TRAINING
  Ablated_1:1.465  Student_0:0.497  Student_1:1.412  Student_0:1.107  Student_1:0.072  Student_1:1.048
  [11/288] cue=1 c1=0° c2=300°USING PRECUED ITEMS - SHOULD NEVER BE DONE IN TRAINING
  Ablated_1:1.456  Student_0:0.561  Student_1:1.446  Student_0:1.019  Student_1:0.064  Student_1:1.018
  [12/288] cue=1 c1=0° c2=330°USING PRECUED ITEMS - SHOULD NEVER BE DONE IN TRAINING
  Ablated_1:1.398  Student_0:0.620  Student_1:1.418  Student_0:0.886  Student_1:0.045  Student_1:0.908
  [13/288] cue=1 c1=30° c2=0°USING PRECUED ITEMS - SHOULD NEVER BE DONE IN TRAINING
  Ablated_1:1.121  Student_0:0.542  Student_1:1.049  Student_0:0.698  Student_1:0.129  Student_1:0.600
  [14/288] cue=1 c1=30° c2=30°USING PRECUED ITEMS - SHOULD NEVER BE DONE IN TRAINING
  Ablated_1:1.013  Student_0:0.532  Student_1:0.893  Student_0:0.558  Student_1:0.139  Student_1:0.432
  [15/288] cue=1 c1=30° c2=60°USING PRECUED ITEMS - SHOULD NEVER BE DONE IN TRAINING
  Ablated_1:0.827  Student_0:0.556  Student_1:0.754  Student_0:0.394  Student_1:0.147  Student_1:0.284
  [16/288] cue=1 c1=30° c2=90°USING PRECUED ITEMS - SHOULD NEVER BE DONE IN TRAINING
  Ablated_1:0.735  Student_0:0.659  Student_1:0.749  Student_0:0.420  Student_1:0.036  Student_1:0.424
  [17/288] cue=1 c1=30° c2=120°USING PRECUED ITEMS - SHOULD NEVER BE DONE IN TRAINING
  Ablated_1:0.958  Student_0:0.585  Student_1:0.985  Student_0:0.878  Student_1:0.086  Student_1:0.894
  [18/288] cue=1 c1=30° c2=150°USING PRECUED ITEMS - SHOULD NEVER BE DONE IN TRAINING
  Ablated_1:1.091  Student_0:0.377  Student_1:1.122  Student_0:1.186  Student_1:0.070  Student_1:1.225
  [19/288] cue=1 c1=30° c2=180°USING PRECUED ITEMS - SHOULD NEVER BE DONE IN TRAINING
  Ablated_1:0.970  Student_0:0.983  Student_1:0.952  Student_0:1.540  Student_1:0.162  Student_1:1.507
  [20/288] cue=1 c1=30° c2=210°USING PRECUED ITEMS - SHOULD NEVER BE DONE IN TRAINING
  Ablated_1:0.869  Student_0:0.907  Student_1:0.800  Student_0:1.235  Student_1:0.183  Student_1:1.340
  [21/288] cue=1 c1=30° c2=240°USING PRECUED ITEMS - SHOULD NEVER BE DONE IN TRAINING
  Ablated_1:0.697  Student_0:0.519  Student_1:0.728  Student_0:1.080  Student_1:0.084  Student_1:1.120
  [22/288] cue=1 c1=30° c2=270°USING PRECUED ITEMS - SHOULD NEVER BE DONE IN TRAINING
  Ablated_1:1.074  Student_0:0.468  Student_1:1.060  Student_0:0.875  Student_1:0.053  Student_1:0.859
  [23/288] cue=1 c1=30° c2=300°USING PRECUED ITEMS - SHOULD NEVER BE DONE IN TRAINING
  Ablated_1:1.131  Student_0:0.457  Student_1:1.156  Student_0:0.794  Student_1:0.059  Student_1:0.815
  [24/288] cue=1 c1=30° c2=330°USING PRECUED ITEMS - SHOULD NEVER BE DONE IN TRAINING
  Ablated_1:1.031  Student_0:0.468  Student_1:1.005  Student_0:0.733  Student_1:0.158  Student_1:0.631
  [25/288] cue=1 c1=60° c2=0°USING PRECUED ITEMS - SHOULD NEVER BE DONE IN TRAINING
  Ablated_1:0.498  Student_0:0.387  Student_1:0.503  Student_0:0.375  Student_1:0.111  Student_1:0.303
  [26/288] cue=1 c1=60° c2=30°USING PRECUED ITEMS - SHOULD NEVER BE DONE IN TRAINING
  Ablated_1:0.648  Student_0:0.314  Student_1:0.452  Student_0:0.569  Student_1:0.308  Student_1:0.286
Saved plot: results/ablation1_vs_students_sweep/sweep_plots/trial0025_cue1_c160_c230.png
  [27/288] cue=1 c1=60° c2=60°USING PRECUED ITEMS - SHOULD NEVER BE DONE IN TRAINING
  Ablated_1:0.469  Student_0:0.255  Student_1:0.384  Student_0:0.380  Student_1:0.152  Student_1:0.330
  [28/288] cue=1 c1=60° c2=90°USING PRECUED ITEMS - SHOULD NEVER BE DONE IN TRAINING
  Ablated_1:0.429  Student_0:0.323  Student_1:0.431  Student_0:0.518  Student_1:0.097  Student_1:0.560
  [29/288] cue=1 c1=60° c2=120°USING PRECUED ITEMS - SHOULD NEVER BE DONE IN TRAINING
  Ablated_1:0.729  Student_0:0.475  Student_1:0.736  Student_0:0.854  Student_1:0.054  Student_1:0.859
  [30/288] cue=1 c1=60° c2=150°USING PRECUED ITEMS - SHOULD NEVER BE DONE IN TRAINING
  Ablated_1:1.013  Student_0:1.072  Student_1:1.244  Student_0:1.225  Student_1:0.250  Student_1:1.212
  [31/288] cue=1 c1=60° c2=180°USING PRECUED ITEMS - SHOULD NEVER BE DONE IN TRAINING
  Ablated_1:2.096  Student_0:1.940  Student_1:2.189  Student_0:1.101  Student_1:0.110  Student_1:1.092
  [32/288] cue=1 c1=60° c2=210°USING PRECUED ITEMS - SHOULD NEVER BE DONE IN TRAINING
  Ablated_1:2.025  Student_0:1.755  Student_1:1.883  Student_0:0.747  Student_1:0.153  Student_1:0.817
  [33/288] cue=1 c1=60° c2=240°USING PRECUED ITEMS - SHOULD NEVER BE DONE IN TRAINING
  Ablated_1:0.875  Student_0:0.959  Student_1:0.838  Student_0:0.837  Student_1:0.067  Student_1:0.834
  [34/288] cue=1 c1=60° c2=270°USING PRECUED ITEMS - SHOULD NEVER BE DONE IN TRAINING
  Ablated_1:0.521  Student_0:0.338  Student_1:0.511  Student_0:0.606  Student_1:0.046  Student_1:0.633
  [35/288] cue=1 c1=60° c2=300°USING PRECUED ITEMS - SHOULD NEVER BE DONE IN TRAINING
  Ablated_1:0.596  Student_0:0.424  Student_1:0.598  Student_0:0.605  Student_1:0.129  Student_1:0.501
  [36/288] cue=1 c1=60° c2=330°USING PRECUED ITEMS - SHOULD NEVER BE DONE IN TRAINING
  Ablated_1:0.579  Student_0:0.346  Student_1:0.585  Student_0:0.441  Student_1:0.142  Student_1:0.373
  [37/288] cue=1 c1=90° c2=0°USING PRECUED ITEMS - SHOULD NEVER BE DONE IN TRAINING
  Ablated_1:0.719  Student_0:0.600  Student_1:0.750  Student_0:0.590  Student_1:0.060  Student_1:0.593
  [38/288] cue=1 c1=90° c2=30°USING PRECUED ITEMS - SHOULD NEVER BE DONE IN TRAINING
  Ablated_1:0.670  Student_0:0.519  Student_1:0.678  Student_0:0.617  Student_1:0.093  Student_1:0.610
  [39/288] cue=1 c1=90° c2=60°USING PRECUED ITEMS - SHOULD NEVER BE DONE IN TRAINING
  Ablated_1:0.418  Student_0:0.259  Student_1:0.463  Student_0:0.537  Student_1:0.095  Student_1:0.606
  [40/288] cue=1 c1=90° c2=90°USING PRECUED ITEMS - SHOULD NEVER BE DONE IN TRAINING
  Ablated_1:0.578  Student_0:0.239  Student_1:0.625  Student_0:0.628  Student_1:0.398  Student_1:0.797
  [41/288] cue=1 c1=90° c2=120°USING PRECUED ITEMS - SHOULD NEVER BE DONE IN TRAINING
  Ablated_1:0.910  Student_0:0.372  Student_1:0.740  Student_0:0.646  Student_1:0.482  Student_1:0.651
  [42/288] cue=1 c1=90° c2=150°USING PRECUED ITEMS - SHOULD NEVER BE DONE IN TRAINING
  Ablated_1:1.315  Student_0:1.785  Student_1:1.386  Student_0:1.294  Student_1:0.128  Student_1:1.211
  [43/288] cue=1 c1=90° c2=180°USING PRECUED ITEMS - SHOULD NEVER BE DONE IN TRAINING
  Ablated_1:1.892  Student_0:2.197  Student_1:1.885  Student_0:1.270  Student_1:0.052  Student_1:1.226
  [44/288] cue=1 c1=90° c2=210°USING PRECUED ITEMS - SHOULD NEVER BE DONE IN TRAINING
  Ablated_1:1.375  Student_0:1.528  Student_1:1.277  Student_0:1.099  Student_1:0.145  Student_1:1.168
  [45/288] cue=1 c1=90° c2=240°USING PRECUED ITEMS - SHOULD NEVER BE DONE IN TRAINING
  Ablated_1:0.666  Student_0:0.790  Student_1:0.621  Student_0:1.267  Student_1:0.082  Student_1:1.216
  [46/288] cue=1 c1=90° c2=270°USING PRECUED ITEMS - SHOULD NEVER BE DONE IN TRAINING
  Ablated_1:0.720  Student_0:0.083  Student_1:0.710  Student_0:0.695  Student_1:0.108  Student_1:0.685
  [47/288] cue=1 c1=90° c2=300°USING PRECUED ITEMS - SHOULD NEVER BE DONE IN TRAINING
  Ablated_1:1.003  Student_0:0.807  Student_1:0.995  Student_0:0.534  Student_1:0.090  Student_1:0.541
  [48/288] cue=1 c1=90° c2=330°USING PRECUED ITEMS - SHOULD NEVER BE DONE IN TRAINING
  Ablated_1:0.845  Student_0:0.673  Student_1:0.854  Student_0:0.669  Student_1:0.021  Student_1:0.673
  [49/288] cue=1 c1=120° c2=0°USING PRECUED ITEMS - SHOULD NEVER BE DONE IN TRAINING
  Ablated_1:1.199  Student_0:0.636  Student_1:1.214  Student_0:1.229  Student_1:0.148  Student_1:1.237
  [50/288] cue=1 c1=120° c2=30°USING PRECUED ITEMS - SHOULD NEVER BE DONE IN TRAINING
  Ablated_1:1.146  Student_0:0.097  Student_1:1.160  Student_0:1.158  Student_1:0.083  Student_1:1.172
  [51/288] cue=1 c1=120° c2=60°USING PRECUED ITEMS - SHOULD NEVER BE DONE IN TRAINING
  Ablated_1:1.003  Student_0:0.136  Student_1:0.978  Student_0:1.032  Student_1:0.175  Student_1:1.000
  [52/288] cue=1 c1=120° c2=90°USING PRECUED ITEMS - SHOULD NEVER BE DONE IN TRAINING
  Ablated_1:0.936  Student_0:0.189  Student_1:0.918  Student_0:0.831  Student_1:0.283  Student_1:0.788
  [53/288] cue=1 c1=120° c2=120°USING PRECUED ITEMS - SHOULD NEVER BE DONE IN TRAINING
  Ablated_1:0.664  Student_0:1.146  Student_1:0.840  Student_0:0.770  Student_1:0.472  Student_1:0.926
  [54/288] cue=1 c1=120° c2=150°USING PRECUED ITEMS - SHOULD NEVER BE DONE IN TRAINING
  Ablated_1:0.704  Student_0:1.756  Student_1:0.801  Student_0:1.319  Student_1:0.222  Student_1:1.381
  [55/288] cue=1 c1=120° c2=180°USING PRECUED ITEMS - SHOULD NEVER BE DONE IN TRAINING
  Ablated_1:0.623  Student_0:0.996  Student_1:0.720  Student_0:0.923  Student_1:0.122  Student_1:0.871
  [56/288] cue=1 c1=120° c2=210°USING PRECUED ITEMS - SHOULD NEVER BE DONE IN TRAINING
  Ablated_1:0.524  Student_0:0.433  Student_1:0.528  Student_0:0.736  Student_1:0.112  Student_1:0.703
  [57/288] cue=1 c1=120° c2=240°USING PRECUED ITEMS - SHOULD NEVER BE DONE IN TRAINING
  Ablated_1:0.685  Student_0:0.372  Student_1:0.674  Student_0:0.716  Student_1:0.099  Student_1:0.692
  [58/288] cue=1 c1=120° c2=270°USING PRECUED ITEMS - SHOULD NEVER BE DONE IN TRAINING
  Ablated_1:0.822  Student_0:0.368  Student_1:0.827  Student_0:0.718  Student_1:0.098  Student_1:0.699
  [59/288] cue=1 c1=120° c2=300°USING PRECUED ITEMS - SHOULD NEVER BE DONE IN TRAINING
  Ablated_1:1.288  Student_0:0.968  Student_1:1.297  Student_0:1.327  Student_1:0.120  Student_1:1.310
  [60/288] cue=1 c1=120° c2=330°USING PRECUED ITEMS - SHOULD NEVER BE DONE IN TRAINING
  Ablated_1:1.351  Student_0:0.872  Student_1:1.354  Student_0:1.279  Student_1:0.059  Student_1:1.307
  [61/288] cue=1 c1=150° c2=0°USING PRECUED ITEMS - SHOULD NEVER BE DONE IN TRAINING
  Ablated_1:1.391  Student_0:0.378  Student_1:1.430  Student_0:1.448  Student_1:0.190  Student_1:1.482
  [62/288] cue=1 c1=150° c2=30°USING PRECUED ITEMS - SHOULD NEVER BE DONE IN TRAINING
  Ablated_1:1.389  Student_0:0.158  Student_1:1.396  Student_0:1.351  Student_1:0.101  Student_1:1.354
  [63/288] cue=1 c1=150° c2=60°USING PRECUED ITEMS - SHOULD NEVER BE DONE IN TRAINING
  Ablated_1:1.288  Student_0:0.141  Student_1:1.319  Student_0:1.357  Student_1:0.167  Student_1:1.387
  [64/288] cue=1 c1=150° c2=90°USING PRECUED ITEMS - SHOULD NEVER BE DONE IN TRAINING
  Ablated_1:1.378  Student_0:0.730  Student_1:1.370  Student_0:1.080  Student_1:0.158  Student_1:1.106
  [65/288] cue=1 c1=150° c2=120°USING PRECUED ITEMS - SHOULD NEVER BE DONE IN TRAINING
  Ablated_1:0.883  Student_0:1.562  Student_1:0.805  Student_0:1.299  Student_1:0.250  Student_1:1.327
  [66/288] cue=1 c1=150° c2=150°USING PRECUED ITEMS - SHOULD NEVER BE DONE IN TRAINING
  Ablated_1:0.653  Student_0:1.044  Student_1:0.593  Student_0:0.682  Student_1:0.253  Student_1:0.795
  [67/288] cue=1 c1=150° c2=180°USING PRECUED ITEMS - SHOULD NEVER BE DONE IN TRAINING
  Ablated_1:0.548  Student_0:0.586  Student_1:0.498  Student_0:0.431  Student_1:0.169  Student_1:0.458
  [68/288] cue=1 c1=150° c2=210°USING PRECUED ITEMS - SHOULD NEVER BE DONE IN TRAINING
  Ablated_1:0.655  Student_0:0.404  Student_1:0.577  Student_0:0.544  Student_1:0.153  Student_1:0.489
  [69/288] cue=1 c1=150° c2=240°USING PRECUED ITEMS - SHOULD NEVER BE DONE IN TRAINING
  Ablated_1:0.779  Student_0:0.129  Student_1:0.750  Student_0:0.692  Student_1:0.100  Student_1:0.670
  [70/288] cue=1 c1=150° c2=270°USING PRECUED ITEMS - SHOULD NEVER BE DONE IN TRAINING
  Ablated_1:0.905  Student_0:0.497  Student_1:0.914  Student_0:0.956  Student_1:0.105  Student_1:0.983
  [71/288] cue=1 c1=150° c2=300°USING PRECUED ITEMS - SHOULD NEVER BE DONE IN TRAINING
  Ablated_1:1.282  Student_0:0.913  Student_1:1.266  Student_0:1.467  Student_1:0.182  Student_1:1.475
  [72/288] cue=1 c1=150° c2=330°USING PRECUED ITEMS - SHOULD NEVER BE DONE IN TRAINING
  Ablated_1:1.315  Student_0:0.892  Student_1:1.333  Student_0:1.504  Student_1:0.314  Student_1:1.560
  [73/288] cue=1 c1=180° c2=0°USING PRECUED ITEMS - SHOULD NEVER BE DONE IN TRAINING
  Ablated_1:1.554  Student_0:0.230  Student_1:1.628  Student_0:1.609  Student_1:0.135  Student_1:1.685
  [74/288] cue=1 c1=180° c2=30°USING PRECUED ITEMS - SHOULD NEVER BE DONE IN TRAINING
  Ablated_1:1.412  Student_0:0.202  Student_1:1.455  Student_0:1.542  Student_1:0.104  Student_1:1.583
  [75/288] cue=1 c1=180° c2=60°USING PRECUED ITEMS - SHOULD NEVER BE DONE IN TRAINING
  Ablated_1:1.145  Student_0:0.442  Student_1:1.193  Student_0:1.330  Student_1:0.141  Student_1:1.404
  [76/288] cue=1 c1=180° c2=90°USING PRECUED ITEMS - SHOULD NEVER BE DONE IN TRAINING
  Ablated_1:1.215  Student_0:1.390  Student_1:1.244  Student_0:1.259  Student_1:0.166  Student_1:1.150
  [77/288] cue=1 c1=180° c2=120°USING PRECUED ITEMS - SHOULD NEVER BE DONE IN TRAINING
  Ablated_1:0.797  Student_0:1.021  Student_1:0.935  Student_0:1.131  Student_1:0.328  Student_1:1.359
  [78/288] cue=1 c1=180° c2=150°USING PRECUED ITEMS - SHOULD NEVER BE DONE IN TRAINING
  Ablated_1:0.328  Student_0:0.494  Student_1:0.317  Student_0:0.503  Student_1:0.083  Student_1:0.540
  [79/288] cue=1 c1=180° c2=180°USING PRECUED ITEMS - SHOULD NEVER BE DONE IN TRAINING
  Ablated_1:0.455  Student_0:0.291  Student_1:0.438  Student_0:0.397  Student_1:0.066  Student_1:0.386
  [80/288] cue=1 c1=180° c2=210°USING PRECUED ITEMS - SHOULD NEVER BE DONE IN TRAINING
  Ablated_1:0.432  Student_0:0.178  Student_1:0.441  Student_0:0.440  Student_1:0.103  Student_1:0.436
  [81/288] cue=1 c1=180° c2=240°USING PRECUED ITEMS - SHOULD NEVER BE DONE IN TRAINING
  Ablated_1:0.551  Student_0:0.191  Student_1:0.560  Student_0:0.578  Student_1:0.071  Student_1:0.584
  [82/288] cue=1 c1=180° c2=270°USING PRECUED ITEMS - SHOULD NEVER BE DONE IN TRAINING
  Ablated_1:1.175  Student_0:0.464  Student_1:1.129  Student_0:1.338  Student_1:0.082  Student_1:1.270
  [83/288] cue=1 c1=180° c2=300°USING PRECUED ITEMS - SHOULD NEVER BE DONE IN TRAINING
  Ablated_1:1.140  Student_0:0.687  Student_1:1.189  Student_0:1.416  Student_1:0.111  Student_1:1.490
  [84/288] cue=1 c1=180° c2=330°USING PRECUED ITEMS - SHOULD NEVER BE DONE IN TRAINING
  Ablated_1:1.372  Student_0:0.371  Student_1:1.340  Student_0:1.434  Student_1:0.085  Student_1:1.412
  [85/288] cue=1 c1=210° c2=0°USING PRECUED ITEMS - SHOULD NEVER BE DONE IN TRAINING
  Ablated_1:1.484  Student_0:0.122  Student_1:1.636  Student_0:1.539  Student_1:0.241  Student_1:1.691
  [86/288] cue=1 c1=210° c2=30°USING PRECUED ITEMS - SHOULD NEVER BE DONE IN TRAINING
  Ablated_1:1.083  Student_0:0.650  Student_1:1.060  Student_0:1.156  Student_1:0.148  Student_1:1.250
  [87/288] cue=1 c1=210° c2=60°USING PRECUED ITEMS - SHOULD NEVER BE DONE IN TRAINING
  Ablated_1:1.646  Student_0:1.120  Student_1:1.533  Student_0:0.886  Student_1:0.119  Student_1:0.926
  [88/288] cue=1 c1=210° c2=90°USING PRECUED ITEMS - SHOULD NEVER BE DONE IN TRAINING
  Ablated_1:0.809  Student_0:1.174  Student_1:0.741  Student_0:1.265  Student_1:0.095  Student_1:1.285
  [89/288] cue=1 c1=210° c2=120°USING PRECUED ITEMS - SHOULD NEVER BE DONE IN TRAINING
  Ablated_1:0.840  Student_0:0.631  Student_1:0.875  Student_0:1.277  Student_1:0.093  Student_1:1.320
  [90/288] cue=1 c1=210° c2=150°USING PRECUED ITEMS - SHOULD NEVER BE DONE IN TRAINING
  Ablated_1:0.535  Student_0:0.168  Student_1:0.524  Student_0:0.635  Student_1:0.074  Student_1:0.623
  [91/288] cue=1 c1=210° c2=180°USING PRECUED ITEMS - SHOULD NEVER BE DONE IN TRAINING
  Ablated_1:0.334  Student_0:0.125  Student_1:0.328  Student_0:0.384  Student_1:0.118  Student_1:0.374
  [92/288] cue=1 c1=210° c2=210°USING PRECUED ITEMS - SHOULD NEVER BE DONE IN TRAINING
  Ablated_1:0.457  Student_0:0.315  Student_1:0.470  Student_0:0.587  Student_1:0.078  Student_1:0.569
  [93/288] cue=1 c1=210° c2=240°USING PRECUED ITEMS - SHOULD NEVER BE DONE IN TRAINING
  Ablated_1:0.769  Student_0:0.091  Student_1:0.800  Student_0:0.786  Student_1:0.076  Student_1:0.815
  [94/288] cue=1 c1=210° c2=270°USING PRECUED ITEMS - SHOULD NEVER BE DONE IN TRAINING
  Ablated_1:1.235  Student_0:0.288  Student_1:1.240  Student_0:1.120  Student_1:0.043  Student_1:1.126
  [95/288] cue=1 c1=210° c2=300°USING PRECUED ITEMS - SHOULD NEVER BE DONE IN TRAINING
  Ablated_1:1.282  Student_0:0.196  Student_1:1.259  Student_0:1.182  Student_1:0.064  Student_1:1.166
  [96/288] cue=1 c1=210° c2=330°USING PRECUED ITEMS - SHOULD NEVER BE DONE IN TRAINING
  Ablated_1:1.453  Student_0:0.280  Student_1:1.429  Student_0:1.278  Student_1:0.066  Student_1:1.257
  [97/288] cue=1 c1=240° c2=0°USING PRECUED ITEMS - SHOULD NEVER BE DONE IN TRAINING
  Ablated_1:1.369  Student_0:0.155  Student_1:1.397  Student_0:1.253  Student_1:0.089  Student_1:1.281
  [98/288] cue=1 c1=240° c2=30°USING PRECUED ITEMS - SHOULD NEVER BE DONE IN TRAINING
  Ablated_1:0.669  Student_0:0.513  Student_1:0.723  Student_0:0.984  Student_1:0.116  Student_1:1.045
  [99/288] cue=1 c1=240° c2=60°USING PRECUED ITEMS - SHOULD NEVER BE DONE IN TRAINING
  Ablated_1:1.087  Student_0:0.665  Student_1:0.919  Student_0:0.831  Student_1:0.220  Student_1:0.827
  [100/288] cue=1 c1=240° c2=90°USING PRECUED ITEMS - SHOULD NEVER BE DONE IN TRAINING
  Ablated_1:0.876  Student_0:0.621  Student_1:0.768  Student_0:1.403  Student_1:0.344  Student_1:1.304
  [101/288] cue=1 c1=240° c2=120°USING PRECUED ITEMS - SHOULD NEVER BE DONE IN TRAINING
  Ablated_1:1.164  Student_0:0.162  Student_1:1.211  Student_0:1.183  Student_1:0.108  Student_1:1.224
  [102/288] cue=1 c1=240° c2=150°USING PRECUED ITEMS - SHOULD NEVER BE DONE IN TRAINING
  Ablated_1:1.038  Student_0:0.184  Student_1:1.034  Student_0:0.925  Student_1:0.045  Student_1:0.926
  [103/288] cue=1 c1=240° c2=180°USING PRECUED ITEMS - SHOULD NEVER BE DONE IN TRAINING
  Ablated_1:0.635  Student_0:0.417  Student_1:0.627  Student_0:0.483  Student_1:0.049  Student_1:0.488
  [104/288] cue=1 c1=240° c2=210°USING PRECUED ITEMS - SHOULD NEVER BE DONE IN TRAINING
  Ablated_1:0.659  Student_0:0.290  Student_1:0.737  Student_0:0.717  Student_1:0.121  Student_1:0.813
  [105/288] cue=1 c1=240° c2=240°USING PRECUED ITEMS - SHOULD NEVER BE DONE IN TRAINING
  Ablated_1:0.575  Student_0:0.228  Student_1:0.695  Student_0:0.598  Student_1:0.146  Student_1:0.692
  [106/288] cue=1 c1=240° c2=270°USING PRECUED ITEMS - SHOULD NEVER BE DONE IN TRAINING
  Ablated_1:0.644  Student_0:0.221  Student_1:0.741  Student_0:0.692  Student_1:0.133  Student_1:0.767
  [107/288] cue=1 c1=240° c2=300°USING PRECUED ITEMS - SHOULD NEVER BE DONE IN TRAINING
  Ablated_1:0.850  Student_0:0.228  Student_1:0.877  Student_0:0.747  Student_1:0.082  Student_1:0.789
  [108/288] cue=1 c1=240° c2=330°USING PRECUED ITEMS - SHOULD NEVER BE DONE IN TRAINING
  Ablated_1:1.177  Student_0:0.110  Student_1:1.131  Student_0:1.084  Student_1:0.089  Student_1:1.038
  [109/288] cue=1 c1=270° c2=0°USING PRECUED ITEMS - SHOULD NEVER BE DONE IN TRAINING
  Ablated_1:2.127  Student_0:0.970  Student_1:2.106  Student_0:1.336  Student_1:0.063  Student_1:1.324
  [110/288] cue=1 c1=270° c2=30°USING PRECUED ITEMS - SHOULD NEVER BE DONE IN TRAINING
  Ablated_1:1.646  Student_0:0.515  Student_1:1.750  Student_0:1.203  Student_1:0.232  Student_1:1.313
  [111/288] cue=1 c1=270° c2=60°USING PRECUED ITEMS - SHOULD NEVER BE DONE IN TRAINING
  Ablated_1:1.171  Student_0:0.174  Student_1:1.193  Student_0:1.083  Student_1:0.122  Student_1:1.103
  [112/288] cue=1 c1=270° c2=90°USING PRECUED ITEMS - SHOULD NEVER BE DONE IN TRAINING
  Ablated_1:1.497  Student_0:0.275  Student_1:1.463  Student_0:1.715  Student_1:0.184  Student_1:1.686
  [113/288] cue=1 c1=270° c2=120°USING PRECUED ITEMS - SHOULD NEVER BE DONE IN TRAINING
  Ablated_1:1.443  Student_0:0.302  Student_1:1.469  Student_0:1.229  Student_1:0.121  Student_1:1.240
  [114/288] cue=1 c1=270° c2=150°USING PRECUED ITEMS - SHOULD NEVER BE DONE IN TRAINING
  Ablated_1:1.332  Student_0:0.448  Student_1:1.324  Student_0:1.100  Student_1:0.071  Student_1:1.083
  [115/288] cue=1 c1=270° c2=180°USING PRECUED ITEMS - SHOULD NEVER BE DONE IN TRAINING
  Ablated_1:1.056  Student_0:0.584  Student_1:1.006  Student_0:1.037  Student_1:0.095  Student_1:1.012
  [116/288] cue=1 c1=270° c2=210°USING PRECUED ITEMS - SHOULD NEVER BE DONE IN TRAINING
  Ablated_1:0.573  Student_0:0.360  Student_1:0.633  Student_0:0.825  Student_1:0.099  Student_1:0.828
  [117/288] cue=1 c1=270° c2=240°USING PRECUED ITEMS - SHOULD NEVER BE DONE IN TRAINING
  Ablated_1:0.423  Student_0:0.293  Student_1:0.440  Student_0:0.627  Student_1:0.031  Student_1:0.637
  [118/288] cue=1 c1=270° c2=270°USING PRECUED ITEMS - SHOULD NEVER BE DONE IN TRAINING
  Ablated_1:0.342  Student_0:0.383  Student_1:0.302  Student_0:0.645  Student_1:0.077  Student_1:0.618
  [119/288] cue=1 c1=270° c2=300°USING PRECUED ITEMS - SHOULD NEVER BE DONE IN TRAINING
  Ablated_1:0.325  Student_0:0.369  Student_1:0.316  Student_0:0.507  Student_1:0.095  Student_1:0.527
  [120/288] cue=1 c1=270° c2=330°USING PRECUED ITEMS - SHOULD NEVER BE DONE IN TRAINING
  Ablated_1:1.368  Student_0:0.424  Student_1:1.297  Student_0:1.126  Student_1:0.140  Student_1:1.056
  [121/288] cue=1 c1=300° c2=0°USING PRECUED ITEMS - SHOULD NEVER BE DONE IN TRAINING
  Ablated_1:1.950  Student_0:0.994  Student_1:1.991  Student_0:1.177  Student_1:0.133  Student_1:1.253
  [122/288] cue=1 c1=300° c2=30°USING PRECUED ITEMS - SHOULD NEVER BE DONE IN TRAINING
  Ablated_1:1.838  Student_0:1.144  Student_1:1.909  Student_0:0.751  Student_1:0.225  Student_1:0.826
  [123/288] cue=1 c1=300° c2=60°USING PRECUED ITEMS - SHOULD NEVER BE DONE IN TRAINING
  Ablated_1:1.746  Student_0:0.835  Student_1:1.784  Student_0:0.920  Student_1:0.173  Student_1:0.958
  [124/288] cue=1 c1=300° c2=90°USING PRECUED ITEMS - SHOULD NEVER BE DONE IN TRAINING
  Ablated_1:1.598  Student_0:0.650  Student_1:1.673  Student_0:1.031  Student_1:0.110  Student_1:1.103
  [125/288] cue=1 c1=300° c2=120°USING PRECUED ITEMS - SHOULD NEVER BE DONE IN TRAINING
  Ablated_1:1.844  Student_0:1.277  Student_1:1.800  Student_0:1.144  Student_1:0.084  Student_1:1.118
Saved plot: results/ablation1_vs_students_sweep/sweep_plots/trial0124_cue1_c1300_c2120.png
  [126/288] cue=1 c1=300° c2=150°USING PRECUED ITEMS - SHOULD NEVER BE DONE IN TRAINING
  Ablated_1:1.470  Student_0:1.000  Student_1:1.513  Student_0:1.378  Student_1:0.091  Student_1:1.432
Saved plot: results/ablation1_vs_students_sweep/sweep_plots/trial0125_cue1_c1300_c2150.png
  [127/288] cue=1 c1=300° c2=180°USING PRECUED ITEMS - SHOULD NEVER BE DONE IN TRAINING
  Ablated_1:0.955  Student_0:0.815  Student_1:0.982  Student_0:1.233  Student_1:0.097  Student_1:1.250
  [128/288] cue=1 c1=300° c2=210°USING PRECUED ITEMS - SHOULD NEVER BE DONE IN TRAINING
  Ablated_1:0.680  Student_0:0.405  Student_1:0.674  Student_0:0.852  Student_1:0.071  Student_1:0.844
  [129/288] cue=1 c1=300° c2=240°USING PRECUED ITEMS - SHOULD NEVER BE DONE IN TRAINING
  Ablated_1:0.512  Student_0:0.212  Student_1:0.534  Student_0:0.657  Student_1:0.039  Student_1:0.681
  [130/288] cue=1 c1=300° c2=270°USING PRECUED ITEMS - SHOULD NEVER BE DONE IN TRAINING
  Ablated_1:0.272  Student_0:0.408  Student_1:0.291  Student_0:0.546  Student_1:0.050  Student_1:0.572
  [131/288] cue=1 c1=300° c2=300°USING PRECUED ITEMS - SHOULD NEVER BE DONE IN TRAINING
  Ablated_1:0.241  Student_0:0.504  Student_1:0.111  Student_0:0.415  Student_1:0.199  Student_1:0.513
  [132/288] cue=1 c1=300° c2=330°USING PRECUED ITEMS - SHOULD NEVER BE DONE IN TRAINING
  Ablated_1:1.066  Student_0:0.706  Student_1:1.349  Student_0:0.636  Student_1:0.334  Student_1:0.834
  [133/288] cue=1 c1=330° c2=0°USING PRECUED ITEMS - SHOULD NEVER BE DONE IN TRAINING
  Ablated_1:1.762  Student_0:0.834  Student_1:1.769  Student_0:1.130  Student_1:0.054  Student_1:1.131
  [134/288] cue=1 c1=330° c2=30°USING PRECUED ITEMS - SHOULD NEVER BE DONE IN TRAINING
  Ablated_1:1.572  Student_0:0.934  Student_1:1.596  Student_0:0.731  Student_1:0.121  Student_1:0.736
  [135/288] cue=1 c1=330° c2=60°USING PRECUED ITEMS - SHOULD NEVER BE DONE IN TRAINING
  Ablated_1:1.643  Student_0:1.003  Student_1:1.635  Student_0:0.708  Student_1:0.087  Student_1:0.698
  [136/288] cue=1 c1=330° c2=90°USING PRECUED ITEMS - SHOULD NEVER BE DONE IN TRAINING
  Ablated_1:1.734  Student_0:1.548  Student_1:1.739  Student_0:0.639  Student_1:0.025  Student_1:0.644
  [137/288] cue=1 c1=330° c2=120°USING PRECUED ITEMS - SHOULD NEVER BE DONE IN TRAINING
  Ablated_1:1.713  Student_0:1.459  Student_1:1.730  Student_0:1.238  Student_1:0.062  Student_1:1.261
  [138/288] cue=1 c1=330° c2=150°USING PRECUED ITEMS - SHOULD NEVER BE DONE IN TRAINING
  Ablated_1:1.520  Student_0:0.426  Student_1:1.501  Student_0:1.256  Student_1:0.072  Student_1:1.241
  [139/288] cue=1 c1=330° c2=180°USING PRECUED ITEMS - SHOULD NEVER BE DONE IN TRAINING
  Ablated_1:1.288  Student_0:0.258  Student_1:1.286  Student_0:1.157  Student_1:0.113  Student_1:1.150
  [140/288] cue=1 c1=330° c2=210°USING PRECUED ITEMS - SHOULD NEVER BE DONE IN TRAINING
  Ablated_1:0.935  Student_0:0.143  Student_1:0.957  Student_0:0.919  Student_1:0.068  Student_1:0.933
  [141/288] cue=1 c1=330° c2=240°USING PRECUED ITEMS - SHOULD NEVER BE DONE IN TRAINING
  Ablated_1:0.645  Student_0:0.268  Student_1:0.616  Student_0:0.541  Student_1:0.080  Student_1:0.532
  [142/288] cue=1 c1=330° c2=270°USING PRECUED ITEMS - SHOULD NEVER BE DONE IN TRAINING
  Ablated_1:0.405  Student_0:0.254  Student_1:0.394  Student_0:0.351  Student_1:0.041  Student_1:0.333
  [143/288] cue=1 c1=330° c2=300°USING PRECUED ITEMS - SHOULD NEVER BE DONE IN TRAINING
  Ablated_1:0.769  Student_0:0.393  Student_1:0.692  Student_0:0.569  Student_1:0.192  Student_1:0.428
  [144/288] cue=1 c1=330° c2=330°USING PRECUED ITEMS - SHOULD NEVER BE DONE IN TRAINING
  Ablated_1:1.386  Student_0:0.669  Student_1:1.398  Student_0:0.923  Student_1:0.090  Student_1:0.931
  [145/288] cue=2 c1=0° c2=0°USING PRECUED ITEMS - SHOULD NEVER BE DONE IN TRAINING
  Ablated_1:1.532  Student_0:1.004  Student_1:1.459  Student_0:0.608  Student_1:0.079  Student_1:0.538
  [146/288] cue=2 c1=0° c2=30°USING PRECUED ITEMS - SHOULD NEVER BE DONE IN TRAINING
  Ablated_1:0.916  Student_0:0.457  Student_1:0.856  Student_0:0.578  Student_1:0.133  Student_1:0.476
  [147/288] cue=2 c1=0° c2=60°USING PRECUED ITEMS - SHOULD NEVER BE DONE IN TRAINING
  Ablated_1:0.515  Student_0:0.246  Student_1:0.409  Student_0:0.481  Student_1:0.199  Student_1:0.298
  [148/288] cue=2 c1=0° c2=90°USING PRECUED ITEMS - SHOULD NEVER BE DONE IN TRAINING
  Ablated_1:0.718  Student_0:0.459  Student_1:0.733  Student_0:0.501  Student_1:0.035  Student_1:0.504
  [149/288] cue=2 c1=0° c2=120°USING PRECUED ITEMS - SHOULD NEVER BE DONE IN TRAINING
  Ablated_1:1.212  Student_0:0.664  Student_1:1.228  Student_0:1.101  Student_1:0.102  Student_1:1.119
  [150/288] cue=2 c1=0° c2=150°USING PRECUED ITEMS - SHOULD NEVER BE DONE IN TRAINING
  Ablated_1:1.413  Student_0:0.303  Student_1:1.391  Student_0:1.301  Student_1:0.131  Student_1:1.294
  [151/288] cue=2 c1=0° c2=180°USING PRECUED ITEMS - SHOULD NEVER BE DONE IN TRAINING
  Ablated_1:1.644  Student_0:0.215  Student_1:1.693  Student_0:1.567  Student_1:0.085  Student_1:1.615
  [152/288] cue=2 c1=0° c2=210°USING PRECUED ITEMS - SHOULD NEVER BE DONE IN TRAINING
  Ablated_1:1.934  Student_0:0.339  Student_1:1.976  Student_0:1.752  Student_1:0.118  Student_1:1.792
  [153/288] cue=2 c1=0° c2=240°USING PRECUED ITEMS - SHOULD NEVER BE DONE IN TRAINING
  Ablated_1:1.765  Student_0:0.592  Student_1:1.938  Student_0:1.426  Student_1:0.208  Student_1:1.594
  [154/288] cue=2 c1=0° c2=270°USING PRECUED ITEMS - SHOULD NEVER BE DONE IN TRAINING
  Ablated_1:2.140  Student_0:1.126  Student_1:2.103  Student_0:1.258  Student_1:0.053  Student_1:1.225
  [155/288] cue=2 c1=0° c2=300°USING PRECUED ITEMS - SHOULD NEVER BE DONE IN TRAINING
  Ablated_1:2.295  Student_0:1.346  Student_1:2.262  Student_0:1.180  Student_1:0.073  Student_1:1.164
  [156/288] cue=2 c1=0° c2=330°USING PRECUED ITEMS - SHOULD NEVER BE DONE IN TRAINING
  Ablated_1:1.740  Student_0:1.074  Student_1:1.719  Student_0:0.818  Student_1:0.088  Student_1:0.813
  [157/288] cue=2 c1=30° c2=0°USING PRECUED ITEMS - SHOULD NEVER BE DONE IN TRAINING
  Ablated_1:1.365  Student_0:0.955  Student_1:1.267  Student_0:0.509  Student_1:0.139  Student_1:0.396
  [158/288] cue=2 c1=30° c2=30°USING PRECUED ITEMS - SHOULD NEVER BE DONE IN TRAINING
  Ablated_1:1.008  Student_0:0.491  Student_1:0.795  Student_0:0.667  Student_1:0.307  Student_1:0.382
  [159/288] cue=2 c1=30° c2=60°USING PRECUED ITEMS - SHOULD NEVER BE DONE IN TRAINING
  Ablated_1:0.570  Student_0:0.307  Student_1:0.454  Student_0:0.459  Student_1:0.268  Student_1:0.230
  [160/288] cue=2 c1=30° c2=90°USING PRECUED ITEMS - SHOULD NEVER BE DONE IN TRAINING
  Ablated_1:0.622  Student_0:0.418  Student_1:0.625  Student_0:0.596  Student_1:0.093  Student_1:0.581
  [161/288] cue=2 c1=30° c2=120°USING PRECUED ITEMS - SHOULD NEVER BE DONE IN TRAINING
  Ablated_1:1.151  Student_0:0.330  Student_1:1.154  Student_0:1.212  Student_1:0.127  Student_1:1.215
  [162/288] cue=2 c1=30° c2=150°USING PRECUED ITEMS - SHOULD NEVER BE DONE IN TRAINING
  Ablated_1:1.395  Student_0:0.328  Student_1:1.418  Student_0:1.554  Student_1:0.077  Student_1:1.581
  [163/288] cue=2 c1=30° c2=180°USING PRECUED ITEMS - SHOULD NEVER BE DONE IN TRAINING
  Ablated_1:1.399  Student_0:0.276  Student_1:1.461  Student_0:1.560  Student_1:0.092  Student_1:1.622
  [164/288] cue=2 c1=30° c2=210°USING PRECUED ITEMS - SHOULD NEVER BE DONE IN TRAINING
  Ablated_1:1.345  Student_0:0.274  Student_1:1.252  Student_0:1.513  Student_1:0.281  Student_1:1.428
  [165/288] cue=2 c1=30° c2=240°USING PRECUED ITEMS - SHOULD NEVER BE DONE IN TRAINING
  Ablated_1:1.055  Student_0:0.295  Student_1:0.968  Student_0:0.985  Student_1:0.121  Student_1:0.904
  [166/288] cue=2 c1=30° c2=270°USING PRECUED ITEMS - SHOULD NEVER BE DONE IN TRAINING
  Ablated_1:1.958  Student_0:1.026  Student_1:1.842  Student_0:1.173  Student_1:0.217  Student_1:1.043
  [167/288] cue=2 c1=30° c2=300°USING PRECUED ITEMS - SHOULD NEVER BE DONE IN TRAINING
  Ablated_1:1.899  Student_0:1.473  Student_1:1.923  Student_0:0.748  Student_1:0.201  Student_1:0.660
  [168/288] cue=2 c1=30° c2=330°USING PRECUED ITEMS - SHOULD NEVER BE DONE IN TRAINING
  Ablated_1:1.620  Student_0:1.170  Student_1:1.575  Student_0:0.624  Student_1:0.072  Student_1:0.577
  [169/288] cue=2 c1=60° c2=0°USING PRECUED ITEMS - SHOULD NEVER BE DONE IN TRAINING
  Ablated_1:1.239  Student_0:0.962  Student_1:1.229  Student_0:0.361  Student_1:0.056  Student_1:0.339
  [170/288] cue=2 c1=60° c2=30°USING PRECUED ITEMS - SHOULD NEVER BE DONE IN TRAINING
  Ablated_1:0.787  Student_0:0.676  Student_1:0.785  Student_0:0.310  Student_1:0.104  Student_1:0.246
  [171/288] cue=2 c1=60° c2=60°USING PRECUED ITEMS - SHOULD NEVER BE DONE IN TRAINING
  Ablated_1:0.409  Student_0:0.256  Student_1:0.373  Student_0:0.321  Student_1:0.094  Student_1:0.316
  [172/288] cue=2 c1=60° c2=90°USING PRECUED ITEMS - SHOULD NEVER BE DONE IN TRAINING
  Ablated_1:0.468  Student_0:0.285  Student_1:0.531  Student_0:0.611  Student_1:0.106  Student_1:0.690
  [173/288] cue=2 c1=60° c2=120°USING PRECUED ITEMS - SHOULD NEVER BE DONE IN TRAINING
  Ablated_1:1.001  Student_0:0.332  Student_1:1.022  Student_0:1.201  Student_1:0.065  Student_1:1.218
  [174/288] cue=2 c1=60° c2=150°USING PRECUED ITEMS - SHOULD NEVER BE DONE IN TRAINING
  Ablated_1:1.462  Student_0:0.520  Student_1:1.499  Student_0:1.603  Student_1:0.209  Student_1:1.661
  [175/288] cue=2 c1=60° c2=180°USING PRECUED ITEMS - SHOULD NEVER BE DONE IN TRAINING
  Ablated_1:1.450  Student_0:0.791  Student_1:1.709  Student_0:1.457  Student_1:0.270  Student_1:1.435
  [176/288] cue=2 c1=60° c2=210°USING PRECUED ITEMS - SHOULD NEVER BE DONE IN TRAINING
  Ablated_1:1.258  Student_0:0.864  Student_1:1.324  Student_0:1.070  Student_1:0.088  Student_1:1.027
  [177/288] cue=2 c1=60° c2=240°USING PRECUED ITEMS - SHOULD NEVER BE DONE IN TRAINING
  Ablated_1:0.624  Student_0:0.249  Student_1:0.512  Student_0:0.639  Student_1:0.204  Student_1:0.723
  [178/288] cue=2 c1=60° c2=270°USING PRECUED ITEMS - SHOULD NEVER BE DONE IN TRAINING
  Ablated_1:1.518  Student_0:0.988  Student_1:1.469  Student_0:0.672  Student_1:0.088  Student_1:0.631
  [179/288] cue=2 c1=60° c2=300°USING PRECUED ITEMS - SHOULD NEVER BE DONE IN TRAINING
  Ablated_1:1.782  Student_0:1.191  Student_1:1.791  Student_0:0.742  Student_1:0.087  Student_1:0.733
  [180/288] cue=2 c1=60° c2=330°USING PRECUED ITEMS - SHOULD NEVER BE DONE IN TRAINING
  Ablated_1:1.362  Student_0:0.990  Student_1:1.395  Student_0:0.554  Student_1:0.053  Student_1:0.588
  [181/288] cue=2 c1=90° c2=0°USING PRECUED ITEMS - SHOULD NEVER BE DONE IN TRAINING
  Ablated_1:1.366  Student_0:1.357  Student_1:1.379  Student_0:0.603  Student_1:0.028  Student_1:0.619
  [182/288] cue=2 c1=90° c2=30°USING PRECUED ITEMS - SHOULD NEVER BE DONE IN TRAINING
  Ablated_1:0.829  Student_0:0.789  Student_1:0.842  Student_0:0.528  Student_1:0.041  Student_1:0.549
  [183/288] cue=2 c1=90° c2=60°USING PRECUED ITEMS - SHOULD NEVER BE DONE IN TRAINING
  Ablated_1:0.437  Student_0:0.413  Student_1:0.402  Student_0:0.539  Student_1:0.090  Student_1:0.545
  [184/288] cue=2 c1=90° c2=90°USING PRECUED ITEMS - SHOULD NEVER BE DONE IN TRAINING
  Ablated_1:0.668  Student_0:0.229  Student_1:0.694  Student_0:0.773  Student_1:0.219  Student_1:0.804
  [185/288] cue=2 c1=90° c2=120°USING PRECUED ITEMS - SHOULD NEVER BE DONE IN TRAINING
  Ablated_1:1.364  Student_0:0.387  Student_1:1.289  Student_0:1.262  Student_1:0.192  Student_1:1.216
  [186/288] cue=2 c1=90° c2=150°USING PRECUED ITEMS - SHOULD NEVER BE DONE IN TRAINING
  Ablated_1:1.752  Student_0:1.020  Student_1:1.707  Student_0:1.272  Student_1:0.189  Student_1:1.324
  [187/288] cue=2 c1=90° c2=180°USING PRECUED ITEMS - SHOULD NEVER BE DONE IN TRAINING
  Ablated_1:1.683  Student_0:1.388  Student_1:1.678  Student_0:1.043  Student_1:0.062  Student_1:1.034
Saved plot: results/ablation1_vs_students_sweep/sweep_plots/trial0186_cue2_c190_c2180.png
  [188/288] cue=2 c1=90° c2=210°USING PRECUED ITEMS - SHOULD NEVER BE DONE IN TRAINING
  Ablated_1:0.784  Student_0:0.970  Student_1:0.966  Student_0:1.134  Student_1:0.255  Student_1:1.012
  [189/288] cue=2 c1=90° c2=240°USING PRECUED ITEMS - SHOULD NEVER BE DONE IN TRAINING
  Ablated_1:0.879  Student_0:0.445  Student_1:0.996  Student_0:1.242  Student_1:0.206  Student_1:1.349
  [190/288] cue=2 c1=90° c2=270°USING PRECUED ITEMS - SHOULD NEVER BE DONE IN TRAINING
  Ablated_1:1.599  Student_0:0.396  Student_1:1.669  Student_0:1.242  Student_1:0.173  Student_1:1.311
  [191/288] cue=2 c1=90° c2=300°USING PRECUED ITEMS - SHOULD NEVER BE DONE IN TRAINING
  Ablated_1:1.719  Student_0:0.952  Student_1:1.734  Student_0:0.943  Student_1:0.044  Student_1:0.956
  [192/288] cue=2 c1=90° c2=330°USING PRECUED ITEMS - SHOULD NEVER BE DONE IN TRAINING
  Ablated_1:1.742  Student_0:1.513  Student_1:1.737  Student_0:0.752  Student_1:0.028  Student_1:0.755
  [193/288] cue=2 c1=120° c2=0°USING PRECUED ITEMS - SHOULD NEVER BE DONE IN TRAINING
  Ablated_1:1.290  Student_0:0.773  Student_1:1.273  Student_0:0.993  Student_1:0.063  Student_1:0.992
  [194/288] cue=2 c1=120° c2=30°USING PRECUED ITEMS - SHOULD NEVER BE DONE IN TRAINING
  Ablated_1:0.986  Student_0:0.174  Student_1:0.992  Student_0:0.923  Student_1:0.097  Student_1:0.929
  [195/288] cue=2 c1=120° c2=60°USING PRECUED ITEMS - SHOULD NEVER BE DONE IN TRAINING
  Ablated_1:0.619  Student_0:0.394  Student_1:0.610  Student_0:0.788  Student_1:0.041  Student_1:0.778
  [196/288] cue=2 c1=120° c2=90°USING PRECUED ITEMS - SHOULD NEVER BE DONE IN TRAINING
  Ablated_1:0.668  Student_0:0.304  Student_1:0.751  Student_0:0.664  Student_1:0.105  Student_1:0.730
  [197/288] cue=2 c1=120° c2=120°USING PRECUED ITEMS - SHOULD NEVER BE DONE IN TRAINING
  Ablated_1:0.926  Student_0:1.184  Student_1:0.943  Student_0:0.780  Student_1:0.235  Student_1:0.921
  [198/288] cue=2 c1=120° c2=150°USING PRECUED ITEMS - SHOULD NEVER BE DONE IN TRAINING
  Ablated_1:1.171  Student_0:1.700  Student_1:1.095  Student_0:1.405  Student_1:0.150  Student_1:1.449
  [199/288] cue=2 c1=120° c2=180°USING PRECUED ITEMS - SHOULD NEVER BE DONE IN TRAINING
  Ablated_1:0.899  Student_0:1.173  Student_1:0.942  Student_0:1.218  Student_1:0.093  Student_1:1.187
  [200/288] cue=2 c1=120° c2=210°USING PRECUED ITEMS - SHOULD NEVER BE DONE IN TRAINING
  Ablated_1:0.921  Student_0:0.666  Student_1:0.889  Student_0:1.346  Student_1:0.074  Student_1:1.311
  [201/288] cue=2 c1=120° c2=240°USING PRECUED ITEMS - SHOULD NEVER BE DONE IN TRAINING
  Ablated_1:1.115  Student_0:0.185  Student_1:1.240  Student_0:1.204  Student_1:0.194  Student_1:1.326
  [202/288] cue=2 c1=120° c2=270°USING PRECUED ITEMS - SHOULD NEVER BE DONE IN TRAINING
  Ablated_1:1.596  Student_0:0.752  Student_1:1.622  Student_0:1.065  Student_1:0.093  Student_1:1.104
  [203/288] cue=2 c1=120° c2=300°USING PRECUED ITEMS - SHOULD NEVER BE DONE IN TRAINING
  Ablated_1:2.219  Student_0:2.162  Student_1:2.159  Student_0:1.242  Student_1:0.110  Student_1:1.223
  [204/288] cue=2 c1=120° c2=330°USING PRECUED ITEMS - SHOULD NEVER BE DONE IN TRAINING
  Ablated_1:1.698  Student_0:1.558  Student_1:1.727  Student_0:1.128  Student_1:0.075  Student_1:1.162
  [205/288] cue=2 c1=150° c2=0°USING PRECUED ITEMS - SHOULD NEVER BE DONE IN TRAINING
  Ablated_1:1.337  Student_0:0.520  Student_1:1.311  Student_0:1.164  Student_1:0.070  Student_1:1.146
  [206/288] cue=2 c1=150° c2=30°USING PRECUED ITEMS - SHOULD NEVER BE DONE IN TRAINING
  Ablated_1:1.020  Student_0:0.333  Student_1:1.063  Student_0:0.967  Student_1:0.069  Student_1:1.005
  [207/288] cue=2 c1=150° c2=60°USING PRECUED ITEMS - SHOULD NEVER BE DONE IN TRAINING
  Ablated_1:0.716  Student_0:0.671  Student_1:0.796  Student_0:1.125  Student_1:0.230  Student_1:1.117
  [208/288] cue=2 c1=150° c2=90°USING PRECUED ITEMS - SHOULD NEVER BE DONE IN TRAINING
  Ablated_1:1.398  Student_0:1.429  Student_1:1.462  Student_0:0.974  Student_1:0.117  Student_1:0.904
  [209/288] cue=2 c1=150° c2=120°USING PRECUED ITEMS - SHOULD NEVER BE DONE IN TRAINING
  Ablated_1:0.685  Student_0:1.940  Student_1:1.014  Student_0:1.557  Student_1:0.357  Student_1:1.334
  [210/288] cue=2 c1=150° c2=150°USING PRECUED ITEMS - SHOULD NEVER BE DONE IN TRAINING
  Ablated_1:0.636  Student_0:1.283  Student_1:0.619  Student_0:0.923  Student_1:0.098  Student_1:0.931
  [211/288] cue=2 c1=150° c2=180°USING PRECUED ITEMS - SHOULD NEVER BE DONE IN TRAINING
  Ablated_1:0.342  Student_0:0.518  Student_1:0.282  Student_0:0.605  Student_1:0.118  Student_1:0.613
  [212/288] cue=2 c1=150° c2=210°USING PRECUED ITEMS - SHOULD NEVER BE DONE IN TRAINING
  Ablated_1:0.446  Student_0:0.305  Student_1:0.461  Student_0:0.637  Student_1:0.150  Student_1:0.685
  [213/288] cue=2 c1=150° c2=240°USING PRECUED ITEMS - SHOULD NEVER BE DONE IN TRAINING
  Ablated_1:0.941  Student_0:0.188  Student_1:0.923  Student_0:0.810  Student_1:0.098  Student_1:0.807
  [214/288] cue=2 c1=150° c2=270°USING PRECUED ITEMS - SHOULD NEVER BE DONE IN TRAINING
  Ablated_1:1.347  Student_0:0.812  Student_1:1.334  Student_0:1.031  Student_1:0.085  Student_1:1.025
  [215/288] cue=2 c1=150° c2=300°USING PRECUED ITEMS - SHOULD NEVER BE DONE IN TRAINING
  Ablated_1:1.675  Student_0:1.554  Student_1:1.631  Student_0:1.368  Student_1:0.065  Student_1:1.340
  [216/288] cue=2 c1=150° c2=330°USING PRECUED ITEMS - SHOULD NEVER BE DONE IN TRAINING
  Ablated_1:1.399  Student_0:1.122  Student_1:1.441  Student_0:1.326  Student_1:0.203  Student_1:1.377
  [217/288] cue=2 c1=180° c2=0°USING PRECUED ITEMS - SHOULD NEVER BE DONE IN TRAINING
  Ablated_1:1.324  Student_0:0.143  Student_1:1.305  Student_0:1.222  Student_1:0.057  Student_1:1.204
  [218/288] cue=2 c1=180° c2=30°USING PRECUED ITEMS - SHOULD NEVER BE DONE IN TRAINING
  Ablated_1:1.103  Student_0:0.269  Student_1:0.981  Student_0:1.292  Student_1:0.326  Student_1:1.159
  [219/288] cue=2 c1=180° c2=60°USING PRECUED ITEMS - SHOULD NEVER BE DONE IN TRAINING
  Ablated_1:1.919  Student_0:1.434  Student_1:1.874  Student_0:1.138  Student_1:0.096  Student_1:1.185
  [220/288] cue=2 c1=180° c2=90°USING PRECUED ITEMS - SHOULD NEVER BE DONE IN TRAINING
  Ablated_1:1.639  Student_0:2.172  Student_1:1.643  Student_0:1.362  Student_1:0.052  Student_1:1.340
Saved plot: results/ablation1_vs_students_sweep/sweep_plots/trial0219_cue2_c1180_c290.png
  [221/288] cue=2 c1=180° c2=120°USING PRECUED ITEMS - SHOULD NEVER BE DONE IN TRAINING
  Ablated_1:0.817  Student_0:1.331  Student_1:0.693  Student_0:1.120  Student_1:0.220  Student_1:1.212
  [222/288] cue=2 c1=180° c2=150°USING PRECUED ITEMS - SHOULD NEVER BE DONE IN TRAINING
  Ablated_1:0.424  Student_0:0.642  Student_1:0.460  Student_0:0.521  Student_1:0.077  Student_1:0.503
  [223/288] cue=2 c1=180° c2=180°USING PRECUED ITEMS - SHOULD NEVER BE DONE IN TRAINING
  Ablated_1:0.317  Student_0:0.289  Student_1:0.328  Student_0:0.430  Student_1:0.128  Student_1:0.399
  [224/288] cue=2 c1=180° c2=210°USING PRECUED ITEMS - SHOULD NEVER BE DONE IN TRAINING
  Ablated_1:0.345  Student_0:0.136  Student_1:0.333  Student_0:0.383  Student_1:0.130  Student_1:0.373
  [225/288] cue=2 c1=180° c2=240°USING PRECUED ITEMS - SHOULD NEVER BE DONE IN TRAINING
  Ablated_1:0.621  Student_0:0.299  Student_1:0.640  Student_0:0.503  Student_1:0.067  Student_1:0.534
  [226/288] cue=2 c1=180° c2=270°USING PRECUED ITEMS - SHOULD NEVER BE DONE IN TRAINING
  Ablated_1:1.075  Student_0:0.943  Student_1:1.032  Student_0:1.351  Student_1:0.063  Student_1:1.309
  [227/288] cue=2 c1=180° c2=300°USING PRECUED ITEMS - SHOULD NEVER BE DONE IN TRAINING
  Ablated_1:1.200  Student_0:1.054  Student_1:1.160  Student_0:1.302  Student_1:0.053  Student_1:1.281
  [228/288] cue=2 c1=180° c2=330°USING PRECUED ITEMS - SHOULD NEVER BE DONE IN TRAINING
  Ablated_1:1.245  Student_0:0.467  Student_1:1.234  Student_0:1.180  Student_1:0.046  Student_1:1.173
  [229/288] cue=2 c1=210° c2=0°USING PRECUED ITEMS - SHOULD NEVER BE DONE IN TRAINING
  Ablated_1:1.233  Student_0:0.244  Student_1:1.203  Student_0:1.368  Student_1:0.101  Student_1:1.337
  [230/288] cue=2 c1=210° c2=30°USING PRECUED ITEMS - SHOULD NEVER BE DONE IN TRAINING
  Ablated_1:1.346  Student_0:1.554  Student_1:1.526  Student_0:1.257  Student_1:0.237  Student_1:1.162
  [231/288] cue=2 c1=210° c2=60°USING PRECUED ITEMS - SHOULD NEVER BE DONE IN TRAINING
  Ablated_1:2.211  Student_0:2.169  Student_1:2.353  Student_0:1.069  Student_1:0.172  Student_1:0.958
  [232/288] cue=2 c1=210° c2=90°USING PRECUED ITEMS - SHOULD NEVER BE DONE IN TRAINING
  Ablated_1:1.446  Student_0:1.843  Student_1:1.363  Student_0:1.298  Student_1:0.098  Student_1:1.342
  [233/288] cue=2 c1=210° c2=120°USING PRECUED ITEMS - SHOULD NEVER BE DONE IN TRAINING
  Ablated_1:0.662  Student_0:0.946  Student_1:0.611  Student_0:0.826  Student_1:0.094  Student_1:0.857
  [234/288] cue=2 c1=210° c2=150°USING PRECUED ITEMS - SHOULD NEVER BE DONE IN TRAINING
  Ablated_1:0.573  Student_0:0.262  Student_1:0.572  Student_0:0.546  Student_1:0.095  Student_1:0.519
  [235/288] cue=2 c1=210° c2=180°USING PRECUED ITEMS - SHOULD NEVER BE DONE IN TRAINING
  Ablated_1:0.406  Student_0:0.239  Student_1:0.431  Student_0:0.401  Student_1:0.062  Student_1:0.413
  [236/288] cue=2 c1=210° c2=210°USING PRECUED ITEMS - SHOULD NEVER BE DONE IN TRAINING
  Ablated_1:0.627  Student_0:0.227  Student_1:0.492  Student_0:0.653  Student_1:0.161  Student_1:0.515
  [237/288] cue=2 c1=210° c2=240°USING PRECUED ITEMS - SHOULD NEVER BE DONE IN TRAINING
  Ablated_1:0.838  Student_0:0.300  Student_1:0.766  Student_0:0.954  Student_1:0.089  Student_1:0.877
  [238/288] cue=2 c1=210° c2=270°USING PRECUED ITEMS - SHOULD NEVER BE DONE IN TRAINING
  Ablated_1:0.667  Student_0:0.476  Student_1:0.691  Student_0:0.898  Student_1:0.044  Student_1:0.918
  [239/288] cue=2 c1=210° c2=300°USING PRECUED ITEMS - SHOULD NEVER BE DONE IN TRAINING
  Ablated_1:0.836  Student_0:0.323  Student_1:0.844  Student_0:0.811  Student_1:0.065  Student_1:0.809
  [240/288] cue=2 c1=210° c2=330°USING PRECUED ITEMS - SHOULD NEVER BE DONE IN TRAINING
  Ablated_1:1.072  Student_0:0.378  Student_1:1.024  Student_0:0.869  Student_1:0.094  Student_1:0.815
  [241/288] cue=2 c1=240° c2=0°USING PRECUED ITEMS - SHOULD NEVER BE DONE IN TRAINING
  Ablated_1:1.172  Student_0:0.081  Student_1:1.108  Student_0:1.179  Student_1:0.081  Student_1:1.115
  [242/288] cue=2 c1=240° c2=30°USING PRECUED ITEMS - SHOULD NEVER BE DONE IN TRAINING
  Ablated_1:0.913  Student_0:1.149  Student_1:1.012  Student_0:1.252  Student_1:0.171  Student_1:1.136
  [243/288] cue=2 c1=240° c2=60°USING PRECUED ITEMS - SHOULD NEVER BE DONE IN TRAINING
  Ablated_1:2.256  Student_0:1.633  Student_1:2.002  Student_0:0.899  Student_1:0.261  Student_1:0.891
  [244/288] cue=2 c1=240° c2=90°USING PRECUED ITEMS - SHOULD NEVER BE DONE IN TRAINING
  Ablated_1:1.036  Student_0:1.275  Student_1:1.124  Student_0:1.215  Student_1:0.139  Student_1:1.169
  [245/288] cue=2 c1=240° c2=120°USING PRECUED ITEMS - SHOULD NEVER BE DONE IN TRAINING
  Ablated_1:0.782  Student_0:0.486  Student_1:0.799  Student_0:0.868  Student_1:0.073  Student_1:0.870
  [246/288] cue=2 c1=240° c2=150°USING PRECUED ITEMS - SHOULD NEVER BE DONE IN TRAINING
  Ablated_1:0.725  Student_0:0.082  Student_1:0.723  Student_0:0.713  Student_1:0.068  Student_1:0.711
  [247/288] cue=2 c1=240° c2=180°USING PRECUED ITEMS - SHOULD NEVER BE DONE IN TRAINING
  Ablated_1:0.521  Student_0:0.224  Student_1:0.521  Student_0:0.596  Student_1:0.084  Student_1:0.590
  [248/288] cue=2 c1=240° c2=210°USING PRECUED ITEMS - SHOULD NEVER BE DONE IN TRAINING
  Ablated_1:0.903  Student_0:0.149  Student_1:0.789  Student_0:0.932  Student_1:0.142  Student_1:0.808
Saved plot: results/ablation1_vs_students_sweep/sweep_plots/trial0247_cue2_c1240_c2210.png
  [249/288] cue=2 c1=240° c2=240°USING PRECUED ITEMS - SHOULD NEVER BE DONE IN TRAINING
  Ablated_1:0.699  Student_0:0.249  Student_1:0.845  Student_0:0.596  Student_1:0.154  Student_1:0.707
  [250/288] cue=2 c1=240° c2=270°USING PRECUED ITEMS - SHOULD NEVER BE DONE IN TRAINING
  Ablated_1:0.472  Student_0:0.316  Student_1:0.563  Student_0:0.637  Student_1:0.164  Student_1:0.645
  [251/288] cue=2 c1=240° c2=300°USING PRECUED ITEMS - SHOULD NEVER BE DONE IN TRAINING
  Ablated_1:0.489  Student_0:0.452  Student_1:0.496  Student_0:0.567  Student_1:0.028  Student_1:0.583
  [252/288] cue=2 c1=240° c2=330°USING PRECUED ITEMS - SHOULD NEVER BE DONE IN TRAINING
  Ablated_1:0.681  Student_0:0.281  Student_1:0.615  Student_0:0.517  Student_1:0.126  Student_1:0.495
  [253/288] cue=2 c1=270° c2=0°USING PRECUED ITEMS - SHOULD NEVER BE DONE IN TRAINING
  Ablated_1:1.353  Student_0:0.486  Student_1:1.293  Student_0:0.949  Student_1:0.098  Student_1:0.886
  [254/288] cue=2 c1=270° c2=30°USING PRECUED ITEMS - SHOULD NEVER BE DONE IN TRAINING
  Ablated_1:1.067  Student_0:0.326  Student_1:1.159  Student_0:0.785  Student_1:0.226  Student_1:0.873
  [255/288] cue=2 c1=270° c2=60°USING PRECUED ITEMS - SHOULD NEVER BE DONE IN TRAINING
  Ablated_1:0.907  Student_0:0.317  Student_1:0.830  Student_0:0.788  Student_1:0.097  Student_1:0.721
  [256/288] cue=2 c1=270° c2=90°USING PRECUED ITEMS - SHOULD NEVER BE DONE IN TRAINING
  Ablated_1:0.636  Student_0:0.657  Student_1:0.626  Student_0:1.117  Student_1:0.136  Student_1:1.048
  [257/288] cue=2 c1=270° c2=120°USING PRECUED ITEMS - SHOULD NEVER BE DONE IN TRAINING
  Ablated_1:0.838  Student_0:0.205  Student_1:0.845  Student_0:0.854  Student_1:0.065  Student_1:0.857
  [258/288] cue=2 c1=270° c2=150°USING PRECUED ITEMS - SHOULD NEVER BE DONE IN TRAINING
  Ablated_1:0.824  Student_0:0.327  Student_1:0.803  Student_0:0.878  Student_1:0.132  Student_1:0.851
  [259/288] cue=2 c1=270° c2=180°USING PRECUED ITEMS - SHOULD NEVER BE DONE IN TRAINING
  Ablated_1:1.075  Student_0:0.528  Student_1:1.075  Student_0:1.276  Student_1:0.099  Student_1:1.255
  [260/288] cue=2 c1=270° c2=210°USING PRECUED ITEMS - SHOULD NEVER BE DONE IN TRAINING
  Ablated_1:1.092  Student_0:0.360  Student_1:1.149  Student_0:1.283  Student_1:0.180  Student_1:1.370
  [261/288] cue=2 c1=270° c2=240°USING PRECUED ITEMS - SHOULD NEVER BE DONE IN TRAINING
  Ablated_1:0.717  Student_0:0.346  Student_1:0.715  Student_0:0.682  Student_1:0.025  Student_1:0.682
  [262/288] cue=2 c1=270° c2=270°USING PRECUED ITEMS - SHOULD NEVER BE DONE IN TRAINING
  Ablated_1:0.486  Student_0:0.598  Student_1:0.502  Student_0:0.636  Student_1:0.076  Student_1:0.628
  [263/288] cue=2 c1=270° c2=300°USING PRECUED ITEMS - SHOULD NEVER BE DONE IN TRAINING
  Ablated_1:0.237  Student_0:0.399  Student_1:0.235  Student_0:0.582  Student_1:0.096  Student_1:0.587
  [264/288] cue=2 c1=270° c2=330°USING PRECUED ITEMS - SHOULD NEVER BE DONE IN TRAINING
  Ablated_1:0.623  Student_0:0.256  Student_1:0.496  Student_0:0.470  Student_1:0.146  Student_1:0.370
  [265/288] cue=2 c1=300° c2=0°USING PRECUED ITEMS - SHOULD NEVER BE DONE IN TRAINING
  Ablated_1:1.487  Student_0:0.696  Student_1:1.470  Student_0:0.870  Student_1:0.164  Student_1:0.882
  [266/288] cue=2 c1=300° c2=30°USING PRECUED ITEMS - SHOULD NEVER BE DONE IN TRAINING
  Ablated_1:1.120  Student_0:0.426  Student_1:1.112  Student_0:0.731  Student_1:0.174  Student_1:0.723
  [267/288] cue=2 c1=300° c2=60°USING PRECUED ITEMS - SHOULD NEVER BE DONE IN TRAINING
  Ablated_1:0.623  Student_0:0.228  Student_1:0.579  Student_0:0.419  Student_1:0.094  Student_1:0.407
  [268/288] cue=2 c1=300° c2=90°USING PRECUED ITEMS - SHOULD NEVER BE DONE IN TRAINING
  Ablated_1:0.730  Student_0:0.291  Student_1:0.736  Student_0:0.550  Student_1:0.086  Student_1:0.554
  [269/288] cue=2 c1=300° c2=120°USING PRECUED ITEMS - SHOULD NEVER BE DONE IN TRAINING
  Ablated_1:1.210  Student_0:0.677  Student_1:1.214  Student_0:0.935  Student_1:0.055  Student_1:0.938
  [270/288] cue=2 c1=300° c2=150°USING PRECUED ITEMS - SHOULD NEVER BE DONE IN TRAINING
  Ablated_1:1.274  Student_0:0.594  Student_1:1.321  Student_0:1.374  Student_1:0.106  Student_1:1.402
  [271/288] cue=2 c1=300° c2=180°USING PRECUED ITEMS - SHOULD NEVER BE DONE IN TRAINING
  Ablated_1:1.284  Student_0:0.522  Student_1:1.319  Student_0:1.475  Student_1:0.083  Student_1:1.511
  [272/288] cue=2 c1=300° c2=210°USING PRECUED ITEMS - SHOULD NEVER BE DONE IN TRAINING
  Ablated_1:1.280  Student_0:0.253  Student_1:1.314  Student_0:1.374  Student_1:0.070  Student_1:1.394
  [273/288] cue=2 c1=300° c2=240°USING PRECUED ITEMS - SHOULD NEVER BE DONE IN TRAINING
  Ablated_1:0.972  Student_0:0.591  Student_1:0.968  Student_0:0.816  Student_1:0.035  Student_1:0.823
  [274/288] cue=2 c1=300° c2=270°USING PRECUED ITEMS - SHOULD NEVER BE DONE IN TRAINING
  Ablated_1:0.470  Student_0:0.635  Student_1:0.488  Student_0:0.602  Student_1:0.071  Student_1:0.588
  [275/288] cue=2 c1=300° c2=300°USING PRECUED ITEMS - SHOULD NEVER BE DONE IN TRAINING
  Ablated_1:0.261  Student_0:0.552  Student_1:0.147  Student_0:0.491  Student_1:0.166  Student_1:0.508
  [276/288] cue=2 c1=300° c2=330°USING PRECUED ITEMS - SHOULD NEVER BE DONE IN TRAINING
  Ablated_1:0.723  Student_0:0.426  Student_1:0.708  Student_0:0.524  Student_1:0.156  Student_1:0.430
  [277/288] cue=2 c1=330° c2=0°USING PRECUED ITEMS - SHOULD NEVER BE DONE IN TRAINING
  Ablated_1:1.446  Student_0:0.821  Student_1:1.476  Student_0:0.741  Student_1:0.115  Student_1:0.795
  [278/288] cue=2 c1=330° c2=30°USING PRECUED ITEMS - SHOULD NEVER BE DONE IN TRAINING
  Ablated_1:1.051  Student_0:0.609  Student_1:1.089  Student_0:0.552  Student_1:0.052  Student_1:0.589
  [279/288] cue=2 c1=330° c2=60°USING PRECUED ITEMS - SHOULD NEVER BE DONE IN TRAINING
  Ablated_1:0.729  Student_0:0.405  Student_1:0.723  Student_0:0.442  Student_1:0.165  Student_1:0.401
  [280/288] cue=2 c1=330° c2=90°USING PRECUED ITEMS - SHOULD NEVER BE DONE IN TRAINING
  Ablated_1:0.818  Student_0:0.643  Student_1:0.826  Student_0:0.495  Student_1:0.047  Student_1:0.509
  [281/288] cue=2 c1=330° c2=120°USING PRECUED ITEMS - SHOULD NEVER BE DONE IN TRAINING
  Ablated_1:1.285  Student_0:0.747  Student_1:1.303  Student_0:1.003  Student_1:0.077  Student_1:1.019
  [282/288] cue=2 c1=330° c2=150°USING PRECUED ITEMS - SHOULD NEVER BE DONE IN TRAINING
  Ablated_1:1.346  Student_0:0.532  Student_1:1.419  Student_0:1.386  Student_1:0.252  Student_1:1.427
  [283/288] cue=2 c1=330° c2=180°USING PRECUED ITEMS - SHOULD NEVER BE DONE IN TRAINING
  Ablated_1:1.602  Student_0:0.248  Student_1:1.627  Student_0:1.597  Student_1:0.084  Student_1:1.623
  [284/288] cue=2 c1=330° c2=210°USING PRECUED ITEMS - SHOULD NEVER BE DONE IN TRAINING
  Ablated_1:1.558  Student_0:0.247  Student_1:1.590  Student_0:1.508  Student_1:0.106  Student_1:1.543
  [285/288] cue=2 c1=330° c2=240°USING PRECUED ITEMS - SHOULD NEVER BE DONE IN TRAINING
  Ablated_1:1.297  Student_0:0.534  Student_1:1.244  Student_0:1.058  Student_1:0.123  Student_1:1.007
  [286/288] cue=2 c1=330° c2=270°USING PRECUED ITEMS - SHOULD NEVER BE DONE IN TRAINING
  Ablated_1:1.217  Student_0:0.887  Student_1:1.093  Student_0:0.610  Student_1:0.136  Student_1:0.506
  [287/288] cue=2 c1=330° c2=300°USING PRECUED ITEMS - SHOULD NEVER BE DONE IN TRAINING
  Ablated_1:1.099  Student_0:0.778  Student_1:1.242  Student_0:0.654  Student_1:0.257  Student_1:0.642
  [288/288] cue=2 c1=330° c2=330°USING PRECUED ITEMS - SHOULD NEVER BE DONE IN TRAINING
  Ablated_1:1.566  Student_0:0.799  Student_1:1.576  Student_0:0.946  Student_1:0.118  Student_1:0.934

Saved sweep SW scores: results/ablation1_vs_students_sweep/sw_sweep.csv

Mean sliced-Wasserstein per pair (overall / same-color / different-color):
  sw_Healthy_vs_Ablated_1: 1.068497  same=0.722036  diff=1.099993
  sw_Healthy_vs_Student_0: 0.634108  same=0.565001  diff=0.640390
  sw_Healthy_vs_Student_1: 1.069084  same=0.700683  diff=1.102575
  sw_Ablated_1_vs_Student_0: 0.931083  same=0.627628  diff=0.958670
  sw_Ablated_1_vs_Student_1: 0.122740  same=0.168801  diff=0.118552
  sw_Student_0_vs_Student_1: 0.928559  same=0.633587  diff=0.955375

Teacher-vs-students aggregate (mean over student SW per trial):
  overall mean: 0.923896
  same-color:   0.662573
  diff-color:   0.947653
