
============================================================
Teacher: Healthy  |  Students: 1
Output:  results/all_teacher_student_sweeps/ablation_no_ablation
============================================================
  Mean sliced-Wasserstein per pair (overall / same-color / different-color):
    sw_Healthy_vs_Student_0: 0.431755  same=0.176723  diff=0.454940

============================================================
Teacher: Ablated_0  |  Students: 2
Output:  results/all_teacher_student_sweeps/ablation_0
============================================================
  Mean sliced-Wasserstein per pair (overall / same-color / different-color):
    sw_Ablated_0_vs_Student_0: 1.885065  same=2.646191  diff=1.815872
    sw_Ablated_0_vs_Student_1: 0.213731  same=0.732325  diff=0.166586
    sw_Student_0_vs_Student_1: 1.822590  same=2.791219  diff=1.734533
  

============================================================
Teacher: Ablated_1  |  Students: 5
Output:  results/all_teacher_student_sweeps/ablation_1
============================================================
  Mean sliced-Wasserstein per pair (overall / same-color / different-color):
    sw_Ablated_1_vs_Student_0: 0.107006  same=0.170925  diff=0.101195
    sw_Ablated_1_vs_Student_1: 0.127746  same=0.154627  diff=0.125302
    sw_Ablated_1_vs_Student_2: 0.127436  same=0.181619  diff=0.122510
    sw_Ablated_1_vs_Student_3: 0.407007  same=0.275819  diff=0.418934
    sw_Ablated_1_vs_Student_4: 0.412033  same=0.314226  diff=0.420925
    sw_Student_0_vs_Student_1: 0.109458  same=0.136235  diff=0.107024
    sw_Student_0_vs_Student_2: 0.101125  same=0.116336  diff=0.099743
    sw_Student_0_vs_Student_3: 0.415772  same=0.246332  diff=0.431176
    sw_Student_0_vs_Student_4: 0.421287  same=0.288855  diff=0.433327
    sw_Student_1_vs_Student_2: 0.116109  same=0.121230  diff=0.115644
    sw_Student_1_vs_Student_3: 0.405168  same=0.221632  diff=0.421853
    sw_Student_1_vs_Student_4: 0.412812  same=0.264380  diff=0.426306
    sw_Student_2_vs_Student_3: 0.431403  same=0.236311  diff=0.449138
    sw_Student_2_vs_Student_4: 0.437368  same=0.277393  diff=0.451911
    sw_Student_3_vs_Student_4: 0.091455  same=0.119785  diff=0.088880
  

============================================================
Teacher: Ablated_2  |  Students: 1
Output:  results/all_teacher_student_sweeps/ablation_2
============================================================
  Mean sliced-Wasserstein per pair (overall / same-color / different-color):
    sw_Ablated_2_vs_Student_0: 11.832683  same=0.391301  diff=12.872809

============================================================
Teacher: Ablated_3  |  Students: 1
Output:  results/all_teacher_student_sweeps/ablation_3
============================================================
  Mean sliced-Wasserstein per pair (overall / same-color / different-color):
    sw_Ablated_3_vs_Student_0: 8.650612  same=41.598736  diff=5.655328

============================================================
Teacher: Ablated_4  |  Students: 1
Output:  results/all_teacher_student_sweeps/ablation_4
============================================================
  Mean sliced-Wasserstein per pair (overall / same-color / different-color):
    sw_Ablated_4_vs_Student_0: 0.130864  same=0.224379  diff=0.122362

============================================================
Teacher: Ablated_5  |  Students: 1
Output:  results/all_teacher_student_sweeps/ablation_5
============================================================
  Mean sliced-Wasserstein per pair (overall / same-color / different-color):
    sw_Ablated_5_vs_Student_0: 0.122094  same=0.215043  diff=0.113644

============================================================
Teacher: Ablated_6  |  Students: 1
Output:  results/all_teacher_student_sweeps/ablation_6
============================================================
  Mean sliced-Wasserstein per pair (overall / same-color / different-color):
    sw_Ablated_6_vs_Student_0: 12.644295  same=13.055069  diff=12.606952

============================================================
Teacher: Ablated_7  |  Students: 1
Output:  results/all_teacher_student_sweeps/ablation_7
============================================================
  Mean sliced-Wasserstein per pair (overall / same-color / different-color):
    sw_Ablated_7_vs_Student_0: 0.112591  same=0.223030  diff=0.102551
Skipping direction '8' — no students found.

============================================================
Teacher: Ablated_9  |  Students: 1
Output:  results/all_teacher_student_sweeps/ablation_9
============================================================
  Mean sliced-Wasserstein per pair (overall / same-color / different-color):
    sw_Ablated_9_vs_Student_0: 155.870295  same=269.046894  diff=145.581513

============================================================
Teacher: Ablated_10  |  Students: 1
Output:  results/all_teacher_student_sweeps/ablation_10
============================================================
  Mean sliced-Wasserstein per pair (overall / same-color / different-color):
    sw_Ablated_10_vs_Student_0: 4.942697  same=0.199301  diff=5.373915

============================================================
Teacher: Ablated_11  |  Students: 2
Output:  results/all_teacher_student_sweeps/ablation_11
============================================================
  Mean sliced-Wasserstein per pair (overall / same-color / different-color):
    sw_Ablated_11_vs_Student_0: 296957.541225  same=370826.601703  diff=290242.172091
    sw_Ablated_11_vs_Student_1: 298571.110237  same=371919.257273  diff=291903.096870
    sw_Student_0_vs_Student_1: 2619.588857  same=2625.169092  diff=2619.081563
  

============================================================
Teacher: Ablated_12  |  Students: 2
Output:  results/all_teacher_student_sweeps/ablation_12
============================================================
  Mean sliced-Wasserstein per pair (overall / same-color / different-color):
    sw_Ablated_12_vs_Student_0: 0.064320  same=0.127377  diff=0.058588
    sw_Ablated_12_vs_Student_1: 0.071108  same=0.128703  diff=0.065872
    sw_Student_0_vs_Student_1: 0.044105  same=0.051571  diff=0.043427
  

============================================================
Teacher: Ablated_13  |  Students: 1
Output:  results/all_teacher_student_sweeps/ablation_13
============================================================
  Mean sliced-Wasserstein per pair (overall / same-color / different-color):
    sw_Ablated_13_vs_Student_0: 0.622120  same=0.167621  diff=0.663438

============================================================
Done. Ran: ['no_ablation', '0', '1', '2', '3', '4', '5', '6', '7', '9', '10', '11', '12', '13']
Skipped (no students): ['8']
