Loading models...
  [0] Ablated_12  (index_cued_first_diffusion_0.3_swap_7)
  [1] Student_0  (index_cued_first_diffusion_0.3_swap_recovery_ablation_12_0)
  [2] Student_1  (index_cued_first_diffusion_0.3_swap_recovery_ablation_12_1)
  [0] Ablated_12: ablating nullspace direction 12
Sweep: 288 trials (24 with same color, per 12^2 × 2 cues)
Reference model: [0] Ablated_12
Student models: ['Student_0', 'Student_1']
  [1/288] cue=1 c1=0° c2=0°USING PRECUED ITEMS - SHOULD NEVER BE DONE IN TRAINING
  Student_0:0.070  Student_1:0.095  Student_1:0.059  [self:0.030]
  [2/288] cue=1 c1=0° c2=30°USING PRECUED ITEMS - SHOULD NEVER BE DONE IN TRAINING
  Student_0:0.054  Student_1:0.049  Student_1:0.066  [self:0.017]
  [3/288] cue=1 c1=0° c2=60°USING PRECUED ITEMS - SHOULD NEVER BE DONE IN TRAINING
  Student_0:0.039  Student_1:0.052  Student_1:0.033  [self:0.024]
  [4/288] cue=1 c1=0° c2=90°USING PRECUED ITEMS - SHOULD NEVER BE DONE IN TRAINING
  Student_0:0.081  Student_1:0.092  Student_1:0.073  [self:0.026]
  [5/288] cue=1 c1=0° c2=120°USING PRECUED ITEMS - SHOULD NEVER BE DONE IN TRAINING
  Student_0:0.130  Student_1:0.124  Student_1:0.065  [self:0.064]
  [6/288] cue=1 c1=0° c2=150°USING PRECUED ITEMS - SHOULD NEVER BE DONE IN TRAINING
  Student_0:0.040  Student_1:0.068  Student_1:0.048  [self:0.048]
  [7/288] cue=1 c1=0° c2=180°USING PRECUED ITEMS - SHOULD NEVER BE DONE IN TRAINING
  Student_0:0.034  Student_1:0.030  Student_1:0.018  [self:0.014]
  [8/288] cue=1 c1=0° c2=210°USING PRECUED ITEMS - SHOULD NEVER BE DONE IN TRAINING
  Student_0:0.032  Student_1:0.033  Student_1:0.009  [self:0.009]
  [9/288] cue=1 c1=0° c2=240°USING PRECUED ITEMS - SHOULD NEVER BE DONE IN TRAINING
  Student_0:0.031  Student_1:0.051  Student_1:0.032  [self:0.016]
  [10/288] cue=1 c1=0° c2=270°USING PRECUED ITEMS - SHOULD NEVER BE DONE IN TRAINING
  Student_0:0.071  Student_1:0.081  Student_1:0.036  [self:0.028]
  [11/288] cue=1 c1=0° c2=300°USING PRECUED ITEMS - SHOULD NEVER BE DONE IN TRAINING
  Student_0:0.041  Student_1:0.051  Student_1:0.033  [self:0.013]
  [12/288] cue=1 c1=0° c2=330°USING PRECUED ITEMS - SHOULD NEVER BE DONE IN TRAINING
  Student_0:0.468  Student_1:0.386  Student_1:0.117  [self:0.070]
  [13/288] cue=1 c1=30° c2=0°USING PRECUED ITEMS - SHOULD NEVER BE DONE IN TRAINING
  Student_0:0.079  Student_1:0.078  Student_1:0.068  [self:0.049]
  [14/288] cue=1 c1=30° c2=30°USING PRECUED ITEMS - SHOULD NEVER BE DONE IN TRAINING
  Student_0:0.123  Student_1:0.083  Student_1:0.071  [self:0.039]
  [15/288] cue=1 c1=30° c2=60°USING PRECUED ITEMS - SHOULD NEVER BE DONE IN TRAINING
  Student_0:0.101  Student_1:0.093  Student_1:0.088  [self:0.051]
  [16/288] cue=1 c1=30° c2=90°USING PRECUED ITEMS - SHOULD NEVER BE DONE IN TRAINING
  Student_0:0.054  Student_1:0.056  Student_1:0.076  [self:0.022]
  [17/288] cue=1 c1=30° c2=120°USING PRECUED ITEMS - SHOULD NEVER BE DONE IN TRAINING
  Student_0:0.028  Student_1:0.026  Student_1:0.026  [self:0.012]
  [18/288] cue=1 c1=30° c2=150°USING PRECUED ITEMS - SHOULD NEVER BE DONE IN TRAINING
  Student_0:0.026  Student_1:0.024  Student_1:0.016  [self:0.009]
  [19/288] cue=1 c1=30° c2=180°USING PRECUED ITEMS - SHOULD NEVER BE DONE IN TRAINING
  Student_0:0.038  Student_1:0.044  Student_1:0.019  [self:0.011]
  [20/288] cue=1 c1=30° c2=210°USING PRECUED ITEMS - SHOULD NEVER BE DONE IN TRAINING
  Student_0:0.045  Student_1:0.050  Student_1:0.016  [self:0.030]
  [21/288] cue=1 c1=30° c2=240°USING PRECUED ITEMS - SHOULD NEVER BE DONE IN TRAINING
  Student_0:0.034  Student_1:0.062  Student_1:0.043  [self:0.033]
  [22/288] cue=1 c1=30° c2=270°USING PRECUED ITEMS - SHOULD NEVER BE DONE IN TRAINING
  Student_0:0.091  Student_1:0.096  Student_1:0.046  [self:0.032]
  [23/288] cue=1 c1=30° c2=300°USING PRECUED ITEMS - SHOULD NEVER BE DONE IN TRAINING
  Student_0:0.064  Student_1:0.089  Student_1:0.050  [self:0.027]
  [24/288] cue=1 c1=30° c2=330°USING PRECUED ITEMS - SHOULD NEVER BE DONE IN TRAINING
  Student_0:0.091  Student_1:0.110  Student_1:0.037  [self:0.054]
  [25/288] cue=1 c1=60° c2=0°USING PRECUED ITEMS - SHOULD NEVER BE DONE IN TRAINING
  Student_0:0.057  Student_1:0.135  Student_1:0.095  [self:0.054]
  [26/288] cue=1 c1=60° c2=30°USING PRECUED ITEMS - SHOULD NEVER BE DONE IN TRAINING
  Student_0:0.168  Student_1:0.110  Student_1:0.175  [self:0.046]
Saved plot: /scratch3/shaiq_home/repos/behaviour_ddpm/results/all_teacher_student_sweeps/ablation_12/sweep_plots/trial0025_cue1_c160_c230.png
  [27/288] cue=1 c1=60° c2=60°USING PRECUED ITEMS - SHOULD NEVER BE DONE IN TRAINING
  Student_0:0.038  Student_1:0.074  Student_1:0.060  [self:0.048]
  [28/288] cue=1 c1=60° c2=90°USING PRECUED ITEMS - SHOULD NEVER BE DONE IN TRAINING
  Student_0:0.038  Student_1:0.040  Student_1:0.013  [self:0.009]
  [29/288] cue=1 c1=60° c2=120°USING PRECUED ITEMS - SHOULD NEVER BE DONE IN TRAINING
  Student_0:0.029  Student_1:0.029  Student_1:0.012  [self:0.008]
  [30/288] cue=1 c1=60° c2=150°USING PRECUED ITEMS - SHOULD NEVER BE DONE IN TRAINING
  Student_0:0.025  Student_1:0.030  Student_1:0.013  [self:0.010]
  [31/288] cue=1 c1=60° c2=180°USING PRECUED ITEMS - SHOULD NEVER BE DONE IN TRAINING
  Student_0:0.032  Student_1:0.036  Student_1:0.012  [self:0.008]
  [32/288] cue=1 c1=60° c2=210°USING PRECUED ITEMS - SHOULD NEVER BE DONE IN TRAINING
  Student_0:0.043  Student_1:0.052  Student_1:0.018  [self:0.021]
  [33/288] cue=1 c1=60° c2=240°USING PRECUED ITEMS - SHOULD NEVER BE DONE IN TRAINING
  Student_0:0.046  Student_1:0.070  Student_1:0.037  [self:0.040]
  [34/288] cue=1 c1=60° c2=270°USING PRECUED ITEMS - SHOULD NEVER BE DONE IN TRAINING
  Student_0:0.061  Student_1:0.058  Student_1:0.029  [self:0.035]
  [35/288] cue=1 c1=60° c2=300°USING PRECUED ITEMS - SHOULD NEVER BE DONE IN TRAINING
  Student_0:0.096  Student_1:0.073  Student_1:0.065  [self:0.061]
  [36/288] cue=1 c1=60° c2=330°USING PRECUED ITEMS - SHOULD NEVER BE DONE IN TRAINING
  Student_0:0.047  Student_1:0.040  Student_1:0.032  [self:0.027]
  [37/288] cue=1 c1=90° c2=0°USING PRECUED ITEMS - SHOULD NEVER BE DONE IN TRAINING
  Student_0:0.046  Student_1:0.136  Student_1:0.108  [self:0.047]
  [38/288] cue=1 c1=90° c2=30°USING PRECUED ITEMS - SHOULD NEVER BE DONE IN TRAINING
  Student_0:0.078  Student_1:0.051  Student_1:0.038  [self:0.065]
  [39/288] cue=1 c1=90° c2=60°USING PRECUED ITEMS - SHOULD NEVER BE DONE IN TRAINING
  Student_0:0.055  Student_1:0.051  Student_1:0.011  [self:0.011]
  [40/288] cue=1 c1=90° c2=90°USING PRECUED ITEMS - SHOULD NEVER BE DONE IN TRAINING
  Student_0:0.058  Student_1:0.040  Student_1:0.030  [self:0.010]
  [41/288] cue=1 c1=90° c2=120°USING PRECUED ITEMS - SHOULD NEVER BE DONE IN TRAINING
  Student_0:0.023  Student_1:0.042  Student_1:0.038  [self:0.012]
  [42/288] cue=1 c1=90° c2=150°USING PRECUED ITEMS - SHOULD NEVER BE DONE IN TRAINING
  Student_0:0.025  Student_1:0.026  Student_1:0.014  [self:0.007]
  [43/288] cue=1 c1=90° c2=180°USING PRECUED ITEMS - SHOULD NEVER BE DONE IN TRAINING
  Student_0:0.036  Student_1:0.032  Student_1:0.010  [self:0.014]
  [44/288] cue=1 c1=90° c2=210°USING PRECUED ITEMS - SHOULD NEVER BE DONE IN TRAINING
  Student_0:0.030  Student_1:0.033  Student_1:0.010  [self:0.018]
  [45/288] cue=1 c1=90° c2=240°USING PRECUED ITEMS - SHOULD NEVER BE DONE IN TRAINING
  Student_0:0.056  Student_1:0.043  Student_1:0.032  [self:0.036]
  [46/288] cue=1 c1=90° c2=270°USING PRECUED ITEMS - SHOULD NEVER BE DONE IN TRAINING
  Student_0:0.088  Student_1:0.065  Student_1:0.064  [self:0.069]
  [47/288] cue=1 c1=90° c2=300°USING PRECUED ITEMS - SHOULD NEVER BE DONE IN TRAINING
  Student_0:0.044  Student_1:0.078  Student_1:0.073  [self:0.043]
  [48/288] cue=1 c1=90° c2=330°USING PRECUED ITEMS - SHOULD NEVER BE DONE IN TRAINING
  Student_0:0.044  Student_1:0.055  Student_1:0.037  [self:0.039]
  [49/288] cue=1 c1=120° c2=0°USING PRECUED ITEMS - SHOULD NEVER BE DONE IN TRAINING
  Student_0:0.047  Student_1:0.070  Student_1:0.078  [self:0.027]
  [50/288] cue=1 c1=120° c2=30°USING PRECUED ITEMS - SHOULD NEVER BE DONE IN TRAINING
  Student_0:0.041  Student_1:0.047  Student_1:0.030  [self:0.034]
  [51/288] cue=1 c1=120° c2=60°USING PRECUED ITEMS - SHOULD NEVER BE DONE IN TRAINING
  Student_0:0.027  Student_1:0.024  Student_1:0.007  [self:0.008]
  [52/288] cue=1 c1=120° c2=90°USING PRECUED ITEMS - SHOULD NEVER BE DONE IN TRAINING
  Student_0:0.032  Student_1:0.027  Student_1:0.029  [self:0.011]
  [53/288] cue=1 c1=120° c2=120°USING PRECUED ITEMS - SHOULD NEVER BE DONE IN TRAINING
  Student_0:0.041  Student_1:0.036  Student_1:0.055  [self:0.008]
  [54/288] cue=1 c1=120° c2=150°USING PRECUED ITEMS - SHOULD NEVER BE DONE IN TRAINING
  Student_0:0.046  Student_1:0.034  Student_1:0.036  [self:0.013]
  [55/288] cue=1 c1=120° c2=180°USING PRECUED ITEMS - SHOULD NEVER BE DONE IN TRAINING
  Student_0:0.034  Student_1:0.041  Student_1:0.013  [self:0.013]
  [56/288] cue=1 c1=120° c2=210°USING PRECUED ITEMS - SHOULD NEVER BE DONE IN TRAINING
  Student_0:0.040  Student_1:0.040  Student_1:0.011  [self:0.019]
  [57/288] cue=1 c1=120° c2=240°USING PRECUED ITEMS - SHOULD NEVER BE DONE IN TRAINING
  Student_0:0.047  Student_1:0.055  Student_1:0.048  [self:0.088]
  [58/288] cue=1 c1=120° c2=270°USING PRECUED ITEMS - SHOULD NEVER BE DONE IN TRAINING
  Student_0:0.060  Student_1:0.109  Student_1:0.070  [self:0.034]
  [59/288] cue=1 c1=120° c2=300°USING PRECUED ITEMS - SHOULD NEVER BE DONE IN TRAINING
  Student_0:0.067  Student_1:0.158  Student_1:0.191  [self:0.033]
  [60/288] cue=1 c1=120° c2=330°USING PRECUED ITEMS - SHOULD NEVER BE DONE IN TRAINING
  Student_0:0.102  Student_1:0.080  Student_1:0.163  [self:0.051]
  [61/288] cue=1 c1=150° c2=0°USING PRECUED ITEMS - SHOULD NEVER BE DONE IN TRAINING
  Student_0:0.040  Student_1:0.034  Student_1:0.027  [self:0.023]
  [62/288] cue=1 c1=150° c2=30°USING PRECUED ITEMS - SHOULD NEVER BE DONE IN TRAINING
  Student_0:0.035  Student_1:0.037  Student_1:0.025  [self:0.026]
  [63/288] cue=1 c1=150° c2=60°USING PRECUED ITEMS - SHOULD NEVER BE DONE IN TRAINING
  Student_0:0.024  Student_1:0.029  Student_1:0.020  [self:0.011]
  [64/288] cue=1 c1=150° c2=90°USING PRECUED ITEMS - SHOULD NEVER BE DONE IN TRAINING
  Student_0:0.027  Student_1:0.029  Student_1:0.011  [self:0.009]
  [65/288] cue=1 c1=150° c2=120°USING PRECUED ITEMS - SHOULD NEVER BE DONE IN TRAINING
  Student_0:0.027  Student_1:0.023  Student_1:0.016  [self:0.009]
  [66/288] cue=1 c1=150° c2=150°USING PRECUED ITEMS - SHOULD NEVER BE DONE IN TRAINING
  Student_0:0.068  Student_1:0.047  Student_1:0.035  [self:0.026]
  [67/288] cue=1 c1=150° c2=180°USING PRECUED ITEMS - SHOULD NEVER BE DONE IN TRAINING
  Student_0:0.042  Student_1:0.040  Student_1:0.042  [self:0.017]
  [68/288] cue=1 c1=150° c2=210°USING PRECUED ITEMS - SHOULD NEVER BE DONE IN TRAINING
  Student_0:0.047  Student_1:0.041  Student_1:0.015  [self:0.030]
  [69/288] cue=1 c1=150° c2=240°USING PRECUED ITEMS - SHOULD NEVER BE DONE IN TRAINING
  Student_0:0.037  Student_1:0.029  Student_1:0.015  [self:0.020]
  [70/288] cue=1 c1=150° c2=270°USING PRECUED ITEMS - SHOULD NEVER BE DONE IN TRAINING
  Student_0:0.104  Student_1:0.039  Student_1:0.088  [self:0.079]
  [71/288] cue=1 c1=150° c2=300°USING PRECUED ITEMS - SHOULD NEVER BE DONE IN TRAINING
  Student_0:0.068  Student_1:0.039  Student_1:0.036  [self:0.038]
  [72/288] cue=1 c1=150° c2=330°USING PRECUED ITEMS - SHOULD NEVER BE DONE IN TRAINING
  Student_0:0.034  Student_1:0.034  Student_1:0.019  [self:0.027]
  [73/288] cue=1 c1=180° c2=0°USING PRECUED ITEMS - SHOULD NEVER BE DONE IN TRAINING
  Student_0:0.034  Student_1:0.045  Student_1:0.026  [self:0.019]
  [74/288] cue=1 c1=180° c2=30°USING PRECUED ITEMS - SHOULD NEVER BE DONE IN TRAINING
  Student_0:0.047  Student_1:0.058  Student_1:0.023  [self:0.025]
  [75/288] cue=1 c1=180° c2=60°USING PRECUED ITEMS - SHOULD NEVER BE DONE IN TRAINING
  Student_0:0.040  Student_1:0.044  Student_1:0.035  [self:0.035]
  [76/288] cue=1 c1=180° c2=90°USING PRECUED ITEMS - SHOULD NEVER BE DONE IN TRAINING
  Student_0:0.022  Student_1:0.024  Student_1:0.010  [self:0.009]
  [77/288] cue=1 c1=180° c2=120°USING PRECUED ITEMS - SHOULD NEVER BE DONE IN TRAINING
  Student_0:0.031  Student_1:0.038  Student_1:0.019  [self:0.010]
  [78/288] cue=1 c1=180° c2=150°USING PRECUED ITEMS - SHOULD NEVER BE DONE IN TRAINING
  Student_0:0.047  Student_1:0.045  Student_1:0.046  [self:0.015]
  [79/288] cue=1 c1=180° c2=180°USING PRECUED ITEMS - SHOULD NEVER BE DONE IN TRAINING
  Student_0:0.060  Student_1:0.041  Student_1:0.032  [self:0.035]
  [80/288] cue=1 c1=180° c2=210°USING PRECUED ITEMS - SHOULD NEVER BE DONE IN TRAINING
  Student_0:0.055  Student_1:0.075  Student_1:0.044  [self:0.012]
  [81/288] cue=1 c1=180° c2=240°USING PRECUED ITEMS - SHOULD NEVER BE DONE IN TRAINING
  Student_0:0.039  Student_1:0.048  Student_1:0.017  [self:0.015]
  [82/288] cue=1 c1=180° c2=270°USING PRECUED ITEMS - SHOULD NEVER BE DONE IN TRAINING
  Student_0:0.046  Student_1:0.030  Student_1:0.029  [self:0.018]
  [83/288] cue=1 c1=180° c2=300°USING PRECUED ITEMS - SHOULD NEVER BE DONE IN TRAINING
  Student_0:0.037  Student_1:0.028  Student_1:0.022  [self:0.033]
  [84/288] cue=1 c1=180° c2=330°USING PRECUED ITEMS - SHOULD NEVER BE DONE IN TRAINING
  Student_0:0.095  Student_1:0.132  Student_1:0.053  [self:0.044]
  [85/288] cue=1 c1=210° c2=0°USING PRECUED ITEMS - SHOULD NEVER BE DONE IN TRAINING
  Student_0:0.069  Student_1:0.112  Student_1:0.058  [self:0.040]
  [86/288] cue=1 c1=210° c2=30°USING PRECUED ITEMS - SHOULD NEVER BE DONE IN TRAINING
  Student_0:0.070  Student_1:0.077  Student_1:0.043  [self:0.032]
  [87/288] cue=1 c1=210° c2=60°USING PRECUED ITEMS - SHOULD NEVER BE DONE IN TRAINING
  Student_0:0.077  Student_1:0.090  Student_1:0.038  [self:0.081]
  [88/288] cue=1 c1=210° c2=90°USING PRECUED ITEMS - SHOULD NEVER BE DONE IN TRAINING
  Student_0:0.081  Student_1:0.095  Student_1:0.048  [self:0.047]
  [89/288] cue=1 c1=210° c2=120°USING PRECUED ITEMS - SHOULD NEVER BE DONE IN TRAINING
  Student_0:0.030  Student_1:0.029  Student_1:0.015  [self:0.020]
  [90/288] cue=1 c1=210° c2=150°USING PRECUED ITEMS - SHOULD NEVER BE DONE IN TRAINING
  Student_0:0.031  Student_1:0.032  Student_1:0.026  [self:0.012]
  [91/288] cue=1 c1=210° c2=180°USING PRECUED ITEMS - SHOULD NEVER BE DONE IN TRAINING
  Student_0:0.058  Student_1:0.101  Student_1:0.057  [self:0.021]
  [92/288] cue=1 c1=210° c2=210°USING PRECUED ITEMS - SHOULD NEVER BE DONE IN TRAINING
  Student_0:0.050  Student_1:0.080  Student_1:0.052  [self:0.017]
  [93/288] cue=1 c1=210° c2=240°USING PRECUED ITEMS - SHOULD NEVER BE DONE IN TRAINING
  Student_0:0.055  Student_1:0.042  Student_1:0.031  [self:0.017]
  [94/288] cue=1 c1=210° c2=270°USING PRECUED ITEMS - SHOULD NEVER BE DONE IN TRAINING
  Student_0:0.050  Student_1:0.060  Student_1:0.018  [self:0.016]
  [95/288] cue=1 c1=210° c2=300°USING PRECUED ITEMS - SHOULD NEVER BE DONE IN TRAINING
  Student_0:0.034  Student_1:0.042  Student_1:0.022  [self:0.013]
  [96/288] cue=1 c1=210° c2=330°USING PRECUED ITEMS - SHOULD NEVER BE DONE IN TRAINING
  Student_0:0.039  Student_1:0.034  Student_1:0.024  [self:0.019]
  [97/288] cue=1 c1=240° c2=0°USING PRECUED ITEMS - SHOULD NEVER BE DONE IN TRAINING
  Student_0:0.038  Student_1:0.022  Student_1:0.033  [self:0.021]
  [98/288] cue=1 c1=240° c2=30°USING PRECUED ITEMS - SHOULD NEVER BE DONE IN TRAINING
  Student_0:0.045  Student_1:0.066  Student_1:0.057  [self:0.058]
  [99/288] cue=1 c1=240° c2=60°USING PRECUED ITEMS - SHOULD NEVER BE DONE IN TRAINING
  Student_0:0.126  Student_1:0.144  Student_1:0.153  [self:0.048]
  [100/288] cue=1 c1=240° c2=90°USING PRECUED ITEMS - SHOULD NEVER BE DONE IN TRAINING
  Student_0:0.139  Student_1:0.103  Student_1:0.051  [self:0.040]
  [101/288] cue=1 c1=240° c2=120°USING PRECUED ITEMS - SHOULD NEVER BE DONE IN TRAINING
  Student_0:0.066  Student_1:0.128  Student_1:0.097  [self:0.106]
  [102/288] cue=1 c1=240° c2=150°USING PRECUED ITEMS - SHOULD NEVER BE DONE IN TRAINING
  Student_0:0.053  Student_1:0.056  Student_1:0.016  [self:0.022]
  [103/288] cue=1 c1=240° c2=180°USING PRECUED ITEMS - SHOULD NEVER BE DONE IN TRAINING
  Student_0:0.022  Student_1:0.046  Student_1:0.031  [self:0.017]
  [104/288] cue=1 c1=240° c2=210°USING PRECUED ITEMS - SHOULD NEVER BE DONE IN TRAINING
  Student_0:0.053  Student_1:0.045  Student_1:0.019  [self:0.028]
  [105/288] cue=1 c1=240° c2=240°USING PRECUED ITEMS - SHOULD NEVER BE DONE IN TRAINING
  Student_0:0.041  Student_1:0.049  Student_1:0.030  [self:0.010]
  [106/288] cue=1 c1=240° c2=270°USING PRECUED ITEMS - SHOULD NEVER BE DONE IN TRAINING
  Student_0:0.040  Student_1:0.044  Student_1:0.056  [self:0.012]
  [107/288] cue=1 c1=240° c2=300°USING PRECUED ITEMS - SHOULD NEVER BE DONE IN TRAINING
  Student_0:0.036  Student_1:0.037  Student_1:0.015  [self:0.015]
  [108/288] cue=1 c1=240° c2=330°USING PRECUED ITEMS - SHOULD NEVER BE DONE IN TRAINING
  Student_0:0.044  Student_1:0.082  Student_1:0.048  [self:0.016]
  [109/288] cue=1 c1=270° c2=0°USING PRECUED ITEMS - SHOULD NEVER BE DONE IN TRAINING
  Student_0:0.033  Student_1:0.033  Student_1:0.027  [self:0.022]
  [110/288] cue=1 c1=270° c2=30°USING PRECUED ITEMS - SHOULD NEVER BE DONE IN TRAINING
  Student_0:0.074  Student_1:0.094  Student_1:0.080  [self:0.050]
  [111/288] cue=1 c1=270° c2=60°USING PRECUED ITEMS - SHOULD NEVER BE DONE IN TRAINING
  Student_0:0.067  Student_1:0.062  Student_1:0.019  [self:0.074]
  [112/288] cue=1 c1=270° c2=90°USING PRECUED ITEMS - SHOULD NEVER BE DONE IN TRAINING
  Student_0:0.047  Student_1:0.084  Student_1:0.057  [self:0.036]
  [113/288] cue=1 c1=270° c2=120°USING PRECUED ITEMS - SHOULD NEVER BE DONE IN TRAINING
  Student_0:0.162  Student_1:0.230  Student_1:0.085  [self:0.032]
  [114/288] cue=1 c1=270° c2=150°USING PRECUED ITEMS - SHOULD NEVER BE DONE IN TRAINING
  Student_0:0.082  Student_1:0.080  Student_1:0.031  [self:0.097]
  [115/288] cue=1 c1=270° c2=180°USING PRECUED ITEMS - SHOULD NEVER BE DONE IN TRAINING
  Student_0:0.062  Student_1:0.059  Student_1:0.036  [self:0.025]
  [116/288] cue=1 c1=270° c2=210°USING PRECUED ITEMS - SHOULD NEVER BE DONE IN TRAINING
  Student_0:0.031  Student_1:0.044  Student_1:0.022  [self:0.012]
  [117/288] cue=1 c1=270° c2=240°USING PRECUED ITEMS - SHOULD NEVER BE DONE IN TRAINING
  Student_0:0.043  Student_1:0.049  Student_1:0.025  [self:0.011]
  [118/288] cue=1 c1=270° c2=270°USING PRECUED ITEMS - SHOULD NEVER BE DONE IN TRAINING
  Student_0:0.045  Student_1:0.110  Student_1:0.071  [self:0.014]
  [119/288] cue=1 c1=270° c2=300°USING PRECUED ITEMS - SHOULD NEVER BE DONE IN TRAINING
  Student_0:0.049  Student_1:0.058  Student_1:0.015  [self:0.014]
  [120/288] cue=1 c1=270° c2=330°USING PRECUED ITEMS - SHOULD NEVER BE DONE IN TRAINING
  Student_0:0.030  Student_1:0.031  Student_1:0.022  [self:0.020]
  [121/288] cue=1 c1=300° c2=0°USING PRECUED ITEMS - SHOULD NEVER BE DONE IN TRAINING
  Student_0:0.115  Student_1:0.206  Student_1:0.308  [self:0.036]
  [122/288] cue=1 c1=300° c2=30°USING PRECUED ITEMS - SHOULD NEVER BE DONE IN TRAINING
  Student_0:0.057  Student_1:0.079  Student_1:0.058  [self:0.050]
  [123/288] cue=1 c1=300° c2=60°USING PRECUED ITEMS - SHOULD NEVER BE DONE IN TRAINING
  Student_0:0.090  Student_1:0.110  Student_1:0.033  [self:0.022]
  [124/288] cue=1 c1=300° c2=90°USING PRECUED ITEMS - SHOULD NEVER BE DONE IN TRAINING
  Student_0:0.049  Student_1:0.222  Student_1:0.186  [self:0.032]
  [125/288] cue=1 c1=300° c2=120°USING PRECUED ITEMS - SHOULD NEVER BE DONE IN TRAINING
  Student_0:0.081  Student_1:0.135  Student_1:0.196  [self:0.113]
Saved plot: /scratch3/shaiq_home/repos/behaviour_ddpm/results/all_teacher_student_sweeps/ablation_12/sweep_plots/trial0124_cue1_c1300_c2120.png
  [126/288] cue=1 c1=300° c2=150°USING PRECUED ITEMS - SHOULD NEVER BE DONE IN TRAINING
  Student_0:0.096  Student_1:0.049  Student_1:0.055  [self:0.028]
Saved plot: /scratch3/shaiq_home/repos/behaviour_ddpm/results/all_teacher_student_sweeps/ablation_12/sweep_plots/trial0125_cue1_c1300_c2150.png
  [127/288] cue=1 c1=300° c2=180°USING PRECUED ITEMS - SHOULD NEVER BE DONE IN TRAINING
  Student_0:0.031  Student_1:0.057  Student_1:0.057  [self:0.039]
  [128/288] cue=1 c1=300° c2=210°USING PRECUED ITEMS - SHOULD NEVER BE DONE IN TRAINING
  Student_0:0.025  Student_1:0.031  Student_1:0.015  [self:0.016]
  [129/288] cue=1 c1=300° c2=240°USING PRECUED ITEMS - SHOULD NEVER BE DONE IN TRAINING
  Student_0:0.028  Student_1:0.025  Student_1:0.008  [self:0.014]
  [130/288] cue=1 c1=300° c2=270°USING PRECUED ITEMS - SHOULD NEVER BE DONE IN TRAINING
  Student_0:0.025  Student_1:0.027  Student_1:0.018  [self:0.009]
  [131/288] cue=1 c1=300° c2=300°USING PRECUED ITEMS - SHOULD NEVER BE DONE IN TRAINING
  Student_0:0.027  Student_1:0.042  Student_1:0.033  [self:0.014]
  [132/288] cue=1 c1=300° c2=330°USING PRECUED ITEMS - SHOULD NEVER BE DONE IN TRAINING
  Student_0:0.080  Student_1:0.069  Student_1:0.033  [self:0.015]
  [133/288] cue=1 c1=330° c2=0°USING PRECUED ITEMS - SHOULD NEVER BE DONE IN TRAINING
  Student_0:0.084  Student_1:0.108  Student_1:0.036  [self:0.018]
  [134/288] cue=1 c1=330° c2=30°USING PRECUED ITEMS - SHOULD NEVER BE DONE IN TRAINING
  Student_0:0.039  Student_1:0.054  Student_1:0.041  [self:0.025]
  [135/288] cue=1 c1=330° c2=60°USING PRECUED ITEMS - SHOULD NEVER BE DONE IN TRAINING
  Student_0:0.036  Student_1:0.052  Student_1:0.041  [self:0.017]
  [136/288] cue=1 c1=330° c2=90°USING PRECUED ITEMS - SHOULD NEVER BE DONE IN TRAINING
  Student_0:0.052  Student_1:0.065  Student_1:0.048  [self:0.024]
  [137/288] cue=1 c1=330° c2=120°USING PRECUED ITEMS - SHOULD NEVER BE DONE IN TRAINING
  Student_0:0.050  Student_1:0.117  Student_1:0.132  [self:0.097]
  [138/288] cue=1 c1=330° c2=150°USING PRECUED ITEMS - SHOULD NEVER BE DONE IN TRAINING
  Student_0:0.041  Student_1:0.031  Student_1:0.028  [self:0.029]
  [139/288] cue=1 c1=330° c2=180°USING PRECUED ITEMS - SHOULD NEVER BE DONE IN TRAINING
  Student_0:0.037  Student_1:0.035  Student_1:0.021  [self:0.013]
  [140/288] cue=1 c1=330° c2=210°USING PRECUED ITEMS - SHOULD NEVER BE DONE IN TRAINING
  Student_0:0.021  Student_1:0.027  Student_1:0.008  [self:0.011]
  [141/288] cue=1 c1=330° c2=240°USING PRECUED ITEMS - SHOULD NEVER BE DONE IN TRAINING
  Student_0:0.025  Student_1:0.025  Student_1:0.011  [self:0.010]
  [142/288] cue=1 c1=330° c2=270°USING PRECUED ITEMS - SHOULD NEVER BE DONE IN TRAINING
  Student_0:0.028  Student_1:0.029  Student_1:0.011  [self:0.011]
  [143/288] cue=1 c1=330° c2=300°USING PRECUED ITEMS - SHOULD NEVER BE DONE IN TRAINING
  Student_0:0.059  Student_1:0.067  Student_1:0.019  [self:0.020]
  [144/288] cue=1 c1=330° c2=330°USING PRECUED ITEMS - SHOULD NEVER BE DONE IN TRAINING
  Student_0:0.938  Student_1:0.889  Student_1:0.084  [self:0.040]
  [145/288] cue=2 c1=0° c2=0°USING PRECUED ITEMS - SHOULD NEVER BE DONE IN TRAINING
  Student_0:0.125  Student_1:0.193  Student_1:0.078  [self:0.028]
  [146/288] cue=2 c1=0° c2=30°USING PRECUED ITEMS - SHOULD NEVER BE DONE IN TRAINING
  Student_0:0.116  Student_1:0.060  Student_1:0.067  [self:0.015]
  [147/288] cue=2 c1=0° c2=60°USING PRECUED ITEMS - SHOULD NEVER BE DONE IN TRAINING
  Student_0:0.048  Student_1:0.072  Student_1:0.055  [self:0.023]
  [148/288] cue=2 c1=0° c2=90°USING PRECUED ITEMS - SHOULD NEVER BE DONE IN TRAINING
  Student_0:0.043  Student_1:0.072  Student_1:0.075  [self:0.032]
  [149/288] cue=2 c1=0° c2=120°USING PRECUED ITEMS - SHOULD NEVER BE DONE IN TRAINING
  Student_0:0.057  Student_1:0.081  Student_1:0.098  [self:0.125]
  [150/288] cue=2 c1=0° c2=150°USING PRECUED ITEMS - SHOULD NEVER BE DONE IN TRAINING
  Student_0:0.162  Student_1:0.144  Student_1:0.032  [self:0.094]
  [151/288] cue=2 c1=0° c2=180°USING PRECUED ITEMS - SHOULD NEVER BE DONE IN TRAINING
  Student_0:0.070  Student_1:0.090  Student_1:0.034  [self:0.025]
  [152/288] cue=2 c1=0° c2=210°USING PRECUED ITEMS - SHOULD NEVER BE DONE IN TRAINING
  Student_0:0.039  Student_1:0.035  Student_1:0.016  [self:0.012]
  [153/288] cue=2 c1=0° c2=240°USING PRECUED ITEMS - SHOULD NEVER BE DONE IN TRAINING
  Student_0:0.080  Student_1:0.060  Student_1:0.043  [self:0.032]
  [154/288] cue=2 c1=0° c2=270°USING PRECUED ITEMS - SHOULD NEVER BE DONE IN TRAINING
  Student_0:0.036  Student_1:0.028  Student_1:0.026  [self:0.015]
  [155/288] cue=2 c1=0° c2=300°USING PRECUED ITEMS - SHOULD NEVER BE DONE IN TRAINING
  Student_0:0.023  Student_1:0.027  Student_1:0.027  [self:0.020]
  [156/288] cue=2 c1=0° c2=330°USING PRECUED ITEMS - SHOULD NEVER BE DONE IN TRAINING
  Student_0:0.214  Student_1:0.164  Student_1:0.058  [self:0.031]
  [157/288] cue=2 c1=30° c2=0°USING PRECUED ITEMS - SHOULD NEVER BE DONE IN TRAINING
  Student_0:0.074  Student_1:0.074  Student_1:0.097  [self:0.024]
  [158/288] cue=2 c1=30° c2=30°USING PRECUED ITEMS - SHOULD NEVER BE DONE IN TRAINING
  Student_0:0.166  Student_1:0.100  Student_1:0.075  [self:0.037]
  [159/288] cue=2 c1=30° c2=60°USING PRECUED ITEMS - SHOULD NEVER BE DONE IN TRAINING
  Student_0:0.136  Student_1:0.287  Student_1:0.213  [self:0.070]
  [160/288] cue=2 c1=30° c2=90°USING PRECUED ITEMS - SHOULD NEVER BE DONE IN TRAINING
  Student_0:0.046  Student_1:0.096  Student_1:0.120  [self:0.048]
  [161/288] cue=2 c1=30° c2=120°USING PRECUED ITEMS - SHOULD NEVER BE DONE IN TRAINING
  Student_0:0.037  Student_1:0.039  Student_1:0.024  [self:0.012]
  [162/288] cue=2 c1=30° c2=150°USING PRECUED ITEMS - SHOULD NEVER BE DONE IN TRAINING
  Student_0:0.030  Student_1:0.032  Student_1:0.012  [self:0.009]
  [163/288] cue=2 c1=30° c2=180°USING PRECUED ITEMS - SHOULD NEVER BE DONE IN TRAINING
  Student_0:0.037  Student_1:0.039  Student_1:0.009  [self:0.014]
  [164/288] cue=2 c1=30° c2=210°USING PRECUED ITEMS - SHOULD NEVER BE DONE IN TRAINING
  Student_0:0.043  Student_1:0.048  Student_1:0.038  [self:0.023]
  [165/288] cue=2 c1=30° c2=240°USING PRECUED ITEMS - SHOULD NEVER BE DONE IN TRAINING
  Student_0:0.055  Student_1:0.073  Student_1:0.035  [self:0.026]
  [166/288] cue=2 c1=30° c2=270°USING PRECUED ITEMS - SHOULD NEVER BE DONE IN TRAINING
  Student_0:0.054  Student_1:0.048  Student_1:0.031  [self:0.025]
  [167/288] cue=2 c1=30° c2=300°USING PRECUED ITEMS - SHOULD NEVER BE DONE IN TRAINING
  Student_0:0.045  Student_1:0.049  Student_1:0.049  [self:0.020]
  [168/288] cue=2 c1=30° c2=330°USING PRECUED ITEMS - SHOULD NEVER BE DONE IN TRAINING
  Student_0:0.042  Student_1:0.068  Student_1:0.059  [self:0.133]
  [169/288] cue=2 c1=60° c2=0°USING PRECUED ITEMS - SHOULD NEVER BE DONE IN TRAINING
  Student_0:0.034  Student_1:0.064  Student_1:0.056  [self:0.026]
  [170/288] cue=2 c1=60° c2=30°USING PRECUED ITEMS - SHOULD NEVER BE DONE IN TRAINING
  Student_0:0.104  Student_1:0.181  Student_1:0.214  [self:0.050]
  [171/288] cue=2 c1=60° c2=60°USING PRECUED ITEMS - SHOULD NEVER BE DONE IN TRAINING
  Student_0:0.058  Student_1:0.100  Student_1:0.065  [self:0.024]
  [172/288] cue=2 c1=60° c2=90°USING PRECUED ITEMS - SHOULD NEVER BE DONE IN TRAINING
  Student_0:0.058  Student_1:0.054  Student_1:0.012  [self:0.015]
  [173/288] cue=2 c1=60° c2=120°USING PRECUED ITEMS - SHOULD NEVER BE DONE IN TRAINING
  Student_0:0.030  Student_1:0.026  Student_1:0.007  [self:0.007]
  [174/288] cue=2 c1=60° c2=150°USING PRECUED ITEMS - SHOULD NEVER BE DONE IN TRAINING
  Student_0:0.025  Student_1:0.028  Student_1:0.007  [self:0.010]
  [175/288] cue=2 c1=60° c2=180°USING PRECUED ITEMS - SHOULD NEVER BE DONE IN TRAINING
  Student_0:0.037  Student_1:0.036  Student_1:0.011  [self:0.012]
  [176/288] cue=2 c1=60° c2=210°USING PRECUED ITEMS - SHOULD NEVER BE DONE IN TRAINING
  Student_0:0.033  Student_1:0.042  Student_1:0.027  [self:0.018]
  [177/288] cue=2 c1=60° c2=240°USING PRECUED ITEMS - SHOULD NEVER BE DONE IN TRAINING
  Student_0:0.064  Student_1:0.056  Student_1:0.024  [self:0.025]
  [178/288] cue=2 c1=60° c2=270°USING PRECUED ITEMS - SHOULD NEVER BE DONE IN TRAINING
  Student_0:0.039  Student_1:0.031  Student_1:0.037  [self:0.023]
  [179/288] cue=2 c1=60° c2=300°USING PRECUED ITEMS - SHOULD NEVER BE DONE IN TRAINING
  Student_0:0.101  Student_1:0.139  Student_1:0.076  [self:0.067]
  [180/288] cue=2 c1=60° c2=330°USING PRECUED ITEMS - SHOULD NEVER BE DONE IN TRAINING
  Student_0:0.062  Student_1:0.046  Student_1:0.048  [self:0.030]
  [181/288] cue=2 c1=90° c2=0°USING PRECUED ITEMS - SHOULD NEVER BE DONE IN TRAINING
  Student_0:0.157  Student_1:0.149  Student_1:0.045  [self:0.084]
  [182/288] cue=2 c1=90° c2=30°USING PRECUED ITEMS - SHOULD NEVER BE DONE IN TRAINING
  Student_0:0.056  Student_1:0.040  Student_1:0.040  [self:0.028]
  [183/288] cue=2 c1=90° c2=60°USING PRECUED ITEMS - SHOULD NEVER BE DONE IN TRAINING
  Student_0:0.055  Student_1:0.058  Student_1:0.016  [self:0.014]
  [184/288] cue=2 c1=90° c2=90°USING PRECUED ITEMS - SHOULD NEVER BE DONE IN TRAINING
  Student_0:0.044  Student_1:0.041  Student_1:0.065  [self:0.009]
  [185/288] cue=2 c1=90° c2=120°USING PRECUED ITEMS - SHOULD NEVER BE DONE IN TRAINING
  Student_0:0.040  Student_1:0.034  Student_1:0.026  [self:0.011]
  [186/288] cue=2 c1=90° c2=150°USING PRECUED ITEMS - SHOULD NEVER BE DONE IN TRAINING
  Student_0:0.027  Student_1:0.026  Student_1:0.011  [self:0.007]
  [187/288] cue=2 c1=90° c2=180°USING PRECUED ITEMS - SHOULD NEVER BE DONE IN TRAINING
  Student_0:0.026  Student_1:0.027  Student_1:0.008  [self:0.006]
Saved plot: /scratch3/shaiq_home/repos/behaviour_ddpm/results/all_teacher_student_sweeps/ablation_12/sweep_plots/trial0186_cue2_c190_c2180.png
  [188/288] cue=2 c1=90° c2=210°USING PRECUED ITEMS - SHOULD NEVER BE DONE IN TRAINING
  Student_0:0.035  Student_1:0.035  Student_1:0.010  [self:0.016]
  [189/288] cue=2 c1=90° c2=240°USING PRECUED ITEMS - SHOULD NEVER BE DONE IN TRAINING
  Student_0:0.061  Student_1:0.049  Student_1:0.027  [self:0.047]
  [190/288] cue=2 c1=90° c2=270°USING PRECUED ITEMS - SHOULD NEVER BE DONE IN TRAINING
  Student_0:0.084  Student_1:0.058  Student_1:0.060  [self:0.078]
  [191/288] cue=2 c1=90° c2=300°USING PRECUED ITEMS - SHOULD NEVER BE DONE IN TRAINING
  Student_0:0.187  Student_1:0.262  Student_1:0.127  [self:0.083]
  [192/288] cue=2 c1=90° c2=330°USING PRECUED ITEMS - SHOULD NEVER BE DONE IN TRAINING
  Student_0:0.055  Student_1:0.078  Student_1:0.070  [self:0.064]
  [193/288] cue=2 c1=120° c2=0°USING PRECUED ITEMS - SHOULD NEVER BE DONE IN TRAINING
  Student_0:0.055  Student_1:0.132  Student_1:0.104  [self:0.071]
  [194/288] cue=2 c1=120° c2=30°USING PRECUED ITEMS - SHOULD NEVER BE DONE IN TRAINING
  Student_0:0.047  Student_1:0.038  Student_1:0.024  [self:0.011]
  [195/288] cue=2 c1=120° c2=60°USING PRECUED ITEMS - SHOULD NEVER BE DONE IN TRAINING
  Student_0:0.031  Student_1:0.032  Student_1:0.011  [self:0.008]
  [196/288] cue=2 c1=120° c2=90°USING PRECUED ITEMS - SHOULD NEVER BE DONE IN TRAINING
  Student_0:0.034  Student_1:0.030  Student_1:0.013  [self:0.006]
  [197/288] cue=2 c1=120° c2=120°USING PRECUED ITEMS - SHOULD NEVER BE DONE IN TRAINING
  Student_0:0.049  Student_1:0.042  Student_1:0.010  [self:0.009]
  [198/288] cue=2 c1=120° c2=150°USING PRECUED ITEMS - SHOULD NEVER BE DONE IN TRAINING
  Student_0:0.032  Student_1:0.029  Student_1:0.023  [self:0.014]
  [199/288] cue=2 c1=120° c2=180°USING PRECUED ITEMS - SHOULD NEVER BE DONE IN TRAINING
  Student_0:0.030  Student_1:0.039  Student_1:0.019  [self:0.010]
  [200/288] cue=2 c1=120° c2=210°USING PRECUED ITEMS - SHOULD NEVER BE DONE IN TRAINING
  Student_0:0.024  Student_1:0.024  Student_1:0.019  [self:0.013]
  [201/288] cue=2 c1=120° c2=240°USING PRECUED ITEMS - SHOULD NEVER BE DONE IN TRAINING
  Student_0:0.030  Student_1:0.033  Student_1:0.015  [self:0.022]
  [202/288] cue=2 c1=120° c2=270°USING PRECUED ITEMS - SHOULD NEVER BE DONE IN TRAINING
  Student_0:0.132  Student_1:0.067  Student_1:0.091  [self:0.140]
  [203/288] cue=2 c1=120° c2=300°USING PRECUED ITEMS - SHOULD NEVER BE DONE IN TRAINING
  Student_0:0.097  Student_1:0.082  Student_1:0.132  [self:0.069]
  [204/288] cue=2 c1=120° c2=330°USING PRECUED ITEMS - SHOULD NEVER BE DONE IN TRAINING
  Student_0:0.130  Student_1:0.102  Student_1:0.044  [self:0.143]
  [205/288] cue=2 c1=150° c2=0°USING PRECUED ITEMS - SHOULD NEVER BE DONE IN TRAINING
  Student_0:0.050  Student_1:0.060  Student_1:0.030  [self:0.023]
  [206/288] cue=2 c1=150° c2=30°USING PRECUED ITEMS - SHOULD NEVER BE DONE IN TRAINING
  Student_0:0.039  Student_1:0.041  Student_1:0.044  [self:0.016]
  [207/288] cue=2 c1=150° c2=60°USING PRECUED ITEMS - SHOULD NEVER BE DONE IN TRAINING
  Student_0:0.030  Student_1:0.032  Student_1:0.012  [self:0.016]
  [208/288] cue=2 c1=150° c2=90°USING PRECUED ITEMS - SHOULD NEVER BE DONE IN TRAINING
  Student_0:0.029  Student_1:0.029  Student_1:0.007  [self:0.008]
  [209/288] cue=2 c1=150° c2=120°USING PRECUED ITEMS - SHOULD NEVER BE DONE IN TRAINING
  Student_0:0.040  Student_1:0.035  Student_1:0.016  [self:0.014]
  [210/288] cue=2 c1=150° c2=150°USING PRECUED ITEMS - SHOULD NEVER BE DONE IN TRAINING
  Student_0:0.040  Student_1:0.042  Student_1:0.020  [self:0.018]
  [211/288] cue=2 c1=150° c2=180°USING PRECUED ITEMS - SHOULD NEVER BE DONE IN TRAINING
  Student_0:0.050  Student_1:0.037  Student_1:0.053  [self:0.012]
  [212/288] cue=2 c1=150° c2=210°USING PRECUED ITEMS - SHOULD NEVER BE DONE IN TRAINING
  Student_0:0.041  Student_1:0.047  Student_1:0.028  [self:0.018]
  [213/288] cue=2 c1=150° c2=240°USING PRECUED ITEMS - SHOULD NEVER BE DONE IN TRAINING
  Student_0:0.038  Student_1:0.029  Student_1:0.015  [self:0.017]
  [214/288] cue=2 c1=150° c2=270°USING PRECUED ITEMS - SHOULD NEVER BE DONE IN TRAINING
  Student_0:0.050  Student_1:0.060  Student_1:0.030  [self:0.027]
  [215/288] cue=2 c1=150° c2=300°USING PRECUED ITEMS - SHOULD NEVER BE DONE IN TRAINING
  Student_0:0.038  Student_1:0.045  Student_1:0.024  [self:0.014]
  [216/288] cue=2 c1=150° c2=330°USING PRECUED ITEMS - SHOULD NEVER BE DONE IN TRAINING
  Student_0:0.034  Student_1:0.032  Student_1:0.036  [self:0.028]
  [217/288] cue=2 c1=180° c2=0°USING PRECUED ITEMS - SHOULD NEVER BE DONE IN TRAINING
  Student_0:0.085  Student_1:0.099  Student_1:0.065  [self:0.070]
  [218/288] cue=2 c1=180° c2=30°USING PRECUED ITEMS - SHOULD NEVER BE DONE IN TRAINING
  Student_0:0.057  Student_1:0.102  Student_1:0.053  [self:0.044]
  [219/288] cue=2 c1=180° c2=60°USING PRECUED ITEMS - SHOULD NEVER BE DONE IN TRAINING
  Student_0:0.062  Student_1:0.059  Student_1:0.013  [self:0.016]
  [220/288] cue=2 c1=180° c2=90°USING PRECUED ITEMS - SHOULD NEVER BE DONE IN TRAINING
  Student_0:0.027  Student_1:0.028  Student_1:0.010  [self:0.014]
Saved plot: /scratch3/shaiq_home/repos/behaviour_ddpm/results/all_teacher_student_sweeps/ablation_12/sweep_plots/trial0219_cue2_c1180_c290.png
  [221/288] cue=2 c1=180° c2=120°USING PRECUED ITEMS - SHOULD NEVER BE DONE IN TRAINING
  Student_0:0.032  Student_1:0.039  Student_1:0.015  [self:0.013]
  [222/288] cue=2 c1=180° c2=150°USING PRECUED ITEMS - SHOULD NEVER BE DONE IN TRAINING
  Student_0:0.034  Student_1:0.043  Student_1:0.029  [self:0.011]
  [223/288] cue=2 c1=180° c2=180°USING PRECUED ITEMS - SHOULD NEVER BE DONE IN TRAINING
  Student_0:0.092  Student_1:0.077  Student_1:0.044  [self:0.022]
  [224/288] cue=2 c1=180° c2=210°USING PRECUED ITEMS - SHOULD NEVER BE DONE IN TRAINING
  Student_0:0.051  Student_1:0.061  Student_1:0.054  [self:0.017]
  [225/288] cue=2 c1=180° c2=240°USING PRECUED ITEMS - SHOULD NEVER BE DONE IN TRAINING
  Student_0:0.021  Student_1:0.019  Student_1:0.012  [self:0.019]
  [226/288] cue=2 c1=180° c2=270°USING PRECUED ITEMS - SHOULD NEVER BE DONE IN TRAINING
  Student_0:0.035  Student_1:0.030  Student_1:0.017  [self:0.014]
  [227/288] cue=2 c1=180° c2=300°USING PRECUED ITEMS - SHOULD NEVER BE DONE IN TRAINING
  Student_0:0.022  Student_1:0.019  Student_1:0.015  [self:0.010]
  [228/288] cue=2 c1=180° c2=330°USING PRECUED ITEMS - SHOULD NEVER BE DONE IN TRAINING
  Student_0:0.026  Student_1:0.040  Student_1:0.033  [self:0.023]
  [229/288] cue=2 c1=210° c2=0°USING PRECUED ITEMS - SHOULD NEVER BE DONE IN TRAINING
  Student_0:0.069  Student_1:0.101  Student_1:0.043  [self:0.031]
  [230/288] cue=2 c1=210° c2=30°USING PRECUED ITEMS - SHOULD NEVER BE DONE IN TRAINING
  Student_0:0.073  Student_1:0.080  Student_1:0.031  [self:0.035]
  [231/288] cue=2 c1=210° c2=60°USING PRECUED ITEMS - SHOULD NEVER BE DONE IN TRAINING
  Student_0:0.079  Student_1:0.054  Student_1:0.076  [self:0.026]
  [232/288] cue=2 c1=210° c2=90°USING PRECUED ITEMS - SHOULD NEVER BE DONE IN TRAINING
  Student_0:0.070  Student_1:0.078  Student_1:0.074  [self:0.070]
  [233/288] cue=2 c1=210° c2=120°USING PRECUED ITEMS - SHOULD NEVER BE DONE IN TRAINING
  Student_0:0.047  Student_1:0.045  Student_1:0.032  [self:0.021]
  [234/288] cue=2 c1=210° c2=150°USING PRECUED ITEMS - SHOULD NEVER BE DONE IN TRAINING
  Student_0:0.052  Student_1:0.055  Student_1:0.019  [self:0.023]
  [235/288] cue=2 c1=210° c2=180°USING PRECUED ITEMS - SHOULD NEVER BE DONE IN TRAINING
  Student_0:0.049  Student_1:0.098  Student_1:0.069  [self:0.009]
  [236/288] cue=2 c1=210° c2=210°USING PRECUED ITEMS - SHOULD NEVER BE DONE IN TRAINING
  Student_0:0.055  Student_1:0.095  Student_1:0.084  [self:0.013]
  [237/288] cue=2 c1=210° c2=240°USING PRECUED ITEMS - SHOULD NEVER BE DONE IN TRAINING
  Student_0:0.056  Student_1:0.039  Student_1:0.030  [self:0.016]
  [238/288] cue=2 c1=210° c2=270°USING PRECUED ITEMS - SHOULD NEVER BE DONE IN TRAINING
  Student_0:0.028  Student_1:0.037  Student_1:0.021  [self:0.014]
  [239/288] cue=2 c1=210° c2=300°USING PRECUED ITEMS - SHOULD NEVER BE DONE IN TRAINING
  Student_0:0.029  Student_1:0.032  Student_1:0.012  [self:0.014]
  [240/288] cue=2 c1=210° c2=330°USING PRECUED ITEMS - SHOULD NEVER BE DONE IN TRAINING
  Student_0:0.028  Student_1:0.021  Student_1:0.025  [self:0.029]
  [241/288] cue=2 c1=240° c2=0°USING PRECUED ITEMS - SHOULD NEVER BE DONE IN TRAINING
  Student_0:0.052  Student_1:0.068  Student_1:0.021  [self:0.037]
  [242/288] cue=2 c1=240° c2=30°USING PRECUED ITEMS - SHOULD NEVER BE DONE IN TRAINING
  Student_0:0.060  Student_1:0.170  Student_1:0.150  [self:0.063]
  [243/288] cue=2 c1=240° c2=60°USING PRECUED ITEMS - SHOULD NEVER BE DONE IN TRAINING
  Student_0:0.162  Student_1:0.141  Student_1:0.128  [self:0.136]
  [244/288] cue=2 c1=240° c2=90°USING PRECUED ITEMS - SHOULD NEVER BE DONE IN TRAINING
  Student_0:0.098  Student_1:0.075  Student_1:0.048  [self:0.062]
  [245/288] cue=2 c1=240° c2=120°USING PRECUED ITEMS - SHOULD NEVER BE DONE IN TRAINING
  Student_0:0.044  Student_1:0.090  Student_1:0.091  [self:0.032]
  [246/288] cue=2 c1=240° c2=150°USING PRECUED ITEMS - SHOULD NEVER BE DONE IN TRAINING
  Student_0:0.045  Student_1:0.042  Student_1:0.033  [self:0.028]
  [247/288] cue=2 c1=240° c2=180°USING PRECUED ITEMS - SHOULD NEVER BE DONE IN TRAINING
  Student_0:0.058  Student_1:0.106  Student_1:0.071  [self:0.034]
  [248/288] cue=2 c1=240° c2=210°USING PRECUED ITEMS - SHOULD NEVER BE DONE IN TRAINING
  Student_0:0.068  Student_1:0.049  Student_1:0.071  [self:0.020]
Saved plot: /scratch3/shaiq_home/repos/behaviour_ddpm/results/all_teacher_student_sweeps/ablation_12/sweep_plots/trial0247_cue2_c1240_c2210.png
  [249/288] cue=2 c1=240° c2=240°USING PRECUED ITEMS - SHOULD NEVER BE DONE IN TRAINING
  Student_0:0.030  Student_1:0.024  Student_1:0.019  [self:0.018]
  [250/288] cue=2 c1=240° c2=270°USING PRECUED ITEMS - SHOULD NEVER BE DONE IN TRAINING
  Student_0:0.048  Student_1:0.082  Student_1:0.045  [self:0.016]
  [251/288] cue=2 c1=240° c2=300°USING PRECUED ITEMS - SHOULD NEVER BE DONE IN TRAINING
  Student_0:0.027  Student_1:0.030  Student_1:0.015  [self:0.013]
  [252/288] cue=2 c1=240° c2=330°USING PRECUED ITEMS - SHOULD NEVER BE DONE IN TRAINING
  Student_0:0.027  Student_1:0.080  Student_1:0.062  [self:0.026]
  [253/288] cue=2 c1=270° c2=0°USING PRECUED ITEMS - SHOULD NEVER BE DONE IN TRAINING
  Student_0:0.038  Student_1:0.055  Student_1:0.033  [self:0.018]
  [254/288] cue=2 c1=270° c2=30°USING PRECUED ITEMS - SHOULD NEVER BE DONE IN TRAINING
  Student_0:0.095  Student_1:0.069  Student_1:0.056  [self:0.077]
  [255/288] cue=2 c1=270° c2=60°USING PRECUED ITEMS - SHOULD NEVER BE DONE IN TRAINING
  Student_0:0.045  Student_1:0.080  Student_1:0.062  [self:0.026]
  [256/288] cue=2 c1=270° c2=90°USING PRECUED ITEMS - SHOULD NEVER BE DONE IN TRAINING
  Student_0:0.046  Student_1:0.036  Student_1:0.029  [self:0.044]
  [257/288] cue=2 c1=270° c2=120°USING PRECUED ITEMS - SHOULD NEVER BE DONE IN TRAINING
  Student_0:0.061  Student_1:0.127  Student_1:0.168  [self:0.098]
  [258/288] cue=2 c1=270° c2=150°USING PRECUED ITEMS - SHOULD NEVER BE DONE IN TRAINING
  Student_0:0.066  Student_1:0.078  Student_1:0.026  [self:0.073]
  [259/288] cue=2 c1=270° c2=180°USING PRECUED ITEMS - SHOULD NEVER BE DONE IN TRAINING
  Student_0:0.034  Student_1:0.075  Student_1:0.063  [self:0.039]
  [260/288] cue=2 c1=270° c2=210°USING PRECUED ITEMS - SHOULD NEVER BE DONE IN TRAINING
  Student_0:0.051  Student_1:0.054  Student_1:0.027  [self:0.021]
  [261/288] cue=2 c1=270° c2=240°USING PRECUED ITEMS - SHOULD NEVER BE DONE IN TRAINING
  Student_0:0.053  Student_1:0.066  Student_1:0.035  [self:0.018]
  [262/288] cue=2 c1=270° c2=270°USING PRECUED ITEMS - SHOULD NEVER BE DONE IN TRAINING
  Student_0:0.058  Student_1:0.109  Student_1:0.056  [self:0.011]
  [263/288] cue=2 c1=270° c2=300°USING PRECUED ITEMS - SHOULD NEVER BE DONE IN TRAINING
  Student_0:0.029  Student_1:0.031  Student_1:0.013  [self:0.009]
  [264/288] cue=2 c1=270° c2=330°USING PRECUED ITEMS - SHOULD NEVER BE DONE IN TRAINING
  Student_0:0.042  Student_1:0.044  Student_1:0.012  [self:0.015]
  [265/288] cue=2 c1=300° c2=0°USING PRECUED ITEMS - SHOULD NEVER BE DONE IN TRAINING
  Student_0:0.064  Student_1:0.142  Student_1:0.106  [self:0.085]
  [266/288] cue=2 c1=300° c2=30°USING PRECUED ITEMS - SHOULD NEVER BE DONE IN TRAINING
  Student_0:0.058  Student_1:0.073  Student_1:0.027  [self:0.031]
  [267/288] cue=2 c1=300° c2=60°USING PRECUED ITEMS - SHOULD NEVER BE DONE IN TRAINING
  Student_0:0.057  Student_1:0.070  Student_1:0.030  [self:0.025]
  [268/288] cue=2 c1=300° c2=90°USING PRECUED ITEMS - SHOULD NEVER BE DONE IN TRAINING
  Student_0:0.063  Student_1:0.076  Student_1:0.027  [self:0.037]
  [269/288] cue=2 c1=300° c2=120°USING PRECUED ITEMS - SHOULD NEVER BE DONE IN TRAINING
  Student_0:0.056  Student_1:0.054  Student_1:0.041  [self:0.029]
  [270/288] cue=2 c1=300° c2=150°USING PRECUED ITEMS - SHOULD NEVER BE DONE IN TRAINING
  Student_0:0.038  Student_1:0.128  Student_1:0.110  [self:0.163]
  [271/288] cue=2 c1=300° c2=180°USING PRECUED ITEMS - SHOULD NEVER BE DONE IN TRAINING
  Student_0:0.100  Student_1:0.034  Student_1:0.074  [self:0.049]
  [272/288] cue=2 c1=300° c2=210°USING PRECUED ITEMS - SHOULD NEVER BE DONE IN TRAINING
  Student_0:0.033  Student_1:0.038  Student_1:0.022  [self:0.018]
  [273/288] cue=2 c1=300° c2=240°USING PRECUED ITEMS - SHOULD NEVER BE DONE IN TRAINING
  Student_0:0.042  Student_1:0.046  Student_1:0.008  [self:0.010]
  [274/288] cue=2 c1=300° c2=270°USING PRECUED ITEMS - SHOULD NEVER BE DONE IN TRAINING
  Student_0:0.047  Student_1:0.046  Student_1:0.012  [self:0.022]
  [275/288] cue=2 c1=300° c2=300°USING PRECUED ITEMS - SHOULD NEVER BE DONE IN TRAINING
  Student_0:0.021  Student_1:0.043  Student_1:0.036  [self:0.011]
  [276/288] cue=2 c1=300° c2=330°USING PRECUED ITEMS - SHOULD NEVER BE DONE IN TRAINING
  Student_0:0.048  Student_1:0.054  Student_1:0.012  [self:0.017]
  [277/288] cue=2 c1=330° c2=0°USING PRECUED ITEMS - SHOULD NEVER BE DONE IN TRAINING
  Student_0:0.184  Student_1:0.191  Student_1:0.039  [self:0.022]
  [278/288] cue=2 c1=330° c2=30°USING PRECUED ITEMS - SHOULD NEVER BE DONE IN TRAINING
  Student_0:0.038  Student_1:0.057  Student_1:0.034  [self:0.015]
  [279/288] cue=2 c1=330° c2=60°USING PRECUED ITEMS - SHOULD NEVER BE DONE IN TRAINING
  Student_0:0.063  Student_1:0.044  Student_1:0.048  [self:0.023]
  [280/288] cue=2 c1=330° c2=90°USING PRECUED ITEMS - SHOULD NEVER BE DONE IN TRAINING
  Student_0:0.051  Student_1:0.059  Student_1:0.065  [self:0.026]
  [281/288] cue=2 c1=330° c2=120°USING PRECUED ITEMS - SHOULD NEVER BE DONE IN TRAINING
  Student_0:0.050  Student_1:0.083  Student_1:0.043  [self:0.067]
  [282/288] cue=2 c1=330° c2=150°USING PRECUED ITEMS - SHOULD NEVER BE DONE IN TRAINING
  Student_0:0.075  Student_1:0.042  Student_1:0.057  [self:0.024]
  [283/288] cue=2 c1=330° c2=180°USING PRECUED ITEMS - SHOULD NEVER BE DONE IN TRAINING
  Student_0:0.066  Student_1:0.172  Student_1:0.114  [self:0.028]
  [284/288] cue=2 c1=330° c2=210°USING PRECUED ITEMS - SHOULD NEVER BE DONE IN TRAINING
  Student_0:0.029  Student_1:0.025  Student_1:0.008  [self:0.011]
  [285/288] cue=2 c1=330° c2=240°USING PRECUED ITEMS - SHOULD NEVER BE DONE IN TRAINING
  Student_0:0.043  Student_1:0.050  Student_1:0.017  [self:0.015]
  [286/288] cue=2 c1=330° c2=270°USING PRECUED ITEMS - SHOULD NEVER BE DONE IN TRAINING
  Student_0:0.065  Student_1:0.082  Student_1:0.025  [self:0.019]
  [287/288] cue=2 c1=330° c2=300°USING PRECUED ITEMS - SHOULD NEVER BE DONE IN TRAINING
  Student_0:0.024  Student_1:0.026  Student_1:0.018  [self:0.019]
  [288/288] cue=2 c1=330° c2=330°USING PRECUED ITEMS - SHOULD NEVER BE DONE IN TRAINING
  Student_0:0.753  Student_1:0.722  Student_1:0.045  [self:0.071]

Saved sweep SW scores: /scratch3/shaiq_home/repos/behaviour_ddpm/results/all_teacher_student_sweeps/ablation_12/sw_sweep.csv

Mean sliced-Wasserstein per pair (overall / same-color / different-color):
  sw_Ablated_12_vs_Student_0: 0.062544  same=0.127086  diff=0.056677
  sw_Ablated_12_vs_Student_1: 0.070970  same=0.132299  diff=0.065395
  sw_Student_0_vs_Student_1: 0.045561  same=0.050485  diff=0.045113
  sw_self_reference: 0.031079  same=0.023433  diff=0.031774

Reference self-SW (noise floor) — overall: 0.031079  same: 0.023433  diff: 0.031774

Normalised SW (ratio to self-SW baseline):
  sw_Ablated_12_vs_Student_0: 2.491×  same=4.540×  diff=2.305×
  sw_Ablated_12_vs_Student_1: 2.786×  same=5.098×  diff=2.575×
  sw_Student_0_vs_Student_1: 1.707×  same=2.838×  diff=1.604×
  sw_self_reference: 1.000×  same=1.000×  diff=1.000×

Teacher-vs-students aggregate (mean over student SW per trial):
  overall mean: 0.066757
  same-color:   0.129693
  diff-color:   0.061036
