Loading models...
  [0] Healthy  (results_link_sampler/index_cued_first_diffusion_0.3_swap_7)
  [1] Ablated_0  (results_link_sampler/index_cued_first_diffusion_0.3_swap_7)
  [2] Ablated_1  (results_link_sampler/index_cued_first_diffusion_0.3_swap_7)
  [3] Ablated_2  (results_link_sampler/index_cued_first_diffusion_0.3_swap_7)
  [4] Ablated_3  (results_link_sampler/index_cued_first_diffusion_0.3_swap_7)
  [5] Ablated_4  (results_link_sampler/index_cued_first_diffusion_0.3_swap_7)
  [6] Ablated_5  (results_link_sampler/index_cued_first_diffusion_0.3_swap_7)
  [7] Ablated_6  (results_link_sampler/index_cued_first_diffusion_0.3_swap_7)
  [8] Ablated_7  (results_link_sampler/index_cued_first_diffusion_0.3_swap_7)
  [9] Ablated_8  (results_link_sampler/index_cued_first_diffusion_0.3_swap_7)
  [10] Ablated_9  (results_link_sampler/index_cued_first_diffusion_0.3_swap_7)
  [11] Ablated_10  (results_link_sampler/index_cued_first_diffusion_0.3_swap_7)
  [12] Ablated_11  (results_link_sampler/index_cued_first_diffusion_0.3_swap_7)
  [13] Ablated_12  (results_link_sampler/index_cued_first_diffusion_0.3_swap_7)
  [14] Ablated_13  (results_link_sampler/index_cued_first_diffusion_0.3_swap_7)
  [1] Ablated_0: ablating nullspace direction 0
  [2] Ablated_1: ablating nullspace direction 1
  [3] Ablated_2: ablating nullspace direction 2
  [4] Ablated_3: ablating nullspace direction 3
  [5] Ablated_4: ablating nullspace direction 4
  [6] Ablated_5: ablating nullspace direction 5
  [7] Ablated_6: ablating nullspace direction 6
  [8] Ablated_7: ablating nullspace direction 7
  [9] Ablated_8: ablating nullspace direction 8
  [10] Ablated_9: ablating nullspace direction 9
  [11] Ablated_10: ablating nullspace direction 10
  [12] Ablated_11: ablating nullspace direction 11
  [13] Ablated_12: ablating nullspace direction 12
  [14] Ablated_13: ablating nullspace direction 13
Sweep: 288 trials (24 with same color, per 12^2 × 2 cues)
Reference model: [0] Healthy
Student models: ['Ablated_0', 'Ablated_1', 'Ablated_2', 'Ablated_3', 'Ablated_4', 'Ablated_5', 'Ablated_6', 'Ablated_7', 'Ablated_8', 'Ablated_9', 'Ablated_10', 'Ablated_11', 'Ablated_12', 'Ablated_13']
  [1/288] cue=1 c1=0° c2=0°USING PRECUED ITEMS - SHOULD NEVER BE DONE IN TRAINING
  SW: {'HealthvAblate': '0.3964'}
  [2/288] cue=1 c1=0° c2=30°USING PRECUED ITEMS - SHOULD NEVER BE DONE IN TRAINING
  SW: {'HealthvAblate': '0.4009'}
  [3/288] cue=1 c1=0° c2=60°USING PRECUED ITEMS - SHOULD NEVER BE DONE IN TRAINING
  SW: {'HealthvAblate': '0.3010'}
  [4/288] cue=1 c1=0° c2=90°USING PRECUED ITEMS - SHOULD NEVER BE DONE IN TRAINING
  SW: {'HealthvAblate': '0.3308'}
  [5/288] cue=1 c1=0° c2=120°USING PRECUED ITEMS - SHOULD NEVER BE DONE IN TRAINING
  SW: {'HealthvAblate': '0.6955'}
  [6/288] cue=1 c1=0° c2=150°USING PRECUED ITEMS - SHOULD NEVER BE DONE IN TRAINING
  SW: {'HealthvAblate': '0.7159'}
  [7/288] cue=1 c1=0° c2=180°USING PRECUED ITEMS - SHOULD NEVER BE DONE IN TRAINING
  SW: {'HealthvAblate': '0.5388'}
  [8/288] cue=1 c1=0° c2=210°USING PRECUED ITEMS - SHOULD NEVER BE DONE IN TRAINING
  SW: {'HealthvAblate': '0.3846'}
  [9/288] cue=1 c1=0° c2=240°USING PRECUED ITEMS - SHOULD NEVER BE DONE IN TRAINING
  SW: {'HealthvAblate': '0.4109'}
  [10/288] cue=1 c1=0° c2=270°USING PRECUED ITEMS - SHOULD NEVER BE DONE IN TRAINING
  SW: {'HealthvAblate': '1.2253'}
  [11/288] cue=1 c1=0° c2=300°USING PRECUED ITEMS - SHOULD NEVER BE DONE IN TRAINING
  SW: {'HealthvAblate': '1.1070'}
  [12/288] cue=1 c1=0° c2=330°USING PRECUED ITEMS - SHOULD NEVER BE DONE IN TRAINING
  SW: {'HealthvAblate': '0.9029'}
  [13/288] cue=1 c1=30° c2=0°USING PRECUED ITEMS - SHOULD NEVER BE DONE IN TRAINING
  SW: {'HealthvAblate': '0.3527'}
  [14/288] cue=1 c1=30° c2=30°USING PRECUED ITEMS - SHOULD NEVER BE DONE IN TRAINING
  SW: {'HealthvAblate': '0.2640'}
  [15/288] cue=1 c1=30° c2=60°USING PRECUED ITEMS - SHOULD NEVER BE DONE IN TRAINING
  SW: {'HealthvAblate': '0.1677'}
  [16/288] cue=1 c1=30° c2=90°USING PRECUED ITEMS - SHOULD NEVER BE DONE IN TRAINING
  SW: {'HealthvAblate': '0.3621'}
  [17/288] cue=1 c1=30° c2=120°USING PRECUED ITEMS - SHOULD NEVER BE DONE IN TRAINING
  SW: {'HealthvAblate': '0.6340'}
  [18/288] cue=1 c1=30° c2=150°USING PRECUED ITEMS - SHOULD NEVER BE DONE IN TRAINING
  SW: {'HealthvAblate': '0.8147'}
  [19/288] cue=1 c1=30° c2=180°USING PRECUED ITEMS - SHOULD NEVER BE DONE IN TRAINING
  SW: {'HealthvAblate': '0.4697'}
  [20/288] cue=1 c1=30° c2=210°USING PRECUED ITEMS - SHOULD NEVER BE DONE IN TRAINING
  SW: {'HealthvAblate': '0.4626'}
  [21/288] cue=1 c1=30° c2=240°USING PRECUED ITEMS - SHOULD NEVER BE DONE IN TRAINING
  SW: {'HealthvAblate': '0.8301'}
  [22/288] cue=1 c1=30° c2=270°USING PRECUED ITEMS - SHOULD NEVER BE DONE IN TRAINING
  SW: {'HealthvAblate': '1.4135'}
  [23/288] cue=1 c1=30° c2=300°USING PRECUED ITEMS - SHOULD NEVER BE DONE IN TRAINING
  SW: {'HealthvAblate': '0.8466'}
  [24/288] cue=1 c1=30° c2=330°USING PRECUED ITEMS - SHOULD NEVER BE DONE IN TRAINING
  SW: {'HealthvAblate': '0.4153'}
  [25/288] cue=1 c1=60° c2=0°USING PRECUED ITEMS - SHOULD NEVER BE DONE IN TRAINING
  SW: {'HealthvAblate': '0.1357'}
  [26/288] cue=1 c1=60° c2=30°USING PRECUED ITEMS - SHOULD NEVER BE DONE IN TRAINING
  SW: {'HealthvAblate': '0.2480'}
Saved plot: results/healthy_vs_ablations_sweep/sweep_plots/trial0025_cue1_c160_c230.png
  [27/288] cue=1 c1=60° c2=60°USING PRECUED ITEMS - SHOULD NEVER BE DONE IN TRAINING
  SW: {'HealthvAblate': '0.1654'}
  [28/288] cue=1 c1=60° c2=90°USING PRECUED ITEMS - SHOULD NEVER BE DONE IN TRAINING
  SW: {'HealthvAblate': '0.2221'}
  [29/288] cue=1 c1=60° c2=120°USING PRECUED ITEMS - SHOULD NEVER BE DONE IN TRAINING
  SW: {'HealthvAblate': '0.3615'}
  [30/288] cue=1 c1=60° c2=150°USING PRECUED ITEMS - SHOULD NEVER BE DONE IN TRAINING
  SW: {'HealthvAblate': '0.5594'}
  [31/288] cue=1 c1=60° c2=180°USING PRECUED ITEMS - SHOULD NEVER BE DONE IN TRAINING
  SW: {'HealthvAblate': '0.7532'}
  [32/288] cue=1 c1=60° c2=210°USING PRECUED ITEMS - SHOULD NEVER BE DONE IN TRAINING
  SW: {'HealthvAblate': '0.4637'}
  [33/288] cue=1 c1=60° c2=240°USING PRECUED ITEMS - SHOULD NEVER BE DONE IN TRAINING
  SW: {'HealthvAblate': '1.1042'}
  [34/288] cue=1 c1=60° c2=270°USING PRECUED ITEMS - SHOULD NEVER BE DONE IN TRAINING
  SW: {'HealthvAblate': '1.1626'}
  [35/288] cue=1 c1=60° c2=300°USING PRECUED ITEMS - SHOULD NEVER BE DONE IN TRAINING
  SW: {'HealthvAblate': '0.5808'}
  [36/288] cue=1 c1=60° c2=330°USING PRECUED ITEMS - SHOULD NEVER BE DONE IN TRAINING
  SW: {'HealthvAblate': '0.3014'}
  [37/288] cue=1 c1=90° c2=0°USING PRECUED ITEMS - SHOULD NEVER BE DONE IN TRAINING
  SW: {'HealthvAblate': '0.3188'}
  [38/288] cue=1 c1=90° c2=30°USING PRECUED ITEMS - SHOULD NEVER BE DONE IN TRAINING
  SW: {'HealthvAblate': '0.3692'}
  [39/288] cue=1 c1=90° c2=60°USING PRECUED ITEMS - SHOULD NEVER BE DONE IN TRAINING
  SW: {'HealthvAblate': '0.6010'}
  [40/288] cue=1 c1=90° c2=90°USING PRECUED ITEMS - SHOULD NEVER BE DONE IN TRAINING
  SW: {'HealthvAblate': '0.6806'}
  [41/288] cue=1 c1=90° c2=120°USING PRECUED ITEMS - SHOULD NEVER BE DONE IN TRAINING
  SW: {'HealthvAblate': '0.7326'}
  [42/288] cue=1 c1=90° c2=150°USING PRECUED ITEMS - SHOULD NEVER BE DONE IN TRAINING
  SW: {'HealthvAblate': '0.8576'}
  [43/288] cue=1 c1=90° c2=180°USING PRECUED ITEMS - SHOULD NEVER BE DONE IN TRAINING
  SW: {'HealthvAblate': '0.4476'}
  [44/288] cue=1 c1=90° c2=210°USING PRECUED ITEMS - SHOULD NEVER BE DONE IN TRAINING
  SW: {'HealthvAblate': '0.4172'}
  [45/288] cue=1 c1=90° c2=240°USING PRECUED ITEMS - SHOULD NEVER BE DONE IN TRAINING
  SW: {'HealthvAblate': '0.8180'}
  [46/288] cue=1 c1=90° c2=270°USING PRECUED ITEMS - SHOULD NEVER BE DONE IN TRAINING
  SW: {'HealthvAblate': '0.8117'}
  [47/288] cue=1 c1=90° c2=300°USING PRECUED ITEMS - SHOULD NEVER BE DONE IN TRAINING
  SW: {'HealthvAblate': '0.4684'}
  [48/288] cue=1 c1=90° c2=330°USING PRECUED ITEMS - SHOULD NEVER BE DONE IN TRAINING
  SW: {'HealthvAblate': '0.4468'}
  [49/288] cue=1 c1=120° c2=0°USING PRECUED ITEMS - SHOULD NEVER BE DONE IN TRAINING
  SW: {'HealthvAblate': '0.2448'}
  [50/288] cue=1 c1=120° c2=30°USING PRECUED ITEMS - SHOULD NEVER BE DONE IN TRAINING
  SW: {'HealthvAblate': '0.7003'}
  [51/288] cue=1 c1=120° c2=60°USING PRECUED ITEMS - SHOULD NEVER BE DONE IN TRAINING
  SW: {'HealthvAblate': '1.2523'}
  [52/288] cue=1 c1=120° c2=90°USING PRECUED ITEMS - SHOULD NEVER BE DONE IN TRAINING
  SW: {'HealthvAblate': '1.0159'}
  [53/288] cue=1 c1=120° c2=120°USING PRECUED ITEMS - SHOULD NEVER BE DONE IN TRAINING
  SW: {'HealthvAblate': '1.1154'}
  [54/288] cue=1 c1=120° c2=150°USING PRECUED ITEMS - SHOULD NEVER BE DONE IN TRAINING
  SW: {'HealthvAblate': '1.1095'}
  [55/288] cue=1 c1=120° c2=180°USING PRECUED ITEMS - SHOULD NEVER BE DONE IN TRAINING
  SW: {'HealthvAblate': '0.4376'}
  [56/288] cue=1 c1=120° c2=210°USING PRECUED ITEMS - SHOULD NEVER BE DONE IN TRAINING
  SW: {'HealthvAblate': '1.3126'}
  [57/288] cue=1 c1=120° c2=240°USING PRECUED ITEMS - SHOULD NEVER BE DONE IN TRAINING
  SW: {'HealthvAblate': '1.1783'}
  [58/288] cue=1 c1=120° c2=270°USING PRECUED ITEMS - SHOULD NEVER BE DONE IN TRAINING
  SW: {'HealthvAblate': '0.7830'}
  [59/288] cue=1 c1=120° c2=300°USING PRECUED ITEMS - SHOULD NEVER BE DONE IN TRAINING
  SW: {'HealthvAblate': '0.2283'}
  [60/288] cue=1 c1=120° c2=330°USING PRECUED ITEMS - SHOULD NEVER BE DONE IN TRAINING
  SW: {'HealthvAblate': '0.3003'}
  [61/288] cue=1 c1=150° c2=0°USING PRECUED ITEMS - SHOULD NEVER BE DONE IN TRAINING
  SW: {'HealthvAblate': '0.1656'}
  [62/288] cue=1 c1=150° c2=30°USING PRECUED ITEMS - SHOULD NEVER BE DONE IN TRAINING
  SW: {'HealthvAblate': '1.5887'}
  [63/288] cue=1 c1=150° c2=60°USING PRECUED ITEMS - SHOULD NEVER BE DONE IN TRAINING
  SW: {'HealthvAblate': '1.4144'}
  [64/288] cue=1 c1=150° c2=90°USING PRECUED ITEMS - SHOULD NEVER BE DONE IN TRAINING
  SW: {'HealthvAblate': '1.4802'}
  [65/288] cue=1 c1=150° c2=120°USING PRECUED ITEMS - SHOULD NEVER BE DONE IN TRAINING
  SW: {'HealthvAblate': '1.4367'}
  [66/288] cue=1 c1=150° c2=150°USING PRECUED ITEMS - SHOULD NEVER BE DONE IN TRAINING
  SW: {'HealthvAblate': '1.0987'}
  [67/288] cue=1 c1=150° c2=180°USING PRECUED ITEMS - SHOULD NEVER BE DONE IN TRAINING
  SW: {'HealthvAblate': '0.7594'}
  [68/288] cue=1 c1=150° c2=210°USING PRECUED ITEMS - SHOULD NEVER BE DONE IN TRAINING
  SW: {'HealthvAblate': '1.1237'}
  [69/288] cue=1 c1=150° c2=240°USING PRECUED ITEMS - SHOULD NEVER BE DONE IN TRAINING
  SW: {'HealthvAblate': '0.8756'}
  [70/288] cue=1 c1=150° c2=270°USING PRECUED ITEMS - SHOULD NEVER BE DONE IN TRAINING
  SW: {'HealthvAblate': '0.4116'}
  [71/288] cue=1 c1=150° c2=300°USING PRECUED ITEMS - SHOULD NEVER BE DONE IN TRAINING
  SW: {'HealthvAblate': '0.3341'}
  [72/288] cue=1 c1=150° c2=330°USING PRECUED ITEMS - SHOULD NEVER BE DONE IN TRAINING
  SW: {'HealthvAblate': '0.0430'}
  [73/288] cue=1 c1=180° c2=0°USING PRECUED ITEMS - SHOULD NEVER BE DONE IN TRAINING
  SW: {'HealthvAblate': '0.4666'}
  [74/288] cue=1 c1=180° c2=30°USING PRECUED ITEMS - SHOULD NEVER BE DONE IN TRAINING
  SW: {'HealthvAblate': '1.1455'}
  [75/288] cue=1 c1=180° c2=60°USING PRECUED ITEMS - SHOULD NEVER BE DONE IN TRAINING
  SW: {'HealthvAblate': '1.2067'}
  [76/288] cue=1 c1=180° c2=90°USING PRECUED ITEMS - SHOULD NEVER BE DONE IN TRAINING
  SW: {'HealthvAblate': '1.3533'}
  [77/288] cue=1 c1=180° c2=120°USING PRECUED ITEMS - SHOULD NEVER BE DONE IN TRAINING
  SW: {'HealthvAblate': '1.3585'}
  [78/288] cue=1 c1=180° c2=150°USING PRECUED ITEMS - SHOULD NEVER BE DONE IN TRAINING
  SW: {'HealthvAblate': '0.9975'}
  [79/288] cue=1 c1=180° c2=180°USING PRECUED ITEMS - SHOULD NEVER BE DONE IN TRAINING
  SW: {'HealthvAblate': '0.6493'}
  [80/288] cue=1 c1=180° c2=210°USING PRECUED ITEMS - SHOULD NEVER BE DONE IN TRAINING
  SW: {'HealthvAblate': '0.8872'}
  [81/288] cue=1 c1=180° c2=240°USING PRECUED ITEMS - SHOULD NEVER BE DONE IN TRAINING
  SW: {'HealthvAblate': '0.6487'}
  [82/288] cue=1 c1=180° c2=270°USING PRECUED ITEMS - SHOULD NEVER BE DONE IN TRAINING
  SW: {'HealthvAblate': '0.1856'}
  [83/288] cue=1 c1=180° c2=300°USING PRECUED ITEMS - SHOULD NEVER BE DONE IN TRAINING
  SW: {'HealthvAblate': '0.2183'}
  [84/288] cue=1 c1=180° c2=330°USING PRECUED ITEMS - SHOULD NEVER BE DONE IN TRAINING
  SW: {'HealthvAblate': '0.3160'}
  [85/288] cue=1 c1=210° c2=0°USING PRECUED ITEMS - SHOULD NEVER BE DONE IN TRAINING
  SW: {'HealthvAblate': '0.5239'}
  [86/288] cue=1 c1=210° c2=30°USING PRECUED ITEMS - SHOULD NEVER BE DONE IN TRAINING
  SW: {'HealthvAblate': '0.3661'}
  [87/288] cue=1 c1=210° c2=60°USING PRECUED ITEMS - SHOULD NEVER BE DONE IN TRAINING
  SW: {'HealthvAblate': '0.8983'}
  [88/288] cue=1 c1=210° c2=90°USING PRECUED ITEMS - SHOULD NEVER BE DONE IN TRAINING
  SW: {'HealthvAblate': '1.0820'}
  [89/288] cue=1 c1=210° c2=120°USING PRECUED ITEMS - SHOULD NEVER BE DONE IN TRAINING
  SW: {'HealthvAblate': '0.7855'}
  [90/288] cue=1 c1=210° c2=150°USING PRECUED ITEMS - SHOULD NEVER BE DONE IN TRAINING
  SW: {'HealthvAblate': '0.5130'}
  [91/288] cue=1 c1=210° c2=180°USING PRECUED ITEMS - SHOULD NEVER BE DONE IN TRAINING
  SW: {'HealthvAblate': '0.5723'}
  [92/288] cue=1 c1=210° c2=210°USING PRECUED ITEMS - SHOULD NEVER BE DONE IN TRAINING
  SW: {'HealthvAblate': '0.6345'}
  [93/288] cue=1 c1=210° c2=240°USING PRECUED ITEMS - SHOULD NEVER BE DONE IN TRAINING
  SW: {'HealthvAblate': '0.4855'}
  [94/288] cue=1 c1=210° c2=270°USING PRECUED ITEMS - SHOULD NEVER BE DONE IN TRAINING
  SW: {'HealthvAblate': '0.3210'}
  [95/288] cue=1 c1=210° c2=300°USING PRECUED ITEMS - SHOULD NEVER BE DONE IN TRAINING
  SW: {'HealthvAblate': '0.3483'}
  [96/288] cue=1 c1=210° c2=330°USING PRECUED ITEMS - SHOULD NEVER BE DONE IN TRAINING
  SW: {'HealthvAblate': '0.3795'}
  [97/288] cue=1 c1=240° c2=0°USING PRECUED ITEMS - SHOULD NEVER BE DONE IN TRAINING
  SW: {'HealthvAblate': '0.3457'}
  [98/288] cue=1 c1=240° c2=30°USING PRECUED ITEMS - SHOULD NEVER BE DONE IN TRAINING
  SW: {'HealthvAblate': '0.5645'}
  [99/288] cue=1 c1=240° c2=60°USING PRECUED ITEMS - SHOULD NEVER BE DONE IN TRAINING
  SW: {'HealthvAblate': '0.3300'}
  [100/288] cue=1 c1=240° c2=90°USING PRECUED ITEMS - SHOULD NEVER BE DONE IN TRAINING
  SW: {'HealthvAblate': '0.3718'}
  [101/288] cue=1 c1=240° c2=120°USING PRECUED ITEMS - SHOULD NEVER BE DONE IN TRAINING
  SW: {'HealthvAblate': '0.3335'}
  [102/288] cue=1 c1=240° c2=150°USING PRECUED ITEMS - SHOULD NEVER BE DONE IN TRAINING
  SW: {'HealthvAblate': '0.4092'}
  [103/288] cue=1 c1=240° c2=180°USING PRECUED ITEMS - SHOULD NEVER BE DONE IN TRAINING
  SW: {'HealthvAblate': '0.3307'}
  [104/288] cue=1 c1=240° c2=210°USING PRECUED ITEMS - SHOULD NEVER BE DONE IN TRAINING
  SW: {'HealthvAblate': '0.3958'}
  [105/288] cue=1 c1=240° c2=240°USING PRECUED ITEMS - SHOULD NEVER BE DONE IN TRAINING
  SW: {'HealthvAblate': '0.3411'}
  [106/288] cue=1 c1=240° c2=270°USING PRECUED ITEMS - SHOULD NEVER BE DONE IN TRAINING
  SW: {'HealthvAblate': '0.2399'}
  [107/288] cue=1 c1=240° c2=300°USING PRECUED ITEMS - SHOULD NEVER BE DONE IN TRAINING
  SW: {'HealthvAblate': '0.3077'}
  [108/288] cue=1 c1=240° c2=330°USING PRECUED ITEMS - SHOULD NEVER BE DONE IN TRAINING
  SW: {'HealthvAblate': '0.3579'}
  [109/288] cue=1 c1=270° c2=0°USING PRECUED ITEMS - SHOULD NEVER BE DONE IN TRAINING
  SW: {'HealthvAblate': '0.7314'}
  [110/288] cue=1 c1=270° c2=30°USING PRECUED ITEMS - SHOULD NEVER BE DONE IN TRAINING
  SW: {'HealthvAblate': '0.6091'}
  [111/288] cue=1 c1=270° c2=60°USING PRECUED ITEMS - SHOULD NEVER BE DONE IN TRAINING
  SW: {'HealthvAblate': '0.5230'}
  [112/288] cue=1 c1=270° c2=90°USING PRECUED ITEMS - SHOULD NEVER BE DONE IN TRAINING
  SW: {'HealthvAblate': '0.2226'}
  [113/288] cue=1 c1=270° c2=120°USING PRECUED ITEMS - SHOULD NEVER BE DONE IN TRAINING
  SW: {'HealthvAblate': '0.3456'}
  [114/288] cue=1 c1=270° c2=150°USING PRECUED ITEMS - SHOULD NEVER BE DONE IN TRAINING
  SW: {'HealthvAblate': '0.0781'}
  [115/288] cue=1 c1=270° c2=180°USING PRECUED ITEMS - SHOULD NEVER BE DONE IN TRAINING
  SW: {'HealthvAblate': '0.3332'}
  [116/288] cue=1 c1=270° c2=210°USING PRECUED ITEMS - SHOULD NEVER BE DONE IN TRAINING
  SW: {'HealthvAblate': '0.1415'}
  [117/288] cue=1 c1=270° c2=240°USING PRECUED ITEMS - SHOULD NEVER BE DONE IN TRAINING
  SW: {'HealthvAblate': '55.3292'}
  [118/288] cue=1 c1=270° c2=270°USING PRECUED ITEMS - SHOULD NEVER BE DONE IN TRAINING
  SW: {'HealthvAblate': '0.1085'}
  [119/288] cue=1 c1=270° c2=300°USING PRECUED ITEMS - SHOULD NEVER BE DONE IN TRAINING
  SW: {'HealthvAblate': '0.2175'}
  [120/288] cue=1 c1=270° c2=330°USING PRECUED ITEMS - SHOULD NEVER BE DONE IN TRAINING
  SW: {'HealthvAblate': '0.4577'}
  [121/288] cue=1 c1=300° c2=0°USING PRECUED ITEMS - SHOULD NEVER BE DONE IN TRAINING
  SW: {'HealthvAblate': '0.4321'}
  [122/288] cue=1 c1=300° c2=30°USING PRECUED ITEMS - SHOULD NEVER BE DONE IN TRAINING
  SW: {'HealthvAblate': '0.4677'}
  [123/288] cue=1 c1=300° c2=60°USING PRECUED ITEMS - SHOULD NEVER BE DONE IN TRAINING
  SW: {'HealthvAblate': '0.3503'}
  [124/288] cue=1 c1=300° c2=90°USING PRECUED ITEMS - SHOULD NEVER BE DONE IN TRAINING
  SW: {'HealthvAblate': '0.5145'}
  [125/288] cue=1 c1=300° c2=120°USING PRECUED ITEMS - SHOULD NEVER BE DONE IN TRAINING
  SW: {'HealthvAblate': '0.5533'}
Saved plot: results/healthy_vs_ablations_sweep/sweep_plots/trial0124_cue1_c1300_c2120.png
  [126/288] cue=1 c1=300° c2=150°USING PRECUED ITEMS - SHOULD NEVER BE DONE IN TRAINING
  SW: {'HealthvAblate': '0.3673'}
Saved plot: results/healthy_vs_ablations_sweep/sweep_plots/trial0125_cue1_c1300_c2150.png
  [127/288] cue=1 c1=300° c2=180°USING PRECUED ITEMS - SHOULD NEVER BE DONE IN TRAINING
  SW: {'HealthvAblate': '0.4352'}
  [128/288] cue=1 c1=300° c2=210°USING PRECUED ITEMS - SHOULD NEVER BE DONE IN TRAINING
  SW: {'HealthvAblate': '0.1825'}
  [129/288] cue=1 c1=300° c2=240°USING PRECUED ITEMS - SHOULD NEVER BE DONE IN TRAINING
  SW: {'HealthvAblate': '0.1038'}
  [130/288] cue=1 c1=300° c2=270°USING PRECUED ITEMS - SHOULD NEVER BE DONE IN TRAINING
  SW: {'HealthvAblate': '0.1570'}
  [131/288] cue=1 c1=300° c2=300°USING PRECUED ITEMS - SHOULD NEVER BE DONE IN TRAINING
  SW: {'HealthvAblate': '0.1977'}
  [132/288] cue=1 c1=300° c2=330°USING PRECUED ITEMS - SHOULD NEVER BE DONE IN TRAINING
  SW: {'HealthvAblate': '0.4118'}
  [133/288] cue=1 c1=330° c2=0°USING PRECUED ITEMS - SHOULD NEVER BE DONE IN TRAINING
  SW: {'HealthvAblate': '0.4932'}
  [134/288] cue=1 c1=330° c2=30°USING PRECUED ITEMS - SHOULD NEVER BE DONE IN TRAINING
  SW: {'HealthvAblate': '0.4601'}
  [135/288] cue=1 c1=330° c2=60°USING PRECUED ITEMS - SHOULD NEVER BE DONE IN TRAINING
  SW: {'HealthvAblate': '0.7738'}
  [136/288] cue=1 c1=330° c2=90°USING PRECUED ITEMS - SHOULD NEVER BE DONE IN TRAINING
  SW: {'HealthvAblate': '0.6077'}
  [137/288] cue=1 c1=330° c2=120°USING PRECUED ITEMS - SHOULD NEVER BE DONE IN TRAINING
  SW: {'HealthvAblate': '0.2930'}
  [138/288] cue=1 c1=330° c2=150°USING PRECUED ITEMS - SHOULD NEVER BE DONE IN TRAINING
  SW: {'HealthvAblate': '0.5865'}
  [139/288] cue=1 c1=330° c2=180°USING PRECUED ITEMS - SHOULD NEVER BE DONE IN TRAINING
  SW: {'HealthvAblate': '0.1641'}
  [140/288] cue=1 c1=330° c2=210°USING PRECUED ITEMS - SHOULD NEVER BE DONE IN TRAINING
  SW: {'HealthvAblate': '0.3060'}
  [141/288] cue=1 c1=330° c2=240°USING PRECUED ITEMS - SHOULD NEVER BE DONE IN TRAINING
  SW: {'HealthvAblate': '0.0933'}
  [142/288] cue=1 c1=330° c2=270°USING PRECUED ITEMS - SHOULD NEVER BE DONE IN TRAINING
  SW: {'HealthvAblate': '0.5387'}
  [143/288] cue=1 c1=330° c2=300°USING PRECUED ITEMS - SHOULD NEVER BE DONE IN TRAINING
  SW: {'HealthvAblate': '0.6721'}
  [144/288] cue=1 c1=330° c2=330°USING PRECUED ITEMS - SHOULD NEVER BE DONE IN TRAINING
  SW: {'HealthvAblate': '0.6684'}
  [145/288] cue=2 c1=0° c2=0°USING PRECUED ITEMS - SHOULD NEVER BE DONE IN TRAINING
  SW: {'HealthvAblate': '0.2804'}
  [146/288] cue=2 c1=0° c2=30°USING PRECUED ITEMS - SHOULD NEVER BE DONE IN TRAINING
  SW: {'HealthvAblate': '0.2282'}
  [147/288] cue=2 c1=0° c2=60°USING PRECUED ITEMS - SHOULD NEVER BE DONE IN TRAINING
  SW: {'HealthvAblate': '0.1726'}
  [148/288] cue=2 c1=0° c2=90°USING PRECUED ITEMS - SHOULD NEVER BE DONE IN TRAINING
  SW: {'HealthvAblate': '0.2618'}
  [149/288] cue=2 c1=0° c2=120°USING PRECUED ITEMS - SHOULD NEVER BE DONE IN TRAINING
  SW: {'HealthvAblate': '0.9049'}
  [150/288] cue=2 c1=0° c2=150°USING PRECUED ITEMS - SHOULD NEVER BE DONE IN TRAINING
  SW: {'HealthvAblate': '1.5467'}
  [151/288] cue=2 c1=0° c2=180°USING PRECUED ITEMS - SHOULD NEVER BE DONE IN TRAINING
  SW: {'HealthvAblate': '1.3072'}
  [152/288] cue=2 c1=0° c2=210°USING PRECUED ITEMS - SHOULD NEVER BE DONE IN TRAINING
  SW: {'HealthvAblate': '0.7857'}
  [153/288] cue=2 c1=0° c2=240°USING PRECUED ITEMS - SHOULD NEVER BE DONE IN TRAINING
  SW: {'HealthvAblate': '0.6612'}
  [154/288] cue=2 c1=0° c2=270°USING PRECUED ITEMS - SHOULD NEVER BE DONE IN TRAINING
  SW: {'HealthvAblate': '0.7580'}
  [155/288] cue=2 c1=0° c2=300°USING PRECUED ITEMS - SHOULD NEVER BE DONE IN TRAINING
  SW: {'HealthvAblate': '0.6982'}
  [156/288] cue=2 c1=0° c2=330°USING PRECUED ITEMS - SHOULD NEVER BE DONE IN TRAINING
  SW: {'HealthvAblate': '0.6044'}
  [157/288] cue=2 c1=30° c2=0°USING PRECUED ITEMS - SHOULD NEVER BE DONE IN TRAINING
  SW: {'HealthvAblate': '0.5298'}
  [158/288] cue=2 c1=30° c2=30°USING PRECUED ITEMS - SHOULD NEVER BE DONE IN TRAINING
  SW: {'HealthvAblate': '0.1239'}
  [159/288] cue=2 c1=30° c2=60°USING PRECUED ITEMS - SHOULD NEVER BE DONE IN TRAINING
  SW: {'HealthvAblate': '0.1898'}
  [160/288] cue=2 c1=30° c2=90°USING PRECUED ITEMS - SHOULD NEVER BE DONE IN TRAINING
  SW: {'HealthvAblate': '0.5953'}
  [161/288] cue=2 c1=30° c2=120°USING PRECUED ITEMS - SHOULD NEVER BE DONE IN TRAINING
  SW: {'HealthvAblate': '1.4538'}
  [162/288] cue=2 c1=30° c2=150°USING PRECUED ITEMS - SHOULD NEVER BE DONE IN TRAINING
  SW: {'HealthvAblate': '1.8293'}
  [163/288] cue=2 c1=30° c2=180°USING PRECUED ITEMS - SHOULD NEVER BE DONE IN TRAINING
  SW: {'HealthvAblate': '0.8782'}
  [164/288] cue=2 c1=30° c2=210°USING PRECUED ITEMS - SHOULD NEVER BE DONE IN TRAINING
  SW: {'HealthvAblate': '1.0725'}
  [165/288] cue=2 c1=30° c2=240°USING PRECUED ITEMS - SHOULD NEVER BE DONE IN TRAINING
  SW: {'HealthvAblate': '0.3570'}
  [166/288] cue=2 c1=30° c2=270°USING PRECUED ITEMS - SHOULD NEVER BE DONE IN TRAINING
  SW: {'HealthvAblate': '0.8765'}
  [167/288] cue=2 c1=30° c2=300°USING PRECUED ITEMS - SHOULD NEVER BE DONE IN TRAINING
  SW: {'HealthvAblate': '0.7112'}
  [168/288] cue=2 c1=30° c2=330°USING PRECUED ITEMS - SHOULD NEVER BE DONE IN TRAINING
  SW: {'HealthvAblate': '0.4753'}
  [169/288] cue=2 c1=60° c2=0°USING PRECUED ITEMS - SHOULD NEVER BE DONE IN TRAINING
  SW: {'HealthvAblate': '0.3598'}
  [170/288] cue=2 c1=60° c2=30°USING PRECUED ITEMS - SHOULD NEVER BE DONE IN TRAINING
  SW: {'HealthvAblate': '0.0980'}
  [171/288] cue=2 c1=60° c2=60°USING PRECUED ITEMS - SHOULD NEVER BE DONE IN TRAINING
  SW: {'HealthvAblate': '0.2168'}
  [172/288] cue=2 c1=60° c2=90°USING PRECUED ITEMS - SHOULD NEVER BE DONE IN TRAINING
  SW: {'HealthvAblate': '0.4345'}
  [173/288] cue=2 c1=60° c2=120°USING PRECUED ITEMS - SHOULD NEVER BE DONE IN TRAINING
  SW: {'HealthvAblate': '1.1166'}
  [174/288] cue=2 c1=60° c2=150°USING PRECUED ITEMS - SHOULD NEVER BE DONE IN TRAINING
  SW: {'HealthvAblate': '1.5569'}
  [175/288] cue=2 c1=60° c2=180°USING PRECUED ITEMS - SHOULD NEVER BE DONE IN TRAINING
  SW: {'HealthvAblate': '1.4506'}
  [176/288] cue=2 c1=60° c2=210°USING PRECUED ITEMS - SHOULD NEVER BE DONE IN TRAINING
  SW: {'HealthvAblate': '1.2265'}
  [177/288] cue=2 c1=60° c2=240°USING PRECUED ITEMS - SHOULD NEVER BE DONE IN TRAINING
  SW: {'HealthvAblate': '0.5369'}
  [178/288] cue=2 c1=60° c2=270°USING PRECUED ITEMS - SHOULD NEVER BE DONE IN TRAINING
  SW: {'HealthvAblate': '0.5839'}
  [179/288] cue=2 c1=60° c2=300°USING PRECUED ITEMS - SHOULD NEVER BE DONE IN TRAINING
  SW: {'HealthvAblate': '0.7175'}
  [180/288] cue=2 c1=60° c2=330°USING PRECUED ITEMS - SHOULD NEVER BE DONE IN TRAINING
  SW: {'HealthvAblate': '0.6151'}
  [181/288] cue=2 c1=90° c2=0°USING PRECUED ITEMS - SHOULD NEVER BE DONE IN TRAINING
  SW: {'HealthvAblate': '0.6044'}
  [182/288] cue=2 c1=90° c2=30°USING PRECUED ITEMS - SHOULD NEVER BE DONE IN TRAINING
  SW: {'HealthvAblate': '0.0807'}
  [183/288] cue=2 c1=90° c2=60°USING PRECUED ITEMS - SHOULD NEVER BE DONE IN TRAINING
  SW: {'HealthvAblate': '0.4545'}
  [184/288] cue=2 c1=90° c2=90°USING PRECUED ITEMS - SHOULD NEVER BE DONE IN TRAINING
  SW: {'HealthvAblate': '0.3901'}
  [185/288] cue=2 c1=90° c2=120°USING PRECUED ITEMS - SHOULD NEVER BE DONE IN TRAINING
  SW: {'HealthvAblate': '0.7350'}
  [186/288] cue=2 c1=90° c2=150°USING PRECUED ITEMS - SHOULD NEVER BE DONE IN TRAINING
  SW: {'HealthvAblate': '1.1018'}
  [187/288] cue=2 c1=90° c2=180°USING PRECUED ITEMS - SHOULD NEVER BE DONE IN TRAINING
  SW: {'HealthvAblate': '1.3295'}
Saved plot: results/healthy_vs_ablations_sweep/sweep_plots/trial0186_cue2_c190_c2180.png
  [188/288] cue=2 c1=90° c2=210°USING PRECUED ITEMS - SHOULD NEVER BE DONE IN TRAINING
  SW: {'HealthvAblate': '0.7513'}
  [189/288] cue=2 c1=90° c2=240°USING PRECUED ITEMS - SHOULD NEVER BE DONE IN TRAINING
  SW: {'HealthvAblate': '0.3766'}
  [190/288] cue=2 c1=90° c2=270°USING PRECUED ITEMS - SHOULD NEVER BE DONE IN TRAINING
  SW: {'HealthvAblate': '0.2549'}
  [191/288] cue=2 c1=90° c2=300°USING PRECUED ITEMS - SHOULD NEVER BE DONE IN TRAINING
  SW: {'HealthvAblate': '0.4455'}
  [192/288] cue=2 c1=90° c2=330°USING PRECUED ITEMS - SHOULD NEVER BE DONE IN TRAINING
  SW: {'HealthvAblate': '0.6939'}
  [193/288] cue=2 c1=120° c2=0°USING PRECUED ITEMS - SHOULD NEVER BE DONE IN TRAINING
  SW: {'HealthvAblate': '0.3340'}
  [194/288] cue=2 c1=120° c2=30°USING PRECUED ITEMS - SHOULD NEVER BE DONE IN TRAINING
  SW: {'HealthvAblate': '0.1787'}
  [195/288] cue=2 c1=120° c2=60°USING PRECUED ITEMS - SHOULD NEVER BE DONE IN TRAINING
  SW: {'HealthvAblate': '0.6207'}
  [196/288] cue=2 c1=120° c2=90°USING PRECUED ITEMS - SHOULD NEVER BE DONE IN TRAINING
  SW: {'HealthvAblate': '0.4538'}
  [197/288] cue=2 c1=120° c2=120°USING PRECUED ITEMS - SHOULD NEVER BE DONE IN TRAINING
  SW: {'HealthvAblate': '0.7047'}
  [198/288] cue=2 c1=120° c2=150°USING PRECUED ITEMS - SHOULD NEVER BE DONE IN TRAINING
  SW: {'HealthvAblate': '1.0396'}
  [199/288] cue=2 c1=120° c2=180°USING PRECUED ITEMS - SHOULD NEVER BE DONE IN TRAINING
  SW: {'HealthvAblate': '0.8941'}
  [200/288] cue=2 c1=120° c2=210°USING PRECUED ITEMS - SHOULD NEVER BE DONE IN TRAINING
  SW: {'HealthvAblate': '0.6754'}
  [201/288] cue=2 c1=120° c2=240°USING PRECUED ITEMS - SHOULD NEVER BE DONE IN TRAINING
  SW: {'HealthvAblate': '0.5280'}
  [202/288] cue=2 c1=120° c2=270°USING PRECUED ITEMS - SHOULD NEVER BE DONE IN TRAINING
  SW: {'HealthvAblate': '0.1587'}
  [203/288] cue=2 c1=120° c2=300°USING PRECUED ITEMS - SHOULD NEVER BE DONE IN TRAINING
  SW: {'HealthvAblate': '0.3528'}
  [204/288] cue=2 c1=120° c2=330°USING PRECUED ITEMS - SHOULD NEVER BE DONE IN TRAINING
  SW: {'HealthvAblate': '0.5624'}
  [205/288] cue=2 c1=150° c2=0°USING PRECUED ITEMS - SHOULD NEVER BE DONE IN TRAINING
  SW: {'HealthvAblate': '0.3912'}
  [206/288] cue=2 c1=150° c2=30°USING PRECUED ITEMS - SHOULD NEVER BE DONE IN TRAINING
  SW: {'HealthvAblate': '0.6939'}
  [207/288] cue=2 c1=150° c2=60°USING PRECUED ITEMS - SHOULD NEVER BE DONE IN TRAINING
  SW: {'HealthvAblate': '0.4958'}
  [208/288] cue=2 c1=150° c2=90°USING PRECUED ITEMS - SHOULD NEVER BE DONE IN TRAINING
  SW: {'HealthvAblate': '0.4683'}
  [209/288] cue=2 c1=150° c2=120°USING PRECUED ITEMS - SHOULD NEVER BE DONE IN TRAINING
  SW: {'HealthvAblate': '0.5685'}
  [210/288] cue=2 c1=150° c2=150°USING PRECUED ITEMS - SHOULD NEVER BE DONE IN TRAINING
  SW: {'HealthvAblate': '0.8466'}
  [211/288] cue=2 c1=150° c2=180°USING PRECUED ITEMS - SHOULD NEVER BE DONE IN TRAINING
  SW: {'HealthvAblate': '0.8033'}
  [212/288] cue=2 c1=150° c2=210°USING PRECUED ITEMS - SHOULD NEVER BE DONE IN TRAINING
  SW: {'HealthvAblate': '0.4292'}
  [213/288] cue=2 c1=150° c2=240°USING PRECUED ITEMS - SHOULD NEVER BE DONE IN TRAINING
  SW: {'HealthvAblate': '0.4671'}
  [214/288] cue=2 c1=150° c2=270°USING PRECUED ITEMS - SHOULD NEVER BE DONE IN TRAINING
  SW: {'HealthvAblate': '0.0725'}
  [215/288] cue=2 c1=150° c2=300°USING PRECUED ITEMS - SHOULD NEVER BE DONE IN TRAINING
  SW: {'HealthvAblate': '0.4824'}
  [216/288] cue=2 c1=150° c2=330°USING PRECUED ITEMS - SHOULD NEVER BE DONE IN TRAINING
  SW: {'HealthvAblate': '0.2622'}
  [217/288] cue=2 c1=180° c2=0°USING PRECUED ITEMS - SHOULD NEVER BE DONE IN TRAINING
  SW: {'HealthvAblate': '0.1619'}
  [218/288] cue=2 c1=180° c2=30°USING PRECUED ITEMS - SHOULD NEVER BE DONE IN TRAINING
  SW: {'HealthvAblate': '0.1955'}
  [219/288] cue=2 c1=180° c2=60°USING PRECUED ITEMS - SHOULD NEVER BE DONE IN TRAINING
  SW: {'HealthvAblate': '0.2869'}
  [220/288] cue=2 c1=180° c2=90°USING PRECUED ITEMS - SHOULD NEVER BE DONE IN TRAINING
  SW: {'HealthvAblate': '0.3698'}
Saved plot: results/healthy_vs_ablations_sweep/sweep_plots/trial0219_cue2_c1180_c290.png
  [221/288] cue=2 c1=180° c2=120°USING PRECUED ITEMS - SHOULD NEVER BE DONE IN TRAINING
  SW: {'HealthvAblate': '0.6308'}
  [222/288] cue=2 c1=180° c2=150°USING PRECUED ITEMS - SHOULD NEVER BE DONE IN TRAINING
  SW: {'HealthvAblate': '0.7446'}
  [223/288] cue=2 c1=180° c2=180°USING PRECUED ITEMS - SHOULD NEVER BE DONE IN TRAINING
  SW: {'HealthvAblate': '0.5146'}
  [224/288] cue=2 c1=180° c2=210°USING PRECUED ITEMS - SHOULD NEVER BE DONE IN TRAINING
  SW: {'HealthvAblate': '0.5425'}
  [225/288] cue=2 c1=180° c2=240°USING PRECUED ITEMS - SHOULD NEVER BE DONE IN TRAINING
  SW: {'HealthvAblate': '0.2712'}
  [226/288] cue=2 c1=180° c2=270°USING PRECUED ITEMS - SHOULD NEVER BE DONE IN TRAINING
  SW: {'HealthvAblate': '0.5169'}
  [227/288] cue=2 c1=180° c2=300°USING PRECUED ITEMS - SHOULD NEVER BE DONE IN TRAINING
  SW: {'HealthvAblate': '0.3574'}
  [228/288] cue=2 c1=180° c2=330°USING PRECUED ITEMS - SHOULD NEVER BE DONE IN TRAINING
  SW: {'HealthvAblate': '0.2868'}
  [229/288] cue=2 c1=210° c2=0°USING PRECUED ITEMS - SHOULD NEVER BE DONE IN TRAINING
  SW: {'HealthvAblate': '1.0682'}
  [230/288] cue=2 c1=210° c2=30°USING PRECUED ITEMS - SHOULD NEVER BE DONE IN TRAINING
  SW: {'HealthvAblate': '0.5793'}
  [231/288] cue=2 c1=210° c2=60°USING PRECUED ITEMS - SHOULD NEVER BE DONE IN TRAINING
  SW: {'HealthvAblate': '0.2673'}
  [232/288] cue=2 c1=210° c2=90°USING PRECUED ITEMS - SHOULD NEVER BE DONE IN TRAINING
  SW: {'HealthvAblate': '0.3042'}
  [233/288] cue=2 c1=210° c2=120°USING PRECUED ITEMS - SHOULD NEVER BE DONE IN TRAINING
  SW: {'HealthvAblate': '0.3685'}
  [234/288] cue=2 c1=210° c2=150°USING PRECUED ITEMS - SHOULD NEVER BE DONE IN TRAINING
  SW: {'HealthvAblate': '0.6942'}
  [235/288] cue=2 c1=210° c2=180°USING PRECUED ITEMS - SHOULD NEVER BE DONE IN TRAINING
  SW: {'HealthvAblate': '0.7301'}
  [236/288] cue=2 c1=210° c2=210°USING PRECUED ITEMS - SHOULD NEVER BE DONE IN TRAINING
  SW: {'HealthvAblate': '0.5927'}
  [237/288] cue=2 c1=210° c2=240°USING PRECUED ITEMS - SHOULD NEVER BE DONE IN TRAINING
  SW: {'HealthvAblate': '0.2282'}
  [238/288] cue=2 c1=210° c2=270°USING PRECUED ITEMS - SHOULD NEVER BE DONE IN TRAINING
  SW: {'HealthvAblate': '0.3810'}
  [239/288] cue=2 c1=210° c2=300°USING PRECUED ITEMS - SHOULD NEVER BE DONE IN TRAINING
  SW: {'HealthvAblate': '0.4379'}
  [240/288] cue=2 c1=210° c2=330°USING PRECUED ITEMS - SHOULD NEVER BE DONE IN TRAINING
  SW: {'HealthvAblate': '0.2207'}
  [241/288] cue=2 c1=240° c2=0°USING PRECUED ITEMS - SHOULD NEVER BE DONE IN TRAINING
  SW: {'HealthvAblate': '1.2029'}
  [242/288] cue=2 c1=240° c2=30°USING PRECUED ITEMS - SHOULD NEVER BE DONE IN TRAINING
  SW: {'HealthvAblate': '1.5946'}
  [243/288] cue=2 c1=240° c2=60°USING PRECUED ITEMS - SHOULD NEVER BE DONE IN TRAINING
  SW: {'HealthvAblate': '1.3861'}
  [244/288] cue=2 c1=240° c2=90°USING PRECUED ITEMS - SHOULD NEVER BE DONE IN TRAINING
  SW: {'HealthvAblate': '0.5728'}
  [245/288] cue=2 c1=240° c2=120°USING PRECUED ITEMS - SHOULD NEVER BE DONE IN TRAINING
  SW: {'HealthvAblate': '0.1835'}
  [246/288] cue=2 c1=240° c2=150°USING PRECUED ITEMS - SHOULD NEVER BE DONE IN TRAINING
  SW: {'HealthvAblate': '0.4025'}
  [247/288] cue=2 c1=240° c2=180°USING PRECUED ITEMS - SHOULD NEVER BE DONE IN TRAINING
  SW: {'HealthvAblate': '0.5044'}
  [248/288] cue=2 c1=240° c2=210°USING PRECUED ITEMS - SHOULD NEVER BE DONE IN TRAINING
  SW: {'HealthvAblate': '0.5722'}
Saved plot: results/healthy_vs_ablations_sweep/sweep_plots/trial0247_cue2_c1240_c2210.png
  [249/288] cue=2 c1=240° c2=240°USING PRECUED ITEMS - SHOULD NEVER BE DONE IN TRAINING
  SW: {'HealthvAblate': '0.2671'}
  [250/288] cue=2 c1=240° c2=270°USING PRECUED ITEMS - SHOULD NEVER BE DONE IN TRAINING
  SW: {'HealthvAblate': '0.2049'}
  [251/288] cue=2 c1=240° c2=300°USING PRECUED ITEMS - SHOULD NEVER BE DONE IN TRAINING
  SW: {'HealthvAblate': '0.3471'}
  [252/288] cue=2 c1=240° c2=330°USING PRECUED ITEMS - SHOULD NEVER BE DONE IN TRAINING
  SW: {'HealthvAblate': '0.1223'}
  [253/288] cue=2 c1=270° c2=0°USING PRECUED ITEMS - SHOULD NEVER BE DONE IN TRAINING
  SW: {'HealthvAblate': '1.0319'}
  [254/288] cue=2 c1=270° c2=30°USING PRECUED ITEMS - SHOULD NEVER BE DONE IN TRAINING
  SW: {'HealthvAblate': '1.2810'}
  [255/288] cue=2 c1=270° c2=60°USING PRECUED ITEMS - SHOULD NEVER BE DONE IN TRAINING
  SW: {'HealthvAblate': '0.9271'}
  [256/288] cue=2 c1=270° c2=90°USING PRECUED ITEMS - SHOULD NEVER BE DONE IN TRAINING
  SW: {'HealthvAblate': '0.5496'}
  [257/288] cue=2 c1=270° c2=120°USING PRECUED ITEMS - SHOULD NEVER BE DONE IN TRAINING
  SW: {'HealthvAblate': '0.1145'}
  [258/288] cue=2 c1=270° c2=150°USING PRECUED ITEMS - SHOULD NEVER BE DONE IN TRAINING
  SW: {'HealthvAblate': '0.1854'}
  [259/288] cue=2 c1=270° c2=180°USING PRECUED ITEMS - SHOULD NEVER BE DONE IN TRAINING
  SW: {'HealthvAblate': '0.1474'}
  [260/288] cue=2 c1=270° c2=210°USING PRECUED ITEMS - SHOULD NEVER BE DONE IN TRAINING
  SW: {'HealthvAblate': '0.4040'}
  [261/288] cue=2 c1=270° c2=240°USING PRECUED ITEMS - SHOULD NEVER BE DONE IN TRAINING
  SW: {'HealthvAblate': '0.3326'}
  [262/288] cue=2 c1=270° c2=270°USING PRECUED ITEMS - SHOULD NEVER BE DONE IN TRAINING
  SW: {'HealthvAblate': '0.1036'}
  [263/288] cue=2 c1=270° c2=300°USING PRECUED ITEMS - SHOULD NEVER BE DONE IN TRAINING
  SW: {'HealthvAblate': '0.1987'}
  [264/288] cue=2 c1=270° c2=330°USING PRECUED ITEMS - SHOULD NEVER BE DONE IN TRAINING
  SW: {'HealthvAblate': '0.3799'}
  [265/288] cue=2 c1=300° c2=0°USING PRECUED ITEMS - SHOULD NEVER BE DONE IN TRAINING
  SW: {'HealthvAblate': '1.0192'}
  [266/288] cue=2 c1=300° c2=30°USING PRECUED ITEMS - SHOULD NEVER BE DONE IN TRAINING
  SW: {'HealthvAblate': '0.9529'}
  [267/288] cue=2 c1=300° c2=60°USING PRECUED ITEMS - SHOULD NEVER BE DONE IN TRAINING
  SW: {'HealthvAblate': '1.0841'}
  [268/288] cue=2 c1=300° c2=90°USING PRECUED ITEMS - SHOULD NEVER BE DONE IN TRAINING
  SW: {'HealthvAblate': '0.3523'}
  [269/288] cue=2 c1=300° c2=120°USING PRECUED ITEMS - SHOULD NEVER BE DONE IN TRAINING
  SW: {'HealthvAblate': '0.1145'}
  [270/288] cue=2 c1=300° c2=150°USING PRECUED ITEMS - SHOULD NEVER BE DONE IN TRAINING
  SW: {'HealthvAblate': '0.1555'}
  [271/288] cue=2 c1=300° c2=180°USING PRECUED ITEMS - SHOULD NEVER BE DONE IN TRAINING
  SW: {'HealthvAblate': '0.0958'}
  [272/288] cue=2 c1=300° c2=210°USING PRECUED ITEMS - SHOULD NEVER BE DONE IN TRAINING
  SW: {'HealthvAblate': '0.5705'}
  [273/288] cue=2 c1=300° c2=240°USING PRECUED ITEMS - SHOULD NEVER BE DONE IN TRAINING
  SW: {'HealthvAblate': '0.2645'}
  [274/288] cue=2 c1=300° c2=270°USING PRECUED ITEMS - SHOULD NEVER BE DONE IN TRAINING
  SW: {'HealthvAblate': '0.1090'}
  [275/288] cue=2 c1=300° c2=300°USING PRECUED ITEMS - SHOULD NEVER BE DONE IN TRAINING
  SW: {'HealthvAblate': '0.1884'}
  [276/288] cue=2 c1=300° c2=330°USING PRECUED ITEMS - SHOULD NEVER BE DONE IN TRAINING
  SW: {'HealthvAblate': '0.4265'}
  [277/288] cue=2 c1=330° c2=0°USING PRECUED ITEMS - SHOULD NEVER BE DONE IN TRAINING
  SW: {'HealthvAblate': '0.6436'}
  [278/288] cue=2 c1=330° c2=30°USING PRECUED ITEMS - SHOULD NEVER BE DONE IN TRAINING
  SW: {'HealthvAblate': '0.5415'}
  [279/288] cue=2 c1=330° c2=60°USING PRECUED ITEMS - SHOULD NEVER BE DONE IN TRAINING
  SW: {'HealthvAblate': '0.3367'}
  [280/288] cue=2 c1=330° c2=90°USING PRECUED ITEMS - SHOULD NEVER BE DONE IN TRAINING
  SW: {'HealthvAblate': '0.4337'}
  [281/288] cue=2 c1=330° c2=120°USING PRECUED ITEMS - SHOULD NEVER BE DONE IN TRAINING
  SW: {'HealthvAblate': '0.1760'}
  [282/288] cue=2 c1=330° c2=150°USING PRECUED ITEMS - SHOULD NEVER BE DONE IN TRAINING
  SW: {'HealthvAblate': '0.1259'}
  [283/288] cue=2 c1=330° c2=180°USING PRECUED ITEMS - SHOULD NEVER BE DONE IN TRAINING
  SW: {'HealthvAblate': '1.0052'}
  [284/288] cue=2 c1=330° c2=210°USING PRECUED ITEMS - SHOULD NEVER BE DONE IN TRAINING
  SW: {'HealthvAblate': '0.6857'}
  [285/288] cue=2 c1=330° c2=240°USING PRECUED ITEMS - SHOULD NEVER BE DONE IN TRAINING
  SW: {'HealthvAblate': '0.4521'}
  [286/288] cue=2 c1=330° c2=270°USING PRECUED ITEMS - SHOULD NEVER BE DONE IN TRAINING
  SW: {'HealthvAblate': '0.2618'}
  [287/288] cue=2 c1=330° c2=300°USING PRECUED ITEMS - SHOULD NEVER BE DONE IN TRAINING
  SW: {'HealthvAblate': '0.5071'}
  [288/288] cue=2 c1=330° c2=330°USING PRECUED ITEMS - SHOULD NEVER BE DONE IN TRAINING
  SW: {'HealthvAblate': '0.4900'}

Saved sweep SW scores: results/healthy_vs_ablations_sweep/sw_sweep.csv

Mean sliced-Wasserstein per pair (overall / same-color / different-color):
  sw_Healthy_vs_Ablated_0: 2.144792  same=2.958235  diff=2.070843
  sw_Healthy_vs_Ablated_1: 1.068751  same=0.717163  diff=1.100714
  sw_Healthy_vs_Ablated_2: 12.347678  same=0.421363  diff=13.431888
  sw_Healthy_vs_Ablated_3: 9.341344  same=46.762493  diff=5.939421
  sw_Healthy_vs_Ablated_4: 1.195670  same=1.018499  diff=1.211777
  sw_Healthy_vs_Ablated_5: 0.795901  same=0.610770  diff=0.812732
  sw_Healthy_vs_Ablated_6: 1.881432  same=1.634801  diff=1.903853
  sw_Healthy_vs_Ablated_7: 0.848010  same=0.548002  diff=0.875283
  sw_Healthy_vs_Ablated_8: 1.458682  same=1.432545  diff=1.461058
  sw_Healthy_vs_Ablated_9: 14.687412  same=148.561204  diff=2.517068
  sw_Healthy_vs_Ablated_10: 7.945633  same=1.068612  diff=8.570817
  sw_Healthy_vs_Ablated_11: 298859.662632  same=393929.182354  diff=290216.979021
  sw_Healthy_vs_Ablated_12: 1.811243  same=1.933307  diff=1.800147
  sw_Healthy_vs_Ablated_13: 0.757485  same=0.459957  diff=0.784533

Teacher-vs-students aggregate (mean over student SW per trial):
  overall mean: 21351.139048
  same-color:   28152.664950
  diff-color:   20732.818511
