Loading models...
  [0] Ablated_1  (results_link_sampler/index_cued_first_diffusion_0.3_swap_7)
  [1] Student_0  (results_link_sampler/index_cued_first_diffusion_0.3_swap_recovery_ablation_1_0)
  [2] Student_1  (results_link_sampler/index_cued_first_diffusion_0.3_swap_recovery_ablation_1_1)
  [0] Ablated_1: ablating nullspace direction 1
Sweep: 288 trials (24 with same color, per 12^2 × 2 cues)
Reference model: [0] Ablated_1
Student models: ['Student_0', 'Student_1']
  [1/288] cue=1 c1=0° c2=0°USING PRECUED ITEMS - SHOULD NEVER BE DONE IN TRAINING
  Student_0:0.634  Student_1:0.075  Student_1:0.580
  [2/288] cue=1 c1=0° c2=30°USING PRECUED ITEMS - SHOULD NEVER BE DONE IN TRAINING
  Student_0:0.561  Student_1:0.098  Student_1:0.522
  [3/288] cue=1 c1=0° c2=60°USING PRECUED ITEMS - SHOULD NEVER BE DONE IN TRAINING
  Student_0:0.407  Student_1:0.052  Student_1:0.391
  [4/288] cue=1 c1=0° c2=90°USING PRECUED ITEMS - SHOULD NEVER BE DONE IN TRAINING
  Student_0:0.495  Student_1:0.034  Student_1:0.507
  [5/288] cue=1 c1=0° c2=120°USING PRECUED ITEMS - SHOULD NEVER BE DONE IN TRAINING
  Student_0:0.938  Student_1:0.056  Student_1:0.956
  [6/288] cue=1 c1=0° c2=150°USING PRECUED ITEMS - SHOULD NEVER BE DONE IN TRAINING
  Student_0:1.179  Student_1:0.059  Student_1:1.182
  [7/288] cue=1 c1=0° c2=180°USING PRECUED ITEMS - SHOULD NEVER BE DONE IN TRAINING
  Student_0:1.375  Student_1:0.066  Student_1:1.351
  [8/288] cue=1 c1=0° c2=210°USING PRECUED ITEMS - SHOULD NEVER BE DONE IN TRAINING
  Student_0:1.306  Student_1:0.061  Student_1:1.297
  [9/288] cue=1 c1=0° c2=240°USING PRECUED ITEMS - SHOULD NEVER BE DONE IN TRAINING
  Student_0:1.161  Student_1:0.046  Student_1:1.150
  [10/288] cue=1 c1=0° c2=270°USING PRECUED ITEMS - SHOULD NEVER BE DONE IN TRAINING
  Student_0:1.061  Student_1:0.061  Student_1:1.012
  [11/288] cue=1 c1=0° c2=300°USING PRECUED ITEMS - SHOULD NEVER BE DONE IN TRAINING
  Student_0:1.060  Student_1:0.038  Student_1:1.067
  [12/288] cue=1 c1=0° c2=330°USING PRECUED ITEMS - SHOULD NEVER BE DONE IN TRAINING
  Student_0:0.884  Student_1:0.049  Student_1:0.891
  [13/288] cue=1 c1=30° c2=0°USING PRECUED ITEMS - SHOULD NEVER BE DONE IN TRAINING
  Student_0:0.699  Student_1:0.213  Student_1:0.550
  [14/288] cue=1 c1=30° c2=30°USING PRECUED ITEMS - SHOULD NEVER BE DONE IN TRAINING
  Student_0:0.543  Student_1:0.117  Student_1:0.439
  [15/288] cue=1 c1=30° c2=60°USING PRECUED ITEMS - SHOULD NEVER BE DONE IN TRAINING
  Student_0:0.413  Student_1:0.123  Student_1:0.322
  [16/288] cue=1 c1=30° c2=90°USING PRECUED ITEMS - SHOULD NEVER BE DONE IN TRAINING
  Student_0:0.425  Student_1:0.043  Student_1:0.419
  [17/288] cue=1 c1=30° c2=120°USING PRECUED ITEMS - SHOULD NEVER BE DONE IN TRAINING
  Student_0:0.872  Student_1:0.073  Student_1:0.886
  [18/288] cue=1 c1=30° c2=150°USING PRECUED ITEMS - SHOULD NEVER BE DONE IN TRAINING
  Student_0:1.205  Student_1:0.091  Student_1:1.193
  [19/288] cue=1 c1=30° c2=180°USING PRECUED ITEMS - SHOULD NEVER BE DONE IN TRAINING
  Student_0:1.476  Student_1:0.118  Student_1:1.478
  [20/288] cue=1 c1=30° c2=210°USING PRECUED ITEMS - SHOULD NEVER BE DONE IN TRAINING
  Student_0:1.153  Student_1:0.197  Student_1:1.271
  [21/288] cue=1 c1=30° c2=240°USING PRECUED ITEMS - SHOULD NEVER BE DONE IN TRAINING
  Student_0:1.159  Student_1:0.071  Student_1:1.187
  [22/288] cue=1 c1=30° c2=270°USING PRECUED ITEMS - SHOULD NEVER BE DONE IN TRAINING
  Student_0:0.865  Student_1:0.034  Student_1:0.855
  [23/288] cue=1 c1=30° c2=300°USING PRECUED ITEMS - SHOULD NEVER BE DONE IN TRAINING
  Student_0:0.800  Student_1:0.056  Student_1:0.802
  [24/288] cue=1 c1=30° c2=330°USING PRECUED ITEMS - SHOULD NEVER BE DONE IN TRAINING
  Student_0:0.678  Student_1:0.073  Student_1:0.634
  [25/288] cue=1 c1=60° c2=0°USING PRECUED ITEMS - SHOULD NEVER BE DONE IN TRAINING
  Student_0:0.444  Student_1:0.197  Student_1:0.289
  [26/288] cue=1 c1=60° c2=30°USING PRECUED ITEMS - SHOULD NEVER BE DONE IN TRAINING
  Student_0:0.583  Student_1:0.311  Student_1:0.300
Saved plot: results/ablation1_vs_students_sweep_v2/sweep_plots/trial0025_cue1_c160_c230.png
  [27/288] cue=1 c1=60° c2=60°USING PRECUED ITEMS - SHOULD NEVER BE DONE IN TRAINING
  Student_0:0.336  Student_1:0.125  Student_1:0.305
  [28/288] cue=1 c1=60° c2=90°USING PRECUED ITEMS - SHOULD NEVER BE DONE IN TRAINING
  Student_0:0.527  Student_1:0.100  Student_1:0.579
  [29/288] cue=1 c1=60° c2=120°USING PRECUED ITEMS - SHOULD NEVER BE DONE IN TRAINING
  Student_0:0.853  Student_1:0.045  Student_1:0.851
  [30/288] cue=1 c1=60° c2=150°USING PRECUED ITEMS - SHOULD NEVER BE DONE IN TRAINING
  Student_0:1.174  Student_1:0.203  Student_1:1.178
  [31/288] cue=1 c1=60° c2=180°USING PRECUED ITEMS - SHOULD NEVER BE DONE IN TRAINING
  Student_0:0.989  Student_1:0.144  Student_1:0.955
  [32/288] cue=1 c1=60° c2=210°USING PRECUED ITEMS - SHOULD NEVER BE DONE IN TRAINING
  Student_0:0.757  Student_1:0.049  Student_1:0.753
  [33/288] cue=1 c1=60° c2=240°USING PRECUED ITEMS - SHOULD NEVER BE DONE IN TRAINING
  Student_0:0.776  Student_1:0.047  Student_1:0.749
  [34/288] cue=1 c1=60° c2=270°USING PRECUED ITEMS - SHOULD NEVER BE DONE IN TRAINING
  Student_0:0.719  Student_1:0.129  Student_1:0.628
  [35/288] cue=1 c1=60° c2=300°USING PRECUED ITEMS - SHOULD NEVER BE DONE IN TRAINING
  Student_0:0.681  Student_1:0.228  Student_1:0.493
  [36/288] cue=1 c1=60° c2=330°USING PRECUED ITEMS - SHOULD NEVER BE DONE IN TRAINING
  Student_0:0.382  Student_1:0.116  Student_1:0.305
  [37/288] cue=1 c1=90° c2=0°USING PRECUED ITEMS - SHOULD NEVER BE DONE IN TRAINING
  Student_0:0.559  Student_1:0.038  Student_1:0.573
  [38/288] cue=1 c1=90° c2=30°USING PRECUED ITEMS - SHOULD NEVER BE DONE IN TRAINING
  Student_0:0.605  Student_1:0.062  Student_1:0.613
  [39/288] cue=1 c1=90° c2=60°USING PRECUED ITEMS - SHOULD NEVER BE DONE IN TRAINING
  Student_0:0.558  Student_1:0.096  Student_1:0.625
  [40/288] cue=1 c1=90° c2=90°USING PRECUED ITEMS - SHOULD NEVER BE DONE IN TRAINING
  Student_0:0.688  Student_1:0.419  Student_1:0.827
  [41/288] cue=1 c1=90° c2=120°USING PRECUED ITEMS - SHOULD NEVER BE DONE IN TRAINING
  Student_0:0.523  Student_1:0.318  Student_1:0.630
  [42/288] cue=1 c1=90° c2=150°USING PRECUED ITEMS - SHOULD NEVER BE DONE IN TRAINING
  Student_0:1.186  Student_1:0.141  Student_1:1.180
  [43/288] cue=1 c1=90° c2=180°USING PRECUED ITEMS - SHOULD NEVER BE DONE IN TRAINING
  Student_0:1.255  Student_1:0.136  Student_1:1.248
  [44/288] cue=1 c1=90° c2=210°USING PRECUED ITEMS - SHOULD NEVER BE DONE IN TRAINING
  Student_0:1.138  Student_1:0.084  Student_1:1.112
  [45/288] cue=1 c1=90° c2=240°USING PRECUED ITEMS - SHOULD NEVER BE DONE IN TRAINING
  Student_0:1.130  Student_1:0.171  Student_1:1.052
  [46/288] cue=1 c1=90° c2=270°USING PRECUED ITEMS - SHOULD NEVER BE DONE IN TRAINING
  Student_0:0.640  Student_1:0.203  Student_1:0.677
  [47/288] cue=1 c1=90° c2=300°USING PRECUED ITEMS - SHOULD NEVER BE DONE IN TRAINING
  Student_0:0.523  Student_1:0.058  Student_1:0.527
  [48/288] cue=1 c1=90° c2=330°USING PRECUED ITEMS - SHOULD NEVER BE DONE IN TRAINING
  Student_0:0.648  Student_1:0.034  Student_1:0.653
  [49/288] cue=1 c1=120° c2=0°USING PRECUED ITEMS - SHOULD NEVER BE DONE IN TRAINING
  Student_0:1.231  Student_1:0.171  Student_1:1.234
  [50/288] cue=1 c1=120° c2=30°USING PRECUED ITEMS - SHOULD NEVER BE DONE IN TRAINING
  Student_0:1.171  Student_1:0.117  Student_1:1.174
  [51/288] cue=1 c1=120° c2=60°USING PRECUED ITEMS - SHOULD NEVER BE DONE IN TRAINING
  Student_0:1.025  Student_1:0.150  Student_1:1.010
  [52/288] cue=1 c1=120° c2=90°USING PRECUED ITEMS - SHOULD NEVER BE DONE IN TRAINING
  Student_0:0.831  Student_1:0.302  Student_1:0.815
  [53/288] cue=1 c1=120° c2=120°USING PRECUED ITEMS - SHOULD NEVER BE DONE IN TRAINING
  Student_0:0.693  Student_1:0.397  Student_1:0.781
  [54/288] cue=1 c1=120° c2=150°USING PRECUED ITEMS - SHOULD NEVER BE DONE IN TRAINING
  Student_0:1.366  Student_1:0.183  Student_1:1.364
  [55/288] cue=1 c1=120° c2=180°USING PRECUED ITEMS - SHOULD NEVER BE DONE IN TRAINING
  Student_0:0.937  Student_1:0.159  Student_1:0.861
  [56/288] cue=1 c1=120° c2=210°USING PRECUED ITEMS - SHOULD NEVER BE DONE IN TRAINING
  Student_0:0.753  Student_1:0.140  Student_1:0.702
  [57/288] cue=1 c1=120° c2=240°USING PRECUED ITEMS - SHOULD NEVER BE DONE IN TRAINING
  Student_0:0.674  Student_1:0.079  Student_1:0.682
  [58/288] cue=1 c1=120° c2=270°USING PRECUED ITEMS - SHOULD NEVER BE DONE IN TRAINING
  Student_0:0.688  Student_1:0.073  Student_1:0.719
  [59/288] cue=1 c1=120° c2=300°USING PRECUED ITEMS - SHOULD NEVER BE DONE IN TRAINING
  Student_0:1.355  Student_1:0.169  Student_1:1.321
  [60/288] cue=1 c1=120° c2=330°USING PRECUED ITEMS - SHOULD NEVER BE DONE IN TRAINING
  Student_0:1.269  Student_1:0.113  Student_1:1.309
  [61/288] cue=1 c1=150° c2=0°USING PRECUED ITEMS - SHOULD NEVER BE DONE IN TRAINING
  Student_0:1.464  Student_1:0.065  Student_1:1.488
  [62/288] cue=1 c1=150° c2=30°USING PRECUED ITEMS - SHOULD NEVER BE DONE IN TRAINING
  Student_0:1.375  Student_1:0.084  Student_1:1.397
  [63/288] cue=1 c1=150° c2=60°USING PRECUED ITEMS - SHOULD NEVER BE DONE IN TRAINING
  Student_0:1.415  Student_1:0.205  Student_1:1.436
  [64/288] cue=1 c1=150° c2=90°USING PRECUED ITEMS - SHOULD NEVER BE DONE IN TRAINING
  Student_0:1.114  Student_1:0.044  Student_1:1.096
  [65/288] cue=1 c1=150° c2=120°USING PRECUED ITEMS - SHOULD NEVER BE DONE IN TRAINING
  Student_0:1.356  Student_1:0.097  Student_1:1.296
  [66/288] cue=1 c1=150° c2=150°USING PRECUED ITEMS - SHOULD NEVER BE DONE IN TRAINING
  Student_0:0.686  Student_1:0.302  Student_1:0.841
  [67/288] cue=1 c1=150° c2=180°USING PRECUED ITEMS - SHOULD NEVER BE DONE IN TRAINING
  Student_0:0.436  Student_1:0.142  Student_1:0.454
  [68/288] cue=1 c1=150° c2=210°USING PRECUED ITEMS - SHOULD NEVER BE DONE IN TRAINING
  Student_0:0.526  Student_1:0.112  Student_1:0.491
  [69/288] cue=1 c1=150° c2=240°USING PRECUED ITEMS - SHOULD NEVER BE DONE IN TRAINING
  Student_0:0.681  Student_1:0.083  Student_1:0.699
  [70/288] cue=1 c1=150° c2=270°USING PRECUED ITEMS - SHOULD NEVER BE DONE IN TRAINING
  Student_0:0.927  Student_1:0.093  Student_1:0.960
  [71/288] cue=1 c1=150° c2=300°USING PRECUED ITEMS - SHOULD NEVER BE DONE IN TRAINING
  Student_0:1.450  Student_1:0.310  Student_1:1.489
  [72/288] cue=1 c1=150° c2=330°USING PRECUED ITEMS - SHOULD NEVER BE DONE IN TRAINING
  Student_0:1.509  Student_1:0.389  Student_1:1.570
  [73/288] cue=1 c1=180° c2=0°USING PRECUED ITEMS - SHOULD NEVER BE DONE IN TRAINING
  Student_0:1.579  Student_1:0.080  Student_1:1.570
  [74/288] cue=1 c1=180° c2=30°USING PRECUED ITEMS - SHOULD NEVER BE DONE IN TRAINING
  Student_0:1.433  Student_1:0.180  Student_1:1.496
  [75/288] cue=1 c1=180° c2=60°USING PRECUED ITEMS - SHOULD NEVER BE DONE IN TRAINING
  Student_0:1.445  Student_1:0.158  Student_1:1.437
  [76/288] cue=1 c1=180° c2=90°USING PRECUED ITEMS - SHOULD NEVER BE DONE IN TRAINING
  Student_0:1.276  Student_1:0.161  Student_1:1.198
  [77/288] cue=1 c1=180° c2=120°USING PRECUED ITEMS - SHOULD NEVER BE DONE IN TRAINING
  Student_0:1.242  Student_1:0.139  Student_1:1.327
  [78/288] cue=1 c1=180° c2=150°USING PRECUED ITEMS - SHOULD NEVER BE DONE IN TRAINING
  Student_0:0.469  Student_1:0.076  Student_1:0.512
  [79/288] cue=1 c1=180° c2=180°USING PRECUED ITEMS - SHOULD NEVER BE DONE IN TRAINING
  Student_0:0.390  Student_1:0.071  Student_1:0.366
  [80/288] cue=1 c1=180° c2=210°USING PRECUED ITEMS - SHOULD NEVER BE DONE IN TRAINING
  Student_0:0.431  Student_1:0.111  Student_1:0.430
  [81/288] cue=1 c1=180° c2=240°USING PRECUED ITEMS - SHOULD NEVER BE DONE IN TRAINING
  Student_0:0.598  Student_1:0.079  Student_1:0.599
  [82/288] cue=1 c1=180° c2=270°USING PRECUED ITEMS - SHOULD NEVER BE DONE IN TRAINING
  Student_0:1.294  Student_1:0.057  Student_1:1.272
  [83/288] cue=1 c1=180° c2=300°USING PRECUED ITEMS - SHOULD NEVER BE DONE IN TRAINING
  Student_0:1.392  Student_1:0.096  Student_1:1.444
  [84/288] cue=1 c1=180° c2=330°USING PRECUED ITEMS - SHOULD NEVER BE DONE IN TRAINING
  Student_0:1.436  Student_1:0.067  Student_1:1.442
  [85/288] cue=1 c1=210° c2=0°USING PRECUED ITEMS - SHOULD NEVER BE DONE IN TRAINING
  Student_0:1.718  Student_1:0.123  Student_1:1.762
  [86/288] cue=1 c1=210° c2=30°USING PRECUED ITEMS - SHOULD NEVER BE DONE IN TRAINING
  Student_0:1.228  Student_1:0.120  Student_1:1.249
  [87/288] cue=1 c1=210° c2=60°USING PRECUED ITEMS - SHOULD NEVER BE DONE IN TRAINING
  Student_0:0.892  Student_1:0.158  Student_1:0.939
  [88/288] cue=1 c1=210° c2=90°USING PRECUED ITEMS - SHOULD NEVER BE DONE IN TRAINING
  Student_0:1.236  Student_1:0.239  Student_1:1.348
  [89/288] cue=1 c1=210° c2=120°USING PRECUED ITEMS - SHOULD NEVER BE DONE IN TRAINING
  Student_0:1.198  Student_1:0.128  Student_1:1.277
  [90/288] cue=1 c1=210° c2=150°USING PRECUED ITEMS - SHOULD NEVER BE DONE IN TRAINING
  Student_0:0.621  Student_1:0.097  Student_1:0.636
  [91/288] cue=1 c1=210° c2=180°USING PRECUED ITEMS - SHOULD NEVER BE DONE IN TRAINING
  Student_0:0.377  Student_1:0.053  Student_1:0.383
  [92/288] cue=1 c1=210° c2=210°USING PRECUED ITEMS - SHOULD NEVER BE DONE IN TRAINING
  Student_0:0.569  Student_1:0.132  Student_1:0.578
  [93/288] cue=1 c1=210° c2=240°USING PRECUED ITEMS - SHOULD NEVER BE DONE IN TRAINING
  Student_0:0.805  Student_1:0.103  Student_1:0.863
  [94/288] cue=1 c1=210° c2=270°USING PRECUED ITEMS - SHOULD NEVER BE DONE IN TRAINING
  Student_0:1.187  Student_1:0.056  Student_1:1.193
  [95/288] cue=1 c1=210° c2=300°USING PRECUED ITEMS - SHOULD NEVER BE DONE IN TRAINING
  Student_0:1.179  Student_1:0.051  Student_1:1.167
  [96/288] cue=1 c1=210° c2=330°USING PRECUED ITEMS - SHOULD NEVER BE DONE IN TRAINING
  Student_0:1.293  Student_1:0.078  Student_1:1.278
  [97/288] cue=1 c1=240° c2=0°USING PRECUED ITEMS - SHOULD NEVER BE DONE IN TRAINING
  Student_0:1.274  Student_1:0.104  Student_1:1.313
  [98/288] cue=1 c1=240° c2=30°USING PRECUED ITEMS - SHOULD NEVER BE DONE IN TRAINING
  Student_0:1.021  Student_1:0.118  Student_1:1.055
  [99/288] cue=1 c1=240° c2=60°USING PRECUED ITEMS - SHOULD NEVER BE DONE IN TRAINING
  Student_0:0.877  Student_1:0.225  Student_1:0.783
  [100/288] cue=1 c1=240° c2=90°USING PRECUED ITEMS - SHOULD NEVER BE DONE IN TRAINING
  Student_0:1.492  Student_1:0.110  Student_1:1.529
  [101/288] cue=1 c1=240° c2=120°USING PRECUED ITEMS - SHOULD NEVER BE DONE IN TRAINING
  Student_0:1.207  Student_1:0.096  Student_1:1.245
  [102/288] cue=1 c1=240° c2=150°USING PRECUED ITEMS - SHOULD NEVER BE DONE IN TRAINING
  Student_0:0.881  Student_1:0.093  Student_1:0.866
  [103/288] cue=1 c1=240° c2=180°USING PRECUED ITEMS - SHOULD NEVER BE DONE IN TRAINING
  Student_0:0.493  Student_1:0.075  Student_1:0.462
  [104/288] cue=1 c1=240° c2=210°USING PRECUED ITEMS - SHOULD NEVER BE DONE IN TRAINING
  Student_0:0.755  Student_1:0.104  Student_1:0.831
  [105/288] cue=1 c1=240° c2=240°USING PRECUED ITEMS - SHOULD NEVER BE DONE IN TRAINING
  Student_0:0.579  Student_1:0.152  Student_1:0.667
  [106/288] cue=1 c1=240° c2=270°USING PRECUED ITEMS - SHOULD NEVER BE DONE IN TRAINING
  Student_0:0.677  Student_1:0.118  Student_1:0.723
  [107/288] cue=1 c1=240° c2=300°USING PRECUED ITEMS - SHOULD NEVER BE DONE IN TRAINING
  Student_0:0.740  Student_1:0.076  Student_1:0.780
  [108/288] cue=1 c1=240° c2=330°USING PRECUED ITEMS - SHOULD NEVER BE DONE IN TRAINING
  Student_0:1.013  Student_1:0.065  Student_1:0.985
  [109/288] cue=1 c1=270° c2=0°USING PRECUED ITEMS - SHOULD NEVER BE DONE IN TRAINING
  Student_0:1.479  Student_1:0.107  Student_1:1.505
  [110/288] cue=1 c1=270° c2=30°USING PRECUED ITEMS - SHOULD NEVER BE DONE IN TRAINING
  Student_0:1.134  Student_1:0.287  Student_1:1.278
  [111/288] cue=1 c1=270° c2=60°USING PRECUED ITEMS - SHOULD NEVER BE DONE IN TRAINING
  Student_0:1.051  Student_1:0.065  Student_1:1.059
  [112/288] cue=1 c1=270° c2=90°USING PRECUED ITEMS - SHOULD NEVER BE DONE IN TRAINING
  Student_0:1.633  Student_1:0.070  Student_1:1.654
  [113/288] cue=1 c1=270° c2=120°USING PRECUED ITEMS - SHOULD NEVER BE DONE IN TRAINING
  Student_0:1.239  Student_1:0.094  Student_1:1.237
  [114/288] cue=1 c1=270° c2=150°USING PRECUED ITEMS - SHOULD NEVER BE DONE IN TRAINING
  Student_0:1.006  Student_1:0.067  Student_1:0.983
  [115/288] cue=1 c1=270° c2=180°USING PRECUED ITEMS - SHOULD NEVER BE DONE IN TRAINING
  Student_0:1.082  Student_1:0.197  Student_1:0.971
  [116/288] cue=1 c1=270° c2=210°USING PRECUED ITEMS - SHOULD NEVER BE DONE IN TRAINING
  Student_0:0.948  Student_1:0.082  Student_1:0.958
  [117/288] cue=1 c1=270° c2=240°USING PRECUED ITEMS - SHOULD NEVER BE DONE IN TRAINING
  Student_0:0.641  Student_1:0.037  Student_1:0.649
  [118/288] cue=1 c1=270° c2=270°USING PRECUED ITEMS - SHOULD NEVER BE DONE IN TRAINING
  Student_0:0.659  Student_1:0.096  Student_1:0.641
  [119/288] cue=1 c1=270° c2=300°USING PRECUED ITEMS - SHOULD NEVER BE DONE IN TRAINING
  Student_0:0.498  Student_1:0.115  Student_1:0.510
  [120/288] cue=1 c1=270° c2=330°USING PRECUED ITEMS - SHOULD NEVER BE DONE IN TRAINING
  Student_0:1.114  Student_1:0.123  Student_1:1.062
  [121/288] cue=1 c1=300° c2=0°USING PRECUED ITEMS - SHOULD NEVER BE DONE IN TRAINING
  Student_0:1.140  Student_1:0.208  Student_1:1.256
  [122/288] cue=1 c1=300° c2=30°USING PRECUED ITEMS - SHOULD NEVER BE DONE IN TRAINING
  Student_0:0.769  Student_1:0.475  Student_1:0.891
  [123/288] cue=1 c1=300° c2=60°USING PRECUED ITEMS - SHOULD NEVER BE DONE IN TRAINING
  Student_0:0.831  Student_1:0.344  Student_1:0.879
  [124/288] cue=1 c1=300° c2=90°USING PRECUED ITEMS - SHOULD NEVER BE DONE IN TRAINING
  Student_0:1.059  Student_1:0.096  Student_1:1.082
  [125/288] cue=1 c1=300° c2=120°USING PRECUED ITEMS - SHOULD NEVER BE DONE IN TRAINING
  Student_0:1.206  Student_1:0.094  Student_1:1.165
Saved plot: results/ablation1_vs_students_sweep_v2/sweep_plots/trial0124_cue1_c1300_c2120.png
  [126/288] cue=1 c1=300° c2=150°USING PRECUED ITEMS - SHOULD NEVER BE DONE IN TRAINING
  Student_0:1.368  Student_1:0.089  Student_1:1.410
Saved plot: results/ablation1_vs_students_sweep_v2/sweep_plots/trial0125_cue1_c1300_c2150.png
  [127/288] cue=1 c1=300° c2=180°USING PRECUED ITEMS - SHOULD NEVER BE DONE IN TRAINING
  Student_0:1.139  Student_1:0.103  Student_1:1.197
  [128/288] cue=1 c1=300° c2=210°USING PRECUED ITEMS - SHOULD NEVER BE DONE IN TRAINING
  Student_0:0.831  Student_1:0.064  Student_1:0.829
  [129/288] cue=1 c1=300° c2=240°USING PRECUED ITEMS - SHOULD NEVER BE DONE IN TRAINING
  Student_0:0.632  Student_1:0.037  Student_1:0.650
  [130/288] cue=1 c1=300° c2=270°USING PRECUED ITEMS - SHOULD NEVER BE DONE IN TRAINING
  Student_0:0.576  Student_1:0.050  Student_1:0.569
  [131/288] cue=1 c1=300° c2=300°USING PRECUED ITEMS - SHOULD NEVER BE DONE IN TRAINING
  Student_0:0.433  Student_1:0.197  Student_1:0.513
  [132/288] cue=1 c1=300° c2=330°USING PRECUED ITEMS - SHOULD NEVER BE DONE IN TRAINING
  Student_0:0.604  Student_1:0.371  Student_1:0.796
  [133/288] cue=1 c1=330° c2=0°USING PRECUED ITEMS - SHOULD NEVER BE DONE IN TRAINING
  Student_0:1.112  Student_1:0.078  Student_1:1.112
  [134/288] cue=1 c1=330° c2=30°USING PRECUED ITEMS - SHOULD NEVER BE DONE IN TRAINING
  Student_0:0.779  Student_1:0.064  Student_1:0.787
  [135/288] cue=1 c1=330° c2=60°USING PRECUED ITEMS - SHOULD NEVER BE DONE IN TRAINING
  Student_0:0.644  Student_1:0.049  Student_1:0.654
  [136/288] cue=1 c1=330° c2=90°USING PRECUED ITEMS - SHOULD NEVER BE DONE IN TRAINING
  Student_0:0.661  Student_1:0.024  Student_1:0.672
  [137/288] cue=1 c1=330° c2=120°USING PRECUED ITEMS - SHOULD NEVER BE DONE IN TRAINING
  Student_0:1.224  Student_1:0.062  Student_1:1.259
  [138/288] cue=1 c1=330° c2=150°USING PRECUED ITEMS - SHOULD NEVER BE DONE IN TRAINING
  Student_0:1.276  Student_1:0.049  Student_1:1.258
  [139/288] cue=1 c1=330° c2=180°USING PRECUED ITEMS - SHOULD NEVER BE DONE IN TRAINING
  Student_0:1.145  Student_1:0.125  Student_1:1.125
  [140/288] cue=1 c1=330° c2=210°USING PRECUED ITEMS - SHOULD NEVER BE DONE IN TRAINING
  Student_0:0.947  Student_1:0.053  Student_1:0.939
  [141/288] cue=1 c1=330° c2=240°USING PRECUED ITEMS - SHOULD NEVER BE DONE IN TRAINING
  Student_0:0.566  Student_1:0.098  Student_1:0.554
  [142/288] cue=1 c1=330° c2=270°USING PRECUED ITEMS - SHOULD NEVER BE DONE IN TRAINING
  Student_0:0.340  Student_1:0.060  Student_1:0.308
  [143/288] cue=1 c1=330° c2=300°USING PRECUED ITEMS - SHOULD NEVER BE DONE IN TRAINING
  Student_0:0.529  Student_1:0.184  Student_1:0.380
  [144/288] cue=1 c1=330° c2=330°USING PRECUED ITEMS - SHOULD NEVER BE DONE IN TRAINING
  Student_0:0.916  Student_1:0.098  Student_1:0.936
  [145/288] cue=2 c1=0° c2=0°USING PRECUED ITEMS - SHOULD NEVER BE DONE IN TRAINING
  Student_0:0.591  Student_1:0.077  Student_1:0.532
  [146/288] cue=2 c1=0° c2=30°USING PRECUED ITEMS - SHOULD NEVER BE DONE IN TRAINING
  Student_0:0.632  Student_1:0.243  Student_1:0.446
  [147/288] cue=2 c1=0° c2=60°USING PRECUED ITEMS - SHOULD NEVER BE DONE IN TRAINING
  Student_0:0.420  Student_1:0.137  Student_1:0.310
  [148/288] cue=2 c1=0° c2=90°USING PRECUED ITEMS - SHOULD NEVER BE DONE IN TRAINING
  Student_0:0.492  Student_1:0.037  Student_1:0.508
  [149/288] cue=2 c1=0° c2=120°USING PRECUED ITEMS - SHOULD NEVER BE DONE IN TRAINING
  Student_0:1.118  Student_1:0.161  Student_1:1.128
  [150/288] cue=2 c1=0° c2=150°USING PRECUED ITEMS - SHOULD NEVER BE DONE IN TRAINING
  Student_0:1.327  Student_1:0.126  Student_1:1.338
  [151/288] cue=2 c1=0° c2=180°USING PRECUED ITEMS - SHOULD NEVER BE DONE IN TRAINING
  Student_0:1.596  Student_1:0.134  Student_1:1.566
  [152/288] cue=2 c1=0° c2=210°USING PRECUED ITEMS - SHOULD NEVER BE DONE IN TRAINING
  Student_0:1.815  Student_1:0.163  Student_1:1.747
  [153/288] cue=2 c1=0° c2=240°USING PRECUED ITEMS - SHOULD NEVER BE DONE IN TRAINING
  Student_0:1.431  Student_1:0.157  Student_1:1.549
  [154/288] cue=2 c1=0° c2=270°USING PRECUED ITEMS - SHOULD NEVER BE DONE IN TRAINING
  Student_0:1.157  Student_1:0.117  Student_1:1.186
  [155/288] cue=2 c1=0° c2=300°USING PRECUED ITEMS - SHOULD NEVER BE DONE IN TRAINING
  Student_0:1.181  Student_1:0.108  Student_1:1.103
  [156/288] cue=2 c1=0° c2=330°USING PRECUED ITEMS - SHOULD NEVER BE DONE IN TRAINING
  Student_0:0.817  Student_1:0.052  Student_1:0.775
  [157/288] cue=2 c1=30° c2=0°USING PRECUED ITEMS - SHOULD NEVER BE DONE IN TRAINING
  Student_0:0.547  Student_1:0.126  Student_1:0.437
  [158/288] cue=2 c1=30° c2=30°USING PRECUED ITEMS - SHOULD NEVER BE DONE IN TRAINING
  Student_0:0.594  Student_1:0.262  Student_1:0.355
  [159/288] cue=2 c1=30° c2=60°USING PRECUED ITEMS - SHOULD NEVER BE DONE IN TRAINING
  Student_0:0.457  Student_1:0.251  Student_1:0.252
  [160/288] cue=2 c1=30° c2=90°USING PRECUED ITEMS - SHOULD NEVER BE DONE IN TRAINING
  Student_0:0.569  Student_1:0.059  Student_1:0.570
  [161/288] cue=2 c1=30° c2=120°USING PRECUED ITEMS - SHOULD NEVER BE DONE IN TRAINING
  Student_0:1.193  Student_1:0.090  Student_1:1.206
  [162/288] cue=2 c1=30° c2=150°USING PRECUED ITEMS - SHOULD NEVER BE DONE IN TRAINING
  Student_0:1.500  Student_1:0.108  Student_1:1.536
  [163/288] cue=2 c1=30° c2=180°USING PRECUED ITEMS - SHOULD NEVER BE DONE IN TRAINING
  Student_0:1.586  Student_1:0.135  Student_1:1.595
  [164/288] cue=2 c1=30° c2=210°USING PRECUED ITEMS - SHOULD NEVER BE DONE IN TRAINING
  Student_0:1.481  Student_1:0.309  Student_1:1.400
  [165/288] cue=2 c1=30° c2=240°USING PRECUED ITEMS - SHOULD NEVER BE DONE IN TRAINING
  Student_0:1.210  Student_1:0.180  Student_1:1.113
  [166/288] cue=2 c1=30° c2=270°USING PRECUED ITEMS - SHOULD NEVER BE DONE IN TRAINING
  Student_0:1.155  Student_1:0.088  Student_1:1.205
  [167/288] cue=2 c1=30° c2=300°USING PRECUED ITEMS - SHOULD NEVER BE DONE IN TRAINING
  Student_0:0.701  Student_1:0.292  Student_1:0.720
  [168/288] cue=2 c1=30° c2=330°USING PRECUED ITEMS - SHOULD NEVER BE DONE IN TRAINING
  Student_0:0.617  Student_1:0.087  Student_1:0.557
  [169/288] cue=2 c1=60° c2=0°USING PRECUED ITEMS - SHOULD NEVER BE DONE IN TRAINING
  Student_0:0.369  Student_1:0.048  Student_1:0.350
  [170/288] cue=2 c1=60° c2=30°USING PRECUED ITEMS - SHOULD NEVER BE DONE IN TRAINING
  Student_0:0.307  Student_1:0.123  Student_1:0.239
  [171/288] cue=2 c1=60° c2=60°USING PRECUED ITEMS - SHOULD NEVER BE DONE IN TRAINING
  Student_0:0.317  Student_1:0.110  Student_1:0.294
  [172/288] cue=2 c1=60° c2=90°USING PRECUED ITEMS - SHOULD NEVER BE DONE IN TRAINING
  Student_0:0.602  Student_1:0.106  Student_1:0.641
  [173/288] cue=2 c1=60° c2=120°USING PRECUED ITEMS - SHOULD NEVER BE DONE IN TRAINING
  Student_0:1.186  Student_1:0.055  Student_1:1.183
  [174/288] cue=2 c1=60° c2=150°USING PRECUED ITEMS - SHOULD NEVER BE DONE IN TRAINING
  Student_0:1.638  Student_1:0.230  Student_1:1.699
  [175/288] cue=2 c1=60° c2=180°USING PRECUED ITEMS - SHOULD NEVER BE DONE IN TRAINING
  Student_0:1.394  Student_1:0.289  Student_1:1.390
  [176/288] cue=2 c1=60° c2=210°USING PRECUED ITEMS - SHOULD NEVER BE DONE IN TRAINING
  Student_0:0.990  Student_1:0.131  Student_1:0.943
  [177/288] cue=2 c1=60° c2=240°USING PRECUED ITEMS - SHOULD NEVER BE DONE IN TRAINING
  Student_0:0.642  Student_1:0.128  Student_1:0.690
  [178/288] cue=2 c1=60° c2=270°USING PRECUED ITEMS - SHOULD NEVER BE DONE IN TRAINING
  Student_0:0.737  Student_1:0.059  Student_1:0.723
  [179/288] cue=2 c1=60° c2=300°USING PRECUED ITEMS - SHOULD NEVER BE DONE IN TRAINING
  Student_0:0.756  Student_1:0.122  Student_1:0.753
  [180/288] cue=2 c1=60° c2=330°USING PRECUED ITEMS - SHOULD NEVER BE DONE IN TRAINING
  Student_0:0.580  Student_1:0.047  Student_1:0.613
  [181/288] cue=2 c1=90° c2=0°USING PRECUED ITEMS - SHOULD NEVER BE DONE IN TRAINING
  Student_0:0.601  Student_1:0.031  Student_1:0.606
  [182/288] cue=2 c1=90° c2=30°USING PRECUED ITEMS - SHOULD NEVER BE DONE IN TRAINING
  Student_0:0.524  Student_1:0.041  Student_1:0.543
  [183/288] cue=2 c1=90° c2=60°USING PRECUED ITEMS - SHOULD NEVER BE DONE IN TRAINING
  Student_0:0.543  Student_1:0.055  Student_1:0.565
  [184/288] cue=2 c1=90° c2=90°USING PRECUED ITEMS - SHOULD NEVER BE DONE IN TRAINING
  Student_0:0.709  Student_1:0.235  Student_1:0.746
  [185/288] cue=2 c1=90° c2=120°USING PRECUED ITEMS - SHOULD NEVER BE DONE IN TRAINING
  Student_0:1.286  Student_1:0.358  Student_1:1.197
  [186/288] cue=2 c1=90° c2=150°USING PRECUED ITEMS - SHOULD NEVER BE DONE IN TRAINING
  Student_0:1.211  Student_1:0.075  Student_1:1.265
  [187/288] cue=2 c1=90° c2=180°USING PRECUED ITEMS - SHOULD NEVER BE DONE IN TRAINING
  Student_0:1.021  Student_1:0.122  Student_1:1.055
Saved plot: results/ablation1_vs_students_sweep_v2/sweep_plots/trial0186_cue2_c190_c2180.png
  [188/288] cue=2 c1=90° c2=210°USING PRECUED ITEMS - SHOULD NEVER BE DONE IN TRAINING
  Student_0:1.089  Student_1:0.120  Student_1:1.111
  [189/288] cue=2 c1=90° c2=240°USING PRECUED ITEMS - SHOULD NEVER BE DONE IN TRAINING
  Student_0:1.204  Student_1:0.183  Student_1:1.294
  [190/288] cue=2 c1=90° c2=270°USING PRECUED ITEMS - SHOULD NEVER BE DONE IN TRAINING
  Student_0:1.192  Student_1:0.230  Student_1:1.286
  [191/288] cue=2 c1=90° c2=300°USING PRECUED ITEMS - SHOULD NEVER BE DONE IN TRAINING
  Student_0:0.997  Student_1:0.063  Student_1:1.014
  [192/288] cue=2 c1=90° c2=330°USING PRECUED ITEMS - SHOULD NEVER BE DONE IN TRAINING
  Student_0:0.754  Student_1:0.031  Student_1:0.763
  [193/288] cue=2 c1=120° c2=0°USING PRECUED ITEMS - SHOULD NEVER BE DONE IN TRAINING
  Student_0:0.986  Student_1:0.041  Student_1:1.007
  [194/288] cue=2 c1=120° c2=30°USING PRECUED ITEMS - SHOULD NEVER BE DONE IN TRAINING
  Student_0:0.934  Student_1:0.095  Student_1:0.931
  [195/288] cue=2 c1=120° c2=60°USING PRECUED ITEMS - SHOULD NEVER BE DONE IN TRAINING
  Student_0:0.751  Student_1:0.044  Student_1:0.760
  [196/288] cue=2 c1=120° c2=90°USING PRECUED ITEMS - SHOULD NEVER BE DONE IN TRAINING
  Student_0:0.677  Student_1:0.114  Student_1:0.742
  [197/288] cue=2 c1=120° c2=120°USING PRECUED ITEMS - SHOULD NEVER BE DONE IN TRAINING
  Student_0:0.742  Student_1:0.276  Student_1:0.905
  [198/288] cue=2 c1=120° c2=150°USING PRECUED ITEMS - SHOULD NEVER BE DONE IN TRAINING
  Student_0:1.384  Student_1:0.138  Student_1:1.412
  [199/288] cue=2 c1=120° c2=180°USING PRECUED ITEMS - SHOULD NEVER BE DONE IN TRAINING
  Student_0:1.239  Student_1:0.093  Student_1:1.222
  [200/288] cue=2 c1=120° c2=210°USING PRECUED ITEMS - SHOULD NEVER BE DONE IN TRAINING
  Student_0:1.289  Student_1:0.072  Student_1:1.327
  [201/288] cue=2 c1=120° c2=240°USING PRECUED ITEMS - SHOULD NEVER BE DONE IN TRAINING
  Student_0:1.395  Student_1:0.077  Student_1:1.422
  [202/288] cue=2 c1=120° c2=270°USING PRECUED ITEMS - SHOULD NEVER BE DONE IN TRAINING
  Student_0:1.055  Student_1:0.048  Student_1:1.052
  [203/288] cue=2 c1=120° c2=300°USING PRECUED ITEMS - SHOULD NEVER BE DONE IN TRAINING
  Student_0:1.222  Student_1:0.100  Student_1:1.218
  [204/288] cue=2 c1=120° c2=330°USING PRECUED ITEMS - SHOULD NEVER BE DONE IN TRAINING
  Student_0:1.131  Student_1:0.063  Student_1:1.161
  [205/288] cue=2 c1=150° c2=0°USING PRECUED ITEMS - SHOULD NEVER BE DONE IN TRAINING
  Student_0:1.171  Student_1:0.047  Student_1:1.178
  [206/288] cue=2 c1=150° c2=30°USING PRECUED ITEMS - SHOULD NEVER BE DONE IN TRAINING
  Student_0:0.956  Student_1:0.056  Student_1:0.974
  [207/288] cue=2 c1=150° c2=60°USING PRECUED ITEMS - SHOULD NEVER BE DONE IN TRAINING
  Student_0:1.128  Student_1:0.258  Student_1:1.137
  [208/288] cue=2 c1=150° c2=90°USING PRECUED ITEMS - SHOULD NEVER BE DONE IN TRAINING
  Student_0:0.959  Student_1:0.050  Student_1:0.950
  [209/288] cue=2 c1=150° c2=120°USING PRECUED ITEMS - SHOULD NEVER BE DONE IN TRAINING
  Student_0:1.488  Student_1:0.433  Student_1:1.192
  [210/288] cue=2 c1=150° c2=150°USING PRECUED ITEMS - SHOULD NEVER BE DONE IN TRAINING
  Student_0:0.820  Student_1:0.170  Student_1:0.871
  [211/288] cue=2 c1=150° c2=180°USING PRECUED ITEMS - SHOULD NEVER BE DONE IN TRAINING
  Student_0:0.639  Student_1:0.097  Student_1:0.661
  [212/288] cue=2 c1=150° c2=210°USING PRECUED ITEMS - SHOULD NEVER BE DONE IN TRAINING
  Student_0:0.657  Student_1:0.060  Student_1:0.657
  [213/288] cue=2 c1=150° c2=240°USING PRECUED ITEMS - SHOULD NEVER BE DONE IN TRAINING
  Student_0:0.778  Student_1:0.069  Student_1:0.782
  [214/288] cue=2 c1=150° c2=270°USING PRECUED ITEMS - SHOULD NEVER BE DONE IN TRAINING
  Student_0:1.025  Student_1:0.063  Student_1:1.030
  [215/288] cue=2 c1=150° c2=300°USING PRECUED ITEMS - SHOULD NEVER BE DONE IN TRAINING
  Student_0:1.425  Student_1:0.038  Student_1:1.419
  [216/288] cue=2 c1=150° c2=330°USING PRECUED ITEMS - SHOULD NEVER BE DONE IN TRAINING
  Student_0:1.333  Student_1:0.091  Student_1:1.356
  [217/288] cue=2 c1=180° c2=0°USING PRECUED ITEMS - SHOULD NEVER BE DONE IN TRAINING
  Student_0:1.223  Student_1:0.068  Student_1:1.247
  [218/288] cue=2 c1=180° c2=30°USING PRECUED ITEMS - SHOULD NEVER BE DONE IN TRAINING
  Student_0:1.335  Student_1:0.183  Student_1:1.264
  [219/288] cue=2 c1=180° c2=60°USING PRECUED ITEMS - SHOULD NEVER BE DONE IN TRAINING
  Student_0:1.189  Student_1:0.085  Student_1:1.230
  [220/288] cue=2 c1=180° c2=90°USING PRECUED ITEMS - SHOULD NEVER BE DONE IN TRAINING
  Student_0:1.173  Student_1:0.154  Student_1:1.245
Saved plot: results/ablation1_vs_students_sweep_v2/sweep_plots/trial0219_cue2_c1180_c290.png
  [221/288] cue=2 c1=180° c2=120°USING PRECUED ITEMS - SHOULD NEVER BE DONE IN TRAINING
  Student_0:1.162  Student_1:0.079  Student_1:1.146
  [222/288] cue=2 c1=180° c2=150°USING PRECUED ITEMS - SHOULD NEVER BE DONE IN TRAINING
  Student_0:0.531  Student_1:0.144  Student_1:0.486
  [223/288] cue=2 c1=180° c2=180°USING PRECUED ITEMS - SHOULD NEVER BE DONE IN TRAINING
  Student_0:0.405  Student_1:0.112  Student_1:0.393
  [224/288] cue=2 c1=180° c2=210°USING PRECUED ITEMS - SHOULD NEVER BE DONE IN TRAINING
  Student_0:0.379  Student_1:0.081  Student_1:0.387
  [225/288] cue=2 c1=180° c2=240°USING PRECUED ITEMS - SHOULD NEVER BE DONE IN TRAINING
  Student_0:0.515  Student_1:0.058  Student_1:0.492
  [226/288] cue=2 c1=180° c2=270°USING PRECUED ITEMS - SHOULD NEVER BE DONE IN TRAINING
  Student_0:1.366  Student_1:0.106  Student_1:1.314
  [227/288] cue=2 c1=180° c2=300°USING PRECUED ITEMS - SHOULD NEVER BE DONE IN TRAINING
  Student_0:1.311  Student_1:0.116  Student_1:1.261
  [228/288] cue=2 c1=180° c2=330°USING PRECUED ITEMS - SHOULD NEVER BE DONE IN TRAINING
  Student_0:1.234  Student_1:0.075  Student_1:1.223
  [229/288] cue=2 c1=210° c2=0°USING PRECUED ITEMS - SHOULD NEVER BE DONE IN TRAINING
  Student_0:1.286  Student_1:0.091  Student_1:1.300
  [230/288] cue=2 c1=210° c2=30°USING PRECUED ITEMS - SHOULD NEVER BE DONE IN TRAINING
  Student_0:1.270  Student_1:0.163  Student_1:1.199
  [231/288] cue=2 c1=210° c2=60°USING PRECUED ITEMS - SHOULD NEVER BE DONE IN TRAINING
  Student_0:0.971  Student_1:0.144  Student_1:0.901
  [232/288] cue=2 c1=210° c2=90°USING PRECUED ITEMS - SHOULD NEVER BE DONE IN TRAINING
  Student_0:1.373  Student_1:0.156  Student_1:1.418
  [233/288] cue=2 c1=210° c2=120°USING PRECUED ITEMS - SHOULD NEVER BE DONE IN TRAINING
  Student_0:0.831  Student_1:0.065  Student_1:0.820
  [234/288] cue=2 c1=210° c2=150°USING PRECUED ITEMS - SHOULD NEVER BE DONE IN TRAINING
  Student_0:0.518  Student_1:0.107  Student_1:0.491
  [235/288] cue=2 c1=210° c2=180°USING PRECUED ITEMS - SHOULD NEVER BE DONE IN TRAINING
  Student_0:0.405  Student_1:0.120  Student_1:0.382
  [236/288] cue=2 c1=210° c2=210°USING PRECUED ITEMS - SHOULD NEVER BE DONE IN TRAINING
  Student_0:0.670  Student_1:0.210  Student_1:0.515
  [237/288] cue=2 c1=210° c2=240°USING PRECUED ITEMS - SHOULD NEVER BE DONE IN TRAINING
  Student_0:0.918  Student_1:0.080  Student_1:0.850
  [238/288] cue=2 c1=210° c2=270°USING PRECUED ITEMS - SHOULD NEVER BE DONE IN TRAINING
  Student_0:0.840  Student_1:0.063  Student_1:0.885
  [239/288] cue=2 c1=210° c2=300°USING PRECUED ITEMS - SHOULD NEVER BE DONE IN TRAINING
  Student_0:0.834  Student_1:0.053  Student_1:0.828
  [240/288] cue=2 c1=210° c2=330°USING PRECUED ITEMS - SHOULD NEVER BE DONE IN TRAINING
  Student_0:0.852  Student_1:0.108  Student_1:0.789
  [241/288] cue=2 c1=240° c2=0°USING PRECUED ITEMS - SHOULD NEVER BE DONE IN TRAINING
  Student_0:1.099  Student_1:0.047  Student_1:1.097
  [242/288] cue=2 c1=240° c2=30°USING PRECUED ITEMS - SHOULD NEVER BE DONE IN TRAINING
  Student_0:1.065  Student_1:0.109  Student_1:0.992
  [243/288] cue=2 c1=240° c2=60°USING PRECUED ITEMS - SHOULD NEVER BE DONE IN TRAINING
  Student_0:0.855  Student_1:0.346  Student_1:0.932
  [244/288] cue=2 c1=240° c2=90°USING PRECUED ITEMS - SHOULD NEVER BE DONE IN TRAINING
  Student_0:1.418  Student_1:0.251  Student_1:1.306
  [245/288] cue=2 c1=240° c2=120°USING PRECUED ITEMS - SHOULD NEVER BE DONE IN TRAINING
  Student_0:0.876  Student_1:0.077  Student_1:0.857
  [246/288] cue=2 c1=240° c2=150°USING PRECUED ITEMS - SHOULD NEVER BE DONE IN TRAINING
  Student_0:0.779  Student_1:0.093  Student_1:0.754
  [247/288] cue=2 c1=240° c2=180°USING PRECUED ITEMS - SHOULD NEVER BE DONE IN TRAINING
  Student_0:0.598  Student_1:0.097  Student_1:0.630
  [248/288] cue=2 c1=240° c2=210°USING PRECUED ITEMS - SHOULD NEVER BE DONE IN TRAINING
  Student_0:0.956  Student_1:0.142  Student_1:0.826
Saved plot: results/ablation1_vs_students_sweep_v2/sweep_plots/trial0247_cue2_c1240_c2210.png
  [249/288] cue=2 c1=240° c2=240°USING PRECUED ITEMS - SHOULD NEVER BE DONE IN TRAINING
  Student_0:0.652  Student_1:0.124  Student_1:0.741
  [250/288] cue=2 c1=240° c2=270°USING PRECUED ITEMS - SHOULD NEVER BE DONE IN TRAINING
  Student_0:0.621  Student_1:0.144  Student_1:0.623
  [251/288] cue=2 c1=240° c2=300°USING PRECUED ITEMS - SHOULD NEVER BE DONE IN TRAINING
  Student_0:0.596  Student_1:0.044  Student_1:0.594
  [252/288] cue=2 c1=240° c2=330°USING PRECUED ITEMS - SHOULD NEVER BE DONE IN TRAINING
  Student_0:0.518  Student_1:0.148  Student_1:0.508
  [253/288] cue=2 c1=270° c2=0°USING PRECUED ITEMS - SHOULD NEVER BE DONE IN TRAINING
  Student_0:1.002  Student_1:0.068  Student_1:1.003
  [254/288] cue=2 c1=270° c2=30°USING PRECUED ITEMS - SHOULD NEVER BE DONE IN TRAINING
  Student_0:1.000  Student_1:0.116  Student_1:1.026
  [255/288] cue=2 c1=270° c2=60°USING PRECUED ITEMS - SHOULD NEVER BE DONE IN TRAINING
  Student_0:0.838  Student_1:0.137  Student_1:0.869
  [256/288] cue=2 c1=270° c2=90°USING PRECUED ITEMS - SHOULD NEVER BE DONE IN TRAINING
  Student_0:1.167  Student_1:0.090  Student_1:1.191
  [257/288] cue=2 c1=270° c2=120°USING PRECUED ITEMS - SHOULD NEVER BE DONE IN TRAINING
  Student_0:0.857  Student_1:0.083  Student_1:0.829
  [258/288] cue=2 c1=270° c2=150°USING PRECUED ITEMS - SHOULD NEVER BE DONE IN TRAINING
  Student_0:0.861  Student_1:0.110  Student_1:0.861
  [259/288] cue=2 c1=270° c2=180°USING PRECUED ITEMS - SHOULD NEVER BE DONE IN TRAINING
  Student_0:1.228  Student_1:0.109  Student_1:1.254
  [260/288] cue=2 c1=270° c2=210°USING PRECUED ITEMS - SHOULD NEVER BE DONE IN TRAINING
  Student_0:1.284  Student_1:0.118  Student_1:1.331
  [261/288] cue=2 c1=270° c2=240°USING PRECUED ITEMS - SHOULD NEVER BE DONE IN TRAINING
  Student_0:0.688  Student_1:0.061  Student_1:0.677
  [262/288] cue=2 c1=270° c2=270°USING PRECUED ITEMS - SHOULD NEVER BE DONE IN TRAINING
  Student_0:0.635  Student_1:0.048  Student_1:0.644
  [263/288] cue=2 c1=270° c2=300°USING PRECUED ITEMS - SHOULD NEVER BE DONE IN TRAINING
  Student_0:0.586  Student_1:0.076  Student_1:0.609
  [264/288] cue=2 c1=270° c2=330°USING PRECUED ITEMS - SHOULD NEVER BE DONE IN TRAINING
  Student_0:0.500  Student_1:0.164  Student_1:0.384
  [265/288] cue=2 c1=300° c2=0°USING PRECUED ITEMS - SHOULD NEVER BE DONE IN TRAINING
  Student_0:0.896  Student_1:0.203  Student_1:0.944
  [266/288] cue=2 c1=300° c2=30°USING PRECUED ITEMS - SHOULD NEVER BE DONE IN TRAINING
  Student_0:0.662  Student_1:0.054  Student_1:0.647
  [267/288] cue=2 c1=300° c2=60°USING PRECUED ITEMS - SHOULD NEVER BE DONE IN TRAINING
  Student_0:0.451  Student_1:0.084  Student_1:0.435
  [268/288] cue=2 c1=300° c2=90°USING PRECUED ITEMS - SHOULD NEVER BE DONE IN TRAINING
  Student_0:0.544  Student_1:0.076  Student_1:0.559
  [269/288] cue=2 c1=300° c2=120°USING PRECUED ITEMS - SHOULD NEVER BE DONE IN TRAINING
  Student_0:0.932  Student_1:0.058  Student_1:0.961
  [270/288] cue=2 c1=300° c2=150°USING PRECUED ITEMS - SHOULD NEVER BE DONE IN TRAINING
  Student_0:1.385  Student_1:0.088  Student_1:1.408
  [271/288] cue=2 c1=300° c2=180°USING PRECUED ITEMS - SHOULD NEVER BE DONE IN TRAINING
  Student_0:1.479  Student_1:0.131  Student_1:1.544
  [272/288] cue=2 c1=300° c2=210°USING PRECUED ITEMS - SHOULD NEVER BE DONE IN TRAINING
  Student_0:1.375  Student_1:0.064  Student_1:1.354
  [273/288] cue=2 c1=300° c2=240°USING PRECUED ITEMS - SHOULD NEVER BE DONE IN TRAINING
  Student_0:0.812  Student_1:0.036  Student_1:0.797
  [274/288] cue=2 c1=300° c2=270°USING PRECUED ITEMS - SHOULD NEVER BE DONE IN TRAINING
  Student_0:0.580  Student_1:0.070  Student_1:0.599
  [275/288] cue=2 c1=300° c2=300°USING PRECUED ITEMS - SHOULD NEVER BE DONE IN TRAINING
  Student_0:0.471  Student_1:0.219  Student_1:0.506
  [276/288] cue=2 c1=300° c2=330°USING PRECUED ITEMS - SHOULD NEVER BE DONE IN TRAINING
  Student_0:0.526  Student_1:0.129  Student_1:0.490
  [277/288] cue=2 c1=330° c2=0°USING PRECUED ITEMS - SHOULD NEVER BE DONE IN TRAINING
  Student_0:0.766  Student_1:0.059  Student_1:0.805
  [278/288] cue=2 c1=330° c2=30°USING PRECUED ITEMS - SHOULD NEVER BE DONE IN TRAINING
  Student_0:0.638  Student_1:0.154  Student_1:0.606
  [279/288] cue=2 c1=330° c2=60°USING PRECUED ITEMS - SHOULD NEVER BE DONE IN TRAINING
  Student_0:0.385  Student_1:0.108  Student_1:0.347
  [280/288] cue=2 c1=330° c2=90°USING PRECUED ITEMS - SHOULD NEVER BE DONE IN TRAINING
  Student_0:0.486  Student_1:0.037  Student_1:0.499
  [281/288] cue=2 c1=330° c2=120°USING PRECUED ITEMS - SHOULD NEVER BE DONE IN TRAINING
  Student_0:1.032  Student_1:0.114  Student_1:1.029
  [282/288] cue=2 c1=330° c2=150°USING PRECUED ITEMS - SHOULD NEVER BE DONE IN TRAINING
  Student_0:1.366  Student_1:0.162  Student_1:1.389
  [283/288] cue=2 c1=330° c2=180°USING PRECUED ITEMS - SHOULD NEVER BE DONE IN TRAINING
  Student_0:1.578  Student_1:0.116  Student_1:1.630
  [284/288] cue=2 c1=330° c2=210°USING PRECUED ITEMS - SHOULD NEVER BE DONE IN TRAINING
  Student_0:1.503  Student_1:0.134  Student_1:1.573
  [285/288] cue=2 c1=330° c2=240°USING PRECUED ITEMS - SHOULD NEVER BE DONE IN TRAINING
  Student_0:0.967  Student_1:0.093  Student_1:0.957
  [286/288] cue=2 c1=330° c2=270°USING PRECUED ITEMS - SHOULD NEVER BE DONE IN TRAINING
  Student_0:0.614  Student_1:0.136  Student_1:0.530
  [287/288] cue=2 c1=330° c2=300°USING PRECUED ITEMS - SHOULD NEVER BE DONE IN TRAINING
  Student_0:0.695  Student_1:0.217  Student_1:0.667
  [288/288] cue=2 c1=330° c2=330°USING PRECUED ITEMS - SHOULD NEVER BE DONE IN TRAINING
  Student_0:0.982  Student_1:0.114  Student_1:0.956

Saved sweep SW scores: results/ablation1_vs_students_sweep_v2/sw_sweep.csv

Mean sliced-Wasserstein per pair (overall / same-color / different-color):
  sw_Ablated_1_vs_Student_0: 0.930125  same=0.613059  diff=0.958949
  sw_Ablated_1_vs_Student_1: 0.121059  same=0.172390  diff=0.116392
  sw_Student_0_vs_Student_1: 0.928036  same=0.622167  diff=0.955842

Teacher-vs-students aggregate (mean over student SW per trial):
  overall mean: 0.525592
  same-color:   0.392725
  diff-color:   0.537671
